custom_ppo_update update=1 timesteps=2048 loss=97.817533 entropy=3.858505 adv_std=14.478369 awbc_label_rate=0.250
custom_ppo_update update=2 timesteps=4096 loss=89.706340 entropy=3.832780 adv_std=13.455864 awbc_label_rate=0.250
custom_ppo_update update=3 timesteps=6144 loss=77.952180 entropy=3.808027 adv_std=12.674207 awbc_label_rate=0.250
custom_ppo_update update=4 timesteps=8192 loss=64.012366 entropy=3.782308 adv_std=11.663957 awbc_label_rate=0.250
custom_ppo_update update=5 timesteps=10240 loss=63.457478 entropy=3.737068 adv_std=11.813146 awbc_label_rate=0.250
custom_ppo_update update=6 timesteps=12288 loss=45.831602 entropy=3.745792 adv_std=10.266704 awbc_label_rate=0.250
custom_ppo_update update=7 timesteps=14336 loss=44.018767 entropy=3.693447 adv_std=10.265577 awbc_label_rate=0.250
custom_ppo_update update=8 timesteps=16384 loss=41.445660 entropy=3.612557 adv_std=9.975999 awbc_label_rate=0.250
custom_ppo_update update=9 timesteps=18432 loss=31.723667 entropy=3.618332 adv_std=8.927901 awbc_label_rate=0.250
custom_ppo_update update=10 timesteps=20480 loss=24.579072 entropy=3.643590 adv_std=7.878174 awbc_label_rate=0.250
custom_ppo_update update=11 timesteps=22528 loss=21.191760 entropy=3.636776 adv_std=7.559659 awbc_label_rate=0.250
custom_ppo_update update=12 timesteps=24576 loss=19.678660 entropy=3.660143 adv_std=7.693551 awbc_label_rate=0.250
custom_ppo_update update=13 timesteps=26624 loss=19.146025 entropy=3.650847 adv_std=7.630613 awbc_label_rate=0.250
custom_ppo_update update=14 timesteps=28672 loss=16.399469 entropy=3.583247 adv_std=7.076897 awbc_label_rate=0.250
custom_ppo_update update=15 timesteps=30720 loss=12.156146 entropy=3.583724 adv_std=6.515394 awbc_label_rate=0.250
custom_ppo_update update=16 timesteps=32768 loss=9.663682 entropy=3.591007 adv_std=6.438152 awbc_label_rate=0.250
custom_ppo_update update=17 timesteps=34816 loss=7.502482 entropy=3.528830 adv_std=5.365310 awbc_label_rate=0.250
custom_ppo_update update=18 timesteps=36864 loss=6.705659 entropy=3.498819 adv_std=5.151093 awbc_label_rate=0.250
custom_ppo_update update=19 timesteps=38912 loss=4.322375 entropy=3.561482 adv_std=4.004182 awbc_label_rate=0.250
custom_ppo_update update=20 timesteps=40960 loss=3.867662 entropy=3.557058 adv_std=4.199661 awbc_label_rate=0.250
custom_ppo_update update=21 timesteps=43008 loss=2.653342 entropy=3.532447 adv_std=3.683081 awbc_label_rate=0.250
custom_ppo_update update=22 timesteps=45056 loss=2.709469 entropy=3.493802 adv_std=3.736897 awbc_label_rate=0.250
custom_ppo_update update=23 timesteps=47104 loss=2.825023 entropy=3.469645 adv_std=4.475247 awbc_label_rate=0.250
custom_ppo_update update=24 timesteps=49152 loss=2.318357 entropy=3.479814 adv_std=3.867069 awbc_label_rate=0.250
custom_ppo_update update=25 timesteps=51200 loss=1.637665 entropy=3.539837 adv_std=2.986050 awbc_label_rate=0.250
custom_ppo_update update=26 timesteps=53248 loss=2.133047 entropy=3.455956 adv_std=4.002719 awbc_label_rate=0.250
custom_ppo_update update=27 timesteps=55296 loss=1.822577 entropy=3.457052 adv_std=3.745270 awbc_label_rate=0.250
custom_ppo_update update=28 timesteps=57344 loss=1.705193 entropy=3.380415 adv_std=3.295717 awbc_label_rate=0.250
custom_ppo_update update=29 timesteps=59392 loss=1.056856 entropy=3.382896 adv_std=2.664708 awbc_label_rate=0.250
custom_ppo_update update=30 timesteps=61440 loss=1.436741 entropy=3.431273 adv_std=3.868171 awbc_label_rate=0.250
custom_ppo_update update=31 timesteps=63488 loss=1.295945 entropy=3.347834 adv_std=3.304170 awbc_label_rate=0.250
custom_ppo_update update=32 timesteps=65536 loss=1.444125 entropy=3.350846 adv_std=4.007774 awbc_label_rate=0.250
custom_ppo_update update=33 timesteps=67584 loss=1.242075 entropy=3.332919 adv_std=3.712868 awbc_label_rate=0.250
custom_ppo_update update=34 timesteps=69632 loss=0.908416 entropy=3.283374 adv_std=2.488019 awbc_label_rate=0.250
custom_ppo_update update=35 timesteps=71680 loss=0.813299 entropy=3.279318 adv_std=2.216077 awbc_label_rate=0.250
custom_ppo_update update=36 timesteps=73728 loss=1.079391 entropy=3.352720 adv_std=3.190070 awbc_label_rate=0.250
custom_ppo_update update=37 timesteps=75776 loss=0.940851 entropy=3.262258 adv_std=3.277696 awbc_label_rate=0.250
custom_ppo_update update=38 timesteps=77824 loss=0.657111 entropy=3.221900 adv_std=2.151124 awbc_label_rate=0.250
custom_ppo_update update=39 timesteps=79872 loss=0.892769 entropy=3.359998 adv_std=2.806319 awbc_label_rate=0.250
custom_ppo_update update=40 timesteps=81920 loss=1.103389 entropy=3.292770 adv_std=3.186068 awbc_label_rate=0.250
custom_ppo_update update=41 timesteps=83968 loss=1.007635 entropy=3.274733 adv_std=2.900130 awbc_label_rate=0.250
custom_ppo_update update=42 timesteps=86016 loss=0.858943 entropy=3.271056 adv_std=2.532297 awbc_label_rate=0.250
custom_ppo_update update=43 timesteps=88064 loss=1.162578 entropy=3.257284 adv_std=3.461333 awbc_label_rate=0.250
custom_ppo_update update=44 timesteps=90112 loss=0.710997 entropy=3.224716 adv_std=2.250507 awbc_label_rate=0.250
custom_ppo_update update=45 timesteps=92160 loss=1.298882 entropy=3.277312 adv_std=3.862153 awbc_label_rate=0.250
custom_ppo_update update=46 timesteps=94208 loss=0.880509 entropy=3.266125 adv_std=3.060726 awbc_label_rate=0.250
custom_ppo_update update=47 timesteps=96256 loss=0.908923 entropy=3.245237 adv_std=2.732404 awbc_label_rate=0.250
custom_ppo_update update=48 timesteps=98304 loss=0.715130 entropy=3.181636 adv_std=2.481541 awbc_label_rate=0.250
custom_ppo_update update=49 timesteps=100352 loss=0.796505 entropy=3.212985 adv_std=2.714893 awbc_label_rate=0.250
custom_ppo_update update=50 timesteps=102400 loss=0.903173 entropy=3.173236 adv_std=3.266525 awbc_label_rate=0.250
custom_ppo_update update=51 timesteps=104448 loss=0.670116 entropy=3.171029 adv_std=2.381110 awbc_label_rate=0.250
custom_ppo_update update=52 timesteps=106496 loss=0.844456 entropy=3.155801 adv_std=2.829397 awbc_label_rate=0.250
custom_ppo_update update=53 timesteps=108544 loss=0.750483 entropy=3.184308 adv_std=2.535952 awbc_label_rate=0.250
custom_ppo_update update=54 timesteps=110592 loss=1.058615 entropy=3.136023 adv_std=3.315530 awbc_label_rate=0.250
custom_ppo_update update=55 timesteps=112640 loss=0.735257 entropy=3.142924 adv_std=2.265578 awbc_label_rate=0.250
custom_ppo_update update=56 timesteps=114688 loss=0.668427 entropy=3.191892 adv_std=2.309806 awbc_label_rate=0.250
custom_ppo_update update=57 timesteps=116736 loss=0.943312 entropy=3.150837 adv_std=2.763240 awbc_label_rate=0.250
custom_ppo_update update=58 timesteps=118784 loss=0.569903 entropy=3.144676 adv_std=2.190699 awbc_label_rate=0.250
custom_ppo_update update=59 timesteps=120832 loss=0.596169 entropy=3.189495 adv_std=1.838563 awbc_label_rate=0.250
custom_ppo_update update=60 timesteps=122880 loss=0.743235 entropy=3.156088 adv_std=2.858359 awbc_label_rate=0.250
custom_ppo_update update=61 timesteps=124928 loss=0.666888 entropy=3.148957 adv_std=2.210752 awbc_label_rate=0.250
custom_ppo_update update=62 timesteps=126976 loss=0.974753 entropy=3.119669 adv_std=3.326464 awbc_label_rate=0.250
custom_ppo_update update=63 timesteps=129024 loss=0.646091 entropy=3.161243 adv_std=2.395392 awbc_label_rate=0.250
custom_ppo_update update=64 timesteps=131072 loss=0.849547 entropy=3.112868 adv_std=2.888225 awbc_label_rate=0.250
custom_ppo_update update=65 timesteps=133120 loss=0.678604 entropy=3.122061 adv_std=2.257642 awbc_label_rate=0.250
custom_ppo_update update=66 timesteps=135168 loss=0.827844 entropy=3.195940 adv_std=2.653116 awbc_label_rate=0.250
custom_ppo_update update=67 timesteps=137216 loss=0.594926 entropy=3.255298 adv_std=1.885297 awbc_label_rate=0.250
custom_ppo_update update=68 timesteps=139264 loss=0.546233 entropy=3.208762 adv_std=2.120960 awbc_label_rate=0.250
custom_ppo_update update=69 timesteps=141312 loss=0.590387 entropy=3.194653 adv_std=2.060202 awbc_label_rate=0.250
custom_ppo_update update=70 timesteps=143360 loss=0.683258 entropy=3.160374 adv_std=3.056703 awbc_label_rate=0.250
custom_ppo_update update=71 timesteps=145408 loss=0.821234 entropy=3.076043 adv_std=3.459325 awbc_label_rate=0.250
custom_ppo_update update=72 timesteps=147456 loss=0.573450 entropy=3.109006 adv_std=1.968912 awbc_label_rate=0.250
custom_ppo_update update=73 timesteps=149504 loss=0.686334 entropy=3.141521 adv_std=2.739824 awbc_label_rate=0.250
custom_ppo_update update=74 timesteps=151552 loss=0.652874 entropy=3.151828 adv_std=2.359876 awbc_label_rate=0.250
custom_ppo_update update=75 timesteps=153600 loss=0.540689 entropy=3.159206 adv_std=1.947323 awbc_label_rate=0.250
custom_ppo_update update=76 timesteps=155648 loss=0.697598 entropy=3.120252 adv_std=2.421910 awbc_label_rate=0.250
custom_ppo_update update=77 timesteps=157696 loss=0.607914 entropy=3.184802 adv_std=1.717426 awbc_label_rate=0.250
custom_ppo_update update=78 timesteps=159744 loss=0.616724 entropy=3.117955 adv_std=2.194821 awbc_label_rate=0.250
custom_ppo_update update=79 timesteps=161792 loss=0.520636 entropy=3.169508 adv_std=1.883329 awbc_label_rate=0.250
custom_ppo_update update=80 timesteps=163840 loss=0.590616 entropy=3.092856 adv_std=1.918822 awbc_label_rate=0.250
custom_ppo_update update=81 timesteps=165888 loss=0.603520 entropy=3.044021 adv_std=2.114619 awbc_label_rate=0.250
custom_ppo_update update=82 timesteps=167936 loss=0.566702 entropy=3.098263 adv_std=2.147743 awbc_label_rate=0.250
custom_ppo_update update=83 timesteps=169984 loss=0.510540 entropy=3.120678 adv_std=1.988268 awbc_label_rate=0.250
custom_ppo_update update=84 timesteps=172032 loss=0.540068 entropy=3.055318 adv_std=2.097136 awbc_label_rate=0.250
custom_ppo_update update=85 timesteps=174080 loss=0.629408 entropy=3.094902 adv_std=2.346131 awbc_label_rate=0.250
custom_ppo_update update=86 timesteps=176128 loss=0.542170 entropy=3.103801 adv_std=1.840371 awbc_label_rate=0.250
custom_ppo_update update=87 timesteps=178176 loss=0.508123 entropy=3.079268 adv_std=1.939742 awbc_label_rate=0.250
custom_ppo_update update=88 timesteps=180224 loss=0.477779 entropy=3.014192 adv_std=1.722049 awbc_label_rate=0.250
custom_ppo_update update=89 timesteps=182272 loss=0.486074 entropy=3.061803 adv_std=1.513965 awbc_label_rate=0.250
custom_ppo_update update=90 timesteps=184320 loss=0.454607 entropy=3.067676 adv_std=1.810412 awbc_label_rate=0.250
custom_ppo_update update=91 timesteps=186368 loss=0.550044 entropy=3.125771 adv_std=2.219557 awbc_label_rate=0.250
custom_ppo_update update=92 timesteps=188416 loss=0.543991 entropy=3.015753 adv_std=2.106614 awbc_label_rate=0.250
custom_ppo_update update=93 timesteps=190464 loss=0.533363 entropy=3.046906 adv_std=2.167645 awbc_label_rate=0.250
custom_ppo_update update=94 timesteps=192512 loss=0.521700 entropy=3.008396 adv_std=1.861959 awbc_label_rate=0.250
custom_ppo_update update=95 timesteps=194560 loss=0.567425 entropy=3.029264 adv_std=2.447845 awbc_label_rate=0.250
custom_ppo_update update=96 timesteps=196608 loss=0.589890 entropy=3.030017 adv_std=2.122030 awbc_label_rate=0.250
custom_ppo_update update=97 timesteps=198656 loss=0.514696 entropy=2.999830 adv_std=1.947444 awbc_label_rate=0.250
custom_ppo_update update=98 timesteps=200704 loss=0.656138 entropy=3.018709 adv_std=2.234107 awbc_label_rate=0.250
custom_ppo_update update=99 timesteps=202752 loss=0.478790 entropy=3.035027 adv_std=1.776346 awbc_label_rate=0.250
custom_ppo_update update=100 timesteps=204800 loss=0.515730 entropy=3.010747 adv_std=1.757606 awbc_label_rate=0.250
custom_ppo_update update=101 timesteps=206848 loss=0.536894 entropy=3.029727 adv_std=2.084624 awbc_label_rate=0.250
custom_ppo_update update=102 timesteps=208896 loss=0.599182 entropy=3.009700 adv_std=2.091385 awbc_label_rate=0.250
custom_ppo_update update=103 timesteps=210944 loss=0.564149 entropy=2.964084 adv_std=1.932735 awbc_label_rate=0.250
custom_ppo_update update=104 timesteps=212992 loss=0.498315 entropy=2.944259 adv_std=2.075208 awbc_label_rate=0.250
custom_ppo_update update=105 timesteps=215040 loss=0.609848 entropy=2.927196 adv_std=2.025296 awbc_label_rate=0.250
custom_ppo_update update=106 timesteps=217088 loss=0.491298 entropy=2.987267 adv_std=1.779389 awbc_label_rate=0.250
custom_ppo_update update=107 timesteps=219136 loss=0.490571 entropy=2.978087 adv_std=1.785733 awbc_label_rate=0.250
custom_ppo_update update=108 timesteps=221184 loss=0.503189 entropy=2.928019 adv_std=1.930513 awbc_label_rate=0.250
custom_ppo_update update=109 timesteps=223232 loss=0.598175 entropy=2.936188 adv_std=1.918491 awbc_label_rate=0.250
custom_ppo_update update=110 timesteps=225280 loss=0.501116 entropy=2.985879 adv_std=1.745973 awbc_label_rate=0.250
custom_ppo_update update=111 timesteps=227328 loss=0.549434 entropy=2.981606 adv_std=1.841452 awbc_label_rate=0.250
custom_ppo_update update=112 timesteps=229376 loss=0.484368 entropy=2.996206 adv_std=2.001804 awbc_label_rate=0.250
custom_ppo_update update=113 timesteps=231424 loss=0.587944 entropy=2.977036 adv_std=2.408215 awbc_label_rate=0.250
custom_ppo_update update=114 timesteps=233472 loss=0.518827 entropy=2.992023 adv_std=1.957639 awbc_label_rate=0.250
custom_ppo_update update=115 timesteps=235520 loss=0.477651 entropy=2.989135 adv_std=1.841326 awbc_label_rate=0.250
custom_ppo_update update=116 timesteps=237568 loss=0.418123 entropy=2.987426 adv_std=1.599394 awbc_label_rate=0.250
custom_ppo_update update=117 timesteps=239616 loss=0.477857 entropy=3.014825 adv_std=1.984456 awbc_label_rate=0.250
custom_ppo_update update=118 timesteps=241664 loss=0.424403 entropy=3.048214 adv_std=1.351522 awbc_label_rate=0.250
custom_ppo_update update=119 timesteps=243712 loss=0.547317 entropy=2.991892 adv_std=2.192326 awbc_label_rate=0.250
custom_ppo_update update=120 timesteps=245760 loss=0.455266 entropy=2.994884 adv_std=1.769469 awbc_label_rate=0.250
custom_ppo_update update=121 timesteps=247808 loss=0.490731 entropy=2.965778 adv_std=1.992276 awbc_label_rate=0.250
custom_ppo_update update=122 timesteps=249856 loss=0.458521 entropy=3.016820 adv_std=1.982393 awbc_label_rate=0.250
custom_ppo_update update=123 timesteps=251904 loss=0.518360 entropy=2.963197 adv_std=2.163959 awbc_label_rate=0.250
custom_ppo_update update=124 timesteps=253952 loss=0.547175 entropy=3.013753 adv_std=2.091933 awbc_label_rate=0.250
custom_ppo_update update=125 timesteps=256000 loss=0.548977 entropy=2.980061 adv_std=1.787219 awbc_label_rate=0.250
custom_ppo_update update=126 timesteps=258048 loss=0.456433 entropy=2.962953 adv_std=1.666483 awbc_label_rate=0.250
custom_ppo_update update=127 timesteps=260096 loss=0.547274 entropy=2.904984 adv_std=2.103807 awbc_label_rate=0.250
custom_ppo_update update=128 timesteps=262144 loss=0.428620 entropy=2.925702 adv_std=1.465511 awbc_label_rate=0.250
custom_ppo_update update=129 timesteps=264192 loss=0.494613 entropy=2.962897 adv_std=1.996186 awbc_label_rate=0.250
custom_ppo_update update=130 timesteps=266240 loss=0.505155 entropy=2.916730 adv_std=1.839239 awbc_label_rate=0.250
custom_ppo_update update=131 timesteps=268288 loss=0.506356 entropy=2.932327 adv_std=1.882229 awbc_label_rate=0.250
custom_ppo_update update=132 timesteps=270336 loss=0.468316 entropy=2.903835 adv_std=1.656062 awbc_label_rate=0.250
custom_ppo_update update=133 timesteps=272384 loss=0.408845 entropy=2.960028 adv_std=1.674969 awbc_label_rate=0.250
custom_ppo_update update=134 timesteps=274432 loss=0.544037 entropy=2.954329 adv_std=1.997593 awbc_label_rate=0.250
custom_ppo_update update=135 timesteps=276480 loss=0.497053 entropy=2.977749 adv_std=2.056384 awbc_label_rate=0.250
custom_ppo_update update=136 timesteps=278528 loss=0.604700 entropy=2.963837 adv_std=2.058228 awbc_label_rate=0.250
custom_ppo_update update=137 timesteps=280576 loss=0.458906 entropy=2.936112 adv_std=1.734607 awbc_label_rate=0.250
custom_ppo_update update=138 timesteps=282624 loss=0.527489 entropy=2.957624 adv_std=1.844401 awbc_label_rate=0.250
custom_ppo_update update=139 timesteps=284672 loss=0.465442 entropy=2.951455 adv_std=1.675031 awbc_label_rate=0.250
custom_ppo_update update=140 timesteps=286720 loss=0.424112 entropy=2.980460 adv_std=1.586042 awbc_label_rate=0.250
custom_ppo_update update=141 timesteps=288768 loss=0.416507 entropy=3.002034 adv_std=1.677035 awbc_label_rate=0.250
custom_ppo_update update=142 timesteps=290816 loss=0.448683 entropy=2.973921 adv_std=1.750615 awbc_label_rate=0.250
custom_ppo_update update=143 timesteps=292864 loss=0.580195 entropy=2.944631 adv_std=2.248598 awbc_label_rate=0.250
custom_ppo_update update=144 timesteps=294912 loss=0.432892 entropy=2.981603 adv_std=1.773734 awbc_label_rate=0.250
custom_ppo_update update=145 timesteps=296960 loss=0.501410 entropy=2.944479 adv_std=1.925511 awbc_label_rate=0.250
custom_ppo_update update=146 timesteps=299008 loss=0.440924 entropy=2.880032 adv_std=1.655501 awbc_label_rate=0.250
custom_ppo_update update=147 timesteps=300000 loss=0.331404 entropy=2.886161 adv_std=1.240665 awbc_label_rate=0.250
rl_sensor_scheduling_framework/reports/physical_event_v4_energy_ppo_h092_cap180_stormcurr_300k_seed41/v2_custom_ppo_metrics.csv
                   policy  steps  reward_mean  instant_mae  oracle_loss_mean  dtw_mean  power_mean  peak_power_max  event_rate  warmup_abort_count
  full_open_unconstrained   6144    -0.395427     1.709648          0.395425  1.649252    1.950000            2.61    0.565104                   0
               custom_ppo   6144    -0.406571     2.041961          0.405265  1.831107    0.967311            1.55    0.565104                  66
                      aoi   6144    -0.413346     2.134215          0.412465  1.870393    1.003896            1.56    0.565104                  10
                   random   6144    -0.493632     2.244037          0.467339  1.990387    0.778730            1.58    0.565104                1956
              round_robin   6144    -0.483593     2.052252          0.473155  2.003494    0.608750            1.56    0.565104                 768
feasible_static_projected   6144    -0.502677     2.035548          0.502676  1.995129    0.410000            0.52    0.565104                   0
