reports/v31_static_break_v27_subtype_auto_low_budget_particle_heavy_flux_v7_b1p05_learned_ppo_seed45_h082_20260620/raw/budget1p05_seed45/truth_v31_split.csv
reports/v31_static_break_v27_subtype_auto_low_budget_particle_heavy_flux_v7_b1p05_learned_ppo_seed45_h082_20260620/raw/budget1p05_seed45/dataset_validation/synthetic_validation.csv
custom_ppo_update update=1 timesteps=512 loss=27.530088 entropy=2.745426 adv_std=6.091560 soc_aux=0.080799 awbc_label_rate=1.000
custom_ppo_update update=2 timesteps=1024 loss=31.231393 entropy=2.712171 adv_std=5.142288 soc_aux=0.026877 awbc_label_rate=1.000
custom_ppo_update update=3 timesteps=1536 loss=44.843456 entropy=2.622173 adv_std=6.737854 soc_aux=0.020590 awbc_label_rate=1.000
custom_ppo_update update=4 timesteps=2048 loss=101.246357 entropy=2.597205 adv_std=7.824571 soc_aux=0.048505 awbc_label_rate=1.000
custom_ppo_update update=5 timesteps=2560 loss=27.127433 entropy=2.471961 adv_std=5.130301 soc_aux=0.012836 awbc_label_rate=1.000
custom_ppo_update update=6 timesteps=3072 loss=46.461396 entropy=2.280769 adv_std=8.253118 soc_aux=0.009733 awbc_label_rate=1.000
custom_ppo_update update=7 timesteps=3584 loss=11.845204 entropy=2.018814 adv_std=4.376503 soc_aux=0.007532 awbc_label_rate=1.000
custom_ppo_update update=8 timesteps=4096 loss=53.351192 entropy=1.513268 adv_std=7.940061 soc_aux=0.026282 awbc_label_rate=1.000
custom_ppo_update update=9 timesteps=4608 loss=25.875518 entropy=1.462321 adv_std=6.600711 soc_aux=0.010140 awbc_label_rate=1.000
custom_ppo_update update=10 timesteps=5120 loss=36.514692 entropy=1.304377 adv_std=9.292582 soc_aux=0.008543 awbc_label_rate=1.000
custom_ppo_update update=11 timesteps=5632 loss=22.239683 entropy=1.387845 adv_std=7.782699 soc_aux=0.010514 awbc_label_rate=1.000
custom_ppo_update update=12 timesteps=6144 loss=11.854490 entropy=1.464075 adv_std=7.176007 soc_aux=0.009055 awbc_label_rate=1.000
custom_ppo_update update=13 timesteps=6656 loss=9.615630 entropy=1.321759 adv_std=6.015061 soc_aux=0.004961 awbc_label_rate=1.000
custom_ppo_update update=14 timesteps=7168 loss=47.965414 entropy=1.084425 adv_std=11.758103 soc_aux=0.017464 awbc_label_rate=1.000
custom_ppo_update update=15 timesteps=7680 loss=15.175741 entropy=1.085378 adv_std=7.494130 soc_aux=0.007934 awbc_label_rate=1.000
custom_ppo_update update=16 timesteps=8192 loss=20.769500 entropy=0.995352 adv_std=10.004151 soc_aux=0.011562 awbc_label_rate=1.000
custom_ppo_update update=17 timesteps=8704 loss=15.301694 entropy=0.678647 adv_std=10.259412 soc_aux=0.010275 awbc_label_rate=1.000
custom_ppo_update update=18 timesteps=9216 loss=4.232066 entropy=0.783096 adv_std=6.463859 soc_aux=0.005393 awbc_label_rate=1.000
custom_ppo_update update=19 timesteps=9728 loss=7.216019 entropy=0.549383 adv_std=7.242301 soc_aux=0.013492 awbc_label_rate=1.000
custom_ppo_update update=20 timesteps=10240 loss=27.128654 entropy=1.079597 adv_std=10.595618 soc_aux=0.015148 awbc_label_rate=1.000
custom_ppo_update update=21 timesteps=10752 loss=19.747181 entropy=0.937772 adv_std=10.066395 soc_aux=0.010186 awbc_label_rate=1.000
custom_ppo_update update=22 timesteps=11264 loss=29.014389 entropy=1.072131 adv_std=8.900806 soc_aux=0.010984 awbc_label_rate=1.000
custom_ppo_update update=23 timesteps=11776 loss=25.489192 entropy=0.726697 adv_std=9.539151 soc_aux=0.007473 awbc_label_rate=1.000
custom_ppo_update update=24 timesteps=12288 loss=7.545446 entropy=0.396789 adv_std=6.279748 soc_aux=0.018914 awbc_label_rate=1.000
custom_ppo_update update=25 timesteps=12800 loss=18.512600 entropy=1.021592 adv_std=9.025268 soc_aux=0.006376 awbc_label_rate=1.000
custom_ppo_update update=26 timesteps=13312 loss=24.984711 entropy=0.764047 adv_std=10.294066 soc_aux=0.007151 awbc_label_rate=1.000
custom_ppo_update update=27 timesteps=13824 loss=41.288304 entropy=0.859589 adv_std=11.651406 soc_aux=0.005390 awbc_label_rate=1.000
custom_ppo_update update=28 timesteps=14336 loss=16.621440 entropy=0.744494 adv_std=9.640903 soc_aux=0.003976 awbc_label_rate=1.000
custom_ppo_update update=29 timesteps=14848 loss=24.893030 entropy=0.893525 adv_std=11.940055 soc_aux=0.009347 awbc_label_rate=1.000
custom_ppo_update update=30 timesteps=15360 loss=15.939847 entropy=0.929568 adv_std=11.275957 soc_aux=0.008017 awbc_label_rate=1.000
custom_ppo_update update=31 timesteps=15872 loss=14.878529 entropy=0.837599 adv_std=9.557998 soc_aux=0.009229 awbc_label_rate=1.000
custom_ppo_update update=32 timesteps=16384 loss=15.438806 entropy=0.840074 adv_std=8.950284 soc_aux=0.004911 awbc_label_rate=1.000
custom_ppo_update update=33 timesteps=16896 loss=25.595795 entropy=0.934535 adv_std=11.492102 soc_aux=0.003104 awbc_label_rate=1.000
custom_ppo_update update=34 timesteps=17408 loss=21.712782 entropy=1.296808 adv_std=11.010588 soc_aux=0.010759 awbc_label_rate=1.000
custom_ppo_update update=35 timesteps=17920 loss=30.576629 entropy=0.882435 adv_std=13.319534 soc_aux=0.015689 awbc_label_rate=1.000
custom_ppo_update update=36 timesteps=18432 loss=23.787056 entropy=0.899075 adv_std=12.130857 soc_aux=0.006918 awbc_label_rate=1.000
custom_ppo_update update=37 timesteps=18944 loss=34.849032 entropy=1.018942 adv_std=11.194597 soc_aux=0.005980 awbc_label_rate=1.000
custom_ppo_update update=38 timesteps=19456 loss=21.147224 entropy=0.821057 adv_std=13.402670 soc_aux=0.005991 awbc_label_rate=1.000
custom_ppo_update update=39 timesteps=19968 loss=24.524292 entropy=0.891279 adv_std=11.210582 soc_aux=0.004260 awbc_label_rate=1.000
custom_ppo_update update=40 timesteps=20480 loss=24.095915 entropy=0.964747 adv_std=11.154894 soc_aux=0.003774 awbc_label_rate=1.000
custom_ppo_update update=41 timesteps=20992 loss=27.188565 entropy=1.043686 adv_std=10.661936 soc_aux=0.010061 awbc_label_rate=1.000
custom_ppo_update update=42 timesteps=21504 loss=29.985603 entropy=0.928709 adv_std=15.017530 soc_aux=0.005227 awbc_label_rate=1.000
custom_ppo_update update=43 timesteps=22016 loss=21.485109 entropy=0.762399 adv_std=12.258349 soc_aux=0.007213 awbc_label_rate=1.000
custom_ppo_update update=44 timesteps=22528 loss=17.128431 entropy=0.671294 adv_std=8.661956 soc_aux=0.008080 awbc_label_rate=1.000
custom_ppo_update update=45 timesteps=23040 loss=19.478682 entropy=0.649051 adv_std=10.818477 soc_aux=0.003977 awbc_label_rate=1.000
custom_ppo_update update=46 timesteps=23552 loss=20.967358 entropy=0.710452 adv_std=12.786283 soc_aux=0.010210 awbc_label_rate=1.000
custom_ppo_update update=47 timesteps=24064 loss=14.673631 entropy=0.845217 adv_std=10.031703 soc_aux=0.004443 awbc_label_rate=1.000
custom_ppo_update update=48 timesteps=24576 loss=13.448586 entropy=0.591249 adv_std=11.124563 soc_aux=0.008197 awbc_label_rate=1.000
custom_ppo_update update=49 timesteps=25088 loss=28.662284 entropy=1.009189 adv_std=14.192142 soc_aux=0.006624 awbc_label_rate=1.000
custom_ppo_update update=50 timesteps=25600 loss=28.158663 entropy=0.643447 adv_std=13.889702 soc_aux=0.008297 awbc_label_rate=1.000
custom_ppo_update update=51 timesteps=26112 loss=25.152363 entropy=0.946102 adv_std=12.826759 soc_aux=0.004927 awbc_label_rate=1.000
custom_ppo_update update=52 timesteps=26624 loss=13.903093 entropy=0.721423 adv_std=11.593534 soc_aux=0.004840 awbc_label_rate=1.000
custom_ppo_update update=53 timesteps=27136 loss=35.530615 entropy=0.669340 adv_std=15.085461 soc_aux=0.006730 awbc_label_rate=1.000
custom_ppo_update update=54 timesteps=27648 loss=20.586210 entropy=0.729697 adv_std=12.486397 soc_aux=0.005865 awbc_label_rate=1.000
custom_ppo_update update=55 timesteps=28160 loss=20.382264 entropy=0.892391 adv_std=12.885247 soc_aux=0.007510 awbc_label_rate=1.000
custom_ppo_update update=56 timesteps=28672 loss=21.797065 entropy=0.783952 adv_std=14.032298 soc_aux=0.007164 awbc_label_rate=1.000
custom_ppo_update update=57 timesteps=29184 loss=27.294163 entropy=0.874283 adv_std=13.968469 soc_aux=0.008244 awbc_label_rate=1.000
custom_ppo_update update=58 timesteps=29696 loss=11.943514 entropy=0.708518 adv_std=11.297211 soc_aux=0.003741 awbc_label_rate=1.000
custom_ppo_update update=59 timesteps=30208 loss=16.743689 entropy=0.658078 adv_std=11.196899 soc_aux=0.004937 awbc_label_rate=1.000
custom_ppo_update update=60 timesteps=30720 loss=33.010014 entropy=0.993322 adv_std=17.368454 soc_aux=0.006676 awbc_label_rate=1.000
custom_ppo_update update=61 timesteps=31232 loss=17.924034 entropy=0.901530 adv_std=12.381329 soc_aux=0.004577 awbc_label_rate=1.000
custom_ppo_update update=62 timesteps=31744 loss=27.843525 entropy=0.744153 adv_std=14.706336 soc_aux=0.007524 awbc_label_rate=1.000
custom_ppo_update update=63 timesteps=32256 loss=18.148231 entropy=0.644031 adv_std=12.606866 soc_aux=0.008276 awbc_label_rate=1.000
custom_ppo_update update=64 timesteps=32768 loss=17.235170 entropy=0.801795 adv_std=11.738766 soc_aux=0.006968 awbc_label_rate=1.000
custom_ppo_update update=65 timesteps=33280 loss=13.050683 entropy=0.551602 adv_std=10.755396 soc_aux=0.004035 awbc_label_rate=1.000
custom_ppo_update update=66 timesteps=33792 loss=30.968309 entropy=0.736146 adv_std=13.551578 soc_aux=0.003524 awbc_label_rate=1.000
custom_ppo_update update=67 timesteps=34304 loss=9.542638 entropy=0.515678 adv_std=9.234047 soc_aux=0.001791 awbc_label_rate=1.000
custom_ppo_update update=68 timesteps=34816 loss=23.268976 entropy=0.918393 adv_std=12.381200 soc_aux=0.004108 awbc_label_rate=1.000
custom_ppo_update update=69 timesteps=35328 loss=24.378938 entropy=0.861511 adv_std=13.409582 soc_aux=0.002002 awbc_label_rate=1.000
custom_ppo_update update=70 timesteps=35840 loss=27.961767 entropy=0.865750 adv_std=13.734864 soc_aux=0.003263 awbc_label_rate=1.000
custom_ppo_update update=71 timesteps=36352 loss=47.377469 entropy=0.607795 adv_std=17.319654 soc_aux=0.007738 awbc_label_rate=1.000
custom_ppo_update update=72 timesteps=36864 loss=12.963773 entropy=0.536915 adv_std=11.079171 soc_aux=0.003198 awbc_label_rate=1.000
custom_ppo_update update=73 timesteps=37376 loss=21.263662 entropy=0.780459 adv_std=12.775336 soc_aux=0.006339 awbc_label_rate=1.000
custom_ppo_update update=74 timesteps=37888 loss=19.327630 entropy=0.641728 adv_std=12.525768 soc_aux=0.004606 awbc_label_rate=1.000
custom_ppo_update update=75 timesteps=38400 loss=34.575168 entropy=0.858451 adv_std=15.635174 soc_aux=0.002307 awbc_label_rate=1.000
custom_ppo_update update=76 timesteps=38912 loss=21.237968 entropy=0.798903 adv_std=13.915421 soc_aux=0.006913 awbc_label_rate=1.000
custom_ppo_update update=77 timesteps=39424 loss=15.145635 entropy=0.778758 adv_std=12.706210 soc_aux=0.002755 awbc_label_rate=1.000
custom_ppo_update update=78 timesteps=39936 loss=19.436371 entropy=0.877314 adv_std=11.615117 soc_aux=0.003228 awbc_label_rate=1.000
custom_ppo_update update=79 timesteps=40448 loss=15.379655 entropy=0.868684 adv_std=11.544442 soc_aux=0.003554 awbc_label_rate=1.000
custom_ppo_update update=80 timesteps=40960 loss=15.217588 entropy=0.977340 adv_std=10.889162 soc_aux=0.007530 awbc_label_rate=1.000
custom_ppo_update update=81 timesteps=41472 loss=31.103801 entropy=0.882066 adv_std=13.793690 soc_aux=0.003630 awbc_label_rate=1.000
custom_ppo_update update=82 timesteps=41984 loss=24.597490 entropy=0.745543 adv_std=13.872096 soc_aux=0.004673 awbc_label_rate=1.000
custom_ppo_update update=83 timesteps=42496 loss=62.548192 entropy=0.709547 adv_std=18.983284 soc_aux=0.006174 awbc_label_rate=1.000
custom_ppo_update update=84 timesteps=43008 loss=26.393914 entropy=0.458874 adv_std=14.301682 soc_aux=0.003953 awbc_label_rate=1.000
custom_ppo_update update=85 timesteps=43520 loss=14.920744 entropy=0.817967 adv_std=12.827250 soc_aux=0.001998 awbc_label_rate=1.000
custom_ppo_update update=86 timesteps=44032 loss=12.978194 entropy=0.597482 adv_std=12.073098 soc_aux=0.006309 awbc_label_rate=1.000
custom_ppo_update update=87 timesteps=44544 loss=26.193686 entropy=0.848261 adv_std=14.867942 soc_aux=0.003823 awbc_label_rate=1.000
custom_ppo_update update=88 timesteps=45056 loss=40.888311 entropy=0.868096 adv_std=14.653536 soc_aux=0.004974 awbc_label_rate=1.000
custom_ppo_update update=89 timesteps=45568 loss=17.364837 entropy=0.742736 adv_std=12.171567 soc_aux=0.004214 awbc_label_rate=1.000
custom_ppo_update update=90 timesteps=46080 loss=19.162957 entropy=0.271931 adv_std=12.610185 soc_aux=0.004229 awbc_label_rate=1.000
custom_ppo_update update=91 timesteps=46592 loss=23.561481 entropy=0.625857 adv_std=12.732328 soc_aux=0.004031 awbc_label_rate=1.000
custom_ppo_update update=92 timesteps=47104 loss=14.271265 entropy=0.961087 adv_std=10.101568 soc_aux=0.006104 awbc_label_rate=1.000
custom_ppo_update update=93 timesteps=47616 loss=10.691869 entropy=0.716805 adv_std=10.435313 soc_aux=0.009899 awbc_label_rate=1.000
custom_ppo_update update=94 timesteps=48128 loss=22.266330 entropy=0.581689 adv_std=12.559365 soc_aux=0.006834 awbc_label_rate=1.000
custom_ppo_update update=95 timesteps=48640 loss=14.456700 entropy=0.485771 adv_std=12.178730 soc_aux=0.004473 awbc_label_rate=1.000
custom_ppo_update update=96 timesteps=49152 loss=14.882954 entropy=0.586057 adv_std=10.384293 soc_aux=0.006368 awbc_label_rate=1.000
custom_ppo_update update=97 timesteps=49664 loss=22.039345 entropy=0.507911 adv_std=12.618013 soc_aux=0.008114 awbc_label_rate=1.000
custom_ppo_update update=98 timesteps=50176 loss=22.149749 entropy=0.580836 adv_std=13.433323 soc_aux=0.004930 awbc_label_rate=1.000
custom_ppo_update update=99 timesteps=50688 loss=13.879637 entropy=0.718318 adv_std=12.038527 soc_aux=0.005422 awbc_label_rate=1.000
custom_ppo_update update=100 timesteps=51200 loss=18.215379 entropy=0.741082 adv_std=11.695741 soc_aux=0.004003 awbc_label_rate=1.000
custom_ppo_update update=101 timesteps=51712 loss=13.207924 entropy=0.618579 adv_std=11.162204 soc_aux=0.004665 awbc_label_rate=1.000
custom_ppo_update update=102 timesteps=52224 loss=13.823108 entropy=0.795119 adv_std=10.741480 soc_aux=0.006165 awbc_label_rate=1.000
custom_ppo_update update=103 timesteps=52736 loss=7.556299 entropy=0.750520 adv_std=8.913661 soc_aux=0.003525 awbc_label_rate=1.000
custom_ppo_update update=104 timesteps=53248 loss=20.608923 entropy=0.674283 adv_std=14.131048 soc_aux=0.005485 awbc_label_rate=1.000
custom_ppo_update update=105 timesteps=53760 loss=9.746577 entropy=0.782623 adv_std=7.434809 soc_aux=0.002985 awbc_label_rate=1.000
custom_ppo_update update=106 timesteps=54272 loss=19.920967 entropy=0.734706 adv_std=13.096594 soc_aux=0.013301 awbc_label_rate=1.000
custom_ppo_update update=107 timesteps=54784 loss=21.543402 entropy=0.646710 adv_std=13.764312 soc_aux=0.006920 awbc_label_rate=1.000
custom_ppo_update update=108 timesteps=55296 loss=12.802413 entropy=0.607516 adv_std=9.716042 soc_aux=0.004369 awbc_label_rate=1.000
custom_ppo_update update=109 timesteps=55808 loss=12.559182 entropy=0.510754 adv_std=11.404547 soc_aux=0.002401 awbc_label_rate=1.000
custom_ppo_update update=110 timesteps=56320 loss=15.327203 entropy=0.857691 adv_std=10.191635 soc_aux=0.006111 awbc_label_rate=1.000
custom_ppo_update update=111 timesteps=56832 loss=17.331513 entropy=0.891201 adv_std=10.840457 soc_aux=0.005129 awbc_label_rate=1.000
custom_ppo_update update=112 timesteps=57344 loss=9.331522 entropy=0.674380 adv_std=8.568825 soc_aux=0.003730 awbc_label_rate=1.000
custom_ppo_update update=113 timesteps=57856 loss=12.498771 entropy=0.813122 adv_std=10.417967 soc_aux=0.007129 awbc_label_rate=1.000
custom_ppo_update update=114 timesteps=58368 loss=13.088321 entropy=0.744651 adv_std=10.285500 soc_aux=0.003826 awbc_label_rate=1.000
custom_ppo_update update=115 timesteps=58880 loss=8.227275 entropy=0.767734 adv_std=8.591129 soc_aux=0.004335 awbc_label_rate=1.000
custom_ppo_update update=116 timesteps=59392 loss=14.975407 entropy=0.645625 adv_std=10.364128 soc_aux=0.003089 awbc_label_rate=1.000
custom_ppo_update update=117 timesteps=59904 loss=43.323309 entropy=0.656122 adv_std=18.661184 soc_aux=0.005554 awbc_label_rate=1.000
custom_ppo_update update=118 timesteps=60416 loss=9.360702 entropy=0.891086 adv_std=8.781460 soc_aux=0.002323 awbc_label_rate=1.000
custom_ppo_update update=119 timesteps=60928 loss=14.893539 entropy=0.571043 adv_std=10.639125 soc_aux=0.010452 awbc_label_rate=1.000
custom_ppo_update update=120 timesteps=61440 loss=24.351824 entropy=0.589568 adv_std=14.068905 soc_aux=0.009352 awbc_label_rate=1.000
custom_ppo_update update=121 timesteps=61952 loss=28.163667 entropy=0.531684 adv_std=14.092140 soc_aux=0.003421 awbc_label_rate=1.000
custom_ppo_update update=122 timesteps=62464 loss=8.618312 entropy=0.750808 adv_std=9.861848 soc_aux=0.002455 awbc_label_rate=1.000
custom_ppo_update update=123 timesteps=62976 loss=19.786714 entropy=0.907518 adv_std=12.335259 soc_aux=0.003610 awbc_label_rate=1.000
custom_ppo_update update=124 timesteps=63488 loss=7.822047 entropy=0.763314 adv_std=6.951341 soc_aux=0.003419 awbc_label_rate=1.000
custom_ppo_update update=125 timesteps=64000 loss=36.104774 entropy=0.851119 adv_std=13.818900 soc_aux=0.007222 awbc_label_rate=1.000
custom_ppo_update update=126 timesteps=64512 loss=27.180631 entropy=0.822527 adv_std=13.545841 soc_aux=0.003908 awbc_label_rate=1.000
custom_ppo_update update=127 timesteps=65024 loss=36.534438 entropy=0.575767 adv_std=17.305540 soc_aux=0.006841 awbc_label_rate=1.000
custom_ppo_update update=128 timesteps=65536 loss=19.680087 entropy=0.828222 adv_std=12.706868 soc_aux=0.002969 awbc_label_rate=1.000
custom_ppo_update update=129 timesteps=66048 loss=25.708948 entropy=0.674689 adv_std=14.845138 soc_aux=0.002991 awbc_label_rate=1.000
custom_ppo_update update=130 timesteps=66560 loss=43.995535 entropy=1.019372 adv_std=16.400190 soc_aux=0.004345 awbc_label_rate=1.000
custom_ppo_update update=131 timesteps=67072 loss=19.306247 entropy=0.679568 adv_std=13.735176 soc_aux=0.002530 awbc_label_rate=1.000
custom_ppo_update update=132 timesteps=67584 loss=27.314050 entropy=0.650560 adv_std=13.793535 soc_aux=0.003781 awbc_label_rate=1.000
custom_ppo_update update=133 timesteps=68096 loss=10.207925 entropy=0.796115 adv_std=9.359605 soc_aux=0.004100 awbc_label_rate=1.000
custom_ppo_update update=134 timesteps=68608 loss=12.916992 entropy=0.815711 adv_std=8.606230 soc_aux=0.003315 awbc_label_rate=1.000
custom_ppo_update update=135 timesteps=69120 loss=22.322354 entropy=0.525458 adv_std=15.042672 soc_aux=0.005151 awbc_label_rate=1.000
custom_ppo_update update=136 timesteps=69632 loss=15.863608 entropy=0.796885 adv_std=12.586265 soc_aux=0.006382 awbc_label_rate=1.000
custom_ppo_update update=137 timesteps=70144 loss=9.152073 entropy=0.842958 adv_std=8.084240 soc_aux=0.005683 awbc_label_rate=1.000
custom_ppo_update update=138 timesteps=70656 loss=5.481836 entropy=0.794999 adv_std=7.189265 soc_aux=0.001809 awbc_label_rate=1.000
custom_ppo_update update=139 timesteps=71168 loss=34.273737 entropy=0.874023 adv_std=14.826835 soc_aux=0.007616 awbc_label_rate=1.000
custom_ppo_update update=140 timesteps=71680 loss=6.985180 entropy=0.963160 adv_std=7.578173 soc_aux=0.004754 awbc_label_rate=1.000
custom_ppo_update update=141 timesteps=72192 loss=13.168368 entropy=0.808359 adv_std=9.235645 soc_aux=0.002914 awbc_label_rate=1.000
custom_ppo_update update=142 timesteps=72704 loss=12.690466 entropy=0.579221 adv_std=10.861670 soc_aux=0.004370 awbc_label_rate=1.000
custom_ppo_update update=143 timesteps=73216 loss=23.781410 entropy=0.720630 adv_std=14.112231 soc_aux=0.010136 awbc_label_rate=1.000
custom_ppo_update update=144 timesteps=73728 loss=5.902516 entropy=0.618834 adv_std=7.492355 soc_aux=0.003880 awbc_label_rate=1.000
custom_ppo_update update=145 timesteps=74240 loss=3.484862 entropy=0.687243 adv_std=5.955554 soc_aux=0.003357 awbc_label_rate=1.000
custom_ppo_update update=146 timesteps=74752 loss=27.272996 entropy=0.409398 adv_std=13.832478 soc_aux=0.005668 awbc_label_rate=1.000
custom_ppo_update update=147 timesteps=75264 loss=26.781532 entropy=0.429691 adv_std=15.098033 soc_aux=0.004669 awbc_label_rate=1.000
custom_ppo_update update=148 timesteps=75776 loss=25.294472 entropy=0.582139 adv_std=14.779634 soc_aux=0.003011 awbc_label_rate=1.000
custom_ppo_update update=149 timesteps=76288 loss=16.197898 entropy=0.640290 adv_std=12.005240 soc_aux=0.003521 awbc_label_rate=1.000
custom_ppo_update update=150 timesteps=76800 loss=20.819366 entropy=1.064097 adv_std=12.027131 soc_aux=0.004379 awbc_label_rate=1.000
custom_ppo_update update=151 timesteps=77312 loss=7.094278 entropy=0.989956 adv_std=7.570340 soc_aux=0.003624 awbc_label_rate=1.000
custom_ppo_update update=152 timesteps=77824 loss=28.692986 entropy=0.823990 adv_std=14.619154 soc_aux=0.002957 awbc_label_rate=1.000
custom_ppo_update update=153 timesteps=78336 loss=9.539103 entropy=0.920911 adv_std=8.013720 soc_aux=0.004389 awbc_label_rate=1.000
custom_ppo_update update=154 timesteps=78848 loss=8.904899 entropy=0.773320 adv_std=8.449933 soc_aux=0.003063 awbc_label_rate=1.000
custom_ppo_update update=155 timesteps=79360 loss=20.209314 entropy=0.718449 adv_std=12.757024 soc_aux=0.005862 awbc_label_rate=1.000
custom_ppo_update update=156 timesteps=79872 loss=20.988421 entropy=0.716283 adv_std=12.597971 soc_aux=0.004140 awbc_label_rate=1.000
custom_ppo_update update=157 timesteps=80000 loss=32.983175 entropy=0.558766 adv_std=9.263065 soc_aux=0.004547 awbc_label_rate=1.000
reports/v31_static_break_v27_subtype_auto_low_budget_particle_heavy_flux_v7_b1p05_learned_ppo_seed45_h082_20260620/raw/budget1p05_seed45/v2_custom_ppo_metrics.csv
                                     policy  steps  reward_mean  instant_mae  oracle_loss_mean   dtw_mean  power_mean  peak_power_max  event_rate  warmup_abort_count  switches_per_step  always_on_sensor_count  always_off_sensor_count  mid_duty_sensor_count  duty_entropy  duty_min  duty_max  duty_std
                                 custom_ppo   4096    -0.711590    40.740560          0.516547  24.072300    0.981392            1.38    0.536621                   0           0.032173                       0                        0                      8      0.863266  0.134033  0.674072  0.166381
                  feasible_static_projected   4096    -0.828540     2.824218          0.517810   2.674718    0.950000            1.19    0.536621                   0           0.000000                       3                        5                      0     -0.000000  0.000000  1.000000  0.484123
                                        aoi   4096    -0.720535    32.512794          0.526492  11.439051    0.979531            1.40    0.536621                   0           0.061538                       0                        0                      8      0.938546  0.328125  0.507812  0.072555
                       duty_constrained_aoi   4096    -0.720535    32.512794          0.526492  11.439051    0.979531            1.40    0.536621                   0           0.061538                       0                        0                      8      0.938546  0.328125  0.507812  0.072555
duty_constrained_validation_selected_static   4096    -0.739549    70.347113          0.539229  47.338420    0.977422            1.36    0.536621                   0           0.029182                       0                        0                      8      0.703169  0.130859  0.742188  0.280085
 duty_constrained_feasible_static_projected   4096    -0.745821    28.139630          0.542086  17.215193    0.977031            1.40    0.536621                   0           0.052625                       0                        0                      8      0.925583  0.257812  0.531250  0.096477
               duty_constrained_round_robin   4096    -0.760356    29.814787          0.551585  11.921617    0.969453            1.38    0.536621                   0           0.052137                       0                        0                      8      0.866699  0.132812  0.726562  0.188633
                 validation_selected_static   4096    -0.868075   110.539217          0.554068 110.518876    0.970000            1.29    0.536621                   0           0.000000                       3                        5                      0     -0.000000  0.000000  1.000000  0.484123
                                round_robin   4096    -0.838059    13.334949          0.555740   6.819871    0.940156            1.19    0.536621                   0           0.030769                       2                        3                      3      0.374934  0.000000  1.000000  0.390184
                                     random   4096    -0.769331    78.619076          0.561463  46.024741    0.971758            1.38    0.536621                   0           0.042918                       0                        0                      8      0.908520  0.142578  0.599609  0.143076
                    duty_constrained_random   4096    -0.779838    49.560398          0.567081  30.783146    0.973203            1.38    0.536621                   0           0.038980                       0                        0                      8      0.926091  0.210938  0.585938  0.119125
                    full_open_unconstrained   4096    -0.986848    14.034051          0.567535   6.727252    1.128555            3.75    0.536621                 176           0.044811                       4                        0                      4      0.404971  0.199219  1.000000  0.369628
reports/v31_static_break_v27_subtype_auto_low_budget_particle_heavy_flux_v7_b1p05_learned_ppo_seed45_h082_20260620/raw/budget1p05_seed45/split_protocol_manifest.json
