{
  "budget": 1.3,
  "candidate_count": 144,
  "truth_event_rate": 0.25475,
  "eval_start_indices": [
    5441,
    10929,
    7265
  ],
  "event_loss_min": 0.28824042598231114,
  "non_event_loss_min": 0.21257774588842332,
  "best_overall": {
    "action_idx": 67,
    "sensor_ids": "met_station_core|radiometer_basic|surface_temp_ir|fc4_flux",
    "oracle_loss_mean": 0.267428656779052,
    "power_mean": 0.62,
    "peak_max": 0.76
  },
  "best_event_laser": {
    "action_idx": 58,
    "sensor_ids": "radiometer_basic|laser_disdrometer",
    "oracle_loss_event": 0.39585185102925585,
    "power_mean": 1.24,
    "peak_max": 1.58
  },
  "best_event_no_laser": {
    "action_idx": -1034,
    "sensor_ids": "dynamic:auto_non15_event67_lead4",
    "oracle_loss_event": 0.28824042598231114,
    "power_mean": 0.5880078125,
    "peak_max": 0.76
  },
  "best_event_fc4": {
    "action_idx": -1034,
    "sensor_ids": "dynamic:auto_non15_event67_lead4",
    "oracle_loss_event": 0.28824042598231114,
    "power_mean": 0.5880078125,
    "peak_max": 0.76
  },
  "best_event_no_fc4": {
    "action_idx": -1031,
    "sensor_ids": "dynamic:auto_non7_event15_lead4",
    "oracle_loss_event": 0.29432684232523065,
    "power_mean": 0.3962890625,
    "peak_max": 0.52
  },
  "best_non_event_laser": {
    "action_idx": 58,
    "sensor_ids": "radiometer_basic|laser_disdrometer",
    "oracle_loss_non_event": 0.30922863545372653,
    "power_mean": 1.24,
    "peak_max": 1.58
  },
  "best_non_event_no_laser": {
    "action_idx": -1002,
    "sensor_ids": "dynamic:auto_non67_event7_lead0",
    "oracle_loss_non_event": 0.21257774588842332,
    "power_mean": 0.41062499999999996,
    "peak_max": 0.6799999999999999
  },
  "laser_event_lift": -0.10761142504694471,
  "fc4_event_lift": 0.0060864163429195095,
  "laser_non_event_lift": -0.09665088956530321,
  "sensor_cfg": "configs/sensors/windblown_sensors_physical_event_v6_static_break.yaml",
  "truth_csv": "reports/v31_static_break_calibration_local_auto_linear/truth_static_break_calibration.csv",
  "oracle_type": "linear",
  "target_weights": [
    0.2,
    0.2,
    0.3,
    0.05,
    0.05,
    0.05,
    8.0,
    4.0,
    4.0
  ],
  "target_scales": [
    5.0,
    5.0,
    5.0,
    1.0,
    1.0,
    100.0,
    0.0001,
    0.2,
    5.0
  ],
  "constraints": {
    "max_active": 4,
    "per_step_budget": 1.3,
    "startup_peak_budget": 1.6,
    "required_sensor_ids": [],
    "coverage_groups": []
  },
  "energy_account": {
    "enabled": false,
    "energy_capacity": 24.0,
    "initial_energy": 12.0,
    "harvest_per_step": 0.65,
    "reserve_energy": 2.0,
    "lambda_energy_deficit": 1.0
  }
}
reports/v31_static_break_calibration_local_auto_linear/transport_v6_b1p30_p1p60/oracle_lift_candidate_table.csv
