[calibrate] micro_flux_v6_b1p10_p1p55 -> reports/v31_static_break_v15_flux_deployable_gate_20260608/micro_flux_v6_b1p10_p1p55
/home/zhangzhuyu/_code/microclimate_demo/rl_sensor_scheduling_framework/scripts/63_v31_static_break_calibration.py:194: FutureWarning: Downcasting object dtype arrays on .fillna, .ffill, .bfill is deprecated and will change in a future version. Call result.infer_objects(copy=False) instead. To opt-in to the future behavior, set `pd.set_option('future.no_silent_downcasting', True)`
  .fillna(False)
[calibrate] micro_flux_v6_b1p15_p1p55 -> reports/v31_static_break_v15_flux_deployable_gate_20260608/micro_flux_v6_b1p15_p1p55
/home/zhangzhuyu/_code/microclimate_demo/rl_sensor_scheduling_framework/scripts/63_v31_static_break_calibration.py:194: FutureWarning: Downcasting object dtype arrays on .fillna, .ffill, .bfill is deprecated and will change in a future version. Call result.infer_objects(copy=False) instead. To opt-in to the future behavior, set `pd.set_option('future.no_silent_downcasting', True)`
  .fillna(False)
[calibrate] micro_flux_v6_b1p20_p1p55 -> reports/v31_static_break_v15_flux_deployable_gate_20260608/micro_flux_v6_b1p20_p1p55
/home/zhangzhuyu/_code/microclimate_demo/rl_sensor_scheduling_framework/scripts/63_v31_static_break_calibration.py:194: FutureWarning: Downcasting object dtype arrays on .fillna, .ffill, .bfill is deprecated and will change in a future version. Call result.infer_objects(copy=False) instead. To opt-in to the future behavior, set `pd.set_option('future.no_silent_downcasting', True)`
  .fillna(False)
[calibrate] flux_micro_v6_b1p10_p1p55 -> reports/v31_static_break_v15_flux_deployable_gate_20260608/flux_micro_v6_b1p10_p1p55
/home/zhangzhuyu/_code/microclimate_demo/rl_sensor_scheduling_framework/scripts/63_v31_static_break_calibration.py:194: FutureWarning: Downcasting object dtype arrays on .fillna, .ffill, .bfill is deprecated and will change in a future version. Call result.infer_objects(copy=False) instead. To opt-in to the future behavior, set `pd.set_option('future.no_silent_downcasting', True)`
  .fillna(False)
[calibrate] flux_micro_v6_b1p15_p1p55 -> reports/v31_static_break_v15_flux_deployable_gate_20260608/flux_micro_v6_b1p15_p1p55
/home/zhangzhuyu/_code/microclimate_demo/rl_sensor_scheduling_framework/scripts/63_v31_static_break_calibration.py:194: FutureWarning: Downcasting object dtype arrays on .fillna, .ffill, .bfill is deprecated and will change in a future version. Call result.infer_objects(copy=False) instead. To opt-in to the future behavior, set `pd.set_option('future.no_silent_downcasting', True)`
  .fillna(False)
[calibrate] flux_micro_v6_b1p20_p1p55 -> reports/v31_static_break_v15_flux_deployable_gate_20260608/flux_micro_v6_b1p20_p1p55
/home/zhangzhuyu/_code/microclimate_demo/rl_sensor_scheduling_framework/scripts/63_v31_static_break_calibration.py:194: FutureWarning: Downcasting object dtype arrays on .fillna, .ffill, .bfill is deprecated and will change in a future version. Call result.infer_objects(copy=False) instead. To opt-in to the future behavior, set `pd.set_option('future.no_silent_downcasting', True)`
  .fillna(False)
                    combo  static_reference  gate_pass  dynamic_margin  event_dynamic_margin  laser_shortcut_broken                              best_static_sensor_ids                                     best_deployable_static_sensor_ids          best_dynamic_sensor_ids  best_dynamic_mid_duty_sensor_count  best_dynamic_always_on_sensor_count  best_dynamic_always_off_sensor_count  dynamic_diversity_ok
flux_micro_v6_b1p15_p1p55 deployable_static       True        0.006785              0.009460                  False met_station_core|radiometer_basic|laser_disdrometer deployable_static:met_station_core|radiometer_basic|laser_disdrometer dynamic:auto_non20_event30_lead0                                   5                                    1                                     2                  True
flux_micro_v6_b1p20_p1p55 deployable_static       True        0.006785              0.009460                  False met_station_core|radiometer_basic|laser_disdrometer deployable_static:met_station_core|radiometer_basic|laser_disdrometer dynamic:auto_non20_event30_lead0                                   5                                    1                                     2                  True
micro_flux_v6_b1p10_p1p55 deployable_static       True        0.006092              0.012325                  False met_station_core|radiometer_basic|laser_disdrometer deployable_static:met_station_core|radiometer_basic|laser_disdrometer  dynamic:auto_non6_event15_lead0                                   5                                    1                                     2                  True
micro_flux_v6_b1p15_p1p55 deployable_static       True        0.005713              0.009096                  False met_station_core|radiometer_basic|laser_disdrometer deployable_static:met_station_core|radiometer_basic|laser_disdrometer dynamic:auto_non20_event30_lead0                                   5                                    1                                     2                  True
micro_flux_v6_b1p20_p1p55 deployable_static       True        0.005713              0.009096                  False met_station_core|radiometer_basic|laser_disdrometer deployable_static:met_station_core|radiometer_basic|laser_disdrometer dynamic:auto_non20_event30_lead0                                   5                                    1                                     2                  True
flux_micro_v6_b1p10_p1p55 deployable_static      False       -0.003691              0.002393                  False met_station_core|radiometer_basic|laser_disdrometer deployable_static:met_station_core|radiometer_basic|laser_disdrometer  dynamic:auto_non6_event15_lead0                                   5                                    1                                     2                  True
