reports/v31_static_break_v16_multiseed_structural_screen_20260609/seed41/truth_static_break_calibration.csv
reports/v31_static_break_v16_multiseed_structural_screen_20260609/seed41/micro_flux_v6_b1p15_p1p55/dataset_validation/synthetic_validation.csv
{
  "budget": 1.15,
  "candidate_count": 150,
  "truth_event_rate": 0.36906666666666665,
  "eval_start_indices": [
    4032,
    13248,
    19072,
    24448
  ],
  "event_loss_min": 0.5874977716431924,
  "non_event_loss_min": 0.5383391283226736,
  "best_overall": {
    "action_idx": -1005,
    "sensor_ids": "dynamic:snow_core__event_laser_fc4",
    "oracle_loss_mean": 0.5802286874604761,
    "power_mean": 1.0651953125,
    "peak_max": 1.49
  },
  "best_event_laser": {
    "action_idx": -1005,
    "sensor_ids": "dynamic:snow_core__event_laser_fc4",
    "oracle_loss_event": 0.5874977716431924,
    "power_mean": 1.0651953125,
    "peak_max": 1.49
  },
  "best_event_no_laser": {
    "action_idx": 2,
    "sensor_ids": "met_station_core|radiometer_basic|surface_temp_ir|snow_particle_counter",
    "oracle_loss_event": 0.6035554101893602,
    "power_mean": 0.92,
    "peak_max": 1.19
  },
  "best_event_fc4": {
    "action_idx": -1053,
    "sensor_ids": "dynamic:auto_non32_event15_lead0",
    "oracle_loss_event": 0.5886753128692688,
    "power_mean": 1.08259765625,
    "peak_max": 1.49
  },
  "best_event_no_fc4": {
    "action_idx": -1005,
    "sensor_ids": "dynamic:snow_core__event_laser_fc4",
    "oracle_loss_event": 0.5874977716431924,
    "power_mean": 1.0651953125,
    "peak_max": 1.49
  },
  "best_non_event_laser": {
    "action_idx": 15,
    "sensor_ids": "met_station_core|radiometer_basic|laser_disdrometer",
    "oracle_loss_non_event": 0.5408203148781651,
    "power_mean": 1.0999999999999999,
    "peak_max": 1.49
  },
  "best_non_event_no_laser": {
    "action_idx": 13,
    "sensor_ids": "radiometer_basic|ultrasonic_anemometer_hd|shielded_thermo_hygro|snow_particle_counter",
    "oracle_loss_non_event": 0.5383391283226736,
    "power_mean": 0.9299999999999998,
    "peak_max": 1.23
  },
  "laser_event_lift": 0.01605763854616782,
  "fc4_event_lift": -0.001177541226076384,
  "laser_non_event_lift": -0.0024811865554914547,
  "sensor_cfg": "configs/sensors/windblown_sensors_physical_event_v16_surface_boundary.yaml",
  "truth_csv": "reports/v31_static_break_v16_multiseed_structural_screen_20260609/seed41/truth_static_break_calibration.csv",
  "oracle_type": "tcn",
  "target_weights": [
    0.03,
    0.03,
    0.1,
    0.01,
    0.01,
    0.0,
    18.0,
    12.0,
    12.0
  ],
  "target_scales": [
    5.0,
    5.0,
    5.0,
    1.0,
    1.0,
    100.0,
    0.0001,
    0.2,
    5.0
  ],
  "constraints": {
    "max_active": 4,
    "per_step_budget": 1.15,
    "startup_peak_budget": 1.55,
    "required_sensor_ids": [],
    "coverage_groups": [
      {
        "name": "weather",
        "sensor_ids": [
          "met_station_core",
          "ultrasonic_anemometer_hd",
          "shielded_thermo_hygro"
        ]
      },
      {
        "name": "surface_forcing",
        "sensor_ids": [
          "radiometer_basic",
          "surface_temp_ir"
        ]
      },
      {
        "name": "snow_transport",
        "sensor_ids": [
          "snow_particle_counter",
          "laser_disdrometer",
          "fc4_flux"
        ]
      }
    ]
  },
  "energy_account": {
    "enabled": true,
    "energy_capacity": 180.0,
    "initial_energy": 180.0,
    "harvest_per_step": 0.82,
    "reserve_energy": 20.0,
    "lambda_energy_deficit": 1.0
  },
  "env_min_dwell_steps": 12,
  "eval_start_selection": "event_transport_rich",
  "eval_selection_stride": 64,
  "deployable_static_diagnostics": {
    "enabled": true,
    "top_k": 8,
    "duty_low": 0.12,
    "duty_high": 0.75,
    "duty_score": 12.0,
    "duty_feedback": 2.5
  }
}
reports/v31_static_break_v16_multiseed_structural_screen_20260609/seed41/micro_flux_v6_b1p15_p1p55/oracle_lift_candidate_table.csv
