reports/v31_static_break_calibration_v7_diverse_tcn_20260607/truth_static_break_calibration.csv
reports/v31_static_break_calibration_v7_diverse_tcn_20260607/transport_v6_b1p00_p1p60/dataset_validation/synthetic_validation.csv
{
  "budget": 1.0,
  "candidate_count": 96,
  "truth_event_rate": 0.27013333333333334,
  "eval_start_indices": [
    13704,
    26574,
    20553,
    6918
  ],
  "event_loss_min": 0.20754684218898034,
  "non_event_loss_min": 0.14534972918219866,
  "best_overall": {
    "action_idx": 38,
    "sensor_ids": "met_station_core|radiometer_basic|surface_temp_ir|snow_particle_counter",
    "oracle_loss_mean": 0.1847671363830159,
    "power_mean": 0.7400000000000001,
    "peak_max": 0.98
  },
  "best_event_laser": null,
  "best_event_no_laser": {
    "action_idx": 64,
    "sensor_ids": "met_station_core|radiometer_basic|surface_temp_ir|fc4_flux",
    "oracle_loss_event": 0.20754684218898034,
    "power_mean": 0.8000000000000002,
    "peak_max": 1.04
  },
  "best_event_fc4": {
    "action_idx": 64,
    "sensor_ids": "met_station_core|radiometer_basic|surface_temp_ir|fc4_flux",
    "oracle_loss_event": 0.20754684218898034,
    "power_mean": 0.8000000000000002,
    "peak_max": 1.04
  },
  "best_event_no_fc4": {
    "action_idx": 38,
    "sensor_ids": "met_station_core|radiometer_basic|surface_temp_ir|snow_particle_counter",
    "oracle_loss_event": 0.20776581090206328,
    "power_mean": 0.7400000000000001,
    "peak_max": 0.98
  },
  "best_non_event_laser": null,
  "best_non_event_no_laser": {
    "action_idx": 15,
    "sensor_ids": "met_station_core|radiometer_basic|surface_temp_ir|ultrasonic_anemometer_hd",
    "oracle_loss_non_event": 0.14534972918219866,
    "power_mean": 0.4100000000000001,
    "peak_max": 0.52
  },
  "laser_event_lift": NaN,
  "fc4_event_lift": 0.00021896871308293986,
  "laser_non_event_lift": NaN,
  "sensor_cfg": "configs/sensors/windblown_sensors_physical_event_v7_flux_spc_tradeoff.yaml",
  "truth_csv": "reports/v31_static_break_calibration_v7_diverse_tcn_20260607/truth_static_break_calibration.csv",
  "oracle_type": "tcn",
  "target_weights": [
    0.2,
    0.2,
    0.3,
    0.05,
    0.05,
    0.05,
    8.0,
    4.0,
    4.0
  ],
  "target_scales": [
    5.0,
    5.0,
    5.0,
    1.0,
    1.0,
    100.0,
    0.0001,
    0.2,
    5.0
  ],
  "constraints": {
    "max_active": 4,
    "per_step_budget": 1.0,
    "startup_peak_budget": 1.6,
    "required_sensor_ids": [],
    "coverage_groups": []
  },
  "energy_account": {
    "enabled": false,
    "energy_capacity": 24.0,
    "initial_energy": 12.0,
    "harvest_per_step": 0.65,
    "reserve_energy": 2.0,
    "lambda_energy_deficit": 1.0
  },
  "eval_start_selection": "event_fraction",
  "eval_selection_stride": 64
}
reports/v31_static_break_calibration_v7_diverse_tcn_20260607/transport_v6_b1p00_p1p60/oracle_lift_candidate_table.csv
