{
  "budget": 1.05,
  "candidate_count": 111,
  "truth_event_rate": 0.25475,
  "eval_start_indices": [
    5441,
    10929,
    7265
  ],
  "event_loss_min": 0.3111886428103345,
  "non_event_loss_min": 0.2406527371451565,
  "best_overall": {
    "action_idx": 86,
    "sensor_ids": "met_station_core|surface_temp_ir|ultrasonic_anemometer_hd|fc4_flux",
    "oracle_loss_mean": 0.29280012972170816,
    "power_mean": 0.8900000000000001,
    "peak_max": 1.18
  },
  "best_event_laser": {
    "action_idx": 63,
    "sensor_ids": "radiometer_basic|surface_temp_ir|laser_disdrometer",
    "oracle_loss_event": 0.3239449241852418,
    "power_mean": 0.91,
    "peak_max": 1.29
  },
  "best_event_no_laser": {
    "action_idx": 86,
    "sensor_ids": "met_station_core|surface_temp_ir|ultrasonic_anemometer_hd|fc4_flux",
    "oracle_loss_event": 0.3111886428103345,
    "power_mean": 0.8900000000000001,
    "peak_max": 1.18
  },
  "best_event_fc4": {
    "action_idx": 86,
    "sensor_ids": "met_station_core|surface_temp_ir|ultrasonic_anemometer_hd|fc4_flux",
    "oracle_loss_event": 0.3111886428103345,
    "power_mean": 0.8900000000000001,
    "peak_max": 1.18
  },
  "best_event_no_fc4": {
    "action_idx": 63,
    "sensor_ids": "radiometer_basic|surface_temp_ir|laser_disdrometer",
    "oracle_loss_event": 0.3239449241852418,
    "power_mean": 0.91,
    "peak_max": 1.29
  },
  "best_non_event_laser": {
    "action_idx": 63,
    "sensor_ids": "radiometer_basic|surface_temp_ir|laser_disdrometer",
    "oracle_loss_non_event": 0.2406527371451565,
    "power_mean": 0.91,
    "peak_max": 1.29
  },
  "best_non_event_no_laser": {
    "action_idx": 86,
    "sensor_ids": "met_station_core|surface_temp_ir|ultrasonic_anemometer_hd|fc4_flux",
    "oracle_loss_non_event": 0.2503163236203989,
    "power_mean": 0.8900000000000001,
    "peak_max": 1.18
  },
  "laser_event_lift": -0.012756281374907308,
  "fc4_event_lift": 0.012756281374907308,
  "laser_non_event_lift": 0.009663586475242403,
  "sensor_cfg": "configs/sensors/windblown_sensors_physical_event_v9_debundled_context.yaml",
  "truth_csv": "reports/v31_static_break_calibration_v9_diverse_linear/truth_static_break_calibration.csv",
  "oracle_type": "linear",
  "target_weights": [
    0.2,
    0.2,
    0.3,
    0.05,
    0.05,
    0.05,
    8.0,
    4.0,
    4.0
  ],
  "target_scales": [
    5.0,
    5.0,
    5.0,
    1.0,
    1.0,
    100.0,
    0.0001,
    0.2,
    5.0
  ],
  "constraints": {
    "max_active": 4,
    "per_step_budget": 1.05,
    "startup_peak_budget": 1.6,
    "required_sensor_ids": [],
    "coverage_groups": []
  },
  "energy_account": {
    "enabled": false,
    "energy_capacity": 24.0,
    "initial_energy": 12.0,
    "harvest_per_step": 0.65,
    "reserve_energy": 2.0,
    "lambda_energy_deficit": 1.0
  },
  "eval_start_selection": "event_fraction",
  "eval_selection_stride": 64
}
reports/v31_static_break_calibration_v9_diverse_linear/transport_v6_b1p05_p1p60/oracle_lift_candidate_table.csv
