{
  "budget": 1.0,
  "candidate_count": 106,
  "truth_event_rate": 0.25475,
  "eval_start_indices": [
    5441,
    10929,
    7265
  ],
  "event_loss_min": 0.30942264794626084,
  "non_event_loss_min": 0.2405654990621114,
  "best_overall": {
    "action_idx": -2000,
    "sensor_ids": "dynamic:diverse_top2_lead0_dwell16",
    "oracle_loss_mean": 0.2938928398547957,
    "power_mean": 0.6477083333333333,
    "peak_max": 1.26
  },
  "best_event_laser": {
    "action_idx": -2000,
    "sensor_ids": "dynamic:diverse_top2_lead0_dwell16",
    "oracle_loss_event": 0.30942264794626084,
    "power_mean": 0.6477083333333333,
    "peak_max": 1.26
  },
  "best_event_no_laser": {
    "action_idx": 37,
    "sensor_ids": "radiometer_basic|surface_temp_ir|snow_particle_counter",
    "oracle_loss_event": 0.32305024938434485,
    "power_mean": 0.6100000000000001,
    "peak_max": 0.82
  },
  "best_event_fc4": {
    "action_idx": -2000,
    "sensor_ids": "dynamic:diverse_top2_lead0_dwell16",
    "oracle_loss_event": 0.30942264794626084,
    "power_mean": 0.6477083333333333,
    "peak_max": 1.26
  },
  "best_event_no_fc4": {
    "action_idx": 37,
    "sensor_ids": "radiometer_basic|surface_temp_ir|snow_particle_counter",
    "oracle_loss_event": 0.32305024938434485,
    "power_mean": 0.6100000000000001,
    "peak_max": 0.82
  },
  "best_non_event_laser": {
    "action_idx": -2000,
    "sensor_ids": "dynamic:diverse_top2_lead0_dwell16",
    "oracle_loss_non_event": 0.25801362805727257,
    "power_mean": 0.6477083333333333,
    "peak_max": 1.26
  },
  "best_non_event_no_laser": {
    "action_idx": 6,
    "sensor_ids": "radiometer_basic|surface_temp_ir",
    "oracle_loss_non_event": 0.2405654990621114,
    "power_mean": 0.18999999999999997,
    "peak_max": 0.24000000000000002
  },
  "laser_event_lift": 0.013627601438084003,
  "fc4_event_lift": 0.013627601438084003,
  "laser_non_event_lift": -0.017448128995161183,
  "sensor_cfg": "configs/sensors/windblown_sensors_physical_event_v9_debundled_context.yaml",
  "truth_csv": "reports/v31_static_break_calibration_v9_diverse_linear/truth_static_break_calibration.csv",
  "oracle_type": "linear",
  "target_weights": [
    0.2,
    0.2,
    0.3,
    0.05,
    0.05,
    0.05,
    8.0,
    4.0,
    4.0
  ],
  "target_scales": [
    5.0,
    5.0,
    5.0,
    1.0,
    1.0,
    100.0,
    0.0001,
    0.2,
    5.0
  ],
  "constraints": {
    "max_active": 4,
    "per_step_budget": 1.0,
    "startup_peak_budget": 1.6,
    "required_sensor_ids": [],
    "coverage_groups": []
  },
  "energy_account": {
    "enabled": false,
    "energy_capacity": 24.0,
    "initial_energy": 12.0,
    "harvest_per_step": 0.65,
    "reserve_energy": 2.0,
    "lambda_energy_deficit": 1.0
  },
  "eval_start_selection": "event_fraction",
  "eval_selection_stride": 64
}
reports/v31_static_break_calibration_v9_diverse_linear/transport_v6_b1p00_p1p60/oracle_lift_candidate_table.csv
