dqn_update timesteps=2000 epsilon=0.8944 reward_mean=-0.198053 loss=0.046013 unique_actions=9
dqn_update timesteps=4000 epsilon=0.7889 reward_mean=-0.139457 loss=0.026235 unique_actions=9
dqn_update timesteps=6000 epsilon=0.6833 reward_mean=-0.192572 loss=0.029230 unique_actions=9
dqn_update timesteps=8000 epsilon=0.5778 reward_mean=-0.150535 loss=0.036352 unique_actions=9
dqn_update timesteps=10000 epsilon=0.4722 reward_mean=-0.155466 loss=0.046422 unique_actions=9
dqn_update timesteps=12000 epsilon=0.3667 reward_mean=-0.170259 loss=0.068426 unique_actions=9
dqn_update timesteps=14000 epsilon=0.2611 reward_mean=-0.165106 loss=0.082534 unique_actions=9
dqn_update timesteps=16000 epsilon=0.1556 reward_mean=-0.141328 loss=0.092756 unique_actions=9
dqn_update timesteps=18000 epsilon=0.0500 reward_mean=-0.214775 loss=0.107394 unique_actions=9
dqn_update timesteps=20000 epsilon=0.0500 reward_mean=-0.185758 loss=0.125296 unique_actions=9
dqn_update timesteps=22000 epsilon=0.0500 reward_mean=-0.154814 loss=0.125877 unique_actions=9
dqn_update timesteps=24000 epsilon=0.0500 reward_mean=-0.150305 loss=0.130141 unique_actions=9
dqn_update timesteps=26000 epsilon=0.0500 reward_mean=-0.172763 loss=0.135698 unique_actions=9
dqn_update timesteps=28000 epsilon=0.0500 reward_mean=-0.122259 loss=0.149954 unique_actions=9
dqn_update timesteps=30000 epsilon=0.0500 reward_mean=-0.170447 loss=0.155245 unique_actions=9
dqn_update timesteps=32000 epsilon=0.0500 reward_mean=-0.188077 loss=0.171166 unique_actions=9
dqn_update timesteps=34000 epsilon=0.0500 reward_mean=-0.144299 loss=0.171230 unique_actions=9
dqn_update timesteps=36000 epsilon=0.0500 reward_mean=-0.146370 loss=0.176040 unique_actions=9
dqn_update timesteps=38000 epsilon=0.0500 reward_mean=-0.129401 loss=0.182323 unique_actions=9
dqn_update timesteps=40000 epsilon=0.0500 reward_mean=-0.131862 loss=0.174122 unique_actions=9
dqn_update timesteps=42000 epsilon=0.0500 reward_mean=-0.148597 loss=0.187274 unique_actions=9
dqn_update timesteps=44000 epsilon=0.0500 reward_mean=-0.174524 loss=0.180597 unique_actions=9
dqn_update timesteps=46000 epsilon=0.0500 reward_mean=-0.197710 loss=0.200410 unique_actions=9
dqn_update timesteps=48000 epsilon=0.0500 reward_mean=-0.196852 loss=0.205972 unique_actions=9
dqn_update timesteps=50000 epsilon=0.0500 reward_mean=-0.157983 loss=0.219778 unique_actions=9
dqn_update timesteps=52000 epsilon=0.0500 reward_mean=-0.162526 loss=0.211729 unique_actions=9
dqn_update timesteps=54000 epsilon=0.0500 reward_mean=-0.193739 loss=0.205428 unique_actions=9
dqn_update timesteps=56000 epsilon=0.0500 reward_mean=-0.171698 loss=0.229027 unique_actions=9
dqn_update timesteps=58000 epsilon=0.0500 reward_mean=-0.141051 loss=0.219300 unique_actions=9
dqn_update timesteps=60000 epsilon=0.0500 reward_mean=-0.163187 loss=0.226462 unique_actions=9
/home/zhangzhuyu/_code/microclimate_demo/rl_sensor_scheduling_framework/reports/v31_no_warmup_dqn_split_diagnostic/raw/budget1p65_seed43/v2_dqn_split_metrics.csv
                    policy  steps  reward_mean  instant_mae  oracle_loss_mean  dtw_mean  power_mean  peak_power_max  event_rate  warmup_abort_count  switches_per_step  always_on_sensor_count  always_off_sensor_count  mid_duty_sensor_count  duty_entropy  duty_min  duty_max  duty_std
   full_open_unconstrained   6144    -0.128606     1.662750          0.128604  1.603994    4.620000            6.28    0.336426                   0           0.000000                       8                        0                      0     -0.000000  1.000000  1.000000  0.000000
                       aoi   6144    -0.140763     3.238450          0.139765  2.453519    1.612399            2.20    0.336426                   0           0.498698                       0                        0                      8      0.893986  0.248535  0.625326  0.140054
               round_robin   6144    -0.140804     3.110152          0.140304  2.394604    1.555000            1.98    0.336426                   0           0.250000                       0                        0                      8      0.661852  0.125000  0.875000  0.299739
                       dqn   6144    -0.143744     2.849352          0.143438  2.283255    1.574456            2.23    0.336426                   0           0.152694                       0                        0                      7      0.738915  0.035645  0.872070  0.249313
                    random   6144    -0.144692     3.566803          0.143859  2.581031    1.592168            2.23    0.336426                   0           0.416083                       0                        0                      8      0.868182  0.148438  0.597656  0.164641
validation_selected_static   6144    -0.170548     2.934084          0.170547  2.804110    1.460000            1.95    0.336426                   0           0.000000                       3                        5                      0     -0.000000  0.000000  1.000000  0.484123
 feasible_static_projected   6144    -0.170548     2.934084          0.170547  2.804110    1.460000            1.95    0.336426                   0           0.000000                       3                        5                      0     -0.000000  0.000000  1.000000  0.484123
