dqn_update timesteps=2000 epsilon=0.8944 reward_mean=-0.170313 loss=0.030317 unique_actions=11
dqn_update timesteps=4000 epsilon=0.7889 reward_mean=-0.160909 loss=0.023892 unique_actions=11
dqn_update timesteps=6000 epsilon=0.6833 reward_mean=-0.158013 loss=0.032696 unique_actions=11
dqn_update timesteps=8000 epsilon=0.5778 reward_mean=-0.157482 loss=0.040069 unique_actions=11
dqn_update timesteps=10000 epsilon=0.4722 reward_mean=-0.153079 loss=0.050295 unique_actions=11
dqn_update timesteps=12000 epsilon=0.3667 reward_mean=-0.183054 loss=0.066700 unique_actions=11
dqn_update timesteps=14000 epsilon=0.2611 reward_mean=-0.241114 loss=0.080223 unique_actions=11
dqn_update timesteps=16000 epsilon=0.1556 reward_mean=-0.233180 loss=0.099600 unique_actions=11
dqn_update timesteps=18000 epsilon=0.0500 reward_mean=-0.138460 loss=0.111957 unique_actions=11
dqn_update timesteps=20000 epsilon=0.0500 reward_mean=-0.148452 loss=0.123073 unique_actions=11
dqn_update timesteps=22000 epsilon=0.0500 reward_mean=-0.195163 loss=0.139744 unique_actions=11
dqn_update timesteps=24000 epsilon=0.0500 reward_mean=-0.177691 loss=0.147683 unique_actions=11
dqn_update timesteps=26000 epsilon=0.0500 reward_mean=-0.239541 loss=0.156857 unique_actions=11
dqn_update timesteps=28000 epsilon=0.0500 reward_mean=-0.193304 loss=0.176929 unique_actions=11
dqn_update timesteps=30000 epsilon=0.0500 reward_mean=-0.178602 loss=0.196213 unique_actions=11
dqn_update timesteps=32000 epsilon=0.0500 reward_mean=-0.180126 loss=0.209580 unique_actions=11
dqn_update timesteps=34000 epsilon=0.0500 reward_mean=-0.162034 loss=0.223834 unique_actions=11
dqn_update timesteps=36000 epsilon=0.0500 reward_mean=-0.190794 loss=0.206785 unique_actions=11
dqn_update timesteps=38000 epsilon=0.0500 reward_mean=-0.170185 loss=0.204564 unique_actions=11
dqn_update timesteps=40000 epsilon=0.0500 reward_mean=-0.216482 loss=0.211033 unique_actions=11
dqn_update timesteps=42000 epsilon=0.0500 reward_mean=-0.191611 loss=0.225093 unique_actions=11
dqn_update timesteps=44000 epsilon=0.0500 reward_mean=-0.128662 loss=0.209596 unique_actions=11
dqn_update timesteps=46000 epsilon=0.0500 reward_mean=-0.223012 loss=0.213257 unique_actions=11
dqn_update timesteps=48000 epsilon=0.0500 reward_mean=-0.215851 loss=0.227187 unique_actions=11
dqn_update timesteps=50000 epsilon=0.0500 reward_mean=-0.207567 loss=0.241521 unique_actions=11
dqn_update timesteps=52000 epsilon=0.0500 reward_mean=-0.162615 loss=0.257999 unique_actions=11
dqn_update timesteps=54000 epsilon=0.0500 reward_mean=-0.165333 loss=0.274146 unique_actions=11
dqn_update timesteps=56000 epsilon=0.0500 reward_mean=-0.152655 loss=0.279387 unique_actions=11
dqn_update timesteps=58000 epsilon=0.0500 reward_mean=-0.189302 loss=0.283450 unique_actions=11
dqn_update timesteps=60000 epsilon=0.0500 reward_mean=-0.171771 loss=0.284155 unique_actions=11
/home/zhangzhuyu/_code/microclimate_demo/rl_sensor_scheduling_framework/reports/v31_no_warmup_dqn_split_diagnostic/raw/budget1p70_seed41/v2_dqn_split_metrics.csv
                    policy  steps  reward_mean  instant_mae  oracle_loss_mean  dtw_mean  power_mean  peak_power_max  event_rate  warmup_abort_count  switches_per_step  always_on_sensor_count  always_off_sensor_count  mid_duty_sensor_count  duty_entropy  duty_min  duty_max  duty_std
   full_open_unconstrained   6144    -0.108697     1.637936          0.108695  1.578046    4.620000            6.28    0.289062                   0           0.000000                       8                        0                      0     -0.000000  1.000000  1.000000  0.000000
               round_robin   6144    -0.116253     3.172569          0.115753  2.399881    1.555000            1.98    0.289062                   0           0.250000                       0                        0                      8      0.661852  0.125000  0.875000  0.299739
                       aoi   6144    -0.118259     3.460455          0.117181  2.564565    1.639749            2.33    0.289062                   0           0.538621                       0                        0                      8      0.912762  0.156576  0.561523  0.113542
                    random   6144    -0.120698     3.745527          0.119830  2.650127    1.613613            2.33    0.289062                   0           0.434315                       0                        0                      8      0.905352  0.194336  0.536133  0.124346
validation_selected_static   6144    -0.135098     4.865068          0.135098  4.744727    1.480000            1.97    0.289062                   0           0.000000                       3                        5                      0     -0.000000  0.000000  1.000000  0.484123
                       dqn   6144    -0.138472    20.869707          0.138140 14.064703    1.594525            2.33    0.289062                   0           0.165798                       0                        0                      8      0.681130  0.051921  0.828288  0.288231
 feasible_static_projected   6144    -0.153346     2.919308          0.153345  2.791178    1.460000            1.95    0.289062                   0           0.000000                       3                        5                      0     -0.000000  0.000000  1.000000  0.484123
