reports/v31_static_break_v16_surface_boundary_linear_gate_seed42_20260609/truth_static_break_calibration.csv
reports/v31_static_break_v16_surface_boundary_linear_gate_seed42_20260609/micro_flux_v6_b1p15_p1p55/dataset_validation/synthetic_validation.csv
{
  "budget": 1.15,
  "candidate_count": 144,
  "truth_event_rate": 0.3406166666666667,
  "eval_start_indices": [
    3392,
    4864,
    10688,
    18880,
    26624,
    33408
  ],
  "event_loss_min": 0.6510389306479991,
  "non_event_loss_min": 0.6180571480457338,
  "best_overall": {
    "action_idx": -1005,
    "sensor_ids": "dynamic:snow_core__event_laser_fc4",
    "oracle_loss_mean": 0.6441866922530276,
    "power_mean": 1.0603515625,
    "peak_max": 1.49
  },
  "best_event_laser": {
    "action_idx": -1005,
    "sensor_ids": "dynamic:snow_core__event_laser_fc4",
    "oracle_loss_event": 0.6510389306479991,
    "power_mean": 1.0603515625,
    "peak_max": 1.49
  },
  "best_event_no_laser": {
    "action_idx": -1061,
    "sensor_ids": "dynamic:auto_non14_event9_lead0",
    "oracle_loss_event": 0.6799812300389847,
    "power_mean": 0.9268489583333333,
    "peak_max": 1.3
  },
  "best_event_fc4": {
    "action_idx": 10005,
    "sensor_ids": "deployable_static:met_station_core|radiometer_basic|shielded_thermo_hygro|snow_particle_counter",
    "oracle_loss_event": 0.6904362519504323,
    "power_mean": 0.956875,
    "peak_max": 1.51
  },
  "best_event_no_fc4": {
    "action_idx": -1005,
    "sensor_ids": "dynamic:snow_core__event_laser_fc4",
    "oracle_loss_event": 0.6510389306479991,
    "power_mean": 1.0603515625,
    "peak_max": 1.49
  },
  "best_non_event_laser": {
    "action_idx": -1005,
    "sensor_ids": "dynamic:snow_core__event_laser_fc4",
    "oracle_loss_non_event": 0.6185040367541007,
    "power_mean": 1.0603515625,
    "peak_max": 1.49
  },
  "best_non_event_no_laser": {
    "action_idx": -1045,
    "sensor_ids": "dynamic:auto_non2_event9_lead0",
    "oracle_loss_non_event": 0.6180571480457338,
    "power_mean": 0.9121061197916666,
    "peak_max": 1.19
  },
  "laser_event_lift": 0.028942299390985582,
  "fc4_event_lift": -0.03939732130243323,
  "laser_non_event_lift": -0.0004468887083669548,
  "sensor_cfg": "configs/sensors/windblown_sensors_physical_event_v16_surface_boundary.yaml",
  "truth_csv": "reports/v31_static_break_v16_surface_boundary_linear_gate_seed42_20260609/truth_static_break_calibration.csv",
  "oracle_type": "linear",
  "target_weights": [
    0.03,
    0.03,
    0.1,
    0.01,
    0.01,
    0.0,
    18.0,
    12.0,
    12.0
  ],
  "target_scales": [
    5.0,
    5.0,
    5.0,
    1.0,
    1.0,
    100.0,
    0.0001,
    0.2,
    5.0
  ],
  "constraints": {
    "max_active": 4,
    "per_step_budget": 1.15,
    "startup_peak_budget": 1.55,
    "required_sensor_ids": [],
    "coverage_groups": [
      {
        "name": "weather",
        "sensor_ids": [
          "met_station_core",
          "ultrasonic_anemometer_hd",
          "shielded_thermo_hygro"
        ]
      },
      {
        "name": "surface_forcing",
        "sensor_ids": [
          "radiometer_basic",
          "surface_temp_ir"
        ]
      },
      {
        "name": "snow_transport",
        "sensor_ids": [
          "snow_particle_counter",
          "laser_disdrometer",
          "fc4_flux"
        ]
      }
    ]
  },
  "energy_account": {
    "enabled": true,
    "energy_capacity": 180.0,
    "initial_energy": 180.0,
    "harvest_per_step": 0.75,
    "reserve_energy": 20.0,
    "lambda_energy_deficit": 1.0
  },
  "eval_start_selection": "event_transport_rich",
  "eval_selection_stride": 64,
  "deployable_static_diagnostics": {
    "enabled": true,
    "top_k": 6,
    "duty_low": 0.12,
    "duty_high": 0.75,
    "duty_score": 12.0,
    "duty_feedback": 2.5
  }
}
reports/v31_static_break_v16_surface_boundary_linear_gate_seed42_20260609/micro_flux_v6_b1p15_p1p55/oracle_lift_candidate_table.csv
