reports/v31_static_break_v16_multiseed_structural_screen_20260609/seed42/truth_static_break_calibration.csv
reports/v31_static_break_v16_multiseed_structural_screen_20260609/seed42/particle_heavy_flux_v7_b1p15_p1p55/dataset_validation/synthetic_validation.csv
{
  "budget": 1.15,
  "candidate_count": 148,
  "truth_event_rate": 0.3406166666666667,
  "eval_start_indices": [
    4864,
    10688,
    26624,
    33408
  ],
  "event_loss_min": 0.4317779843203207,
  "non_event_loss_min": 0.41258153500989897,
  "best_overall": {
    "action_idx": -1036,
    "sensor_ids": "dynamic:auto_non24_event15_lead0",
    "oracle_loss_mean": 0.4285222886446718,
    "power_mean": 1.08037109375,
    "peak_max": 1.49
  },
  "best_event_laser": {
    "action_idx": -1036,
    "sensor_ids": "dynamic:auto_non24_event15_lead0",
    "oracle_loss_event": 0.4317779843203207,
    "power_mean": 1.08037109375,
    "peak_max": 1.49
  },
  "best_event_no_laser": {
    "action_idx": -1061,
    "sensor_ids": "dynamic:auto_non1_event24_lead0",
    "oracle_loss_event": 0.44787407334427715,
    "power_mean": 0.96466796875,
    "peak_max": 1.3
  },
  "best_event_fc4": {
    "action_idx": -1036,
    "sensor_ids": "dynamic:auto_non24_event15_lead0",
    "oracle_loss_event": 0.4317779843203207,
    "power_mean": 1.08037109375,
    "peak_max": 1.49
  },
  "best_event_no_fc4": {
    "action_idx": -1052,
    "sensor_ids": "dynamic:auto_non11_event15_lead0",
    "oracle_loss_event": 0.4396842168429063,
    "power_mean": 1.074482421875,
    "peak_max": 1.49
  },
  "best_non_event_laser": {
    "action_idx": -1041,
    "sensor_ids": "dynamic:auto_non29_event15_lead0",
    "oracle_loss_non_event": 0.41258153500989897,
    "power_mean": 1.078408203125,
    "peak_max": 1.49
  },
  "best_non_event_no_laser": {
    "action_idx": -1062,
    "sensor_ids": "dynamic:auto_non1_event19_lead0",
    "oracle_loss_non_event": 0.42815846416042813,
    "power_mean": 0.83607421875,
    "peak_max": 1.08
  },
  "laser_event_lift": 0.016096089023956428,
  "fc4_event_lift": 0.007906232522585599,
  "laser_non_event_lift": 0.015576929150529162,
  "sensor_cfg": "configs/sensors/windblown_sensors_physical_event_v16_surface_boundary.yaml",
  "truth_csv": "reports/v31_static_break_v16_multiseed_structural_screen_20260609/seed42/truth_static_break_calibration.csv",
  "oracle_type": "tcn",
  "target_weights": [
    0.03,
    0.03,
    0.1,
    0.01,
    0.01,
    0.0,
    16.0,
    22.0,
    22.0
  ],
  "target_scales": [
    5.0,
    5.0,
    5.0,
    1.0,
    1.0,
    100.0,
    0.0001,
    0.2,
    5.0
  ],
  "constraints": {
    "max_active": 4,
    "per_step_budget": 1.15,
    "startup_peak_budget": 1.55,
    "required_sensor_ids": [],
    "coverage_groups": [
      {
        "name": "weather",
        "sensor_ids": [
          "met_station_core",
          "ultrasonic_anemometer_hd",
          "shielded_thermo_hygro"
        ]
      },
      {
        "name": "surface_forcing",
        "sensor_ids": [
          "radiometer_basic",
          "surface_temp_ir"
        ]
      },
      {
        "name": "snow_transport",
        "sensor_ids": [
          "snow_particle_counter",
          "laser_disdrometer",
          "fc4_flux"
        ]
      }
    ]
  },
  "energy_account": {
    "enabled": true,
    "energy_capacity": 180.0,
    "initial_energy": 180.0,
    "harvest_per_step": 0.82,
    "reserve_energy": 20.0,
    "lambda_energy_deficit": 1.0
  },
  "env_min_dwell_steps": 12,
  "eval_start_selection": "event_transport_rich",
  "eval_selection_stride": 64,
  "deployable_static_diagnostics": {
    "enabled": true,
    "top_k": 8,
    "duty_low": 0.12,
    "duty_high": 0.75,
    "duty_score": 12.0,
    "duty_feedback": 2.5
  }
}
reports/v31_static_break_v16_multiseed_structural_screen_20260609/seed42/particle_heavy_flux_v7_b1p15_p1p55/oracle_lift_candidate_table.csv
