custom_ppo_update update=1 timesteps=2048 loss=96.944432 entropy=3.858578 adv_std=14.414322 soc_aux=0.023909 awbc_label_rate=0.250
custom_ppo_update update=2 timesteps=4096 loss=88.322041 entropy=3.827453 adv_std=13.322027 soc_aux=0.002824 awbc_label_rate=0.250
custom_ppo_update update=3 timesteps=6144 loss=78.922998 entropy=3.806967 adv_std=12.775258 soc_aux=0.001371 awbc_label_rate=0.250
custom_ppo_update update=4 timesteps=8192 loss=62.800531 entropy=3.785841 adv_std=11.531783 soc_aux=0.000614 awbc_label_rate=0.250
custom_ppo_update update=5 timesteps=10240 loss=62.692499 entropy=3.742907 adv_std=11.883681 soc_aux=0.000351 awbc_label_rate=0.250
custom_ppo_update update=6 timesteps=12288 loss=45.362451 entropy=3.749677 adv_std=10.162104 soc_aux=0.000223 awbc_label_rate=0.250
custom_ppo_update update=7 timesteps=14336 loss=43.989790 entropy=3.714224 adv_std=10.225529 soc_aux=0.000169 awbc_label_rate=0.250
custom_ppo_update update=8 timesteps=16384 loss=40.771244 entropy=3.685968 adv_std=9.961249 soc_aux=0.000106 awbc_label_rate=0.250
custom_ppo_update update=9 timesteps=18432 loss=31.348393 entropy=3.685040 adv_std=8.883186 soc_aux=0.000101 awbc_label_rate=0.250
custom_ppo_update update=10 timesteps=20480 loss=22.981403 entropy=3.670857 adv_std=7.616776 soc_aux=0.000077 awbc_label_rate=0.250
custom_ppo_update update=11 timesteps=22528 loss=21.109714 entropy=3.626968 adv_std=7.596231 soc_aux=0.000112 awbc_label_rate=0.250
custom_ppo_update update=12 timesteps=24576 loss=16.937938 entropy=3.582176 adv_std=7.160003 soc_aux=0.000073 awbc_label_rate=0.250
custom_ppo_update update=13 timesteps=26624 loss=15.569873 entropy=3.552197 adv_std=6.803000 soc_aux=0.000035 awbc_label_rate=0.250
custom_ppo_update update=14 timesteps=28672 loss=13.112098 entropy=3.489677 adv_std=6.252257 soc_aux=0.000054 awbc_label_rate=0.250
custom_ppo_update update=15 timesteps=30720 loss=8.705436 entropy=3.548786 adv_std=5.296352 soc_aux=0.000051 awbc_label_rate=0.250
custom_ppo_update update=16 timesteps=32768 loss=7.422549 entropy=3.516183 adv_std=4.957564 soc_aux=0.000067 awbc_label_rate=0.250
custom_ppo_update update=17 timesteps=34816 loss=6.568865 entropy=3.555156 adv_std=4.950422 soc_aux=0.000021 awbc_label_rate=0.250
custom_ppo_update update=18 timesteps=36864 loss=5.349696 entropy=3.536739 adv_std=4.538640 soc_aux=0.000026 awbc_label_rate=0.250
custom_ppo_update update=19 timesteps=38912 loss=4.211244 entropy=3.585933 adv_std=4.257375 soc_aux=0.000025 awbc_label_rate=0.250
custom_ppo_update update=20 timesteps=40960 loss=2.762055 entropy=3.609829 adv_std=3.605234 soc_aux=0.000228 awbc_label_rate=0.250
custom_ppo_update update=21 timesteps=43008 loss=2.298008 entropy=3.586510 adv_std=3.564368 soc_aux=0.000473 awbc_label_rate=0.250
custom_ppo_update update=22 timesteps=45056 loss=2.336421 entropy=3.511681 adv_std=3.425223 soc_aux=0.000020 awbc_label_rate=0.250
custom_ppo_update update=23 timesteps=47104 loss=2.580885 entropy=3.479052 adv_std=4.374638 soc_aux=0.000015 awbc_label_rate=0.250
custom_ppo_update update=24 timesteps=49152 loss=2.045477 entropy=3.507110 adv_std=3.822064 soc_aux=0.000048 awbc_label_rate=0.250
custom_ppo_update update=25 timesteps=51200 loss=1.574375 entropy=3.547471 adv_std=3.334057 soc_aux=0.000081 awbc_label_rate=0.250
custom_ppo_update update=26 timesteps=53248 loss=1.706193 entropy=3.484103 adv_std=3.908834 soc_aux=0.000057 awbc_label_rate=0.250
custom_ppo_update update=27 timesteps=55296 loss=1.539994 entropy=3.479960 adv_std=3.340899 soc_aux=0.000017 awbc_label_rate=0.250
custom_ppo_update update=28 timesteps=57344 loss=1.627964 entropy=3.403846 adv_std=3.479137 soc_aux=0.000045 awbc_label_rate=0.250
custom_ppo_update update=29 timesteps=59392 loss=1.054399 entropy=3.419751 adv_std=2.705717 soc_aux=0.000016 awbc_label_rate=0.250
custom_ppo_update update=30 timesteps=61440 loss=1.240926 entropy=3.439698 adv_std=3.906160 soc_aux=0.000011 awbc_label_rate=0.250
custom_ppo_update update=31 timesteps=63488 loss=1.167864 entropy=3.352820 adv_std=3.308092 soc_aux=0.000015 awbc_label_rate=0.250
custom_ppo_update update=32 timesteps=65536 loss=1.168562 entropy=3.309078 adv_std=3.545290 soc_aux=0.000064 awbc_label_rate=0.250
custom_ppo_update update=33 timesteps=67584 loss=0.980798 entropy=3.308083 adv_std=3.085003 soc_aux=0.000017 awbc_label_rate=0.250
custom_ppo_update update=34 timesteps=69632 loss=0.865588 entropy=3.317738 adv_std=2.643224 soc_aux=0.000014 awbc_label_rate=0.250
custom_ppo_update update=35 timesteps=71680 loss=0.833527 entropy=3.331212 adv_std=2.253824 soc_aux=0.000016 awbc_label_rate=0.250
custom_ppo_update update=36 timesteps=73728 loss=0.918382 entropy=3.343214 adv_std=3.135088 soc_aux=0.000019 awbc_label_rate=0.250
custom_ppo_update update=37 timesteps=75776 loss=0.809469 entropy=3.304512 adv_std=3.109747 soc_aux=0.000010 awbc_label_rate=0.250
custom_ppo_update update=38 timesteps=77824 loss=0.739946 entropy=3.291988 adv_std=2.410297 soc_aux=0.000050 awbc_label_rate=0.250
custom_ppo_update update=39 timesteps=79872 loss=0.940099 entropy=3.326520 adv_std=2.875610 soc_aux=0.000009 awbc_label_rate=0.250
custom_ppo_update update=40 timesteps=81920 loss=1.027560 entropy=3.273387 adv_std=3.299717 soc_aux=0.000013 awbc_label_rate=0.250
custom_ppo_update update=41 timesteps=83968 loss=0.909343 entropy=3.240928 adv_std=2.814607 soc_aux=0.000017 awbc_label_rate=0.250
custom_ppo_update update=42 timesteps=86016 loss=0.798657 entropy=3.232989 adv_std=2.421671 soc_aux=0.000009 awbc_label_rate=0.250
custom_ppo_update update=43 timesteps=88064 loss=1.221272 entropy=3.293833 adv_std=3.344974 soc_aux=0.000028 awbc_label_rate=0.250
custom_ppo_update update=44 timesteps=90112 loss=0.736487 entropy=3.248241 adv_std=2.172937 soc_aux=0.000041 awbc_label_rate=0.250
custom_ppo_update update=45 timesteps=92160 loss=1.075253 entropy=3.224366 adv_std=3.498758 soc_aux=0.000022 awbc_label_rate=0.250
custom_ppo_update update=46 timesteps=94208 loss=0.752252 entropy=3.233213 adv_std=2.753320 soc_aux=0.000013 awbc_label_rate=0.250
custom_ppo_update update=47 timesteps=96256 loss=0.844441 entropy=3.192031 adv_std=2.817212 soc_aux=0.000007 awbc_label_rate=0.250
custom_ppo_update update=48 timesteps=98304 loss=0.866259 entropy=3.190624 adv_std=2.632695 soc_aux=0.000145 awbc_label_rate=0.250
custom_ppo_update update=49 timesteps=100352 loss=0.857358 entropy=3.223488 adv_std=2.802293 soc_aux=0.000101 awbc_label_rate=0.250
custom_ppo_update update=50 timesteps=102400 loss=0.865445 entropy=3.216847 adv_std=2.907921 soc_aux=0.000029 awbc_label_rate=0.250
custom_ppo_update update=51 timesteps=104448 loss=0.822467 entropy=3.285322 adv_std=2.452258 soc_aux=0.000024 awbc_label_rate=0.250
custom_ppo_update update=52 timesteps=106496 loss=0.919916 entropy=3.175463 adv_std=2.878579 soc_aux=0.000006 awbc_label_rate=0.250
custom_ppo_update update=53 timesteps=108544 loss=0.629524 entropy=3.201041 adv_std=2.245990 soc_aux=0.000009 awbc_label_rate=0.250
custom_ppo_update update=54 timesteps=110592 loss=1.224840 entropy=3.139363 adv_std=3.315664 soc_aux=0.000008 awbc_label_rate=0.250
custom_ppo_update update=55 timesteps=112640 loss=0.844208 entropy=3.234670 adv_std=2.699412 soc_aux=0.000045 awbc_label_rate=0.250
custom_ppo_update update=56 timesteps=114688 loss=0.753120 entropy=3.213566 adv_std=2.487674 soc_aux=0.000040 awbc_label_rate=0.250
custom_ppo_update update=57 timesteps=116736 loss=0.771047 entropy=3.182169 adv_std=2.687387 soc_aux=0.000016 awbc_label_rate=0.250
custom_ppo_update update=58 timesteps=118784 loss=0.563624 entropy=3.230133 adv_std=2.271265 soc_aux=0.000009 awbc_label_rate=0.250
custom_ppo_update update=59 timesteps=120832 loss=0.593660 entropy=3.149525 adv_std=2.111599 soc_aux=0.000011 awbc_label_rate=0.250
custom_ppo_update update=60 timesteps=122880 loss=0.658407 entropy=3.094903 adv_std=2.512134 soc_aux=0.000012 awbc_label_rate=0.250
custom_ppo_update update=61 timesteps=124928 loss=0.669128 entropy=3.112298 adv_std=2.148248 soc_aux=0.000054 awbc_label_rate=0.250
custom_ppo_update update=62 timesteps=126976 loss=0.882739 entropy=3.068860 adv_std=3.087674 soc_aux=0.000095 awbc_label_rate=0.250
custom_ppo_update update=63 timesteps=129024 loss=0.615879 entropy=3.157472 adv_std=2.344983 soc_aux=0.000054 awbc_label_rate=0.250
custom_ppo_update update=64 timesteps=131072 loss=0.889745 entropy=3.054053 adv_std=2.596346 soc_aux=0.000011 awbc_label_rate=0.250
custom_ppo_update update=65 timesteps=133120 loss=0.666911 entropy=3.096092 adv_std=2.181411 soc_aux=0.000015 awbc_label_rate=0.250
custom_ppo_update update=66 timesteps=135168 loss=0.815139 entropy=3.038870 adv_std=2.412761 soc_aux=0.000011 awbc_label_rate=0.250
custom_ppo_update update=67 timesteps=137216 loss=0.621079 entropy=3.070921 adv_std=1.943764 soc_aux=0.000010 awbc_label_rate=0.250
custom_ppo_update update=68 timesteps=139264 loss=0.550408 entropy=3.093449 adv_std=2.126349 soc_aux=0.000014 awbc_label_rate=0.250
custom_ppo_update update=69 timesteps=141312 loss=0.490212 entropy=3.082171 adv_std=1.928270 soc_aux=0.000014 awbc_label_rate=0.250
custom_ppo_update update=70 timesteps=143360 loss=0.548383 entropy=3.017948 adv_std=2.392212 soc_aux=0.000014 awbc_label_rate=0.250
custom_ppo_update update=71 timesteps=145408 loss=0.745767 entropy=3.032251 adv_std=2.709500 soc_aux=0.000011 awbc_label_rate=0.250
custom_ppo_update update=72 timesteps=147456 loss=0.540350 entropy=3.089754 adv_std=1.976901 soc_aux=0.000022 awbc_label_rate=0.250
custom_ppo_update update=73 timesteps=149504 loss=0.701182 entropy=3.058580 adv_std=2.482666 soc_aux=0.000039 awbc_label_rate=0.250
custom_ppo_update update=74 timesteps=151552 loss=0.607645 entropy=3.137845 adv_std=2.171347 soc_aux=0.000016 awbc_label_rate=0.250
custom_ppo_update update=75 timesteps=153600 loss=0.577057 entropy=3.172518 adv_std=1.787966 soc_aux=0.000010 awbc_label_rate=0.250
custom_ppo_update update=76 timesteps=155648 loss=0.599533 entropy=3.212045 adv_std=2.093694 soc_aux=0.000022 awbc_label_rate=0.250
custom_ppo_update update=77 timesteps=157696 loss=0.503261 entropy=3.228625 adv_std=1.671663 soc_aux=0.000022 awbc_label_rate=0.250
custom_ppo_update update=78 timesteps=159744 loss=0.561844 entropy=3.119164 adv_std=2.062154 soc_aux=0.000009 awbc_label_rate=0.250
custom_ppo_update update=79 timesteps=161792 loss=0.495274 entropy=3.177609 adv_std=1.720936 soc_aux=0.000018 awbc_label_rate=0.250
custom_ppo_update update=80 timesteps=163840 loss=0.541083 entropy=3.132942 adv_std=1.854042 soc_aux=0.000009 awbc_label_rate=0.250
custom_ppo_update update=81 timesteps=165888 loss=0.540928 entropy=3.176338 adv_std=2.068948 soc_aux=0.000023 awbc_label_rate=0.250
custom_ppo_update update=82 timesteps=167936 loss=0.543490 entropy=3.149466 adv_std=2.161387 soc_aux=0.000010 awbc_label_rate=0.250
custom_ppo_update update=83 timesteps=169984 loss=0.498950 entropy=3.174970 adv_std=1.921088 soc_aux=0.000015 awbc_label_rate=0.250
custom_ppo_update update=84 timesteps=172032 loss=0.561555 entropy=3.146687 adv_std=2.491006 soc_aux=0.000027 awbc_label_rate=0.250
custom_ppo_update update=85 timesteps=174080 loss=0.675064 entropy=3.207239 adv_std=2.511009 soc_aux=0.000007 awbc_label_rate=0.250
custom_ppo_update update=86 timesteps=176128 loss=0.544961 entropy=3.123354 adv_std=1.809041 soc_aux=0.000022 awbc_label_rate=0.250
custom_ppo_update update=87 timesteps=178176 loss=0.463862 entropy=3.144213 adv_std=1.786885 soc_aux=0.000013 awbc_label_rate=0.250
custom_ppo_update update=88 timesteps=180224 loss=0.514048 entropy=3.120248 adv_std=2.063180 soc_aux=0.000010 awbc_label_rate=0.250
custom_ppo_update update=89 timesteps=182272 loss=0.462260 entropy=3.085052 adv_std=1.671964 soc_aux=0.000014 awbc_label_rate=0.250
custom_ppo_update update=90 timesteps=184320 loss=0.422386 entropy=3.069400 adv_std=1.714765 soc_aux=0.000013 awbc_label_rate=0.250
custom_ppo_update update=91 timesteps=186368 loss=0.523889 entropy=3.157232 adv_std=1.896346 soc_aux=0.000008 awbc_label_rate=0.250
custom_ppo_update update=92 timesteps=188416 loss=0.520559 entropy=3.058031 adv_std=1.930007 soc_aux=0.000016 awbc_label_rate=0.250
custom_ppo_update update=93 timesteps=190464 loss=0.509769 entropy=3.118168 adv_std=1.957452 soc_aux=0.000010 awbc_label_rate=0.250
custom_ppo_update update=94 timesteps=192512 loss=0.549623 entropy=3.084450 adv_std=2.102880 soc_aux=0.000007 awbc_label_rate=0.250
custom_ppo_update update=95 timesteps=194560 loss=0.530420 entropy=3.084656 adv_std=2.419758 soc_aux=0.000007 awbc_label_rate=0.250
custom_ppo_update update=96 timesteps=196608 loss=0.587903 entropy=3.068001 adv_std=2.198353 soc_aux=0.000008 awbc_label_rate=0.250
custom_ppo_update update=97 timesteps=198656 loss=0.508673 entropy=3.026526 adv_std=1.841290 soc_aux=0.000009 awbc_label_rate=0.250
custom_ppo_update update=98 timesteps=200000 loss=0.427541 entropy=3.056423 adv_std=1.446300 soc_aux=0.000025 awbc_label_rate=0.250
rl_sensor_scheduling_framework/reports/physical_event_v4_energy_ppo_h092_cap180_stormcurr_socaux_h16_c01_200k_seed41/evaluation/v2_eval_overall.csv
                   policy  steps  weighted_normalized_mae      mae     rmse    smape  pearson      dtw  oracle_loss_mean  reward_mean  power_mean  power_max  peak_power_max  steady_violation_rate  peak_violation_rate  event_rate  warmup_abort_count  warmup_abort_rate  obs_reconstruction_mae  forecast_samples  forecast_weighted_mae_overall  forecast_raw_mae_overall  forecast_weighted_mae_event  forecast_weighted_mae_non_event  forecast_weighted_mae_low_temp  forecast_weighted_mae_normal
  full_open_unconstrained   6144                 0.084103 0.816710 2.736727 0.597247 0.976583 0.772499          0.394477    -0.394478    1.950000       1.95            2.61                    1.0                  1.0    0.565104                   0           0.000000                0.084103              6144                     165.151386              11317.351093                   123.854790                       468.123833                      122.543486                    462.906441
               custom_ppo   6144                 0.298180 1.192608 4.083304 0.687487 0.864519 0.986017          0.410464    -0.411044    0.894915       1.16            1.53                    0.0                  0.0    0.565104                  16           0.002604                0.298180              6144                     165.167311              11317.852259                   123.872472                       468.126872                      122.558439                    462.908398
                      aoi   6144                 0.238598 1.279416 5.777913 0.670915 0.858300 0.978733          0.414366    -0.415247    1.003896       1.19            1.56                    0.0                  0.0    0.565104                  10           0.001628                0.238598              6144                     165.171556              11317.792412                   123.876710                       468.131164                      122.560307                    462.913413
                   random   6144                 0.417605 1.449910 5.917567 0.711990 0.793617 1.159780          0.468802    -0.495095    0.778730       1.19            1.58                    0.0                  0.0    0.565104                1956           0.318359                0.417605              6144                     165.225958              11318.021059                   123.936074                       468.149165                      122.584477                    462.934230
              round_robin   6144                 0.407273 1.247267 3.182848 0.769306 0.915822 1.223258          0.469592    -0.480030    0.608750       1.19            1.56                    0.0                  0.0    0.565104                 768           0.125000                0.407273              6144                     165.226630              11317.520698                   123.930319                       468.196989                      122.546420                    462.990574
feasible_static_projected   6144                 0.405184 1.221639 3.197188 0.759143 0.993759 1.215745          0.503722    -0.503723    0.410000       0.41            0.52                    0.0                  0.0    0.565104                   0           0.000000                0.405184              6144                     165.260639              11317.539350                   123.978829                       468.124612                      122.539778                    462.907984
rl_sensor_scheduling_framework/reports/physical_event_v4_energy_ppo_h092_cap180_stormcurr_socaux_h16_c01_200k_seed41/v2_custom_ppo_metrics.csv
                   policy  steps  reward_mean  instant_mae  oracle_loss_mean  dtw_mean  power_mean  peak_power_max  event_rate  warmup_abort_count
  full_open_unconstrained   6144    -0.394478     1.709648          0.394477  1.649252    1.950000            2.61    0.565104                   0
               custom_ppo   6144    -0.411044     2.095928          0.410464  1.899753    0.894915            1.53    0.565104                  16
                      aoi   6144    -0.415247     2.134215          0.414366  1.870393    1.003896            1.56    0.565104                  10
                   random   6144    -0.495095     2.244037          0.468802  1.990387    0.778730            1.58    0.565104                1956
              round_robin   6144    -0.480030     2.052252          0.469592  2.003494    0.608750            1.56    0.565104                 768
feasible_static_projected   6144    -0.503723     2.035548          0.503722  1.995129    0.410000            0.52    0.565104                   0
