[calibrate] transport_v6_b0p50_p1p60 -> reports/v31_static_break_calibration_v6_cov_energy_tcn_20260607/transport_v6_b0p50_p1p60
[calibrate] transport_v6_b0p60_p1p60 -> reports/v31_static_break_calibration_v6_cov_energy_tcn_20260607/transport_v6_b0p60_p1p60
[calibrate] transport_v6_b0p70_p1p60 -> reports/v31_static_break_calibration_v6_cov_energy_tcn_20260607/transport_v6_b0p70_p1p60
[calibrate] transport_v6_b0p80_p1p60 -> reports/v31_static_break_calibration_v6_cov_energy_tcn_20260607/transport_v6_b0p80_p1p60
[calibrate] snow_task_v6_b0p50_p1p60 -> reports/v31_static_break_calibration_v6_cov_energy_tcn_20260607/snow_task_v6_b0p50_p1p60
[calibrate] snow_task_v6_b0p60_p1p60 -> reports/v31_static_break_calibration_v6_cov_energy_tcn_20260607/snow_task_v6_b0p60_p1p60
[calibrate] snow_task_v6_b0p70_p1p60 -> reports/v31_static_break_calibration_v6_cov_energy_tcn_20260607/snow_task_v6_b0p70_p1p60
[calibrate] snow_task_v6_b0p80_p1p60 -> reports/v31_static_break_calibration_v6_cov_energy_tcn_20260607/snow_task_v6_b0p80_p1p60
[calibrate] particle_flux_v6_b0p50_p1p60 -> reports/v31_static_break_calibration_v6_cov_energy_tcn_20260607/particle_flux_v6_b0p50_p1p60
[calibrate] particle_flux_v6_b0p60_p1p60 -> reports/v31_static_break_calibration_v6_cov_energy_tcn_20260607/particle_flux_v6_b0p60_p1p60
[calibrate] particle_flux_v6_b0p70_p1p60 -> reports/v31_static_break_calibration_v6_cov_energy_tcn_20260607/particle_flux_v6_b0p70_p1p60
[calibrate] particle_flux_v6_b0p80_p1p60 -> reports/v31_static_break_calibration_v6_cov_energy_tcn_20260607/particle_flux_v6_b0p80_p1p60
{
  "failures": [
    {
      "combo": "transport_v6_b0p50_p1p60",
      "returncode": 1,
      "log_path": "reports/v31_static_break_calibration_v6_cov_energy_tcn_20260607/transport_v6_b0p50_p1p60.log"
    },
    {
      "combo": "snow_task_v6_b0p50_p1p60",
      "returncode": 1,
      "log_path": "reports/v31_static_break_calibration_v6_cov_energy_tcn_20260607/snow_task_v6_b0p50_p1p60.log"
    }
  ]
}
                       combo  gate_pass  dynamic_margin  event_dynamic_margin  laser_shortcut_broken                                                  best_static_sensor_ids            best_dynamic_sensor_ids  best_dynamic_mid_duty_sensor_count  best_dynamic_always_on_sensor_count  best_dynamic_always_off_sensor_count  dynamic_diversity_ok
particle_flux_v6_b0p50_p1p60      False        0.041662              0.046159                   True            radiometer_basic|shielded_thermo_hygro|snow_particle_counter dynamic:diverse_top2_lead4_dwell16                                   4                                    1                                     3                 False
particle_flux_v6_b0p70_p1p60      False       -0.105491             -0.124512                   True met_station_core|radiometer_basic|surface_temp_ir|snow_particle_counter dynamic:diverse_top4_lead0_dwell16                                   6                                    1                                     1                  True
    transport_v6_b0p60_p1p60      False       -0.133737             -0.128469                   True met_station_core|radiometer_basic|surface_temp_ir|snow_particle_counter dynamic:diverse_top6_lead0_dwell16                                   6                                    1                                     1                  True
    snow_task_v6_b0p60_p1p60      False       -0.138682             -0.132759                   True met_station_core|radiometer_basic|surface_temp_ir|snow_particle_counter dynamic:diverse_top6_lead0_dwell16                                   7                                    0                                     1                  True
    transport_v6_b0p80_p1p60      False       -0.142142             -0.126923                   True met_station_core|radiometer_basic|surface_temp_ir|snow_particle_counter dynamic:diverse_top6_lead0_dwell16                                   6                                    1                                     1                  True
particle_flux_v6_b0p80_p1p60      False       -0.145280             -0.141110                   True met_station_core|radiometer_basic|surface_temp_ir|snow_particle_counter dynamic:diverse_top6_lead4_dwell16                                   6                                    0                                     1                  True
    snow_task_v6_b0p80_p1p60      False       -0.152952             -0.138524                   True met_station_core|radiometer_basic|surface_temp_ir|snow_particle_counter dynamic:diverse_top6_lead4_dwell16                                   6                                    1                                     1                  True
particle_flux_v6_b0p60_p1p60      False       -0.160865             -0.158083                   True met_station_core|radiometer_basic|surface_temp_ir|snow_particle_counter dynamic:diverse_top6_lead0_dwell16                                   7                                    0                                     1                  True
    transport_v6_b0p70_p1p60      False       -0.187455             -0.186537                   True met_station_core|radiometer_basic|surface_temp_ir|snow_particle_counter dynamic:diverse_top6_lead4_dwell16                                   6                                    0                                     1                  True
    snow_task_v6_b0p70_p1p60      False       -0.193701             -0.192164                   True met_station_core|radiometer_basic|surface_temp_ir|snow_particle_counter dynamic:diverse_top6_lead4_dwell16                                   6                                    0                                     1                  True
