reports/v31_split_protocol_no_warmup_hguard_envdwell12_h75_reduced/raw/budget1p70_seed46/truth_v31_split.csv
reports/v31_split_protocol_no_warmup_hguard_envdwell12_h75_reduced/raw/budget1p70_seed46/dataset_validation/synthetic_validation.csv
custom_ppo_update update=1 timesteps=2048 loss=1.792812 entropy=2.297284 adv_std=2.374097 soc_aux=0.000000 awbc_label_rate=0.250
custom_ppo_update update=2 timesteps=4096 loss=3.019670 entropy=2.299107 adv_std=2.838753 soc_aux=0.000000 awbc_label_rate=0.250
custom_ppo_update update=3 timesteps=6144 loss=2.843164 entropy=2.293456 adv_std=3.824962 soc_aux=0.000000 awbc_label_rate=0.250
custom_ppo_update update=4 timesteps=8192 loss=2.220774 entropy=2.284744 adv_std=3.045771 soc_aux=0.000000 awbc_label_rate=0.250
custom_ppo_update update=5 timesteps=10240 loss=2.407581 entropy=2.282832 adv_std=2.730501 soc_aux=0.000000 awbc_label_rate=0.250
custom_ppo_update update=6 timesteps=12288 loss=2.777246 entropy=2.278545 adv_std=3.692869 soc_aux=0.000000 awbc_label_rate=0.250
custom_ppo_update update=7 timesteps=14336 loss=2.105493 entropy=2.259739 adv_std=3.198125 soc_aux=0.000000 awbc_label_rate=0.250
custom_ppo_update update=8 timesteps=16384 loss=3.311330 entropy=2.257650 adv_std=3.700148 soc_aux=0.000000 awbc_label_rate=0.250
custom_ppo_update update=9 timesteps=18432 loss=3.353911 entropy=2.250080 adv_std=4.303122 soc_aux=0.000000 awbc_label_rate=0.250
custom_ppo_update update=10 timesteps=20480 loss=1.291517 entropy=2.271946 adv_std=3.067654 soc_aux=0.000000 awbc_label_rate=0.250
custom_ppo_update update=11 timesteps=22528 loss=2.705716 entropy=2.206632 adv_std=3.544541 soc_aux=0.000000 awbc_label_rate=0.250
custom_ppo_update update=12 timesteps=24576 loss=1.674541 entropy=2.218852 adv_std=3.568345 soc_aux=0.000000 awbc_label_rate=0.250
custom_ppo_update update=13 timesteps=26624 loss=2.395253 entropy=2.180705 adv_std=3.653460 soc_aux=0.000000 awbc_label_rate=0.250
custom_ppo_update update=14 timesteps=28672 loss=1.877707 entropy=2.200147 adv_std=3.905560 soc_aux=0.000000 awbc_label_rate=0.250
custom_ppo_update update=15 timesteps=30720 loss=3.492804 entropy=2.232410 adv_std=4.641576 soc_aux=0.000000 awbc_label_rate=0.250
custom_ppo_update update=16 timesteps=32768 loss=1.924788 entropy=2.191783 adv_std=3.437406 soc_aux=0.000000 awbc_label_rate=0.250
custom_ppo_update update=17 timesteps=34816 loss=3.267397 entropy=2.204713 adv_std=3.927948 soc_aux=0.000000 awbc_label_rate=0.250
custom_ppo_update update=18 timesteps=36864 loss=2.258316 entropy=2.168494 adv_std=3.647737 soc_aux=0.000000 awbc_label_rate=0.250
custom_ppo_update update=19 timesteps=38912 loss=2.004877 entropy=2.186359 adv_std=3.696803 soc_aux=0.000000 awbc_label_rate=0.250
custom_ppo_update update=20 timesteps=40000 loss=2.840533 entropy=2.148092 adv_std=3.914831 soc_aux=0.000000 awbc_label_rate=0.250
reports/v31_split_protocol_no_warmup_hguard_envdwell12_h75_reduced/raw/budget1p70_seed46/v2_custom_ppo_metrics.csv
                                     policy  steps  reward_mean  instant_mae  oracle_loss_mean  dtw_mean  power_mean  peak_power_max  event_rate  warmup_abort_count  switches_per_step  always_on_sensor_count  always_off_sensor_count  mid_duty_sensor_count  duty_entropy  duty_min  duty_max  duty_std
                    full_open_unconstrained   6144    -0.319188     1.663348          0.131491  1.605060    4.620000            6.28    0.307943                   0           0.000000                       8                        0                      0     -0.000000  1.000000  1.000000  0.000000
                 validation_selected_static   6144    -0.271191     2.882214          0.144496  2.750305    1.460000            1.95    0.307943                   0           0.000000                       3                        5                      0     -0.000000  0.000000  1.000000  0.484123
                  feasible_static_projected   6144    -0.271191     2.882214          0.144496  2.750305    1.460000            1.95    0.307943                   0           0.000000                       3                        5                      0     -0.000000  0.000000  1.000000  0.484123
duty_constrained_validation_selected_static   6144    -0.151588     5.172003          0.149245  3.262060    1.539727            2.33    0.307943                   0           0.030685                       0                        0                      8      0.688032  0.127930  0.743164  0.287795
                                 custom_ppo   6144    -0.151078     5.592029          0.149947  3.615033    1.555146            2.33    0.307943                   0           0.033656                       0                        0                      8      0.763503  0.126302  0.744954  0.242834
               duty_constrained_round_robin   6144    -0.155847     9.197555          0.153587  4.832361    1.598984            2.23    0.307943                   0           0.057057                       0                        0                      8      0.874028  0.128906  0.578125  0.156786
 duty_constrained_feasible_static_projected   6144    -0.162134     8.987212          0.159832  4.802321    1.636250            2.33    0.307943                   0           0.052946                       0                        0                      8      0.923205  0.234375  0.531250  0.100296
                                round_robin   6144    -0.254554     7.288444          0.162541  4.400867    1.509609            1.95    0.307943                   0           0.020959                       2                        4                      2      0.249989  0.000000  1.000000  0.414583
                                     random   6144    -0.168764    14.502160          0.162713  8.576494    1.613906            2.33    0.307943                   0           0.040168                       0                        0                      8      0.901538  0.214844  0.604492  0.130417
                       duty_constrained_aoi   6144    -0.163773    11.694913          0.163659  5.754907    1.651094            2.33    0.307943                   0           0.057301                       0                        0                      8      0.936387  0.309245  0.526042  0.077142
                                        aoi   6144    -0.163890    12.171932          0.163779  5.940994    1.657734            2.33    0.307943                   0           0.055632                       0                        0                      8      0.919794  0.328125  0.660156  0.107936
                    duty_constrained_random   6144    -0.164901    17.392211          0.164822 12.585567    1.619707            2.25    0.307943                   0           0.039476                       0                        0                      8      0.912512  0.225586  0.513672  0.115767
reports/v31_split_protocol_no_warmup_hguard_envdwell12_h75_reduced/raw/budget1p70_seed46/split_protocol_manifest.json
