reports/v31_split_protocol_no_warmup_hguard_envdwell12_h75_reduced/raw/budget1p70_seed49/truth_v31_split.csv
reports/v31_split_protocol_no_warmup_hguard_envdwell12_h75_reduced/raw/budget1p70_seed49/dataset_validation/synthetic_validation.csv
custom_ppo_update update=1 timesteps=2048 loss=1.022077 entropy=2.306192 adv_std=1.354148 soc_aux=0.000000 awbc_label_rate=0.250
custom_ppo_update update=2 timesteps=4096 loss=0.897527 entropy=2.302701 adv_std=1.405715 soc_aux=0.000000 awbc_label_rate=0.250
custom_ppo_update update=3 timesteps=6144 loss=1.837465 entropy=2.300595 adv_std=2.467036 soc_aux=0.000000 awbc_label_rate=0.250
custom_ppo_update update=4 timesteps=8192 loss=1.365277 entropy=2.300636 adv_std=2.547527 soc_aux=0.000000 awbc_label_rate=0.250
custom_ppo_update update=5 timesteps=10240 loss=1.596468 entropy=2.308583 adv_std=2.696026 soc_aux=0.000000 awbc_label_rate=0.250
custom_ppo_update update=6 timesteps=12288 loss=2.137056 entropy=2.288180 adv_std=3.722844 soc_aux=0.000000 awbc_label_rate=0.250
custom_ppo_update update=7 timesteps=14336 loss=2.611640 entropy=2.281557 adv_std=3.341608 soc_aux=0.000000 awbc_label_rate=0.250
custom_ppo_update update=8 timesteps=16384 loss=2.575645 entropy=2.278137 adv_std=3.506387 soc_aux=0.000000 awbc_label_rate=0.250
custom_ppo_update update=9 timesteps=18432 loss=3.224456 entropy=2.269914 adv_std=3.632340 soc_aux=0.000000 awbc_label_rate=0.250
custom_ppo_update update=10 timesteps=20480 loss=3.137800 entropy=2.262638 adv_std=3.562827 soc_aux=0.000000 awbc_label_rate=0.250
custom_ppo_update update=11 timesteps=22528 loss=2.127359 entropy=2.277565 adv_std=3.433935 soc_aux=0.000000 awbc_label_rate=0.250
custom_ppo_update update=12 timesteps=24576 loss=4.263932 entropy=2.229464 adv_std=4.030357 soc_aux=0.000000 awbc_label_rate=0.250
custom_ppo_update update=13 timesteps=26624 loss=2.127918 entropy=2.198353 adv_std=3.183018 soc_aux=0.000000 awbc_label_rate=0.250
custom_ppo_update update=14 timesteps=28672 loss=2.213538 entropy=2.189393 adv_std=3.088524 soc_aux=0.000000 awbc_label_rate=0.250
custom_ppo_update update=15 timesteps=30720 loss=2.585882 entropy=2.214660 adv_std=3.820360 soc_aux=0.000000 awbc_label_rate=0.250
custom_ppo_update update=16 timesteps=32768 loss=2.615440 entropy=2.230768 adv_std=3.758975 soc_aux=0.000000 awbc_label_rate=0.250
custom_ppo_update update=17 timesteps=34816 loss=1.907593 entropy=2.193404 adv_std=3.312203 soc_aux=0.000000 awbc_label_rate=0.250
custom_ppo_update update=18 timesteps=36864 loss=2.359823 entropy=2.201124 adv_std=3.975027 soc_aux=0.000000 awbc_label_rate=0.250
custom_ppo_update update=19 timesteps=38912 loss=1.986134 entropy=2.211852 adv_std=3.480849 soc_aux=0.000000 awbc_label_rate=0.250
custom_ppo_update update=20 timesteps=40000 loss=1.542205 entropy=2.165728 adv_std=2.756460 soc_aux=0.000000 awbc_label_rate=0.250
reports/v31_split_protocol_no_warmup_hguard_envdwell12_h75_reduced/raw/budget1p70_seed49/v2_custom_ppo_metrics.csv
                                     policy  steps  reward_mean  instant_mae  oracle_loss_mean  dtw_mean  power_mean  peak_power_max  event_rate  warmup_abort_count  switches_per_step  always_on_sensor_count  always_off_sensor_count  mid_duty_sensor_count  duty_entropy  duty_min  duty_max  duty_std
                    full_open_unconstrained   6144    -0.297933     1.647082          0.110236  1.592341    4.620000            6.28    0.207194                   0           0.000000                       8                        0                      0     -0.000000  1.000000  1.000000  0.000000
duty_constrained_validation_selected_static   6144    -0.131839     5.457752          0.129495  3.255234    1.539727            2.33    0.207194                   0           0.030685                       0                        0                      8      0.688032  0.127930  0.743164  0.287795
                                 custom_ppo   6144    -0.132497     5.411275          0.131023  3.276973    1.579639            2.33    0.207194                   0           0.031662                       0                        0                      8      0.767548  0.125488  0.743815  0.240732
               duty_constrained_round_robin   6144    -0.134366     8.842666          0.132106  4.830171    1.598984            2.23    0.207194                   0           0.057057                       0                        0                      8      0.874028  0.128906  0.578125  0.156786
                                     random   6144    -0.136858     9.003173          0.136763  5.182054    1.604102            2.33    0.207194                   0           0.040168                       0                        0                      8      0.887756  0.173828  0.554688  0.144418
                    duty_constrained_random   6144    -0.137079     9.887708          0.136987  5.076561    1.620000            2.33    0.207194                   0           0.044441                       0                        0                      8      0.903912  0.166992  0.536133  0.125644
                       duty_constrained_aoi   6144    -0.139061    10.916464          0.138946  5.766042    1.651211            2.33    0.207194                   0           0.057220                       0                        0                      8      0.936484  0.308594  0.523438  0.076926
                                        aoi   6144    -0.139624    11.113829          0.139513  5.588570    1.657734            2.33    0.207194                   0           0.055632                       0                        0                      8      0.919794  0.328125  0.660156  0.107936
 duty_constrained_feasible_static_projected   6144    -0.146067    10.195322          0.143766  4.986739    1.636250            2.33    0.207194                   0           0.052946                       0                        0                      8      0.923205  0.234375  0.531250  0.100296
                 validation_selected_static   6144    -0.279241     2.881226          0.152546  2.761888    1.460000            1.95    0.207194                   0           0.000000                       3                        5                      0     -0.000000  0.000000  1.000000  0.484123
                  feasible_static_projected   6144    -0.279241     2.881226          0.152546  2.761888    1.460000            1.95    0.207194                   0           0.000000                       3                        5                      0     -0.000000  0.000000  1.000000  0.484123
                                round_robin   6144    -0.253726     7.098429          0.161713  4.499560    1.509609            1.95    0.207194                   0           0.020959                       2                        4                      2      0.249989  0.000000  1.000000  0.414583
reports/v31_split_protocol_no_warmup_hguard_envdwell12_h75_reduced/raw/budget1p70_seed49/split_protocol_manifest.json
