reports/v31_static_break_v17_particle_heavy_dwell12_budget_scan_seed45_h082_20260609/truth_static_break_calibration.csv
reports/v31_static_break_v17_particle_heavy_dwell12_budget_scan_seed45_h082_20260609/particle_heavy_flux_v7_b1p05_p1p55/dataset_validation/synthetic_validation.csv
{
  "budget": 1.05,
  "candidate_count": 144,
  "truth_event_rate": 0.33941666666666664,
  "eval_start_indices": [
    4096,
    12096,
    13888,
    19648,
    20800,
    35200
  ],
  "event_loss_min": 0.6475691714993185,
  "non_event_loss_min": 0.6666948039278825,
  "best_overall": {
    "action_idx": -1092,
    "sensor_ids": "dynamic:auto_non21_event6_lead6",
    "oracle_loss_mean": 0.6513918076683088,
    "power_mean": 0.9800000000000003,
    "peak_max": 1.28
  },
  "best_event_laser": null,
  "best_event_no_laser": {
    "action_idx": -1092,
    "sensor_ids": "dynamic:auto_non21_event6_lead6",
    "oracle_loss_event": 0.6475691714993185,
    "power_mean": 0.9800000000000003,
    "peak_max": 1.28
  },
  "best_event_fc4": {
    "action_idx": -1021,
    "sensor_ids": "dynamic:wind_surface_context__event_thermal_flux",
    "oracle_loss_event": 0.6586799128246292,
    "power_mean": 0.9760091145833334,
    "peak_max": 1.28
  },
  "best_event_no_fc4": {
    "action_idx": -1092,
    "sensor_ids": "dynamic:auto_non21_event6_lead6",
    "oracle_loss_event": 0.6475691714993185,
    "power_mean": 0.9800000000000003,
    "peak_max": 1.28
  },
  "best_non_event_laser": null,
  "best_non_event_no_laser": {
    "action_idx": -1092,
    "sensor_ids": "dynamic:auto_non21_event6_lead6",
    "oracle_loss_non_event": 0.6666948039278825,
    "power_mean": 0.9800000000000003,
    "peak_max": 1.28
  },
  "laser_event_lift": NaN,
  "fc4_event_lift": -0.011110741325310758,
  "laser_non_event_lift": NaN,
  "sensor_cfg": "configs/sensors/windblown_sensors_physical_event_v16_surface_boundary.yaml",
  "truth_csv": "reports/v31_static_break_v17_particle_heavy_dwell12_budget_scan_seed45_h082_20260609/truth_static_break_calibration.csv",
  "oracle_type": "tcn",
  "target_weights": [
    0.03,
    0.03,
    0.1,
    0.01,
    0.01,
    0.0,
    16.0,
    22.0,
    22.0
  ],
  "target_scales": [
    5.0,
    5.0,
    5.0,
    1.0,
    1.0,
    100.0,
    0.0001,
    0.2,
    5.0
  ],
  "constraints": {
    "max_active": 4,
    "per_step_budget": 1.05,
    "startup_peak_budget": 1.55,
    "required_sensor_ids": [],
    "coverage_groups": [
      {
        "name": "weather",
        "sensor_ids": [
          "met_station_core",
          "ultrasonic_anemometer_hd",
          "shielded_thermo_hygro"
        ]
      },
      {
        "name": "surface_forcing",
        "sensor_ids": [
          "radiometer_basic",
          "surface_temp_ir"
        ]
      },
      {
        "name": "snow_transport",
        "sensor_ids": [
          "snow_particle_counter",
          "laser_disdrometer",
          "fc4_flux"
        ]
      }
    ]
  },
  "energy_account": {
    "enabled": true,
    "energy_capacity": 180.0,
    "initial_energy": 180.0,
    "harvest_per_step": 0.82,
    "reserve_energy": 20.0,
    "lambda_energy_deficit": 1.0
  },
  "env_min_dwell_steps": 12,
  "eval_start_selection": "event_transport_rich",
  "eval_selection_stride": 64,
  "deployable_static_diagnostics": {
    "enabled": true,
    "top_k": 6,
    "duty_low": 0.12,
    "duty_high": 0.75,
    "duty_score": 12.0,
    "duty_feedback": 2.5
  }
}
reports/v31_static_break_v17_particle_heavy_dwell12_budget_scan_seed45_h082_20260609/particle_heavy_flux_v7_b1p05_p1p55/oracle_lift_candidate_table.csv
