reports/v31_s2_main/raw/budget1p75_seed50/truth_v31.csv
reports/v31_s2_main/raw/budget1p75_seed50/dataset_validation/synthetic_validation.csv
custom_ppo_update update=1 timesteps=2048 loss=0.671176 entropy=2.033732 adv_std=1.499493 awbc_label_rate=0.250
custom_ppo_update update=2 timesteps=4096 loss=0.545514 entropy=2.041561 adv_std=1.172995 awbc_label_rate=0.250
custom_ppo_update update=3 timesteps=6144 loss=0.859620 entropy=2.050442 adv_std=2.876308 awbc_label_rate=0.250
custom_ppo_update update=4 timesteps=8192 loss=0.912637 entropy=2.064839 adv_std=2.400960 awbc_label_rate=0.250
custom_ppo_update update=5 timesteps=10240 loss=0.872697 entropy=2.097143 adv_std=2.068295 awbc_label_rate=0.250
custom_ppo_update update=6 timesteps=12288 loss=0.912290 entropy=2.071443 adv_std=2.684407 awbc_label_rate=0.250
custom_ppo_update update=7 timesteps=14336 loss=0.835757 entropy=2.059448 adv_std=2.265111 awbc_label_rate=0.250
custom_ppo_update update=8 timesteps=16384 loss=1.033397 entropy=2.065517 adv_std=2.766832 awbc_label_rate=0.250
custom_ppo_update update=9 timesteps=18432 loss=0.870831 entropy=2.078004 adv_std=3.055974 awbc_label_rate=0.250
custom_ppo_update update=10 timesteps=20480 loss=0.759319 entropy=2.077574 adv_std=2.554513 awbc_label_rate=0.250
custom_ppo_update update=11 timesteps=22528 loss=0.722455 entropy=2.068890 adv_std=2.600987 awbc_label_rate=0.250
custom_ppo_update update=12 timesteps=24576 loss=0.704334 entropy=2.047775 adv_std=2.523477 awbc_label_rate=0.250
custom_ppo_update update=13 timesteps=26624 loss=0.651095 entropy=2.044236 adv_std=2.537721 awbc_label_rate=0.250
custom_ppo_update update=14 timesteps=28672 loss=0.945415 entropy=2.060750 adv_std=3.159204 awbc_label_rate=0.250
custom_ppo_update update=15 timesteps=30720 loss=1.581174 entropy=2.072812 adv_std=3.329305 awbc_label_rate=0.250
custom_ppo_update update=16 timesteps=32768 loss=0.756909 entropy=2.056805 adv_std=2.910909 awbc_label_rate=0.250
custom_ppo_update update=17 timesteps=34816 loss=1.320276 entropy=2.096773 adv_std=3.233659 awbc_label_rate=0.250
custom_ppo_update update=18 timesteps=36864 loss=0.890326 entropy=2.047722 adv_std=3.254297 awbc_label_rate=0.250
custom_ppo_update update=19 timesteps=38912 loss=1.014696 entropy=2.060907 adv_std=2.918946 awbc_label_rate=0.250
custom_ppo_update update=20 timesteps=40960 loss=1.035215 entropy=2.058945 adv_std=2.803689 awbc_label_rate=0.250
custom_ppo_update update=21 timesteps=43008 loss=0.849458 entropy=2.049994 adv_std=2.876208 awbc_label_rate=0.250
custom_ppo_update update=22 timesteps=45056 loss=0.620793 entropy=2.047374 adv_std=2.410851 awbc_label_rate=0.250
custom_ppo_update update=23 timesteps=47104 loss=0.701235 entropy=2.062314 adv_std=2.433346 awbc_label_rate=0.250
custom_ppo_update update=24 timesteps=49152 loss=0.797323 entropy=2.082724 adv_std=2.664780 awbc_label_rate=0.250
custom_ppo_update update=25 timesteps=51200 loss=0.707197 entropy=2.060018 adv_std=2.357468 awbc_label_rate=0.250
custom_ppo_update update=26 timesteps=53248 loss=0.816081 entropy=2.054073 adv_std=2.714347 awbc_label_rate=0.250
custom_ppo_update update=27 timesteps=55296 loss=0.743319 entropy=2.056436 adv_std=2.247265 awbc_label_rate=0.250
custom_ppo_update update=28 timesteps=57344 loss=0.822076 entropy=2.067651 adv_std=3.057862 awbc_label_rate=0.250
custom_ppo_update update=29 timesteps=59392 loss=1.094254 entropy=2.077955 adv_std=3.545048 awbc_label_rate=0.250
custom_ppo_update update=30 timesteps=61440 loss=0.734763 entropy=2.055918 adv_std=3.116817 awbc_label_rate=0.250
custom_ppo_update update=31 timesteps=63488 loss=0.776116 entropy=2.054562 adv_std=2.636497 awbc_label_rate=0.250
custom_ppo_update update=32 timesteps=65536 loss=1.480392 entropy=2.068533 adv_std=3.671392 awbc_label_rate=0.250
custom_ppo_update update=33 timesteps=67584 loss=1.078361 entropy=2.069969 adv_std=3.293155 awbc_label_rate=0.250
custom_ppo_update update=34 timesteps=69632 loss=0.763359 entropy=2.058134 adv_std=2.218725 awbc_label_rate=0.250
custom_ppo_update update=35 timesteps=71680 loss=0.584058 entropy=2.069795 adv_std=2.673393 awbc_label_rate=0.250
custom_ppo_update update=36 timesteps=73728 loss=1.055681 entropy=2.072579 adv_std=3.115631 awbc_label_rate=0.250
custom_ppo_update update=37 timesteps=75776 loss=0.881239 entropy=2.064719 adv_std=2.973726 awbc_label_rate=0.250
custom_ppo_update update=38 timesteps=77824 loss=0.741700 entropy=2.077802 adv_std=2.898200 awbc_label_rate=0.250
custom_ppo_update update=39 timesteps=79872 loss=0.842263 entropy=2.039845 adv_std=2.856588 awbc_label_rate=0.250
custom_ppo_update update=40 timesteps=81920 loss=1.069303 entropy=2.070501 adv_std=3.429925 awbc_label_rate=0.250
custom_ppo_update update=41 timesteps=83968 loss=1.022077 entropy=2.065185 adv_std=3.226722 awbc_label_rate=0.250
custom_ppo_update update=42 timesteps=86016 loss=1.231266 entropy=2.058225 adv_std=2.990451 awbc_label_rate=0.250
custom_ppo_update update=43 timesteps=88064 loss=0.777426 entropy=2.036990 adv_std=3.045623 awbc_label_rate=0.250
custom_ppo_update update=44 timesteps=90112 loss=1.168213 entropy=2.069003 adv_std=3.042783 awbc_label_rate=0.250
custom_ppo_update update=45 timesteps=92160 loss=1.105096 entropy=2.077146 adv_std=3.764067 awbc_label_rate=0.250
custom_ppo_update update=46 timesteps=94208 loss=0.868681 entropy=2.065195 adv_std=3.014493 awbc_label_rate=0.250
custom_ppo_update update=47 timesteps=96256 loss=1.115000 entropy=2.062606 adv_std=3.484936 awbc_label_rate=0.250
custom_ppo_update update=48 timesteps=98304 loss=1.055543 entropy=2.054480 adv_std=3.465280 awbc_label_rate=0.250
custom_ppo_update update=49 timesteps=100000 loss=0.763193 entropy=2.036724 adv_std=2.786538 awbc_label_rate=0.250
reports/v31_s2_main/raw/budget1p75_seed50/evaluation/v2_eval_overall.csv
                   policy  steps  weighted_normalized_mae      mae     rmse    smape  pearson      dtw  oracle_loss_mean  reward_mean  power_mean  power_max  peak_power_max  steady_violation_rate  peak_violation_rate  event_rate  warmup_abort_count  warmup_abort_rate  obs_reconstruction_mae  forecast_samples  forecast_weighted_mae_overall  forecast_raw_mae_overall  forecast_weighted_mae_event  forecast_weighted_mae_non_event  forecast_weighted_mae_low_temp  forecast_weighted_mae_normal
  full_open_unconstrained   6144                 0.065529 0.784097 2.699978 0.737359 0.898651 0.747445          0.148862    -0.148864    4.620000       4.62            6.28                    1.0                  1.0    0.374023                   0           0.000000                0.065529              6144                       0.148862                  1.790790                     0.151250                         0.115120                        0.113995                      0.137985
feasible_static_projected   6144                 0.202882 1.602212 3.920187 0.808231 0.929577 1.558819          0.148892    -0.148893    1.460000       1.46            1.95                    0.0                  0.0    0.374023                   0           0.000000                0.202882              6144                       0.148892                  1.843961                     0.151221                         0.115976                        0.114526                      0.145379
               custom_ppo   6144                 0.197582 1.617339 3.943431 0.815323 0.912832 1.550748          0.153166    -0.153993    1.540231       1.60            1.95                    0.0                  0.0    0.374023                  61           0.009928                0.197582              6144                       0.153166                  1.851505                     0.155863                         0.115053                        0.114165                      0.147921
              round_robin   6144                 0.221263 1.742827 4.440798 0.809118 0.894781 1.634594          0.160326    -0.180748    1.555000       1.64            1.98                    0.0                  0.0    0.374023                1530           0.249023                0.221263              6144                       0.160326                  1.889302                     0.163047                         0.121867                        0.120384                      0.148574
                   random   6144                 0.156704 1.815299 8.842683 0.825629 0.838478 1.233760          0.198914    -0.235741    1.624961       1.74            2.38                    0.0                  0.0    0.374023                2760           0.449219                0.156704              6144                       0.198914                  2.460664                     0.203075                         0.140097                        0.140329                      0.195247
                      aoi   6144                 0.176174 1.840625 7.957129 0.821177 0.793002 1.302463          0.203872    -0.205403    1.668353       1.72            2.33                    0.0                  0.0    0.374023                  60           0.009766                0.176174              6144                       0.203872                  2.280913                     0.208813                         0.134036                        0.143696                      0.188999
reports/v31_s2_main/raw/budget1p75_seed50/v2_custom_ppo_metrics.csv
                   policy  steps  reward_mean  instant_mae  oracle_loss_mean  dtw_mean  power_mean  peak_power_max  event_rate  warmup_abort_count
  full_open_unconstrained   6144    -0.148864     1.655831          0.148862  1.609975    4.620000            6.28    0.374023                   0
feasible_static_projected   6144    -0.148893     2.652667          0.148892  2.547184    1.460000            1.95    0.374023                   0
               custom_ppo   6144    -0.153993     2.674179          0.153166  2.555095    1.540231            1.95    0.374023                  61
              round_robin   6144    -0.180748    13.078233          0.160326  6.592605    1.555000            1.98    0.374023                1530
                   random   6144    -0.235741    27.696461          0.198914 10.667313    1.624961            2.38    0.374023                2760
                      aoi   6144    -0.205403    31.611194          0.203872 13.933001    1.668353            2.33    0.374023                  60
