reports/v31_s2_main/raw/budget1p75_seed43/truth_v31.csv
reports/v31_s2_main/raw/budget1p75_seed43/dataset_validation/synthetic_validation.csv
custom_ppo_update update=1 timesteps=2048 loss=0.947174 entropy=2.134989 adv_std=1.627808 awbc_label_rate=0.250
custom_ppo_update update=2 timesteps=4096 loss=0.847714 entropy=2.135427 adv_std=1.819066 awbc_label_rate=0.250
custom_ppo_update update=3 timesteps=6144 loss=1.206811 entropy=2.156212 adv_std=1.955161 awbc_label_rate=0.250
custom_ppo_update update=4 timesteps=8192 loss=1.115923 entropy=2.154697 adv_std=2.415825 awbc_label_rate=0.250
custom_ppo_update update=5 timesteps=10240 loss=1.524901 entropy=2.178705 adv_std=2.709771 awbc_label_rate=0.250
custom_ppo_update update=6 timesteps=12288 loss=0.801586 entropy=2.170640 adv_std=2.342558 awbc_label_rate=0.250
custom_ppo_update update=7 timesteps=14336 loss=0.837279 entropy=2.153306 adv_std=2.674524 awbc_label_rate=0.250
custom_ppo_update update=8 timesteps=16384 loss=0.784507 entropy=2.173834 adv_std=2.558241 awbc_label_rate=0.250
custom_ppo_update update=9 timesteps=18432 loss=1.396504 entropy=2.178973 adv_std=3.037973 awbc_label_rate=0.250
custom_ppo_update update=10 timesteps=20480 loss=0.902887 entropy=2.171843 adv_std=2.731072 awbc_label_rate=0.250
custom_ppo_update update=11 timesteps=22528 loss=0.841709 entropy=2.157440 adv_std=2.463405 awbc_label_rate=0.250
custom_ppo_update update=12 timesteps=24576 loss=1.053733 entropy=2.169973 adv_std=2.938945 awbc_label_rate=0.250
custom_ppo_update update=13 timesteps=26624 loss=0.752316 entropy=2.155322 adv_std=2.833658 awbc_label_rate=0.250
custom_ppo_update update=14 timesteps=28672 loss=1.033589 entropy=2.179825 adv_std=2.441875 awbc_label_rate=0.250
custom_ppo_update update=15 timesteps=30720 loss=0.858865 entropy=2.161412 adv_std=3.041832 awbc_label_rate=0.250
custom_ppo_update update=16 timesteps=32768 loss=0.812689 entropy=2.171451 adv_std=2.979126 awbc_label_rate=0.250
custom_ppo_update update=17 timesteps=34816 loss=1.123404 entropy=2.161905 adv_std=2.980241 awbc_label_rate=0.250
custom_ppo_update update=18 timesteps=36864 loss=0.965018 entropy=2.153875 adv_std=2.859330 awbc_label_rate=0.250
custom_ppo_update update=19 timesteps=38912 loss=1.077647 entropy=2.182366 adv_std=3.054960 awbc_label_rate=0.250
custom_ppo_update update=20 timesteps=40960 loss=1.097554 entropy=2.177014 adv_std=3.241504 awbc_label_rate=0.250
custom_ppo_update update=21 timesteps=43008 loss=1.148128 entropy=2.171740 adv_std=3.468348 awbc_label_rate=0.250
custom_ppo_update update=22 timesteps=45056 loss=1.098792 entropy=2.190029 adv_std=3.651175 awbc_label_rate=0.250
custom_ppo_update update=23 timesteps=47104 loss=1.117074 entropy=2.172810 adv_std=3.174198 awbc_label_rate=0.250
custom_ppo_update update=24 timesteps=49152 loss=0.955393 entropy=2.164588 adv_std=3.190954 awbc_label_rate=0.250
custom_ppo_update update=25 timesteps=51200 loss=0.949470 entropy=2.176990 adv_std=3.021942 awbc_label_rate=0.250
custom_ppo_update update=26 timesteps=53248 loss=1.021539 entropy=2.155028 adv_std=3.327025 awbc_label_rate=0.250
custom_ppo_update update=27 timesteps=55296 loss=0.933267 entropy=2.158880 adv_std=2.922297 awbc_label_rate=0.250
custom_ppo_update update=28 timesteps=57344 loss=0.810727 entropy=2.142131 adv_std=3.355927 awbc_label_rate=0.250
custom_ppo_update update=29 timesteps=59392 loss=0.858868 entropy=2.164855 adv_std=2.805745 awbc_label_rate=0.250
custom_ppo_update update=30 timesteps=61440 loss=0.693812 entropy=2.173718 adv_std=2.895422 awbc_label_rate=0.250
custom_ppo_update update=31 timesteps=63488 loss=0.847563 entropy=2.151462 adv_std=2.727758 awbc_label_rate=0.250
custom_ppo_update update=32 timesteps=65536 loss=0.764279 entropy=2.163265 adv_std=2.949861 awbc_label_rate=0.250
custom_ppo_update update=33 timesteps=67584 loss=0.894517 entropy=2.153152 adv_std=2.810108 awbc_label_rate=0.250
custom_ppo_update update=34 timesteps=69632 loss=0.909286 entropy=2.167122 adv_std=2.891030 awbc_label_rate=0.250
custom_ppo_update update=35 timesteps=71680 loss=0.919896 entropy=2.166825 adv_std=2.635737 awbc_label_rate=0.250
custom_ppo_update update=36 timesteps=73728 loss=1.118665 entropy=2.176374 adv_std=3.244622 awbc_label_rate=0.250
custom_ppo_update update=37 timesteps=75776 loss=0.942270 entropy=2.158088 adv_std=2.847820 awbc_label_rate=0.250
custom_ppo_update update=38 timesteps=77824 loss=0.904012 entropy=2.149044 adv_std=2.841726 awbc_label_rate=0.250
custom_ppo_update update=39 timesteps=79872 loss=0.856670 entropy=2.156564 adv_std=3.104286 awbc_label_rate=0.250
custom_ppo_update update=40 timesteps=81920 loss=1.284456 entropy=2.176815 adv_std=3.302010 awbc_label_rate=0.250
custom_ppo_update update=41 timesteps=83968 loss=1.323644 entropy=2.175730 adv_std=3.547856 awbc_label_rate=0.250
custom_ppo_update update=42 timesteps=86016 loss=0.995432 entropy=2.144814 adv_std=2.994231 awbc_label_rate=0.250
custom_ppo_update update=43 timesteps=88064 loss=0.863889 entropy=2.163635 adv_std=2.870094 awbc_label_rate=0.250
custom_ppo_update update=44 timesteps=90112 loss=0.946626 entropy=2.146823 adv_std=2.869781 awbc_label_rate=0.250
custom_ppo_update update=45 timesteps=92160 loss=0.816504 entropy=2.165112 adv_std=2.832721 awbc_label_rate=0.250
custom_ppo_update update=46 timesteps=94208 loss=1.082441 entropy=2.155784 adv_std=3.232820 awbc_label_rate=0.250
custom_ppo_update update=47 timesteps=96256 loss=0.891764 entropy=2.149590 adv_std=2.900389 awbc_label_rate=0.250
custom_ppo_update update=48 timesteps=98304 loss=1.016554 entropy=2.175537 adv_std=2.829391 awbc_label_rate=0.250
custom_ppo_update update=49 timesteps=100000 loss=0.795947 entropy=2.178805 adv_std=2.621737 awbc_label_rate=0.250
reports/v31_s2_main/raw/budget1p75_seed43/evaluation/v2_eval_overall.csv
                   policy  steps  weighted_normalized_mae      mae      rmse    smape  pearson      dtw  oracle_loss_mean  reward_mean  power_mean  power_max  peak_power_max  steady_violation_rate  peak_violation_rate  event_rate  warmup_abort_count  warmup_abort_rate  obs_reconstruction_mae  forecast_samples  forecast_weighted_mae_overall  forecast_raw_mae_overall  forecast_weighted_mae_event  forecast_weighted_mae_non_event  forecast_weighted_mae_low_temp  forecast_weighted_mae_normal
  full_open_unconstrained   6144                 0.065856 0.790941  2.724093 0.726462 0.907555 0.767387          0.163065    -0.163067    4.620000       4.62            6.28                    1.0                  1.0    0.352702                   0           0.000000                0.065856              6144                       0.163065                  2.490537                     0.173985                         0.125472                        0.128862                      0.134286
feasible_static_projected   6144                 0.230691 1.792221  4.279747 0.793600 0.931630 1.761022          0.173985    -0.173986    1.460000       1.46            1.95                    0.0                  0.0    0.352702                   0           0.000000                0.230691              6144                       0.173985                  2.584359                     0.183264                         0.142042                        0.153463                      0.116243
               custom_ppo   6144                 0.227935 1.829941  4.341890 0.797655 0.919518 1.774771          0.177558    -0.179897    1.535400       1.60            1.95                    0.0                  0.0    0.352702                 175           0.028483                0.227935              6144                       0.177558                  2.608898                     0.187719                         0.142579                        0.154392                      0.118815
              round_robin   6144                 0.250575 2.098810  5.994935 0.796027 0.903665 1.943822          0.184387    -0.204809    1.555000       1.64            1.98                    0.0                  0.0    0.352702                1530           0.249023                0.250575              6144                       0.184387                  2.700061                     0.193133                         0.154278                        0.157146                      0.135995
                   random   6144                 0.165951 2.800013 16.475411 0.798897 0.849155 1.734778          0.200524    -0.234127    1.620020       1.74            2.38                    0.0                  0.0    0.352702                2514           0.409180                0.165951              6144                       0.200524                  3.814470                     0.211841                         0.161565                        0.154893                      0.163851
                      aoi   6144                 0.189326 2.823676 13.586905 0.788968 0.830688 1.826576          0.200861    -0.202392    1.668353       1.72            2.33                    0.0                  0.0    0.352702                  60           0.009766                0.189326              6144                       0.200861                  3.301026                     0.213435                         0.157575                        0.153722                      0.156302
reports/v31_s2_main/raw/budget1p75_seed43/v2_custom_ppo_metrics.csv
                   policy  steps  reward_mean  instant_mae  oracle_loss_mean  dtw_mean  power_mean  peak_power_max  event_rate  warmup_abort_count
  full_open_unconstrained   6144    -0.163067     1.650386          0.163065  1.605024    4.620000            6.28    0.352702                   0
feasible_static_projected   6144    -0.173986     2.803499          0.173985  2.697166    1.460000            1.95    0.352702                   0
               custom_ppo   6144    -0.179897     2.830433          0.177558  2.704583    1.535400            1.95    0.352702                 175
              round_robin   6144    -0.204809     9.367867          0.184387  5.212417    1.555000            1.98    0.352702                1530
                   random   6144    -0.234127    20.045746          0.200524  8.904379    1.620020            2.38    0.352702                2514
                      aoi   6144    -0.202392    23.217430          0.200861  9.950672    1.668353            2.33    0.352702                  60
