reports/v31_s2_main/raw/budget1p65_seed50/truth_v31.csv
reports/v31_s2_main/raw/budget1p65_seed50/dataset_validation/synthetic_validation.csv
custom_ppo_update update=1 timesteps=2048 loss=0.603700 entropy=1.824489 adv_std=1.459217 awbc_label_rate=0.250
custom_ppo_update update=2 timesteps=4096 loss=0.542522 entropy=1.818015 adv_std=1.141514 awbc_label_rate=0.250
custom_ppo_update update=3 timesteps=6144 loss=1.278047 entropy=1.817408 adv_std=2.908708 awbc_label_rate=0.250
custom_ppo_update update=4 timesteps=8192 loss=0.997281 entropy=1.831845 adv_std=2.223815 awbc_label_rate=0.250
custom_ppo_update update=5 timesteps=10240 loss=1.086296 entropy=1.855298 adv_std=2.256198 awbc_label_rate=0.250
custom_ppo_update update=6 timesteps=12288 loss=0.939151 entropy=1.854255 adv_std=2.570975 awbc_label_rate=0.250
custom_ppo_update update=7 timesteps=14336 loss=0.968941 entropy=1.862091 adv_std=2.428755 awbc_label_rate=0.250
custom_ppo_update update=8 timesteps=16384 loss=0.913139 entropy=1.863627 adv_std=2.554077 awbc_label_rate=0.250
custom_ppo_update update=9 timesteps=18432 loss=0.926066 entropy=1.849068 adv_std=3.438791 awbc_label_rate=0.250
custom_ppo_update update=10 timesteps=20480 loss=0.936944 entropy=1.861403 adv_std=2.807983 awbc_label_rate=0.250
custom_ppo_update update=11 timesteps=22528 loss=0.701256 entropy=1.866986 adv_std=2.334703 awbc_label_rate=0.250
custom_ppo_update update=12 timesteps=24576 loss=0.665085 entropy=1.860846 adv_std=2.532342 awbc_label_rate=0.250
custom_ppo_update update=13 timesteps=26624 loss=0.740657 entropy=1.851276 adv_std=2.802220 awbc_label_rate=0.250
custom_ppo_update update=14 timesteps=28672 loss=0.918396 entropy=1.835570 adv_std=3.203193 awbc_label_rate=0.250
custom_ppo_update update=15 timesteps=30720 loss=1.415106 entropy=1.860906 adv_std=3.425682 awbc_label_rate=0.250
custom_ppo_update update=16 timesteps=32768 loss=0.821613 entropy=1.863767 adv_std=2.993881 awbc_label_rate=0.250
custom_ppo_update update=17 timesteps=34816 loss=0.792888 entropy=1.887499 adv_std=2.680956 awbc_label_rate=0.250
custom_ppo_update update=18 timesteps=36864 loss=0.808848 entropy=1.841220 adv_std=3.061367 awbc_label_rate=0.250
custom_ppo_update update=19 timesteps=38912 loss=0.987528 entropy=1.856014 adv_std=3.012898 awbc_label_rate=0.250
custom_ppo_update update=20 timesteps=40960 loss=1.028807 entropy=1.851493 adv_std=3.164052 awbc_label_rate=0.250
custom_ppo_update update=21 timesteps=43008 loss=0.762104 entropy=1.838846 adv_std=2.830097 awbc_label_rate=0.250
custom_ppo_update update=22 timesteps=45056 loss=0.707125 entropy=1.847744 adv_std=2.612345 awbc_label_rate=0.250
custom_ppo_update update=23 timesteps=47104 loss=0.681810 entropy=1.855171 adv_std=2.420414 awbc_label_rate=0.250
custom_ppo_update update=24 timesteps=49152 loss=0.755156 entropy=1.857682 adv_std=2.769639 awbc_label_rate=0.250
custom_ppo_update update=25 timesteps=51200 loss=0.733596 entropy=1.845993 adv_std=2.269622 awbc_label_rate=0.250
custom_ppo_update update=26 timesteps=53248 loss=0.844233 entropy=1.841649 adv_std=2.622942 awbc_label_rate=0.250
custom_ppo_update update=27 timesteps=55296 loss=0.800614 entropy=1.847719 adv_std=2.280759 awbc_label_rate=0.250
custom_ppo_update update=28 timesteps=57344 loss=0.792063 entropy=1.844294 adv_std=2.996687 awbc_label_rate=0.250
custom_ppo_update update=29 timesteps=59392 loss=1.117818 entropy=1.853803 adv_std=3.523240 awbc_label_rate=0.250
custom_ppo_update update=30 timesteps=61440 loss=0.729281 entropy=1.839883 adv_std=3.337772 awbc_label_rate=0.250
custom_ppo_update update=31 timesteps=63488 loss=0.719543 entropy=1.848078 adv_std=2.838783 awbc_label_rate=0.250
custom_ppo_update update=32 timesteps=65536 loss=1.268876 entropy=1.851729 adv_std=3.463929 awbc_label_rate=0.250
custom_ppo_update update=33 timesteps=67584 loss=0.944307 entropy=1.854404 adv_std=3.194818 awbc_label_rate=0.250
custom_ppo_update update=34 timesteps=69632 loss=0.576287 entropy=1.849119 adv_std=2.338028 awbc_label_rate=0.250
custom_ppo_update update=35 timesteps=71680 loss=0.651233 entropy=1.856609 adv_std=2.782853 awbc_label_rate=0.250
custom_ppo_update update=36 timesteps=73728 loss=0.860034 entropy=1.838731 adv_std=3.126671 awbc_label_rate=0.250
custom_ppo_update update=37 timesteps=75776 loss=0.727818 entropy=1.848225 adv_std=2.471206 awbc_label_rate=0.250
custom_ppo_update update=38 timesteps=77824 loss=0.701669 entropy=1.844297 adv_std=2.254720 awbc_label_rate=0.250
custom_ppo_update update=39 timesteps=79872 loss=0.840659 entropy=1.815034 adv_std=2.627210 awbc_label_rate=0.250
custom_ppo_update update=40 timesteps=81920 loss=0.920669 entropy=1.843019 adv_std=3.482197 awbc_label_rate=0.250
custom_ppo_update update=41 timesteps=83968 loss=0.851952 entropy=1.847539 adv_std=2.870839 awbc_label_rate=0.250
custom_ppo_update update=42 timesteps=86016 loss=1.210068 entropy=1.847247 adv_std=3.053899 awbc_label_rate=0.250
custom_ppo_update update=43 timesteps=88064 loss=0.718455 entropy=1.840873 adv_std=2.696157 awbc_label_rate=0.250
custom_ppo_update update=44 timesteps=90112 loss=1.101015 entropy=1.851887 adv_std=2.912817 awbc_label_rate=0.250
custom_ppo_update update=45 timesteps=92160 loss=1.073538 entropy=1.845398 adv_std=3.374240 awbc_label_rate=0.250
custom_ppo_update update=46 timesteps=94208 loss=0.919426 entropy=1.839390 adv_std=3.279195 awbc_label_rate=0.250
custom_ppo_update update=47 timesteps=96256 loss=0.914197 entropy=1.851471 adv_std=3.460655 awbc_label_rate=0.250
custom_ppo_update update=48 timesteps=98304 loss=1.004981 entropy=1.853453 adv_std=3.248309 awbc_label_rate=0.250
custom_ppo_update update=49 timesteps=100000 loss=0.655524 entropy=1.849181 adv_std=2.734783 awbc_label_rate=0.250
reports/v31_s2_main/raw/budget1p65_seed50/evaluation/v2_eval_overall.csv
                   policy  steps  weighted_normalized_mae      mae     rmse    smape  pearson      dtw  oracle_loss_mean  reward_mean  power_mean  power_max  peak_power_max  steady_violation_rate  peak_violation_rate  event_rate  warmup_abort_count  warmup_abort_rate  obs_reconstruction_mae  forecast_samples  forecast_weighted_mae_overall  forecast_raw_mae_overall  forecast_weighted_mae_event  forecast_weighted_mae_non_event  forecast_weighted_mae_low_temp  forecast_weighted_mae_normal
  full_open_unconstrained   6144                 0.065529 0.784097 2.699978 0.737359 0.898651 0.747445          0.145831    -0.145833    4.620000       4.62            6.28                    1.0                  1.0    0.374023                   0           0.000000                0.065529              6144                       0.145831                  1.739792                     0.148761                         0.104420                        0.111712                      0.124180
feasible_static_projected   6144                 0.202882 1.602212 3.920187 0.808231 0.929577 1.558819          0.146801    -0.146801    1.460000       1.46            1.95                    0.0                  0.0    0.374023                   0           0.000000                0.202882              6144                       0.146801                  1.800476                     0.149315                         0.111270                        0.113091                      0.136658
               custom_ppo   6144                 0.190342 1.617554 3.958221 0.808993 0.928873 1.556698          0.151193    -0.152061    1.558965       1.60            1.95                    0.0                  0.0    0.374023                  64           0.010417                0.190342              6144                       0.151193                  1.831803                     0.153977                         0.111843                        0.112666                      0.139809
              round_robin   6144                 0.221263 1.742827 4.440798 0.809118 0.894781 1.634594          0.159147    -0.179569    1.555000       1.64            1.98                    0.0                  0.0    0.374023                1530           0.249023                0.221263              6144                       0.159147                  1.864502                     0.162047                         0.118156                        0.119679                      0.143405
                      aoi   6144                 0.121108 1.693008 7.794912 0.799548 0.903112 1.180909          0.171801    -0.185832    1.599902       1.64            2.20                    0.0                  0.0    0.374023                1020           0.166016                0.121108              6144                       0.171801                  2.141690                     0.175540                         0.118955                        0.133580                      0.143002
                   random   6144                 0.140455 1.810284 9.065193 0.815764 0.876090 1.244295          0.179572    -0.198548    1.588945       1.64            2.23                    0.0                  0.0    0.374023                1398           0.227539                0.140455              6144                       0.179572                  2.424405                     0.183473                         0.124430                        0.138473                      0.150286
reports/v31_s2_main/raw/budget1p65_seed50/v2_custom_ppo_metrics.csv
                   policy  steps  reward_mean  instant_mae  oracle_loss_mean  dtw_mean  power_mean  peak_power_max  event_rate  warmup_abort_count
  full_open_unconstrained   6144    -0.145833     1.655831          0.145831  1.609975    4.620000            6.28    0.374023                   0
feasible_static_projected   6144    -0.146801     2.652667          0.146801  2.547184    1.460000            1.95    0.374023                   0
               custom_ppo   6144    -0.152061     2.687022          0.151193  2.569604    1.558965            1.95    0.374023                  64
              round_robin   6144    -0.179569    13.078233          0.159147  6.592605    1.555000            1.98    0.374023                1530
                      aoi   6144    -0.185832    31.513734          0.171801 13.834365    1.599902            2.20    0.374023                1020
                   random   6144    -0.198548    27.647088          0.179572 10.663148    1.588945            2.23    0.374023                1398
