reports/v31_s2_main/raw/budget1p65_seed46/truth_v31.csv
reports/v31_s2_main/raw/budget1p65_seed46/dataset_validation/synthetic_validation.csv
custom_ppo_update update=1 timesteps=2048 loss=0.837435 entropy=1.845495 adv_std=1.439750 awbc_label_rate=0.250
custom_ppo_update update=2 timesteps=4096 loss=0.856986 entropy=1.863062 adv_std=1.962858 awbc_label_rate=0.250
custom_ppo_update update=3 timesteps=6144 loss=1.194183 entropy=1.863426 adv_std=1.992381 awbc_label_rate=0.250
custom_ppo_update update=4 timesteps=8192 loss=0.993755 entropy=1.858976 adv_std=2.245875 awbc_label_rate=0.250
custom_ppo_update update=5 timesteps=10240 loss=0.832851 entropy=1.863380 adv_std=2.263732 awbc_label_rate=0.250
custom_ppo_update update=6 timesteps=12288 loss=0.726690 entropy=1.864748 adv_std=2.313714 awbc_label_rate=0.250
custom_ppo_update update=7 timesteps=14336 loss=0.554295 entropy=1.872102 adv_std=2.041349 awbc_label_rate=0.250
custom_ppo_update update=8 timesteps=16384 loss=0.736539 entropy=1.873397 adv_std=2.641602 awbc_label_rate=0.250
custom_ppo_update update=9 timesteps=18432 loss=1.017023 entropy=1.862603 adv_std=2.728646 awbc_label_rate=0.250
custom_ppo_update update=10 timesteps=20480 loss=0.631775 entropy=1.878605 adv_std=2.289436 awbc_label_rate=0.250
custom_ppo_update update=11 timesteps=22528 loss=0.745320 entropy=1.872488 adv_std=2.289044 awbc_label_rate=0.250
custom_ppo_update update=12 timesteps=24576 loss=1.098374 entropy=1.854735 adv_std=2.979499 awbc_label_rate=0.250
custom_ppo_update update=13 timesteps=26624 loss=1.411429 entropy=1.876752 adv_std=3.468212 awbc_label_rate=0.250
custom_ppo_update update=14 timesteps=28672 loss=1.370111 entropy=1.882579 adv_std=3.330613 awbc_label_rate=0.250
custom_ppo_update update=15 timesteps=30720 loss=1.497692 entropy=1.882375 adv_std=3.580582 awbc_label_rate=0.250
custom_ppo_update update=16 timesteps=32768 loss=0.872096 entropy=1.877301 adv_std=3.048057 awbc_label_rate=0.250
custom_ppo_update update=17 timesteps=34816 loss=0.908618 entropy=1.872800 adv_std=2.907593 awbc_label_rate=0.250
custom_ppo_update update=18 timesteps=36864 loss=1.221431 entropy=1.891203 adv_std=3.417398 awbc_label_rate=0.250
custom_ppo_update update=19 timesteps=38912 loss=1.415707 entropy=1.889996 adv_std=3.649118 awbc_label_rate=0.250
custom_ppo_update update=20 timesteps=40960 loss=1.346301 entropy=1.881362 adv_std=3.823157 awbc_label_rate=0.250
custom_ppo_update update=21 timesteps=43008 loss=1.125568 entropy=1.879051 adv_std=3.033265 awbc_label_rate=0.250
custom_ppo_update update=22 timesteps=45056 loss=0.972059 entropy=1.862597 adv_std=3.045278 awbc_label_rate=0.250
custom_ppo_update update=23 timesteps=47104 loss=0.942861 entropy=1.846575 adv_std=3.375122 awbc_label_rate=0.250
custom_ppo_update update=24 timesteps=49152 loss=0.640658 entropy=1.856981 adv_std=2.693970 awbc_label_rate=0.250
custom_ppo_update update=25 timesteps=51200 loss=1.390844 entropy=1.863274 adv_std=3.390065 awbc_label_rate=0.250
custom_ppo_update update=26 timesteps=53248 loss=0.900311 entropy=1.874883 adv_std=3.575546 awbc_label_rate=0.250
custom_ppo_update update=27 timesteps=55296 loss=0.790822 entropy=1.868283 adv_std=3.404550 awbc_label_rate=0.250
custom_ppo_update update=28 timesteps=57344 loss=1.155012 entropy=1.860645 adv_std=3.246583 awbc_label_rate=0.250
custom_ppo_update update=29 timesteps=59392 loss=0.911821 entropy=1.854835 adv_std=3.104645 awbc_label_rate=0.250
custom_ppo_update update=30 timesteps=61440 loss=1.075066 entropy=1.867489 adv_std=3.159158 awbc_label_rate=0.250
custom_ppo_update update=31 timesteps=63488 loss=0.775851 entropy=1.867149 adv_std=3.068963 awbc_label_rate=0.250
custom_ppo_update update=32 timesteps=65536 loss=0.898795 entropy=1.871710 adv_std=3.061599 awbc_label_rate=0.250
custom_ppo_update update=33 timesteps=67584 loss=0.926359 entropy=1.854966 adv_std=3.400527 awbc_label_rate=0.250
custom_ppo_update update=34 timesteps=69632 loss=0.839893 entropy=1.866813 adv_std=2.821036 awbc_label_rate=0.250
custom_ppo_update update=35 timesteps=71680 loss=0.710464 entropy=1.872251 adv_std=2.764256 awbc_label_rate=0.250
custom_ppo_update update=36 timesteps=73728 loss=1.102844 entropy=1.872735 adv_std=3.071072 awbc_label_rate=0.250
custom_ppo_update update=37 timesteps=75776 loss=1.013201 entropy=1.872356 adv_std=3.200447 awbc_label_rate=0.250
custom_ppo_update update=38 timesteps=77824 loss=0.677737 entropy=1.872842 adv_std=2.394415 awbc_label_rate=0.250
custom_ppo_update update=39 timesteps=79872 loss=0.804905 entropy=1.864071 adv_std=2.854264 awbc_label_rate=0.250
custom_ppo_update update=40 timesteps=81920 loss=1.161897 entropy=1.878509 adv_std=3.613103 awbc_label_rate=0.250
custom_ppo_update update=41 timesteps=83968 loss=0.653998 entropy=1.868392 adv_std=2.954820 awbc_label_rate=0.250
custom_ppo_update update=42 timesteps=86016 loss=1.018269 entropy=1.872696 adv_std=3.378830 awbc_label_rate=0.250
custom_ppo_update update=43 timesteps=88064 loss=1.124017 entropy=1.873004 adv_std=3.095999 awbc_label_rate=0.250
custom_ppo_update update=44 timesteps=90112 loss=0.937263 entropy=1.870919 adv_std=3.160951 awbc_label_rate=0.250
custom_ppo_update update=45 timesteps=92160 loss=0.872085 entropy=1.858576 adv_std=2.614904 awbc_label_rate=0.250
custom_ppo_update update=46 timesteps=94208 loss=0.890764 entropy=1.865283 adv_std=2.961659 awbc_label_rate=0.250
custom_ppo_update update=47 timesteps=96256 loss=1.078497 entropy=1.858273 adv_std=3.217553 awbc_label_rate=0.250
custom_ppo_update update=48 timesteps=98304 loss=0.931338 entropy=1.860011 adv_std=3.173565 awbc_label_rate=0.250
custom_ppo_update update=49 timesteps=100000 loss=0.939932 entropy=1.851418 adv_std=3.065777 awbc_label_rate=0.250
reports/v31_s2_main/raw/budget1p65_seed46/evaluation/v2_eval_overall.csv
                   policy  steps  weighted_normalized_mae      mae      rmse    smape  pearson      dtw  oracle_loss_mean  reward_mean  power_mean  power_max  peak_power_max  steady_violation_rate  peak_violation_rate  event_rate  warmup_abort_count  warmup_abort_rate  obs_reconstruction_mae  forecast_samples  forecast_weighted_mae_overall  forecast_raw_mae_overall  forecast_weighted_mae_event  forecast_weighted_mae_non_event  forecast_weighted_mae_low_temp  forecast_weighted_mae_normal
  full_open_unconstrained   6144                 0.065759 0.796695  2.744231 0.724273 0.908048 0.775357          0.160383    -0.160385    4.620000       4.62            6.28                    1.0                  1.0    0.342448                   0           0.000000                0.065759              6144                       0.160383                  2.144907                     0.167213                         0.120171                        0.138183                      0.099132
feasible_static_projected   6144                 0.242277 1.864975  4.435137 0.809333 0.936060 1.832704          0.165455    -0.165456    1.460000       1.46            1.95                    0.0                  0.0    0.342448                   0           0.000000                0.242277              6144                       0.165455                  2.233225                     0.173477                         0.118224                        0.142485                      0.108935
               custom_ppo   6144                 0.236907 1.908732  4.576907 0.812911 0.842449 1.813669          0.172318    -0.173375    1.564883       1.62            2.07                    0.0                  0.0    0.342448                  77           0.012533                0.236907              6144                       0.172318                  2.297158                     0.181145                         0.120349                        0.143932                      0.115889
              round_robin   6144                 0.264489 2.121410  5.736642 0.814151 0.901761 2.017724          0.174323    -0.194745    1.555000       1.64            1.98                    0.0                  0.0    0.342448                1530           0.249023                0.264489              6144                       0.174323                  2.354371                     0.183192                         0.122101                        0.146440                      0.109390
                      aoi   6144                 0.127903 2.358012 11.816722 0.797550 0.905645 1.561153          0.178196    -0.192227    1.599902       1.64            2.20                    0.0                  0.0    0.342448                1020           0.166016                0.127903              6144                       0.178196                  2.759364                     0.187670                         0.122410                        0.143620                      0.120353
                   random   6144                 0.146374 2.487070 14.353764 0.810927 0.881186 1.578291          0.188180    -0.206373    1.588496       1.64            2.23                    0.0                  0.0    0.342448                1338           0.217773                0.146374              6144                       0.188180                  3.204609                     0.198006                         0.130327                        0.152065                      0.123930
reports/v31_s2_main/raw/budget1p65_seed46/v2_custom_ppo_metrics.csv
                   policy  steps  reward_mean  instant_mae  oracle_loss_mean  dtw_mean  power_mean  peak_power_max  event_rate  warmup_abort_count
  full_open_unconstrained   6144    -0.160385     1.648961          0.160383  1.615355    4.620000            6.28    0.342448                   0
feasible_static_projected   6144    -0.165456     2.849922          0.165455  2.751123    1.460000            1.95    0.342448                   0
               custom_ppo   6144    -0.173375     2.889126          0.172318  2.748632    1.564883            2.07    0.342448                  77
              round_robin   6144    -0.194745    10.933967          0.174323  6.131684    1.555000            1.98    0.342448                1530
                      aoi   6144    -0.192227    29.620853          0.178196 12.499923    1.599902            2.20    0.342448                1020
                   random   6144    -0.206373    26.145851          0.188180 11.432648    1.588496            2.23    0.342448                1338
