reports/v31_s2_main/raw/budget1p65_seed48/truth_v31.csv
reports/v31_s2_main/raw/budget1p65_seed48/dataset_validation/synthetic_validation.csv
custom_ppo_update update=1 timesteps=2048 loss=0.613384 entropy=1.855204 adv_std=1.396059 awbc_label_rate=0.250
custom_ppo_update update=2 timesteps=4096 loss=0.566995 entropy=1.858814 adv_std=1.612766 awbc_label_rate=0.250
custom_ppo_update update=3 timesteps=6144 loss=0.912384 entropy=1.870588 adv_std=1.640108 awbc_label_rate=0.250
custom_ppo_update update=4 timesteps=8192 loss=1.208660 entropy=1.868432 adv_std=2.640355 awbc_label_rate=0.250
custom_ppo_update update=5 timesteps=10240 loss=1.220768 entropy=1.872865 adv_std=2.423309 awbc_label_rate=0.250
custom_ppo_update update=6 timesteps=12288 loss=1.102280 entropy=1.868394 adv_std=2.605420 awbc_label_rate=0.250
custom_ppo_update update=7 timesteps=14336 loss=1.025164 entropy=1.873762 adv_std=2.863786 awbc_label_rate=0.250
custom_ppo_update update=8 timesteps=16384 loss=1.148205 entropy=1.883819 adv_std=2.929876 awbc_label_rate=0.250
custom_ppo_update update=9 timesteps=18432 loss=1.194348 entropy=1.878168 adv_std=3.217070 awbc_label_rate=0.250
custom_ppo_update update=10 timesteps=20480 loss=1.146480 entropy=1.892078 adv_std=3.011479 awbc_label_rate=0.250
custom_ppo_update update=11 timesteps=22528 loss=1.195487 entropy=1.885458 adv_std=3.158517 awbc_label_rate=0.250
custom_ppo_update update=12 timesteps=24576 loss=1.417075 entropy=1.899070 adv_std=3.422270 awbc_label_rate=0.250
custom_ppo_update update=13 timesteps=26624 loss=1.096958 entropy=1.890115 adv_std=3.422955 awbc_label_rate=0.250
custom_ppo_update update=14 timesteps=28672 loss=0.956751 entropy=1.882790 adv_std=3.220467 awbc_label_rate=0.250
custom_ppo_update update=15 timesteps=30720 loss=0.811914 entropy=1.897698 adv_std=2.906944 awbc_label_rate=0.250
custom_ppo_update update=16 timesteps=32768 loss=1.080494 entropy=1.894879 adv_std=3.498713 awbc_label_rate=0.250
custom_ppo_update update=17 timesteps=34816 loss=1.002561 entropy=1.866385 adv_std=2.778536 awbc_label_rate=0.250
custom_ppo_update update=18 timesteps=36864 loss=1.414511 entropy=1.869327 adv_std=3.313759 awbc_label_rate=0.250
custom_ppo_update update=19 timesteps=38912 loss=0.843868 entropy=1.869152 adv_std=2.882500 awbc_label_rate=0.250
custom_ppo_update update=20 timesteps=40960 loss=1.025979 entropy=1.879571 adv_std=3.046446 awbc_label_rate=0.250
custom_ppo_update update=21 timesteps=43008 loss=0.764869 entropy=1.892385 adv_std=3.060194 awbc_label_rate=0.250
custom_ppo_update update=22 timesteps=45056 loss=1.123489 entropy=1.884290 adv_std=2.917083 awbc_label_rate=0.250
custom_ppo_update update=23 timesteps=47104 loss=1.262057 entropy=1.880887 adv_std=3.837592 awbc_label_rate=0.250
custom_ppo_update update=24 timesteps=49152 loss=0.760178 entropy=1.882639 adv_std=2.984566 awbc_label_rate=0.250
custom_ppo_update update=25 timesteps=51200 loss=0.722510 entropy=1.887621 adv_std=2.969557 awbc_label_rate=0.250
custom_ppo_update update=26 timesteps=53248 loss=0.917252 entropy=1.867348 adv_std=2.800943 awbc_label_rate=0.250
custom_ppo_update update=27 timesteps=55296 loss=0.661875 entropy=1.878683 adv_std=2.527328 awbc_label_rate=0.250
custom_ppo_update update=28 timesteps=57344 loss=1.021283 entropy=1.877828 adv_std=3.123403 awbc_label_rate=0.250
custom_ppo_update update=29 timesteps=59392 loss=1.016996 entropy=1.875819 adv_std=3.249376 awbc_label_rate=0.250
custom_ppo_update update=30 timesteps=61440 loss=0.882874 entropy=1.881831 adv_std=2.745605 awbc_label_rate=0.250
custom_ppo_update update=31 timesteps=63488 loss=0.876167 entropy=1.866730 adv_std=3.339545 awbc_label_rate=0.250
custom_ppo_update update=32 timesteps=65536 loss=1.008979 entropy=1.886867 adv_std=2.815279 awbc_label_rate=0.250
custom_ppo_update update=33 timesteps=67584 loss=1.225284 entropy=1.869721 adv_std=3.237759 awbc_label_rate=0.250
custom_ppo_update update=34 timesteps=69632 loss=0.938165 entropy=1.877455 adv_std=3.238949 awbc_label_rate=0.250
custom_ppo_update update=35 timesteps=71680 loss=0.760741 entropy=1.888825 adv_std=2.890017 awbc_label_rate=0.250
custom_ppo_update update=36 timesteps=73728 loss=0.862273 entropy=1.888905 adv_std=2.800797 awbc_label_rate=0.250
custom_ppo_update update=37 timesteps=75776 loss=0.921448 entropy=1.868337 adv_std=2.854582 awbc_label_rate=0.250
custom_ppo_update update=38 timesteps=77824 loss=0.841369 entropy=1.872127 adv_std=3.070441 awbc_label_rate=0.250
custom_ppo_update update=39 timesteps=79872 loss=0.761104 entropy=1.881682 adv_std=2.719633 awbc_label_rate=0.250
custom_ppo_update update=40 timesteps=81920 loss=0.880727 entropy=1.885075 adv_std=3.121085 awbc_label_rate=0.250
custom_ppo_update update=41 timesteps=83968 loss=0.935663 entropy=1.862047 adv_std=3.033399 awbc_label_rate=0.250
custom_ppo_update update=42 timesteps=86016 loss=0.665168 entropy=1.864985 adv_std=2.380879 awbc_label_rate=0.250
custom_ppo_update update=43 timesteps=88064 loss=1.176436 entropy=1.866769 adv_std=3.326184 awbc_label_rate=0.250
custom_ppo_update update=44 timesteps=90112 loss=0.643078 entropy=1.870629 adv_std=2.572138 awbc_label_rate=0.250
custom_ppo_update update=45 timesteps=92160 loss=1.332407 entropy=1.873771 adv_std=3.133331 awbc_label_rate=0.250
custom_ppo_update update=46 timesteps=94208 loss=1.130761 entropy=1.874772 adv_std=3.306351 awbc_label_rate=0.250
custom_ppo_update update=47 timesteps=96256 loss=1.131579 entropy=1.870147 adv_std=3.309689 awbc_label_rate=0.250
custom_ppo_update update=48 timesteps=98304 loss=0.826561 entropy=1.860031 adv_std=2.707687 awbc_label_rate=0.250
custom_ppo_update update=49 timesteps=100000 loss=0.842424 entropy=1.872830 adv_std=2.910073 awbc_label_rate=0.250
reports/v31_s2_main/raw/budget1p65_seed48/evaluation/v2_eval_overall.csv
                   policy  steps  weighted_normalized_mae      mae      rmse    smape  pearson      dtw  oracle_loss_mean  reward_mean  power_mean  power_max  peak_power_max  steady_violation_rate  peak_violation_rate  event_rate  warmup_abort_count  warmup_abort_rate  obs_reconstruction_mae  forecast_samples  forecast_weighted_mae_overall  forecast_raw_mae_overall  forecast_weighted_mae_event  forecast_weighted_mae_non_event  forecast_weighted_mae_low_temp  forecast_weighted_mae_normal
  full_open_unconstrained   6144                 0.065446 0.791432  2.720734 0.732746 0.900536 0.770078          0.145411    -0.145413    4.620000       4.62            6.28                    1.0                  1.0    0.427897                   0           0.000000                0.065446              6144                       0.145411                  1.867433                     0.155717                         0.090576                        0.112928                      0.092084
feasible_static_projected   6144                 0.260038 1.985003  4.809548 0.800971 0.931678 1.953527          0.156219    -0.156220    1.460000       1.46            1.95                    0.0                  0.0    0.427897                   0           0.000000                0.260038              6144                       0.156219                  2.146906                     0.166002                         0.104169                        0.123247                      0.112504
                      aoi   6144                 0.124150 1.866210  9.198165 0.779701 0.902678 1.285755          0.162739    -0.176770    1.599902       1.64            2.20                    0.0                  0.0    0.427897                1020           0.166016                0.124150              6144                       0.162739                  2.170875                     0.173552                         0.105201                        0.125975                      0.110058
               custom_ppo   6144                 0.186263 1.684252  4.980849 0.792304 0.897951 1.456327          0.165870    -0.166636    1.576523       1.62            2.07                    0.0                  0.0    0.427897                  53           0.008626                0.186263              6144                       0.165869                  2.112015                     0.177116                         0.106025                        0.130123                      0.106165
              round_robin   6144                 0.278876 2.156739  5.566271 0.806508 0.897823 2.062749          0.166353    -0.186775    1.555000       1.64            1.98                    0.0                  0.0    0.427897                1530           0.249023                0.278876              6144                       0.166353                  2.272561                     0.177200                         0.108639                        0.132054                      0.113905
                   random   6144                 0.141376 2.012399 11.339542 0.794338 0.880712 1.336900          0.175731    -0.191547    1.585645       1.64            2.23                    0.0                  0.0    0.427897                1158           0.188477                0.141376              6144                       0.175731                  2.612529                     0.187059                         0.115455                        0.134942                      0.123001
reports/v31_s2_main/raw/budget1p65_seed48/v2_custom_ppo_metrics.csv
                   policy  steps  reward_mean  instant_mae  oracle_loss_mean  dtw_mean  power_mean  peak_power_max  event_rate  warmup_abort_count
  full_open_unconstrained   6144    -0.145413     1.650129          0.145411  1.607705    4.620000            6.28    0.427897                   0
feasible_static_projected   6144    -0.156220     2.938921          0.156219  2.839613    1.460000            1.95    0.427897                   0
                      aoi   6144    -0.176770    20.280717          0.162739  8.669270    1.599902            2.20    0.427897                1020
               custom_ppo   6144    -0.166636     2.727874          0.165870  2.477850    1.576523            2.07    0.427897                  53
              round_robin   6144    -0.186775     8.711665          0.166353  5.071763    1.555000            1.98    0.427897                1530
                   random   6144    -0.191547    19.355164          0.175731  8.492690    1.585645            2.23    0.427897                1158
