reports/v31_s2_main/raw/budget1p70_seed45/truth_v31.csv
reports/v31_s2_main/raw/budget1p70_seed45/dataset_validation/synthetic_validation.csv
custom_ppo_update update=1 timesteps=2048 loss=0.493337 entropy=1.974338 adv_std=0.878712 awbc_label_rate=0.250
custom_ppo_update update=2 timesteps=4096 loss=0.713943 entropy=1.987311 adv_std=1.498990 awbc_label_rate=0.250
custom_ppo_update update=3 timesteps=6144 loss=0.699387 entropy=1.982148 adv_std=2.233942 awbc_label_rate=0.250
custom_ppo_update update=4 timesteps=8192 loss=1.330027 entropy=1.999409 adv_std=2.521820 awbc_label_rate=0.250
custom_ppo_update update=5 timesteps=10240 loss=0.726025 entropy=2.019919 adv_std=2.410185 awbc_label_rate=0.250
custom_ppo_update update=6 timesteps=12288 loss=0.987408 entropy=1.993090 adv_std=2.881302 awbc_label_rate=0.250
custom_ppo_update update=7 timesteps=14336 loss=1.031357 entropy=2.006800 adv_std=2.705261 awbc_label_rate=0.250
custom_ppo_update update=8 timesteps=16384 loss=1.095385 entropy=1.986529 adv_std=3.341587 awbc_label_rate=0.250
custom_ppo_update update=9 timesteps=18432 loss=1.132975 entropy=1.993427 adv_std=3.170443 awbc_label_rate=0.250
custom_ppo_update update=10 timesteps=20480 loss=0.979057 entropy=2.006937 adv_std=2.960789 awbc_label_rate=0.250
custom_ppo_update update=11 timesteps=22528 loss=1.068615 entropy=2.008626 adv_std=2.996737 awbc_label_rate=0.250
custom_ppo_update update=12 timesteps=24576 loss=1.012497 entropy=2.029748 adv_std=2.982199 awbc_label_rate=0.250
custom_ppo_update update=13 timesteps=26624 loss=0.903680 entropy=2.012937 adv_std=2.886025 awbc_label_rate=0.250
custom_ppo_update update=14 timesteps=28672 loss=0.863137 entropy=2.016274 adv_std=3.381152 awbc_label_rate=0.250
custom_ppo_update update=15 timesteps=30720 loss=1.186349 entropy=2.005657 adv_std=3.609219 awbc_label_rate=0.250
custom_ppo_update update=16 timesteps=32768 loss=1.233264 entropy=1.993135 adv_std=3.478353 awbc_label_rate=0.250
custom_ppo_update update=17 timesteps=34816 loss=0.861968 entropy=1.979921 adv_std=3.127470 awbc_label_rate=0.250
custom_ppo_update update=18 timesteps=36864 loss=0.889537 entropy=1.996676 adv_std=2.709904 awbc_label_rate=0.250
custom_ppo_update update=19 timesteps=38912 loss=0.807992 entropy=2.000633 adv_std=2.813237 awbc_label_rate=0.250
custom_ppo_update update=20 timesteps=40960 loss=0.913573 entropy=2.004314 adv_std=2.489371 awbc_label_rate=0.250
custom_ppo_update update=21 timesteps=43008 loss=0.629337 entropy=1.993358 adv_std=2.890303 awbc_label_rate=0.250
custom_ppo_update update=22 timesteps=45056 loss=1.126684 entropy=1.982224 adv_std=3.507001 awbc_label_rate=0.250
custom_ppo_update update=23 timesteps=47104 loss=0.637046 entropy=1.987766 adv_std=2.660451 awbc_label_rate=0.250
custom_ppo_update update=24 timesteps=49152 loss=1.004612 entropy=1.988066 adv_std=2.886142 awbc_label_rate=0.250
custom_ppo_update update=25 timesteps=51200 loss=0.950368 entropy=1.996363 adv_std=3.127861 awbc_label_rate=0.250
custom_ppo_update update=26 timesteps=53248 loss=0.888996 entropy=1.992116 adv_std=3.477317 awbc_label_rate=0.250
custom_ppo_update update=27 timesteps=55296 loss=0.771232 entropy=2.020802 adv_std=3.219382 awbc_label_rate=0.250
custom_ppo_update update=28 timesteps=57344 loss=1.159764 entropy=2.008426 adv_std=3.225433 awbc_label_rate=0.250
custom_ppo_update update=29 timesteps=59392 loss=1.299760 entropy=2.011722 adv_std=3.583817 awbc_label_rate=0.250
custom_ppo_update update=30 timesteps=61440 loss=1.047284 entropy=1.993256 adv_std=3.225563 awbc_label_rate=0.250
custom_ppo_update update=31 timesteps=63488 loss=1.352978 entropy=1.998636 adv_std=3.997162 awbc_label_rate=0.250
custom_ppo_update update=32 timesteps=65536 loss=0.988108 entropy=1.991107 adv_std=3.547400 awbc_label_rate=0.250
custom_ppo_update update=33 timesteps=67584 loss=1.058882 entropy=2.020140 adv_std=3.173410 awbc_label_rate=0.250
custom_ppo_update update=34 timesteps=69632 loss=0.893606 entropy=1.988760 adv_std=2.993139 awbc_label_rate=0.250
custom_ppo_update update=35 timesteps=71680 loss=0.643443 entropy=1.986864 adv_std=2.647750 awbc_label_rate=0.250
custom_ppo_update update=36 timesteps=73728 loss=1.108960 entropy=2.013323 adv_std=3.162595 awbc_label_rate=0.250
custom_ppo_update update=37 timesteps=75776 loss=0.624703 entropy=1.983100 adv_std=2.360891 awbc_label_rate=0.250
custom_ppo_update update=38 timesteps=77824 loss=0.779024 entropy=1.981840 adv_std=2.863665 awbc_label_rate=0.250
custom_ppo_update update=39 timesteps=79872 loss=0.886036 entropy=2.008370 adv_std=2.564421 awbc_label_rate=0.250
custom_ppo_update update=40 timesteps=81920 loss=1.278875 entropy=1.997672 adv_std=3.847406 awbc_label_rate=0.250
custom_ppo_update update=41 timesteps=83968 loss=0.860355 entropy=1.998195 adv_std=2.461565 awbc_label_rate=0.250
custom_ppo_update update=42 timesteps=86016 loss=0.807589 entropy=2.000732 adv_std=3.183574 awbc_label_rate=0.250
custom_ppo_update update=43 timesteps=88064 loss=1.298298 entropy=2.010008 adv_std=3.395688 awbc_label_rate=0.250
custom_ppo_update update=44 timesteps=90112 loss=0.970455 entropy=1.986374 adv_std=3.073638 awbc_label_rate=0.250
custom_ppo_update update=45 timesteps=92160 loss=0.888773 entropy=2.013626 adv_std=3.180833 awbc_label_rate=0.250
custom_ppo_update update=46 timesteps=94208 loss=0.975961 entropy=1.987026 adv_std=2.877774 awbc_label_rate=0.250
custom_ppo_update update=47 timesteps=96256 loss=0.875439 entropy=1.995703 adv_std=2.947014 awbc_label_rate=0.250
custom_ppo_update update=48 timesteps=98304 loss=0.781192 entropy=2.012230 adv_std=2.860554 awbc_label_rate=0.250
custom_ppo_update update=49 timesteps=100000 loss=0.926397 entropy=1.981846 adv_std=2.960986 awbc_label_rate=0.250
reports/v31_s2_main/raw/budget1p70_seed45/evaluation/v2_eval_overall.csv
                   policy  steps  weighted_normalized_mae      mae      rmse    smape  pearson      dtw  oracle_loss_mean  reward_mean  power_mean  power_max  peak_power_max  steady_violation_rate  peak_violation_rate  event_rate  warmup_abort_count  warmup_abort_rate  obs_reconstruction_mae  forecast_samples  forecast_weighted_mae_overall  forecast_raw_mae_overall  forecast_weighted_mae_event  forecast_weighted_mae_non_event  forecast_weighted_mae_low_temp  forecast_weighted_mae_normal
  full_open_unconstrained   6144                 0.065096 0.778106  2.683789 0.746673 0.910368 0.752175          0.149903    -0.149905    4.620000       4.62            6.28                    1.0                  1.0    0.294922                   0           0.000000                0.065096              6144                       0.149903                  2.078060                     0.154428                         0.120934                        0.138341                      0.118782
feasible_static_projected   6144                 0.209861 1.653637  3.951644 0.825676 0.935394 1.619808          0.154897    -0.154898    1.460000       1.46            1.95                    0.0                  0.0    0.294922                   0           0.000000                0.209861              6144                       0.154897                  2.107669                     0.159619                         0.124663                        0.143277                      0.123034
               custom_ppo   6144                 0.205466 1.681506  3.992699 0.829715 0.919278 1.622273          0.157257    -0.158106    1.556273       1.60            2.18                    0.0                  0.0    0.294922                  62           0.010091                0.205466              6144                       0.157257                  2.147066                     0.162149                         0.125934                        0.142429                      0.125404
              round_robin   6144                 0.232639 1.925147  5.665330 0.830767 0.898989 1.832496          0.169462    -0.189884    1.555000       1.64            1.98                    0.0                  0.0    0.294922                1530           0.249023                0.232639              6144                       0.169462                  2.300260                     0.175332                         0.131880                        0.153249                      0.131117
                      aoi   6144                 0.195173 2.535979 13.006656 0.835444 0.798021 1.703415          0.194617    -0.221304    1.621777       1.70            2.33                    0.0                  0.0    0.294922                1980           0.322266                0.195173              6144                       0.194617                  2.603294                     0.202644                         0.143224                        0.158767                      0.144020
                   random   6144                 0.157382 2.464586 15.090386 0.834611 0.856943 1.562259          0.201525    -0.229877    1.607090       1.70            2.33                    0.0                  0.0    0.294922                2112           0.343750                0.157382              6144                       0.201525                  3.104938                     0.209483                         0.150576                        0.166570                      0.150677
reports/v31_s2_main/raw/budget1p70_seed45/v2_custom_ppo_metrics.csv
                   policy  steps  reward_mean  instant_mae  oracle_loss_mean  dtw_mean  power_mean  peak_power_max  event_rate  warmup_abort_count
  full_open_unconstrained   6144    -0.149905     1.655863          0.149903  1.614134    4.620000            6.28    0.294922                   0
feasible_static_projected   6144    -0.154898     2.696703          0.154897  2.598733    1.460000            1.95    0.294922                   0
               custom_ppo   6144    -0.158106     2.719888          0.157257  2.599109    1.556273            2.18    0.294922                  62
              round_robin   6144    -0.189884    12.279849          0.169462  6.257527    1.555000            1.98    0.294922                1530
                      aoi   6144    -0.221304    32.124893          0.194617 12.679895    1.621777            2.33    0.294922                1980
                   random   6144    -0.229877    29.634401          0.201525 11.809793    1.607090            2.33    0.294922                2112
