reports/v31_s2_main/raw/budget1p65_seed45/truth_v31.csv
reports/v31_s2_main/raw/budget1p65_seed45/dataset_validation/synthetic_validation.csv
custom_ppo_update update=1 timesteps=2048 loss=0.496948 entropy=1.864217 adv_std=0.960158 awbc_label_rate=0.250
custom_ppo_update update=2 timesteps=4096 loss=0.575726 entropy=1.870730 adv_std=1.287964 awbc_label_rate=0.250
custom_ppo_update update=3 timesteps=6144 loss=0.608337 entropy=1.874692 adv_std=2.022346 awbc_label_rate=0.250
custom_ppo_update update=4 timesteps=8192 loss=1.201050 entropy=1.893913 adv_std=2.650604 awbc_label_rate=0.250
custom_ppo_update update=5 timesteps=10240 loss=0.785777 entropy=1.900865 adv_std=2.108630 awbc_label_rate=0.250
custom_ppo_update update=6 timesteps=12288 loss=0.889058 entropy=1.890516 adv_std=2.679916 awbc_label_rate=0.250
custom_ppo_update update=7 timesteps=14336 loss=1.049502 entropy=1.892897 adv_std=2.530351 awbc_label_rate=0.250
custom_ppo_update update=8 timesteps=16384 loss=1.490794 entropy=1.883313 adv_std=3.409320 awbc_label_rate=0.250
custom_ppo_update update=9 timesteps=18432 loss=0.955466 entropy=1.902576 adv_std=3.137773 awbc_label_rate=0.250
custom_ppo_update update=10 timesteps=20480 loss=1.013026 entropy=1.897671 adv_std=3.088549 awbc_label_rate=0.250
custom_ppo_update update=11 timesteps=22528 loss=0.917699 entropy=1.896736 adv_std=2.754117 awbc_label_rate=0.250
custom_ppo_update update=12 timesteps=24576 loss=1.177479 entropy=1.908847 adv_std=3.319816 awbc_label_rate=0.250
custom_ppo_update update=13 timesteps=26624 loss=0.813523 entropy=1.892274 adv_std=2.713594 awbc_label_rate=0.250
custom_ppo_update update=14 timesteps=28672 loss=1.044097 entropy=1.910893 adv_std=3.268950 awbc_label_rate=0.250
custom_ppo_update update=15 timesteps=30720 loss=1.123008 entropy=1.887272 adv_std=3.501657 awbc_label_rate=0.250
custom_ppo_update update=16 timesteps=32768 loss=1.284035 entropy=1.887717 adv_std=3.323102 awbc_label_rate=0.250
custom_ppo_update update=17 timesteps=34816 loss=0.770123 entropy=1.890047 adv_std=2.996549 awbc_label_rate=0.250
custom_ppo_update update=18 timesteps=36864 loss=0.701120 entropy=1.893701 adv_std=2.909101 awbc_label_rate=0.250
custom_ppo_update update=19 timesteps=38912 loss=0.733708 entropy=1.895102 adv_std=2.692904 awbc_label_rate=0.250
custom_ppo_update update=20 timesteps=40960 loss=0.992322 entropy=1.890860 adv_std=2.459657 awbc_label_rate=0.250
custom_ppo_update update=21 timesteps=43008 loss=0.890232 entropy=1.896551 adv_std=2.969262 awbc_label_rate=0.250
custom_ppo_update update=22 timesteps=45056 loss=0.784456 entropy=1.893709 adv_std=2.760687 awbc_label_rate=0.250
custom_ppo_update update=23 timesteps=47104 loss=0.675139 entropy=1.891922 adv_std=2.457044 awbc_label_rate=0.250
custom_ppo_update update=24 timesteps=49152 loss=0.938862 entropy=1.883552 adv_std=2.964094 awbc_label_rate=0.250
custom_ppo_update update=25 timesteps=51200 loss=0.941547 entropy=1.883197 adv_std=3.348568 awbc_label_rate=0.250
custom_ppo_update update=26 timesteps=53248 loss=1.189708 entropy=1.897410 adv_std=3.813424 awbc_label_rate=0.250
custom_ppo_update update=27 timesteps=55296 loss=0.976623 entropy=1.904428 adv_std=3.436903 awbc_label_rate=0.250
custom_ppo_update update=28 timesteps=57344 loss=1.203179 entropy=1.903547 adv_std=3.101671 awbc_label_rate=0.250
custom_ppo_update update=29 timesteps=59392 loss=1.348798 entropy=1.898771 adv_std=3.607594 awbc_label_rate=0.250
custom_ppo_update update=30 timesteps=61440 loss=0.907987 entropy=1.909606 adv_std=2.905748 awbc_label_rate=0.250
custom_ppo_update update=31 timesteps=63488 loss=1.047962 entropy=1.900465 adv_std=3.714903 awbc_label_rate=0.250
custom_ppo_update update=32 timesteps=65536 loss=1.091510 entropy=1.909254 adv_std=3.618566 awbc_label_rate=0.250
custom_ppo_update update=33 timesteps=67584 loss=0.793931 entropy=1.894826 adv_std=2.962049 awbc_label_rate=0.250
custom_ppo_update update=34 timesteps=69632 loss=0.821344 entropy=1.886651 adv_std=2.837027 awbc_label_rate=0.250
custom_ppo_update update=35 timesteps=71680 loss=0.623156 entropy=1.895590 adv_std=2.417699 awbc_label_rate=0.250
custom_ppo_update update=36 timesteps=73728 loss=0.917502 entropy=1.908330 adv_std=2.905334 awbc_label_rate=0.250
custom_ppo_update update=37 timesteps=75776 loss=0.948043 entropy=1.876988 adv_std=2.504735 awbc_label_rate=0.250
custom_ppo_update update=38 timesteps=77824 loss=1.003069 entropy=1.892257 adv_std=3.355475 awbc_label_rate=0.250
custom_ppo_update update=39 timesteps=79872 loss=1.083209 entropy=1.918574 adv_std=2.679664 awbc_label_rate=0.250
custom_ppo_update update=40 timesteps=81920 loss=1.498714 entropy=1.899128 adv_std=4.011734 awbc_label_rate=0.250
custom_ppo_update update=41 timesteps=83968 loss=0.748423 entropy=1.902136 adv_std=2.400726 awbc_label_rate=0.250
custom_ppo_update update=42 timesteps=86016 loss=0.774838 entropy=1.896966 adv_std=3.004200 awbc_label_rate=0.250
custom_ppo_update update=43 timesteps=88064 loss=1.304413 entropy=1.907451 adv_std=3.057005 awbc_label_rate=0.250
custom_ppo_update update=44 timesteps=90112 loss=1.136705 entropy=1.874237 adv_std=3.318191 awbc_label_rate=0.250
custom_ppo_update update=45 timesteps=92160 loss=0.890711 entropy=1.896696 adv_std=3.217151 awbc_label_rate=0.250
custom_ppo_update update=46 timesteps=94208 loss=0.851730 entropy=1.872418 adv_std=2.688781 awbc_label_rate=0.250
custom_ppo_update update=47 timesteps=96256 loss=1.047552 entropy=1.871949 adv_std=2.950623 awbc_label_rate=0.250
custom_ppo_update update=48 timesteps=98304 loss=0.900694 entropy=1.875817 adv_std=2.885755 awbc_label_rate=0.250
custom_ppo_update update=49 timesteps=100000 loss=0.972443 entropy=1.885600 adv_std=3.269186 awbc_label_rate=0.250
reports/v31_s2_main/raw/budget1p65_seed45/evaluation/v2_eval_overall.csv
                   policy  steps  weighted_normalized_mae      mae      rmse    smape  pearson      dtw  oracle_loss_mean  reward_mean  power_mean  power_max  peak_power_max  steady_violation_rate  peak_violation_rate  event_rate  warmup_abort_count  warmup_abort_rate  obs_reconstruction_mae  forecast_samples  forecast_weighted_mae_overall  forecast_raw_mae_overall  forecast_weighted_mae_event  forecast_weighted_mae_non_event  forecast_weighted_mae_low_temp  forecast_weighted_mae_normal
  full_open_unconstrained   6144                 0.065096 0.778106  2.683789 0.746673 0.910368 0.752175          0.151522    -0.151524    4.620000       4.62            6.28                    1.0                  1.0    0.294922                   0           0.000000                0.065096              6144                       0.151522                  2.068408                     0.155510                         0.125991                        0.138231                      0.126855
feasible_static_projected   6144                 0.209861 1.653637  3.951644 0.825676 0.935394 1.619808          0.154968    -0.154969    1.460000       1.46            1.95                    0.0                  0.0    0.294922                   0           0.000000                0.209861              6144                       0.154968                  2.134154                     0.159153                         0.128177                        0.143858                      0.128153
               custom_ppo   6144                 0.207217 1.682094  3.998998 0.829219 0.921192 1.626900          0.160138    -0.163166    1.548138       1.60            2.18                    0.0                  0.0    0.294922                 228           0.037109                0.207217              6144                       0.160138                  2.186269                     0.164882                         0.129769                        0.146672                      0.130462
              round_robin   6144                 0.232639 1.925147  5.665330 0.830767 0.898989 1.832496          0.170281    -0.190703    1.555000       1.64            1.98                    0.0                  0.0    0.294922                1530           0.249023                0.232639              6144                       0.170281                  2.359657                     0.176113                         0.132942                        0.153254                      0.132939
                      aoi   6144                 0.127251 2.338646 12.927356 0.816861 0.903693 1.560081          0.171753    -0.185784    1.599902       1.64            2.20                    0.0                  0.0    0.294922                1020           0.166016                0.127251              6144                       0.171753                  2.495621                     0.177045                         0.137872                        0.149772                      0.137804
                   random   6144                 0.144445 2.411735 15.046957 0.829191 0.878465 1.548682          0.192508    -0.210315    1.588242       1.64            2.23                    0.0                  0.0    0.294922                1308           0.212891                0.144445              6144                       0.192508                  3.064270                     0.198593                         0.153550                        0.164756                      0.156193
reports/v31_s2_main/raw/budget1p65_seed45/v2_custom_ppo_metrics.csv
                   policy  steps  reward_mean  instant_mae  oracle_loss_mean  dtw_mean  power_mean  peak_power_max  event_rate  warmup_abort_count
  full_open_unconstrained   6144    -0.151524     1.655863          0.151522  1.614134    4.620000            6.28    0.294922                   0
feasible_static_projected   6144    -0.154969     2.696703          0.154968  2.598733    1.460000            1.95    0.294922                   0
               custom_ppo   6144    -0.163166     2.710927          0.160138  2.594482    1.548138            2.18    0.294922                 228
              round_robin   6144    -0.190703    12.279849          0.170281  6.257527    1.555000            1.98    0.294922                1530
                      aoi   6144    -0.185784    31.955859          0.171753 12.564428    1.599902            2.20    0.294922                1020
                   random   6144    -0.210315    29.540403          0.192508 11.791005    1.588242            2.23    0.294922                1308
