reports/v31_s2_main/raw/budget1p70_seed49/truth_v31.csv
reports/v31_s2_main/raw/budget1p70_seed49/dataset_validation/synthetic_validation.csv
custom_ppo_update update=1 timesteps=2048 loss=0.671080 entropy=2.131522 adv_std=1.522587 awbc_label_rate=0.250
custom_ppo_update update=2 timesteps=4096 loss=0.858135 entropy=2.140572 adv_std=1.705415 awbc_label_rate=0.250
custom_ppo_update update=3 timesteps=6144 loss=1.296549 entropy=2.146995 adv_std=2.743889 awbc_label_rate=0.250
custom_ppo_update update=4 timesteps=8192 loss=1.110825 entropy=2.148391 adv_std=2.423538 awbc_label_rate=0.250
custom_ppo_update update=5 timesteps=10240 loss=1.414997 entropy=2.153900 adv_std=3.149480 awbc_label_rate=0.250
custom_ppo_update update=6 timesteps=12288 loss=1.274173 entropy=2.159285 adv_std=2.899164 awbc_label_rate=0.250
custom_ppo_update update=7 timesteps=14336 loss=1.103717 entropy=2.165647 adv_std=3.064665 awbc_label_rate=0.250
custom_ppo_update update=8 timesteps=16384 loss=1.328733 entropy=2.155201 adv_std=3.438666 awbc_label_rate=0.250
custom_ppo_update update=9 timesteps=18432 loss=1.292920 entropy=2.164564 adv_std=3.249626 awbc_label_rate=0.250
custom_ppo_update update=10 timesteps=20480 loss=1.146268 entropy=2.170111 adv_std=3.132076 awbc_label_rate=0.250
custom_ppo_update update=11 timesteps=22528 loss=0.932094 entropy=2.165303 adv_std=3.225471 awbc_label_rate=0.250
custom_ppo_update update=12 timesteps=24576 loss=0.981896 entropy=2.157936 adv_std=2.935169 awbc_label_rate=0.250
custom_ppo_update update=13 timesteps=26624 loss=1.013362 entropy=2.158022 adv_std=3.059648 awbc_label_rate=0.250
custom_ppo_update update=14 timesteps=28672 loss=0.918905 entropy=2.159425 adv_std=2.929902 awbc_label_rate=0.250
custom_ppo_update update=15 timesteps=30720 loss=0.842399 entropy=2.166374 adv_std=3.374280 awbc_label_rate=0.250
custom_ppo_update update=16 timesteps=32768 loss=1.286122 entropy=2.162278 adv_std=3.248751 awbc_label_rate=0.250
custom_ppo_update update=17 timesteps=34816 loss=1.199069 entropy=2.154673 adv_std=4.132762 awbc_label_rate=0.250
custom_ppo_update update=18 timesteps=36864 loss=0.911871 entropy=2.151330 adv_std=3.330094 awbc_label_rate=0.250
custom_ppo_update update=19 timesteps=38912 loss=1.342036 entropy=2.155020 adv_std=3.756216 awbc_label_rate=0.250
custom_ppo_update update=20 timesteps=40960 loss=1.271371 entropy=2.156196 adv_std=3.666996 awbc_label_rate=0.250
custom_ppo_update update=21 timesteps=43008 loss=1.247221 entropy=2.158225 adv_std=3.626057 awbc_label_rate=0.250
custom_ppo_update update=22 timesteps=45056 loss=0.623489 entropy=2.162882 adv_std=2.583500 awbc_label_rate=0.250
custom_ppo_update update=23 timesteps=47104 loss=0.699676 entropy=2.153190 adv_std=2.828405 awbc_label_rate=0.250
custom_ppo_update update=24 timesteps=49152 loss=1.113041 entropy=2.155366 adv_std=3.241520 awbc_label_rate=0.250
custom_ppo_update update=25 timesteps=51200 loss=0.923756 entropy=2.154931 adv_std=3.037596 awbc_label_rate=0.250
custom_ppo_update update=26 timesteps=53248 loss=1.466245 entropy=2.159292 adv_std=3.471189 awbc_label_rate=0.250
custom_ppo_update update=27 timesteps=55296 loss=0.732087 entropy=2.143841 adv_std=2.708619 awbc_label_rate=0.250
custom_ppo_update update=28 timesteps=57344 loss=0.590683 entropy=2.144253 adv_std=2.345233 awbc_label_rate=0.250
custom_ppo_update update=29 timesteps=59392 loss=0.698715 entropy=2.158120 adv_std=2.688106 awbc_label_rate=0.250
custom_ppo_update update=30 timesteps=61440 loss=0.758644 entropy=2.159057 adv_std=2.699430 awbc_label_rate=0.250
custom_ppo_update update=31 timesteps=63488 loss=0.742548 entropy=2.147270 adv_std=2.510943 awbc_label_rate=0.250
custom_ppo_update update=32 timesteps=65536 loss=0.787135 entropy=2.145901 adv_std=2.516996 awbc_label_rate=0.250
custom_ppo_update update=33 timesteps=67584 loss=0.991589 entropy=2.163473 adv_std=2.597337 awbc_label_rate=0.250
custom_ppo_update update=34 timesteps=69632 loss=0.864239 entropy=2.157233 adv_std=2.682296 awbc_label_rate=0.250
custom_ppo_update update=35 timesteps=71680 loss=0.764980 entropy=2.153147 adv_std=2.783917 awbc_label_rate=0.250
custom_ppo_update update=36 timesteps=73728 loss=0.772021 entropy=2.163765 adv_std=3.032344 awbc_label_rate=0.250
custom_ppo_update update=37 timesteps=75776 loss=1.083320 entropy=2.161737 adv_std=2.782880 awbc_label_rate=0.250
custom_ppo_update update=38 timesteps=77824 loss=0.873721 entropy=2.163185 adv_std=3.377915 awbc_label_rate=0.250
custom_ppo_update update=39 timesteps=79872 loss=0.730389 entropy=2.156055 adv_std=2.492340 awbc_label_rate=0.250
custom_ppo_update update=40 timesteps=81920 loss=0.605402 entropy=2.156523 adv_std=2.520265 awbc_label_rate=0.250
custom_ppo_update update=41 timesteps=83968 loss=0.897150 entropy=2.146681 adv_std=2.834882 awbc_label_rate=0.250
custom_ppo_update update=42 timesteps=86016 loss=0.828012 entropy=2.137167 adv_std=2.771395 awbc_label_rate=0.250
custom_ppo_update update=43 timesteps=88064 loss=1.051015 entropy=2.139339 adv_std=3.203623 awbc_label_rate=0.250
custom_ppo_update update=44 timesteps=90112 loss=1.043705 entropy=2.146951 adv_std=3.357186 awbc_label_rate=0.250
custom_ppo_update update=45 timesteps=92160 loss=0.680382 entropy=2.147948 adv_std=2.858063 awbc_label_rate=0.250
custom_ppo_update update=46 timesteps=94208 loss=0.919219 entropy=2.147228 adv_std=3.174283 awbc_label_rate=0.250
custom_ppo_update update=47 timesteps=96256 loss=0.994515 entropy=2.154274 adv_std=3.038419 awbc_label_rate=0.250
custom_ppo_update update=48 timesteps=98304 loss=0.697694 entropy=2.157188 adv_std=2.880811 awbc_label_rate=0.250
custom_ppo_update update=49 timesteps=100000 loss=0.738727 entropy=2.157101 adv_std=2.582326 awbc_label_rate=0.250
reports/v31_s2_main/raw/budget1p70_seed49/evaluation/v2_eval_overall.csv
                   policy  steps  weighted_normalized_mae      mae      rmse    smape  pearson      dtw  oracle_loss_mean  reward_mean  power_mean  power_max  peak_power_max  steady_violation_rate  peak_violation_rate  event_rate  warmup_abort_count  warmup_abort_rate  obs_reconstruction_mae  forecast_samples  forecast_weighted_mae_overall  forecast_raw_mae_overall  forecast_weighted_mae_event  forecast_weighted_mae_non_event  forecast_weighted_mae_low_temp  forecast_weighted_mae_normal
  full_open_unconstrained   6144                 0.066213 0.774236  2.685731 0.749715 0.894204 0.748348          0.135442    -0.135444    4.620000       4.62            6.28                    1.0                  1.0    0.462077                   0           0.000000                0.066213              6144                       0.135442                  1.638691                     0.141591                         0.088900                        0.115199                      0.117282
               custom_ppo   6144                 0.180901 1.735062  5.963005 0.809978 0.765410 1.446221          0.148363    -0.149442    1.573268       1.66            2.12                    0.0                  0.0    0.462077                  77           0.012533                0.180901              6144                       0.148363                  1.906183                     0.155708                         0.092767                        0.123301                      0.119694
              round_robin   6144                 0.250603 1.935857  4.728517 0.812190 0.887035 1.843115          0.152454    -0.172876    1.555000       1.64            1.98                    0.0                  0.0    0.462077                1530           0.249023                0.250603              6144                       0.152454                  1.798396                     0.158926                         0.103465                        0.125049                      0.141976
                      aoi   6144                 0.128761 1.768003  8.369189 0.800573 0.871555 1.241887          0.154752    -0.193167    1.623031       1.70            2.33                    0.0                  0.0    0.462077                2880           0.468750                0.128761              6144                       0.154752                  2.024948                     0.161192                         0.106011                        0.122086                      0.144530
feasible_static_projected   6144                 0.237275 1.832348  4.473723 0.811476 0.914396 1.794769          0.157419    -0.157420    1.460000       1.46            1.95                    0.0                  0.0    0.462077                   0           0.000000                0.237275              6144                       0.157419                  1.764852                     0.164994                         0.100082                        0.138386                      0.121489
                   random   6144                 0.144344 1.984496 12.030781 0.811854 0.837606 1.275165          0.163892    -0.191200    1.606621       1.70            2.33                    0.0                  0.0    0.462077                2034           0.331055                0.144344              6144                       0.163892                  2.474685                     0.170061                         0.117195                        0.128579                      0.202071
reports/v31_s2_main/raw/budget1p70_seed49/v2_custom_ppo_metrics.csv
                   policy  steps  reward_mean  instant_mae  oracle_loss_mean  dtw_mean  power_mean  peak_power_max  event_rate  warmup_abort_count
  full_open_unconstrained   6144    -0.135444     1.644108          0.135442  1.595139    4.620000            6.28    0.462077                   0
               custom_ppo   6144    -0.149442     2.753421          0.148363  2.448864    1.573268            2.12    0.462077                  77
              round_robin   6144    -0.172876     7.592685          0.152454  4.573866    1.555000            1.98    0.462077                1530
                      aoi   6144    -0.193167    17.385767          0.154752  8.132363    1.623031            2.33    0.462077                2880
feasible_static_projected   6144    -0.157420     2.823676          0.157419  2.712729    1.460000            1.95    0.462077                   0
                   random   6144    -0.191200    16.711713          0.163892  7.361109    1.606621            2.33    0.462077                2034
