reports/v31_s2_main/raw/budget1p65_seed43/truth_v31.csv
reports/v31_s2_main/raw/budget1p65_seed43/dataset_validation/synthetic_validation.csv
custom_ppo_update update=1 timesteps=2048 loss=0.951299 entropy=1.876306 adv_std=1.723448 awbc_label_rate=0.250
custom_ppo_update update=2 timesteps=4096 loss=0.940194 entropy=1.882212 adv_std=1.879061 awbc_label_rate=0.250
custom_ppo_update update=3 timesteps=6144 loss=1.061065 entropy=1.896528 adv_std=1.956066 awbc_label_rate=0.250
custom_ppo_update update=4 timesteps=8192 loss=1.096484 entropy=1.896465 adv_std=2.491703 awbc_label_rate=0.250
custom_ppo_update update=5 timesteps=10240 loss=1.157244 entropy=1.905491 adv_std=2.614682 awbc_label_rate=0.250
custom_ppo_update update=6 timesteps=12288 loss=0.758664 entropy=1.912408 adv_std=2.477679 awbc_label_rate=0.250
custom_ppo_update update=7 timesteps=14336 loss=0.898425 entropy=1.898443 adv_std=2.695391 awbc_label_rate=0.250
custom_ppo_update update=8 timesteps=16384 loss=0.758136 entropy=1.905477 adv_std=2.617707 awbc_label_rate=0.250
custom_ppo_update update=9 timesteps=18432 loss=1.114471 entropy=1.902682 adv_std=2.905825 awbc_label_rate=0.250
custom_ppo_update update=10 timesteps=20480 loss=0.890367 entropy=1.905967 adv_std=2.945314 awbc_label_rate=0.250
custom_ppo_update update=11 timesteps=22528 loss=0.831891 entropy=1.897371 adv_std=2.519143 awbc_label_rate=0.250
custom_ppo_update update=12 timesteps=24576 loss=1.014308 entropy=1.897784 adv_std=3.254455 awbc_label_rate=0.250
custom_ppo_update update=13 timesteps=26624 loss=0.731370 entropy=1.903933 adv_std=2.750469 awbc_label_rate=0.250
custom_ppo_update update=14 timesteps=28672 loss=1.002525 entropy=1.908183 adv_std=2.444917 awbc_label_rate=0.250
custom_ppo_update update=15 timesteps=30720 loss=0.635180 entropy=1.900994 adv_std=2.570224 awbc_label_rate=0.250
custom_ppo_update update=16 timesteps=32768 loss=0.789101 entropy=1.905315 adv_std=2.616379 awbc_label_rate=0.250
custom_ppo_update update=17 timesteps=34816 loss=0.917025 entropy=1.899106 adv_std=2.896845 awbc_label_rate=0.250
custom_ppo_update update=18 timesteps=36864 loss=0.735976 entropy=1.900721 adv_std=2.386431 awbc_label_rate=0.250
custom_ppo_update update=19 timesteps=38912 loss=1.149915 entropy=1.911484 adv_std=3.068474 awbc_label_rate=0.250
custom_ppo_update update=20 timesteps=40960 loss=1.058907 entropy=1.894473 adv_std=3.191727 awbc_label_rate=0.250
custom_ppo_update update=21 timesteps=43008 loss=1.081418 entropy=1.901127 adv_std=3.270875 awbc_label_rate=0.250
custom_ppo_update update=22 timesteps=45056 loss=1.352710 entropy=1.905120 adv_std=3.350347 awbc_label_rate=0.250
custom_ppo_update update=23 timesteps=47104 loss=0.853177 entropy=1.904404 adv_std=2.881389 awbc_label_rate=0.250
custom_ppo_update update=24 timesteps=49152 loss=1.115441 entropy=1.900373 adv_std=3.553754 awbc_label_rate=0.250
custom_ppo_update update=25 timesteps=51200 loss=0.945057 entropy=1.894738 adv_std=3.177413 awbc_label_rate=0.250
custom_ppo_update update=26 timesteps=53248 loss=1.081600 entropy=1.908475 adv_std=3.195521 awbc_label_rate=0.250
custom_ppo_update update=27 timesteps=55296 loss=0.824716 entropy=1.893434 adv_std=3.116611 awbc_label_rate=0.250
custom_ppo_update update=28 timesteps=57344 loss=0.816188 entropy=1.889098 adv_std=3.537481 awbc_label_rate=0.250
custom_ppo_update update=29 timesteps=59392 loss=0.642007 entropy=1.890282 adv_std=2.567188 awbc_label_rate=0.250
custom_ppo_update update=30 timesteps=61440 loss=0.671490 entropy=1.893934 adv_std=2.774574 awbc_label_rate=0.250
custom_ppo_update update=31 timesteps=63488 loss=0.758442 entropy=1.882309 adv_std=2.853041 awbc_label_rate=0.250
custom_ppo_update update=32 timesteps=65536 loss=0.709527 entropy=1.885197 adv_std=2.787053 awbc_label_rate=0.250
custom_ppo_update update=33 timesteps=67584 loss=0.895744 entropy=1.887360 adv_std=2.791561 awbc_label_rate=0.250
custom_ppo_update update=34 timesteps=69632 loss=0.724725 entropy=1.898563 adv_std=2.818341 awbc_label_rate=0.250
custom_ppo_update update=35 timesteps=71680 loss=1.148741 entropy=1.890562 adv_std=2.716107 awbc_label_rate=0.250
custom_ppo_update update=36 timesteps=73728 loss=1.021084 entropy=1.894980 adv_std=3.171548 awbc_label_rate=0.250
custom_ppo_update update=37 timesteps=75776 loss=0.682135 entropy=1.897759 adv_std=2.606033 awbc_label_rate=0.250
custom_ppo_update update=38 timesteps=77824 loss=0.651073 entropy=1.895447 adv_std=2.383660 awbc_label_rate=0.250
custom_ppo_update update=39 timesteps=79872 loss=0.636559 entropy=1.877966 adv_std=2.833804 awbc_label_rate=0.250
custom_ppo_update update=40 timesteps=81920 loss=1.284877 entropy=1.893658 adv_std=3.317778 awbc_label_rate=0.250
custom_ppo_update update=41 timesteps=83968 loss=1.378973 entropy=1.907048 adv_std=3.829061 awbc_label_rate=0.250
custom_ppo_update update=42 timesteps=86016 loss=0.871777 entropy=1.889198 adv_std=2.854682 awbc_label_rate=0.250
custom_ppo_update update=43 timesteps=88064 loss=0.754935 entropy=1.889941 adv_std=2.782306 awbc_label_rate=0.250
custom_ppo_update update=44 timesteps=90112 loss=0.802720 entropy=1.886901 adv_std=2.819225 awbc_label_rate=0.250
custom_ppo_update update=45 timesteps=92160 loss=0.766536 entropy=1.890973 adv_std=2.611892 awbc_label_rate=0.250
custom_ppo_update update=46 timesteps=94208 loss=0.928907 entropy=1.887438 adv_std=3.019511 awbc_label_rate=0.250
custom_ppo_update update=47 timesteps=96256 loss=0.887856 entropy=1.883553 adv_std=2.819380 awbc_label_rate=0.250
custom_ppo_update update=48 timesteps=98304 loss=0.796806 entropy=1.894638 adv_std=2.567744 awbc_label_rate=0.250
custom_ppo_update update=49 timesteps=100000 loss=0.677297 entropy=1.900049 adv_std=2.179688 awbc_label_rate=0.250
reports/v31_s2_main/raw/budget1p65_seed43/evaluation/v2_eval_overall.csv
                   policy  steps  weighted_normalized_mae      mae      rmse    smape  pearson      dtw  oracle_loss_mean  reward_mean  power_mean  power_max  peak_power_max  steady_violation_rate  peak_violation_rate  event_rate  warmup_abort_count  warmup_abort_rate  obs_reconstruction_mae  forecast_samples  forecast_weighted_mae_overall  forecast_raw_mae_overall  forecast_weighted_mae_event  forecast_weighted_mae_non_event  forecast_weighted_mae_low_temp  forecast_weighted_mae_normal
  full_open_unconstrained   6144                 0.065856 0.790941  2.724093 0.726462 0.907555 0.767387          0.160738    -0.160740    4.620000       4.62            6.28                    1.0                  1.0    0.352702                   0           0.000000                0.065856              6144                       0.160738                  2.523172                     0.171669                         0.123108                        0.129501                      0.125940
feasible_static_projected   6144                 0.230691 1.792221  4.279747 0.793600 0.931630 1.761022          0.172040    -0.172041    1.460000       1.46            1.95                    0.0                  0.0    0.352702                   0           0.000000                0.230691              6144                       0.172040                  2.541842                     0.181354                         0.139977                        0.150897                      0.120714
               custom_ppo   6144                 0.186655 1.654048  4.892639 0.788815 0.901651 1.489589          0.173552    -0.177395    1.532520       1.62            2.07                    0.0                  0.0    0.352702                 284           0.046224                0.186655              6144                       0.173552                  2.713522                     0.184679                         0.135248                        0.146577                      0.122463
                      aoi   6144                 0.129294 2.667524 13.485899 0.778463 0.909977 1.700649          0.179046    -0.193077    1.599902       1.64            2.20                    0.0                  0.0    0.352702                1020           0.166016                0.129294              6144                       0.179046                  3.257271                     0.188026                         0.148130                        0.145628                      0.147138
              round_robin   6144                 0.250575 2.098810  5.994935 0.796027 0.903665 1.943822          0.182615    -0.203038    1.555000       1.64            1.98                    0.0                  0.0    0.352702                1530           0.249023                0.250575              6144                       0.182615                  2.664168                     0.192346                         0.149117                        0.154026                      0.134622
                   random   6144                 0.143381 2.735004 16.402907 0.792504 0.890134 1.696423          0.188866    -0.204770    1.585840       1.64            2.23                    0.0                  0.0    0.352702                1164           0.189453                0.143381              6144                       0.188866                  3.820602                     0.198722                         0.154936                        0.152298                      0.156250
reports/v31_s2_main/raw/budget1p65_seed43/v2_custom_ppo_metrics.csv
                   policy  steps  reward_mean  instant_mae  oracle_loss_mean  dtw_mean  power_mean  peak_power_max  event_rate  warmup_abort_count
  full_open_unconstrained   6144    -0.160740     1.650386          0.160738  1.605024    4.620000            6.28    0.352702                   0
feasible_static_projected   6144    -0.172041     2.803499          0.172040  2.697166    1.460000            1.95    0.352702                   0
               custom_ppo   6144    -0.177395     2.700312          0.173552  2.489329    1.532520            2.07    0.352702                 284
                      aoi   6144    -0.193077    23.119105          0.179046  9.861835    1.599902            2.20    0.352702                1020
              round_robin   6144    -0.203038     9.367867          0.182615  5.212417    1.555000            1.98    0.352702                1530
                   random   6144    -0.204770    20.094205          0.188866  8.918664    1.585840            2.23    0.352702                1164
