reports/v31_s2_main/raw/budget1p70_seed41/truth_v31.csv
reports/v31_s2_main/raw/budget1p70_seed41/dataset_validation/synthetic_validation.csv
custom_ppo_update update=1 timesteps=2048 loss=0.614719 entropy=1.974103 adv_std=1.328172 awbc_label_rate=0.250
custom_ppo_update update=2 timesteps=4096 loss=0.726272 entropy=1.992251 adv_std=1.551600 awbc_label_rate=0.250
custom_ppo_update update=3 timesteps=6144 loss=1.285550 entropy=1.999591 adv_std=2.011725 awbc_label_rate=0.250
custom_ppo_update update=4 timesteps=8192 loss=0.775684 entropy=1.997512 adv_std=1.774049 awbc_label_rate=0.250
custom_ppo_update update=5 timesteps=10240 loss=0.505126 entropy=1.996402 adv_std=1.543931 awbc_label_rate=0.250
custom_ppo_update update=6 timesteps=12288 loss=0.645430 entropy=2.014710 adv_std=2.172343 awbc_label_rate=0.250
custom_ppo_update update=7 timesteps=14336 loss=0.881302 entropy=1.997473 adv_std=2.512727 awbc_label_rate=0.250
custom_ppo_update update=8 timesteps=16384 loss=0.836117 entropy=2.011068 adv_std=2.358383 awbc_label_rate=0.250
custom_ppo_update update=9 timesteps=18432 loss=0.622167 entropy=2.017400 adv_std=2.402530 awbc_label_rate=0.250
custom_ppo_update update=10 timesteps=20480 loss=0.782886 entropy=2.026539 adv_std=2.305207 awbc_label_rate=0.250
custom_ppo_update update=11 timesteps=22528 loss=0.623835 entropy=2.026653 adv_std=2.155634 awbc_label_rate=0.250
custom_ppo_update update=12 timesteps=24576 loss=0.649446 entropy=1.995446 adv_std=2.227216 awbc_label_rate=0.250
custom_ppo_update update=13 timesteps=26624 loss=0.873216 entropy=2.002659 adv_std=3.040688 awbc_label_rate=0.250
custom_ppo_update update=14 timesteps=28672 loss=0.996192 entropy=2.021189 adv_std=2.573598 awbc_label_rate=0.250
custom_ppo_update update=15 timesteps=30720 loss=0.962060 entropy=2.002965 adv_std=2.739314 awbc_label_rate=0.250
custom_ppo_update update=16 timesteps=32768 loss=1.365706 entropy=2.006529 adv_std=3.391379 awbc_label_rate=0.250
custom_ppo_update update=17 timesteps=34816 loss=0.793178 entropy=2.020018 adv_std=3.146589 awbc_label_rate=0.250
custom_ppo_update update=18 timesteps=36864 loss=1.285256 entropy=2.012603 adv_std=3.233751 awbc_label_rate=0.250
custom_ppo_update update=19 timesteps=38912 loss=0.865023 entropy=2.013036 adv_std=2.927480 awbc_label_rate=0.250
custom_ppo_update update=20 timesteps=40960 loss=0.917991 entropy=2.020091 adv_std=3.224404 awbc_label_rate=0.250
custom_ppo_update update=21 timesteps=43008 loss=0.792345 entropy=2.018488 adv_std=2.654524 awbc_label_rate=0.250
custom_ppo_update update=22 timesteps=45056 loss=0.810072 entropy=2.002540 adv_std=2.707756 awbc_label_rate=0.250
custom_ppo_update update=23 timesteps=47104 loss=1.602794 entropy=2.009084 adv_std=3.255643 awbc_label_rate=0.250
custom_ppo_update update=24 timesteps=49152 loss=0.911810 entropy=2.013139 adv_std=3.023354 awbc_label_rate=0.250
custom_ppo_update update=25 timesteps=51200 loss=1.055169 entropy=2.004369 adv_std=2.771694 awbc_label_rate=0.250
custom_ppo_update update=26 timesteps=53248 loss=0.887691 entropy=2.007302 adv_std=3.229779 awbc_label_rate=0.250
custom_ppo_update update=27 timesteps=55296 loss=0.721629 entropy=2.013055 adv_std=2.443824 awbc_label_rate=0.250
custom_ppo_update update=28 timesteps=57344 loss=1.083485 entropy=2.009990 adv_std=3.567381 awbc_label_rate=0.250
custom_ppo_update update=29 timesteps=59392 loss=1.069826 entropy=1.983397 adv_std=3.204875 awbc_label_rate=0.250
custom_ppo_update update=30 timesteps=61440 loss=0.785344 entropy=2.012841 adv_std=3.054486 awbc_label_rate=0.250
custom_ppo_update update=31 timesteps=63488 loss=1.125161 entropy=2.022836 adv_std=2.801907 awbc_label_rate=0.250
custom_ppo_update update=32 timesteps=65536 loss=0.924149 entropy=2.017322 adv_std=3.235912 awbc_label_rate=0.250
custom_ppo_update update=33 timesteps=67584 loss=1.200341 entropy=2.002226 adv_std=3.248709 awbc_label_rate=0.250
custom_ppo_update update=34 timesteps=69632 loss=0.729206 entropy=1.999747 adv_std=2.723595 awbc_label_rate=0.250
custom_ppo_update update=35 timesteps=71680 loss=0.808413 entropy=2.001696 adv_std=2.989265 awbc_label_rate=0.250
custom_ppo_update update=36 timesteps=73728 loss=0.741125 entropy=1.999209 adv_std=2.705471 awbc_label_rate=0.250
custom_ppo_update update=37 timesteps=75776 loss=0.905959 entropy=2.000245 adv_std=2.904035 awbc_label_rate=0.250
custom_ppo_update update=38 timesteps=77824 loss=0.810094 entropy=1.990168 adv_std=3.165083 awbc_label_rate=0.250
custom_ppo_update update=39 timesteps=79872 loss=0.643573 entropy=1.998089 adv_std=2.639702 awbc_label_rate=0.250
custom_ppo_update update=40 timesteps=81920 loss=0.656352 entropy=1.998435 adv_std=2.861477 awbc_label_rate=0.250
custom_ppo_update update=41 timesteps=83968 loss=0.637271 entropy=2.016775 adv_std=2.514019 awbc_label_rate=0.250
custom_ppo_update update=42 timesteps=86016 loss=0.780815 entropy=2.013214 adv_std=2.865479 awbc_label_rate=0.250
custom_ppo_update update=43 timesteps=88064 loss=0.684291 entropy=2.019018 adv_std=2.550434 awbc_label_rate=0.250
custom_ppo_update update=44 timesteps=90112 loss=0.747704 entropy=2.011324 adv_std=2.624547 awbc_label_rate=0.250
custom_ppo_update update=45 timesteps=92160 loss=0.640731 entropy=2.004921 adv_std=2.324520 awbc_label_rate=0.250
custom_ppo_update update=46 timesteps=94208 loss=0.725435 entropy=2.019287 adv_std=2.672577 awbc_label_rate=0.250
custom_ppo_update update=47 timesteps=96256 loss=0.541216 entropy=1.983287 adv_std=1.978738 awbc_label_rate=0.250
custom_ppo_update update=48 timesteps=98304 loss=1.124284 entropy=2.008098 adv_std=3.042749 awbc_label_rate=0.250
custom_ppo_update update=49 timesteps=100000 loss=0.588167 entropy=2.001194 adv_std=2.309909 awbc_label_rate=0.250
reports/v31_s2_main/raw/budget1p70_seed41/evaluation/v2_eval_overall.csv
                   policy  steps  weighted_normalized_mae      mae      rmse    smape  pearson      dtw  oracle_loss_mean  reward_mean  power_mean  power_max  peak_power_max  steady_violation_rate  peak_violation_rate  event_rate  warmup_abort_count  warmup_abort_rate  obs_reconstruction_mae  forecast_samples  forecast_weighted_mae_overall  forecast_raw_mae_overall  forecast_weighted_mae_event  forecast_weighted_mae_non_event  forecast_weighted_mae_low_temp  forecast_weighted_mae_normal
  full_open_unconstrained   6144                 0.064595 0.778572  2.685088 0.764535 0.893711 0.764333          0.128340    -0.128342    4.620000       4.62            6.28                    1.0                  1.0    0.408529                   0           0.000000                0.064595              6144                       0.128340                  1.862576                     0.129994                         0.117507                        0.098799                      0.168627
               custom_ppo   6144                 0.255933 2.099597  4.985020 0.837656 0.927986 2.058947          0.137290    -0.138445    1.567676       1.60            1.95                    0.0                  0.0    0.408529                  86           0.013997                0.255933              6144                       0.137290                  1.973559                     0.139777                         0.120999                        0.105623                      0.175475
feasible_static_projected   6144                 0.270068 2.067749  4.934574 0.836617 0.929282 2.043764          0.139219    -0.139219    1.460000       1.46            1.95                    0.0                  0.0    0.408529                   0           0.000000                0.270068              6144                       0.139219                  2.027976                     0.141239                         0.125987                        0.107463                      0.187217
              round_robin   6144                 0.287710 2.177399  5.164354 0.836838 0.899869 2.103882          0.142746    -0.163168    1.555000       1.64            1.98                    0.0                  0.0    0.408529                1530           0.249023                0.287710              6144                       0.142746                  2.076760                     0.145060                         0.127594                        0.112146                      0.177930
                      aoi   6144                 0.138110 1.910036 10.822586 0.822500 0.843890 1.395233          0.149939    -0.181317    1.622279       1.70            2.33                    0.0                  0.0    0.408529                2340           0.380859                0.138110              6144                       0.149939                  2.691543                     0.152470                         0.133367                        0.120500                      0.151457
                   random   6144                 0.146690 1.890846 11.291753 0.829154 0.850457 1.299916          0.154744    -0.180880    1.604590       1.70            2.33                    0.0                  0.0    0.408529                1944           0.316406                0.146690              6144                       0.154744                  2.876094                     0.156440                         0.143635                        0.125266                      0.181533
reports/v31_s2_main/raw/budget1p70_seed41/v2_custom_ppo_metrics.csv
                   policy  steps  reward_mean  instant_mae  oracle_loss_mean  dtw_mean  power_mean  peak_power_max  event_rate  warmup_abort_count
  full_open_unconstrained   6144    -0.128342     1.656428          0.128340  1.618296    4.620000            6.28    0.408529                   0
               custom_ppo   6144    -0.138445     3.040169          0.137290  2.925447    1.567676            1.95    0.408529                  86
feasible_static_projected   6144    -0.139219     3.022895          0.139219  2.924569    1.460000            1.95    0.408529                   0
              round_robin   6144    -0.163168     7.730503          0.142746  4.730799    1.555000            1.98    0.408529                1530
                      aoi   6144    -0.181317    16.814526          0.149939  7.481091    1.622279            2.33    0.408529                2340
                   random   6144    -0.180880    15.456530          0.154744  7.422235    1.604590            2.33    0.408529                1944
