reports/v31_s2_main/raw/budget1p70_seed47/truth_v31.csv
reports/v31_s2_main/raw/budget1p70_seed47/dataset_validation/synthetic_validation.csv
custom_ppo_update update=1 timesteps=2048 loss=1.180185 entropy=1.815952 adv_std=1.496982 awbc_label_rate=0.250
custom_ppo_update update=2 timesteps=4096 loss=1.085559 entropy=1.833551 adv_std=1.694661 awbc_label_rate=0.250
custom_ppo_update update=3 timesteps=6144 loss=1.011901 entropy=1.846284 adv_std=1.931785 awbc_label_rate=0.250
custom_ppo_update update=4 timesteps=8192 loss=0.914332 entropy=1.843035 adv_std=2.083543 awbc_label_rate=0.250
custom_ppo_update update=5 timesteps=10240 loss=1.601140 entropy=1.867522 adv_std=2.496251 awbc_label_rate=0.250
custom_ppo_update update=6 timesteps=12288 loss=1.229160 entropy=1.868741 adv_std=2.713255 awbc_label_rate=0.250
custom_ppo_update update=7 timesteps=14336 loss=1.029646 entropy=1.864992 adv_std=2.989735 awbc_label_rate=0.250
custom_ppo_update update=8 timesteps=16384 loss=1.264811 entropy=1.862078 adv_std=3.235265 awbc_label_rate=0.250
custom_ppo_update update=9 timesteps=18432 loss=1.059556 entropy=1.870854 adv_std=3.022394 awbc_label_rate=0.250
custom_ppo_update update=10 timesteps=20480 loss=1.268061 entropy=1.864694 adv_std=3.352280 awbc_label_rate=0.250
custom_ppo_update update=11 timesteps=22528 loss=1.885020 entropy=1.873988 adv_std=3.592393 awbc_label_rate=0.250
custom_ppo_update update=12 timesteps=24576 loss=1.037416 entropy=1.865440 adv_std=3.573133 awbc_label_rate=0.250
custom_ppo_update update=13 timesteps=26624 loss=1.114046 entropy=1.877419 adv_std=3.456705 awbc_label_rate=0.250
custom_ppo_update update=14 timesteps=28672 loss=1.870332 entropy=1.874495 adv_std=4.277830 awbc_label_rate=0.250
custom_ppo_update update=15 timesteps=30720 loss=1.318118 entropy=1.883460 adv_std=3.314053 awbc_label_rate=0.250
custom_ppo_update update=16 timesteps=32768 loss=1.956596 entropy=1.874350 adv_std=4.011003 awbc_label_rate=0.250
custom_ppo_update update=17 timesteps=34816 loss=1.157456 entropy=1.874333 adv_std=3.705364 awbc_label_rate=0.250
custom_ppo_update update=18 timesteps=36864 loss=1.643886 entropy=1.905448 adv_std=4.280896 awbc_label_rate=0.250
custom_ppo_update update=19 timesteps=38912 loss=1.783483 entropy=1.874598 adv_std=4.288392 awbc_label_rate=0.250
custom_ppo_update update=20 timesteps=40960 loss=1.423253 entropy=1.857920 adv_std=3.787903 awbc_label_rate=0.250
custom_ppo_update update=21 timesteps=43008 loss=1.933949 entropy=1.876231 adv_std=4.168092 awbc_label_rate=0.250
custom_ppo_update update=22 timesteps=45056 loss=1.465843 entropy=1.865367 adv_std=3.973541 awbc_label_rate=0.250
custom_ppo_update update=23 timesteps=47104 loss=1.477006 entropy=1.890848 adv_std=3.877878 awbc_label_rate=0.250
custom_ppo_update update=24 timesteps=49152 loss=1.741144 entropy=1.880284 adv_std=4.152479 awbc_label_rate=0.250
custom_ppo_update update=25 timesteps=51200 loss=1.562441 entropy=1.907429 adv_std=4.009395 awbc_label_rate=0.250
custom_ppo_update update=26 timesteps=53248 loss=1.290353 entropy=1.878001 adv_std=3.591450 awbc_label_rate=0.250
custom_ppo_update update=27 timesteps=55296 loss=1.505077 entropy=1.868615 adv_std=4.047326 awbc_label_rate=0.250
custom_ppo_update update=28 timesteps=57344 loss=1.163354 entropy=1.884712 adv_std=3.388663 awbc_label_rate=0.250
custom_ppo_update update=29 timesteps=59392 loss=1.310696 entropy=1.893757 adv_std=3.840795 awbc_label_rate=0.250
custom_ppo_update update=30 timesteps=61440 loss=1.013496 entropy=1.866266 adv_std=3.525229 awbc_label_rate=0.250
custom_ppo_update update=31 timesteps=63488 loss=1.188584 entropy=1.880702 adv_std=3.459910 awbc_label_rate=0.250
custom_ppo_update update=32 timesteps=65536 loss=1.046118 entropy=1.866350 adv_std=3.716191 awbc_label_rate=0.250
custom_ppo_update update=33 timesteps=67584 loss=0.875785 entropy=1.853832 adv_std=2.982749 awbc_label_rate=0.250
custom_ppo_update update=34 timesteps=69632 loss=0.947938 entropy=1.852684 adv_std=3.430770 awbc_label_rate=0.250
custom_ppo_update update=35 timesteps=71680 loss=1.495192 entropy=1.858870 adv_std=3.873606 awbc_label_rate=0.250
custom_ppo_update update=36 timesteps=73728 loss=1.735232 entropy=1.862597 adv_std=3.488037 awbc_label_rate=0.250
custom_ppo_update update=37 timesteps=75776 loss=1.346075 entropy=1.849745 adv_std=3.793667 awbc_label_rate=0.250
custom_ppo_update update=38 timesteps=77824 loss=1.026998 entropy=1.860125 adv_std=3.413832 awbc_label_rate=0.250
custom_ppo_update update=39 timesteps=79872 loss=0.920145 entropy=1.870943 adv_std=3.537079 awbc_label_rate=0.250
custom_ppo_update update=40 timesteps=81920 loss=1.062385 entropy=1.862960 adv_std=3.594203 awbc_label_rate=0.250
custom_ppo_update update=41 timesteps=83968 loss=0.940732 entropy=1.869490 adv_std=3.516283 awbc_label_rate=0.250
custom_ppo_update update=42 timesteps=86016 loss=0.972740 entropy=1.885288 adv_std=3.169602 awbc_label_rate=0.250
custom_ppo_update update=43 timesteps=88064 loss=0.908988 entropy=1.881321 adv_std=3.516244 awbc_label_rate=0.250
custom_ppo_update update=44 timesteps=90112 loss=1.270811 entropy=1.881322 adv_std=3.640097 awbc_label_rate=0.250
custom_ppo_update update=45 timesteps=92160 loss=1.149479 entropy=1.870421 adv_std=3.600704 awbc_label_rate=0.250
custom_ppo_update update=46 timesteps=94208 loss=1.072482 entropy=1.860083 adv_std=3.192556 awbc_label_rate=0.250
custom_ppo_update update=47 timesteps=96256 loss=1.218819 entropy=1.875064 adv_std=3.466288 awbc_label_rate=0.250
custom_ppo_update update=48 timesteps=98304 loss=1.011304 entropy=1.854606 adv_std=3.404040 awbc_label_rate=0.250
custom_ppo_update update=49 timesteps=100000 loss=0.981698 entropy=1.883161 adv_std=3.170658 awbc_label_rate=0.250
reports/v31_s2_main/raw/budget1p70_seed47/evaluation/v2_eval_overall.csv
                   policy  steps  weighted_normalized_mae      mae      rmse    smape  pearson      dtw  oracle_loss_mean  reward_mean  power_mean  power_max  peak_power_max  steady_violation_rate  peak_violation_rate  event_rate  warmup_abort_count  warmup_abort_rate  obs_reconstruction_mae  forecast_samples  forecast_weighted_mae_overall  forecast_raw_mae_overall  forecast_weighted_mae_event  forecast_weighted_mae_non_event  forecast_weighted_mae_low_temp  forecast_weighted_mae_normal
  full_open_unconstrained   6144                 0.071663 0.797214  2.707700 0.677717 0.919990 0.759122          0.170179    -0.170181    4.620000       4.62            6.28                    1.0                  1.0    0.446777                   0           0.000000                0.071663              6144                       0.170179                  1.941044                     0.179837                         0.125798                        0.138249                      0.126366
feasible_static_projected   6144                 0.246899 1.876608  4.422645 0.752266 0.942673 1.828957          0.180611    -0.180612    1.460000       1.46            1.95                    0.0                  0.0    0.446777                   0           0.000000                0.246899              6144                       0.180611                  1.953073                     0.191573                         0.130231                        0.151740                      0.131588
               custom_ppo   6144                 0.246528 1.915624  4.460107 0.759467 0.927348 1.827242          0.184862    -0.185622    1.569443       1.60            2.18                    0.0                  0.0    0.446777                  56           0.009115                0.246528              6144                       0.184862                  1.972415                     0.197064                         0.128785                        0.149712                      0.129836
              round_robin   6144                 0.275017 2.076430  5.396846 0.758140 0.907807 1.953275          0.191259    -0.211681    1.555000       1.64            1.98                    0.0                  0.0    0.446777                1530           0.249023                0.275017              6144                       0.191259                  2.054036                     0.205343                         0.126537                        0.151254                      0.126094
                      aoi   6144                 0.159696 1.865546  9.315207 0.746446 0.880969 1.349463          0.206663    -0.245077    1.623031       1.70            2.33                    0.0                  0.0    0.446777                2880           0.468750                0.159696              6144                       0.206663                  2.366913                     0.221674                         0.137677                        0.162610                      0.139736
                   random   6144                 0.175395 2.027195 11.133848 0.761687 0.861216 1.346734          0.213231    -0.239192    1.603340       1.70            2.33                    0.0                  0.0    0.446777                1932           0.314453                0.175395              6144                       0.213231                  2.597911                     0.227048                         0.149735                        0.163272                      0.164100
reports/v31_s2_main/raw/budget1p70_seed47/v2_custom_ppo_metrics.csv
                   policy  steps  reward_mean  instant_mae  oracle_loss_mean  dtw_mean  power_mean  peak_power_max  event_rate  warmup_abort_count
  full_open_unconstrained   6144    -0.170181     1.675831          0.170179  1.621995    4.620000            6.28    0.446777                   0
feasible_static_projected   6144    -0.180612     2.861179          0.180611  2.746318    1.460000            1.95    0.446777                   0
               custom_ppo   6144    -0.185622     2.903252          0.184862  2.753233    1.569443            2.18    0.446777                  56
              round_robin   6144    -0.211681     9.490566          0.191259  5.571753    1.555000            1.98    0.446777                1530
                      aoi   6144    -0.245077    23.328259          0.206663 10.122453    1.623031            2.33    0.446777                2880
                   random   6144    -0.239192    18.855933          0.213231  9.006071    1.603340            2.33    0.446777                1932
