reports/v31_s2_main/raw/budget1p75_seed48/truth_v31.csv
reports/v31_s2_main/raw/budget1p75_seed48/dataset_validation/synthetic_validation.csv
custom_ppo_update update=1 timesteps=2048 loss=0.817015 entropy=2.209143 adv_std=1.600300 awbc_label_rate=0.250
custom_ppo_update update=2 timesteps=4096 loss=0.767096 entropy=2.192495 adv_std=1.897277 awbc_label_rate=0.250
custom_ppo_update update=3 timesteps=6144 loss=0.945784 entropy=2.207910 adv_std=1.787965 awbc_label_rate=0.250
custom_ppo_update update=4 timesteps=8192 loss=1.201344 entropy=2.196570 adv_std=2.736006 awbc_label_rate=0.250
custom_ppo_update update=5 timesteps=10240 loss=1.347913 entropy=2.199589 adv_std=2.500342 awbc_label_rate=0.250
custom_ppo_update update=6 timesteps=12288 loss=1.137920 entropy=2.200331 adv_std=2.755311 awbc_label_rate=0.250
custom_ppo_update update=7 timesteps=14336 loss=0.928615 entropy=2.218956 adv_std=3.044419 awbc_label_rate=0.250
custom_ppo_update update=8 timesteps=16384 loss=1.228054 entropy=2.215482 adv_std=2.949745 awbc_label_rate=0.250
custom_ppo_update update=9 timesteps=18432 loss=1.370849 entropy=2.218905 adv_std=3.518236 awbc_label_rate=0.250
custom_ppo_update update=10 timesteps=20480 loss=1.272962 entropy=2.213706 adv_std=3.067245 awbc_label_rate=0.250
custom_ppo_update update=11 timesteps=22528 loss=1.290883 entropy=2.219324 adv_std=3.620617 awbc_label_rate=0.250
custom_ppo_update update=12 timesteps=24576 loss=1.368023 entropy=2.226034 adv_std=2.923487 awbc_label_rate=0.250
custom_ppo_update update=13 timesteps=26624 loss=1.009283 entropy=2.213448 adv_std=3.270394 awbc_label_rate=0.250
custom_ppo_update update=14 timesteps=28672 loss=1.118235 entropy=2.221712 adv_std=3.502940 awbc_label_rate=0.250
custom_ppo_update update=15 timesteps=30720 loss=0.986726 entropy=2.210266 adv_std=3.034320 awbc_label_rate=0.250
custom_ppo_update update=16 timesteps=32768 loss=1.187920 entropy=2.213933 adv_std=3.874954 awbc_label_rate=0.250
custom_ppo_update update=17 timesteps=34816 loss=0.942744 entropy=2.218081 adv_std=2.849063 awbc_label_rate=0.250
custom_ppo_update update=18 timesteps=36864 loss=1.049029 entropy=2.207273 adv_std=3.278343 awbc_label_rate=0.250
custom_ppo_update update=19 timesteps=38912 loss=0.770578 entropy=2.203299 adv_std=2.685457 awbc_label_rate=0.250
custom_ppo_update update=20 timesteps=40960 loss=0.963442 entropy=2.214276 adv_std=2.963176 awbc_label_rate=0.250
custom_ppo_update update=21 timesteps=43008 loss=0.905722 entropy=2.230309 adv_std=3.305692 awbc_label_rate=0.250
custom_ppo_update update=22 timesteps=45056 loss=0.886854 entropy=2.235514 adv_std=2.699081 awbc_label_rate=0.250
custom_ppo_update update=23 timesteps=47104 loss=1.175454 entropy=2.205297 adv_std=3.570661 awbc_label_rate=0.250
custom_ppo_update update=24 timesteps=49152 loss=0.767312 entropy=2.221652 adv_std=3.015610 awbc_label_rate=0.250
custom_ppo_update update=25 timesteps=51200 loss=0.833342 entropy=2.196907 adv_std=3.110584 awbc_label_rate=0.250
custom_ppo_update update=26 timesteps=53248 loss=1.095346 entropy=2.194649 adv_std=2.928330 awbc_label_rate=0.250
custom_ppo_update update=27 timesteps=55296 loss=0.622682 entropy=2.210448 adv_std=2.610689 awbc_label_rate=0.250
custom_ppo_update update=28 timesteps=57344 loss=0.996307 entropy=2.216249 adv_std=3.352888 awbc_label_rate=0.250
custom_ppo_update update=29 timesteps=59392 loss=1.226933 entropy=2.219089 adv_std=3.559466 awbc_label_rate=0.250
custom_ppo_update update=30 timesteps=61440 loss=0.998382 entropy=2.230766 adv_std=2.948157 awbc_label_rate=0.250
custom_ppo_update update=31 timesteps=63488 loss=1.094432 entropy=2.200614 adv_std=3.553846 awbc_label_rate=0.250
custom_ppo_update update=32 timesteps=65536 loss=0.977931 entropy=2.212062 adv_std=2.889842 awbc_label_rate=0.250
custom_ppo_update update=33 timesteps=67584 loss=1.283432 entropy=2.209930 adv_std=3.795325 awbc_label_rate=0.250
custom_ppo_update update=34 timesteps=69632 loss=1.003528 entropy=2.219229 adv_std=3.365508 awbc_label_rate=0.250
custom_ppo_update update=35 timesteps=71680 loss=0.783620 entropy=2.220774 adv_std=2.782470 awbc_label_rate=0.250
custom_ppo_update update=36 timesteps=73728 loss=1.016475 entropy=2.229040 adv_std=2.957660 awbc_label_rate=0.250
custom_ppo_update update=37 timesteps=75776 loss=0.962446 entropy=2.220281 adv_std=2.853792 awbc_label_rate=0.250
custom_ppo_update update=38 timesteps=77824 loss=0.908253 entropy=2.229505 adv_std=3.213419 awbc_label_rate=0.250
custom_ppo_update update=39 timesteps=79872 loss=0.751183 entropy=2.215505 adv_std=2.783955 awbc_label_rate=0.250
custom_ppo_update update=40 timesteps=81920 loss=0.832840 entropy=2.227006 adv_std=3.579679 awbc_label_rate=0.250
custom_ppo_update update=41 timesteps=83968 loss=0.811241 entropy=2.214001 adv_std=2.908665 awbc_label_rate=0.250
custom_ppo_update update=42 timesteps=86016 loss=0.730596 entropy=2.211067 adv_std=2.284467 awbc_label_rate=0.250
custom_ppo_update update=43 timesteps=88064 loss=1.258794 entropy=2.219024 adv_std=3.224481 awbc_label_rate=0.250
custom_ppo_update update=44 timesteps=90112 loss=0.609302 entropy=2.199156 adv_std=2.382622 awbc_label_rate=0.250
custom_ppo_update update=45 timesteps=92160 loss=1.407380 entropy=2.224552 adv_std=3.266398 awbc_label_rate=0.250
custom_ppo_update update=46 timesteps=94208 loss=1.327671 entropy=2.207954 adv_std=3.718748 awbc_label_rate=0.250
custom_ppo_update update=47 timesteps=96256 loss=1.348931 entropy=2.217136 adv_std=3.255260 awbc_label_rate=0.250
custom_ppo_update update=48 timesteps=98304 loss=0.857402 entropy=2.208223 adv_std=2.802826 awbc_label_rate=0.250
custom_ppo_update update=49 timesteps=100000 loss=0.860667 entropy=2.209777 adv_std=2.886343 awbc_label_rate=0.250
reports/v31_s2_main/raw/budget1p75_seed48/evaluation/v2_eval_overall.csv
                   policy  steps  weighted_normalized_mae      mae      rmse    smape  pearson      dtw  oracle_loss_mean  reward_mean  power_mean  power_max  peak_power_max  steady_violation_rate  peak_violation_rate  event_rate  warmup_abort_count  warmup_abort_rate  obs_reconstruction_mae  forecast_samples  forecast_weighted_mae_overall  forecast_raw_mae_overall  forecast_weighted_mae_event  forecast_weighted_mae_non_event  forecast_weighted_mae_low_temp  forecast_weighted_mae_normal
  full_open_unconstrained   6144                 0.065446 0.791432  2.720734 0.732746 0.900536 0.770078          0.149381    -0.149383    4.620000       4.62            6.28                    1.0                  1.0    0.427897                   0           0.000000                0.065446              6144                       0.149381                  1.900976                     0.159773                         0.094081                        0.113718                      0.096877
feasible_static_projected   6144                 0.260038 1.985003  4.809548 0.800971 0.931678 1.953527          0.160117    -0.160118    1.460000       1.46            1.95                    0.0                  0.0    0.427897                   0           0.000000                0.260038              6144                       0.160117                  2.222086                     0.169877                         0.108185                        0.123046                      0.119165
              round_robin   6144                 0.278876 2.156739  5.566271 0.806508 0.897823 2.062749          0.169173    -0.189595    1.555000       1.64            1.98                    0.0                  0.0    0.427897                1530           0.249023                0.278876              6144                       0.169173                  2.357767                     0.180358                         0.109653                        0.131388                      0.114074
               custom_ppo   6144                 0.115874 2.042334 13.098338 0.782879 0.916446 1.287443          0.169716    -0.171500    1.561009       1.62            2.18                    0.0                  0.0    0.427897                 125           0.020345                0.115874              6144                       0.169716                  2.732344                     0.180694                         0.111301                        0.131244                      0.108604
                   random   6144                 0.158816 2.054802 11.330849 0.801203 0.851932 1.373820          0.182566    -0.218676    1.623711       1.74            2.38                    0.0                  0.0    0.427897                2706           0.440430                0.158816              6144                       0.182566                  2.643785                     0.194409                         0.119553                        0.135532                      0.124433
                      aoi   6144                 0.187608 2.054910  9.250981 0.806677 0.782216 1.428015          0.186705    -0.188236    1.668330       1.72            2.33                    0.0                  0.0    0.427897                  60           0.009766                0.187608              6144                       0.186705                  2.252434                     0.200479                         0.113412                        0.129041                      0.126116
reports/v31_s2_main/raw/budget1p75_seed48/v2_custom_ppo_metrics.csv
                   policy  steps  reward_mean  instant_mae  oracle_loss_mean  dtw_mean  power_mean  peak_power_max  event_rate  warmup_abort_count
  full_open_unconstrained   6144    -0.149383     1.650129          0.149381  1.607705    4.620000            6.28    0.427897                   0
feasible_static_projected   6144    -0.160118     2.938921          0.160117  2.839613    1.460000            1.95    0.427897                   0
              round_robin   6144    -0.189595     8.711665          0.169173  5.071763    1.555000            1.98    0.427897                1530
               custom_ppo   6144    -0.171500     2.985724          0.169716  2.341382    1.561009            2.18    0.427897                 125
                   random   6144    -0.218676    19.360062          0.182566  8.490241    1.623711            2.38    0.427897                2706
                      aoi   6144    -0.188236    20.405617          0.186705  8.776702    1.668330            2.33    0.427897                  60
