reports/v31_s2_main/raw/budget1p70_seed48/truth_v31.csv
reports/v31_s2_main/raw/budget1p70_seed48/dataset_validation/synthetic_validation.csv
custom_ppo_update update=1 timesteps=2048 loss=0.753623 entropy=2.039326 adv_std=1.559915 awbc_label_rate=0.250
custom_ppo_update update=2 timesteps=4096 loss=0.532882 entropy=2.032620 adv_std=1.701910 awbc_label_rate=0.250
custom_ppo_update update=3 timesteps=6144 loss=0.870567 entropy=2.039372 adv_std=1.708454 awbc_label_rate=0.250
custom_ppo_update update=4 timesteps=8192 loss=1.461126 entropy=2.039570 adv_std=2.987602 awbc_label_rate=0.250
custom_ppo_update update=5 timesteps=10240 loss=1.388827 entropy=2.049439 adv_std=2.572088 awbc_label_rate=0.250
custom_ppo_update update=6 timesteps=12288 loss=0.952296 entropy=2.051884 adv_std=2.863686 awbc_label_rate=0.250
custom_ppo_update update=7 timesteps=14336 loss=1.042385 entropy=2.063634 adv_std=2.849021 awbc_label_rate=0.250
custom_ppo_update update=8 timesteps=16384 loss=0.998343 entropy=2.070284 adv_std=2.680009 awbc_label_rate=0.250
custom_ppo_update update=9 timesteps=18432 loss=1.103836 entropy=2.084572 adv_std=3.310866 awbc_label_rate=0.250
custom_ppo_update update=10 timesteps=20480 loss=1.286088 entropy=2.066069 adv_std=3.211532 awbc_label_rate=0.250
custom_ppo_update update=11 timesteps=22528 loss=1.281583 entropy=2.068266 adv_std=3.522608 awbc_label_rate=0.250
custom_ppo_update update=12 timesteps=24576 loss=1.497382 entropy=2.066722 adv_std=3.221340 awbc_label_rate=0.250
custom_ppo_update update=13 timesteps=26624 loss=1.096062 entropy=2.065051 adv_std=3.704472 awbc_label_rate=0.250
custom_ppo_update update=14 timesteps=28672 loss=1.098274 entropy=2.075038 adv_std=3.482724 awbc_label_rate=0.250
custom_ppo_update update=15 timesteps=30720 loss=0.939145 entropy=2.055727 adv_std=2.961370 awbc_label_rate=0.250
custom_ppo_update update=16 timesteps=32768 loss=1.039134 entropy=2.056720 adv_std=3.433293 awbc_label_rate=0.250
custom_ppo_update update=17 timesteps=34816 loss=0.954946 entropy=2.066396 adv_std=2.907272 awbc_label_rate=0.250
custom_ppo_update update=18 timesteps=36864 loss=1.218073 entropy=2.083870 adv_std=2.922029 awbc_label_rate=0.250
custom_ppo_update update=19 timesteps=38912 loss=0.918591 entropy=2.065539 adv_std=2.887503 awbc_label_rate=0.250
custom_ppo_update update=20 timesteps=40960 loss=0.926736 entropy=2.078308 adv_std=2.867979 awbc_label_rate=0.250
custom_ppo_update update=21 timesteps=43008 loss=0.874937 entropy=2.077337 adv_std=3.309372 awbc_label_rate=0.250
custom_ppo_update update=22 timesteps=45056 loss=0.943933 entropy=2.073904 adv_std=2.986364 awbc_label_rate=0.250
custom_ppo_update update=23 timesteps=47104 loss=1.144955 entropy=2.070097 adv_std=3.553116 awbc_label_rate=0.250
custom_ppo_update update=24 timesteps=49152 loss=0.734230 entropy=2.067180 adv_std=2.946730 awbc_label_rate=0.250
custom_ppo_update update=25 timesteps=51200 loss=0.789887 entropy=2.073248 adv_std=2.849876 awbc_label_rate=0.250
custom_ppo_update update=26 timesteps=53248 loss=0.913657 entropy=2.051187 adv_std=2.924767 awbc_label_rate=0.250
custom_ppo_update update=27 timesteps=55296 loss=0.675837 entropy=2.057850 adv_std=2.730355 awbc_label_rate=0.250
custom_ppo_update update=28 timesteps=57344 loss=1.029640 entropy=2.063771 adv_std=3.116139 awbc_label_rate=0.250
custom_ppo_update update=29 timesteps=59392 loss=1.040738 entropy=2.069737 adv_std=3.092969 awbc_label_rate=0.250
custom_ppo_update update=30 timesteps=61440 loss=0.839286 entropy=2.057889 adv_std=2.674039 awbc_label_rate=0.250
custom_ppo_update update=31 timesteps=63488 loss=0.914095 entropy=2.039831 adv_std=3.374559 awbc_label_rate=0.250
custom_ppo_update update=32 timesteps=65536 loss=0.829933 entropy=2.061809 adv_std=2.895943 awbc_label_rate=0.250
custom_ppo_update update=33 timesteps=67584 loss=1.003620 entropy=2.050562 adv_std=3.327166 awbc_label_rate=0.250
custom_ppo_update update=34 timesteps=69632 loss=0.865682 entropy=2.054049 adv_std=3.060588 awbc_label_rate=0.250
custom_ppo_update update=35 timesteps=71680 loss=0.716778 entropy=2.062818 adv_std=2.793024 awbc_label_rate=0.250
custom_ppo_update update=36 timesteps=73728 loss=0.960312 entropy=2.073228 adv_std=2.882458 awbc_label_rate=0.250
custom_ppo_update update=37 timesteps=75776 loss=0.951488 entropy=2.070996 adv_std=2.968120 awbc_label_rate=0.250
custom_ppo_update update=38 timesteps=77824 loss=0.715580 entropy=2.057172 adv_std=2.815709 awbc_label_rate=0.250
custom_ppo_update update=39 timesteps=79872 loss=0.978247 entropy=2.064791 adv_std=2.872707 awbc_label_rate=0.250
custom_ppo_update update=40 timesteps=81920 loss=0.785140 entropy=2.066384 adv_std=3.065407 awbc_label_rate=0.250
custom_ppo_update update=41 timesteps=83968 loss=0.793155 entropy=2.054853 adv_std=2.970170 awbc_label_rate=0.250
custom_ppo_update update=42 timesteps=86016 loss=0.677400 entropy=2.031277 adv_std=2.332765 awbc_label_rate=0.250
custom_ppo_update update=43 timesteps=88064 loss=1.258274 entropy=2.048067 adv_std=3.666159 awbc_label_rate=0.250
custom_ppo_update update=44 timesteps=90112 loss=0.616408 entropy=2.050025 adv_std=2.582437 awbc_label_rate=0.250
custom_ppo_update update=45 timesteps=92160 loss=1.478996 entropy=2.063562 adv_std=3.298970 awbc_label_rate=0.250
custom_ppo_update update=46 timesteps=94208 loss=1.223230 entropy=2.065482 adv_std=3.569264 awbc_label_rate=0.250
custom_ppo_update update=47 timesteps=96256 loss=1.590184 entropy=2.062327 adv_std=3.617074 awbc_label_rate=0.250
custom_ppo_update update=48 timesteps=98304 loss=0.737883 entropy=2.063293 adv_std=2.965222 awbc_label_rate=0.250
custom_ppo_update update=49 timesteps=100000 loss=0.871629 entropy=2.062625 adv_std=3.227150 awbc_label_rate=0.250
reports/v31_s2_main/raw/budget1p70_seed48/evaluation/v2_eval_overall.csv
                   policy  steps  weighted_normalized_mae      mae      rmse    smape  pearson      dtw  oracle_loss_mean  reward_mean  power_mean  power_max  peak_power_max  steady_violation_rate  peak_violation_rate  event_rate  warmup_abort_count  warmup_abort_rate  obs_reconstruction_mae  forecast_samples  forecast_weighted_mae_overall  forecast_raw_mae_overall  forecast_weighted_mae_event  forecast_weighted_mae_non_event  forecast_weighted_mae_low_temp  forecast_weighted_mae_normal
  full_open_unconstrained   6144                 0.065446 0.791432  2.720734 0.732746 0.900536 0.770078          0.146264    -0.146266    4.620000       4.62            6.28                    1.0                  1.0    0.427897                   0           0.000000                0.065446              6144                       0.146264                  1.842657                     0.156202                         0.093383                        0.112072                      0.095321
feasible_static_projected   6144                 0.260038 1.985003  4.809548 0.800971 0.931678 1.953527          0.154241    -0.154242    1.460000       1.46            1.95                    0.0                  0.0    0.427897                   0           0.000000                0.260038              6144                       0.154241                  2.032114                     0.164171                         0.101407                        0.119495                      0.107782
               custom_ppo   6144                 0.231166 1.918017  4.739947 0.800205 0.847688 1.820888          0.158823    -0.159484    1.575225       1.62            2.05                    0.0                  0.0    0.427897                  48           0.007812                0.231166              6144                       0.158823                  2.078899                     0.169417                         0.102452                        0.123976                      0.101964
              round_robin   6144                 0.278876 2.156739  5.566271 0.806508 0.897823 2.062749          0.166533    -0.186955    1.555000       1.64            1.98                    0.0                  0.0    0.427897                1530           0.249023                0.278876              6144                       0.166533                  2.114718                     0.177700                         0.107113                        0.128838                      0.114403
                   random   6144                 0.148933 2.020925 11.333339 0.801384 0.863574 1.344515          0.179935    -0.206063    1.604883       1.70            2.33                    0.0                  0.0    0.427897                1944           0.316406                0.148933              6144                       0.179935                  2.628210                     0.191473                         0.118542                        0.136238                      0.125156
                      aoi   6144                 0.169816 2.014675  9.289376 0.795561 0.830296 1.387228          0.183021    -0.216745    1.622529       1.70            2.33                    0.0                  0.0    0.427897                2520           0.410156                0.169816              6144                       0.183021                  2.266644                     0.196003                         0.113946                        0.129690                      0.124682
reports/v31_s2_main/raw/budget1p70_seed48/v2_custom_ppo_metrics.csv
                   policy  steps  reward_mean  instant_mae  oracle_loss_mean  dtw_mean  power_mean  peak_power_max  event_rate  warmup_abort_count
  full_open_unconstrained   6144    -0.146266     1.650129          0.146264  1.607705    4.620000            6.28    0.427897                   0
feasible_static_projected   6144    -0.154242     2.938921          0.154241  2.839613    1.460000            1.95    0.427897                   0
               custom_ppo   6144    -0.159484     2.895741          0.158823  2.740010    1.575225            2.05    0.427897                  48
              round_robin   6144    -0.186955     8.711665          0.166533  5.071763    1.555000            1.98    0.427897                1530
                   random   6144    -0.206063    19.373400          0.179935  8.503455    1.604883            2.33    0.427897                1944
                      aoi   6144    -0.216745    20.381528          0.183021  8.775460    1.622529            2.33    0.427897                2520
