reports/v31_s2_main/raw/budget1p75_seed45/truth_v31.csv
reports/v31_s2_main/raw/budget1p75_seed45/dataset_validation/synthetic_validation.csv
custom_ppo_update update=1 timesteps=2048 loss=0.543575 entropy=2.046820 adv_std=0.956170 awbc_label_rate=0.250
custom_ppo_update update=2 timesteps=4096 loss=0.815589 entropy=2.049718 adv_std=1.595363 awbc_label_rate=0.250
custom_ppo_update update=3 timesteps=6144 loss=0.729790 entropy=2.050440 adv_std=2.075950 awbc_label_rate=0.250
custom_ppo_update update=4 timesteps=8192 loss=1.378305 entropy=2.076134 adv_std=2.534796 awbc_label_rate=0.250
custom_ppo_update update=5 timesteps=10240 loss=0.990642 entropy=2.088944 adv_std=2.665050 awbc_label_rate=0.250
custom_ppo_update update=6 timesteps=12288 loss=1.299588 entropy=2.088315 adv_std=3.161979 awbc_label_rate=0.250
custom_ppo_update update=7 timesteps=14336 loss=0.934056 entropy=2.090181 adv_std=2.821652 awbc_label_rate=0.250
custom_ppo_update update=8 timesteps=16384 loss=1.386273 entropy=2.067171 adv_std=3.565811 awbc_label_rate=0.250
custom_ppo_update update=9 timesteps=18432 loss=1.172973 entropy=2.085622 adv_std=3.199510 awbc_label_rate=0.250
custom_ppo_update update=10 timesteps=20480 loss=1.187095 entropy=2.090518 adv_std=3.043150 awbc_label_rate=0.250
custom_ppo_update update=11 timesteps=22528 loss=0.963650 entropy=2.097413 adv_std=3.092244 awbc_label_rate=0.250
custom_ppo_update update=12 timesteps=24576 loss=1.079410 entropy=2.087858 adv_std=3.158005 awbc_label_rate=0.250
custom_ppo_update update=13 timesteps=26624 loss=0.944296 entropy=2.073362 adv_std=2.959474 awbc_label_rate=0.250
custom_ppo_update update=14 timesteps=28672 loss=0.938960 entropy=2.101361 adv_std=3.310000 awbc_label_rate=0.250
custom_ppo_update update=15 timesteps=30720 loss=1.334093 entropy=2.063656 adv_std=3.810122 awbc_label_rate=0.250
custom_ppo_update update=16 timesteps=32768 loss=1.396484 entropy=2.090408 adv_std=3.422392 awbc_label_rate=0.250
custom_ppo_update update=17 timesteps=34816 loss=1.004361 entropy=2.057449 adv_std=3.207462 awbc_label_rate=0.250
custom_ppo_update update=18 timesteps=36864 loss=0.856546 entropy=2.068588 adv_std=2.915063 awbc_label_rate=0.250
custom_ppo_update update=19 timesteps=38912 loss=1.026688 entropy=2.092291 adv_std=3.015787 awbc_label_rate=0.250
custom_ppo_update update=20 timesteps=40960 loss=1.262909 entropy=2.051993 adv_std=2.684609 awbc_label_rate=0.250
custom_ppo_update update=21 timesteps=43008 loss=0.972307 entropy=2.076546 adv_std=3.173918 awbc_label_rate=0.250
custom_ppo_update update=22 timesteps=45056 loss=1.033171 entropy=2.071141 adv_std=3.081442 awbc_label_rate=0.250
custom_ppo_update update=23 timesteps=47104 loss=0.758233 entropy=2.067580 adv_std=2.855980 awbc_label_rate=0.250
custom_ppo_update update=24 timesteps=49152 loss=1.114897 entropy=2.064228 adv_std=3.009478 awbc_label_rate=0.250
custom_ppo_update update=25 timesteps=51200 loss=0.931763 entropy=2.076803 adv_std=3.124911 awbc_label_rate=0.250
custom_ppo_update update=26 timesteps=53248 loss=1.178645 entropy=2.084439 adv_std=3.453264 awbc_label_rate=0.250
custom_ppo_update update=27 timesteps=55296 loss=1.080216 entropy=2.089131 adv_std=3.475708 awbc_label_rate=0.250
custom_ppo_update update=28 timesteps=57344 loss=1.387534 entropy=2.075108 adv_std=3.340749 awbc_label_rate=0.250
custom_ppo_update update=29 timesteps=59392 loss=1.289594 entropy=2.075350 adv_std=3.769725 awbc_label_rate=0.250
custom_ppo_update update=30 timesteps=61440 loss=0.875635 entropy=2.093423 adv_std=2.996249 awbc_label_rate=0.250
custom_ppo_update update=31 timesteps=63488 loss=1.345361 entropy=2.089361 adv_std=3.796662 awbc_label_rate=0.250
custom_ppo_update update=32 timesteps=65536 loss=1.323488 entropy=2.092210 adv_std=3.696351 awbc_label_rate=0.250
custom_ppo_update update=33 timesteps=67584 loss=1.094932 entropy=2.065668 adv_std=3.260499 awbc_label_rate=0.250
custom_ppo_update update=34 timesteps=69632 loss=1.182599 entropy=2.071707 adv_std=3.435091 awbc_label_rate=0.250
custom_ppo_update update=35 timesteps=71680 loss=0.803238 entropy=2.080011 adv_std=2.809102 awbc_label_rate=0.250
custom_ppo_update update=36 timesteps=73728 loss=1.260508 entropy=2.068475 adv_std=3.765470 awbc_label_rate=0.250
custom_ppo_update update=37 timesteps=75776 loss=0.876786 entropy=2.059866 adv_std=2.620438 awbc_label_rate=0.250
custom_ppo_update update=38 timesteps=77824 loss=1.012099 entropy=2.079236 adv_std=3.322823 awbc_label_rate=0.250
custom_ppo_update update=39 timesteps=79872 loss=0.879960 entropy=2.081841 adv_std=2.685931 awbc_label_rate=0.250
custom_ppo_update update=40 timesteps=81920 loss=1.987318 entropy=2.070583 adv_std=4.205013 awbc_label_rate=0.250
custom_ppo_update update=41 timesteps=83968 loss=0.889438 entropy=2.069387 adv_std=2.616385 awbc_label_rate=0.250
custom_ppo_update update=42 timesteps=86016 loss=0.942110 entropy=2.091861 adv_std=3.268325 awbc_label_rate=0.250
custom_ppo_update update=43 timesteps=88064 loss=1.055051 entropy=2.110233 adv_std=3.196405 awbc_label_rate=0.250
custom_ppo_update update=44 timesteps=90112 loss=1.196528 entropy=2.067487 adv_std=3.696823 awbc_label_rate=0.250
custom_ppo_update update=45 timesteps=92160 loss=0.753049 entropy=2.112738 adv_std=3.098170 awbc_label_rate=0.250
custom_ppo_update update=46 timesteps=94208 loss=0.996304 entropy=2.061990 adv_std=2.754699 awbc_label_rate=0.250
custom_ppo_update update=47 timesteps=96256 loss=1.037235 entropy=2.057242 adv_std=3.066880 awbc_label_rate=0.250
custom_ppo_update update=48 timesteps=98304 loss=0.883779 entropy=2.080511 adv_std=2.889537 awbc_label_rate=0.250
custom_ppo_update update=49 timesteps=100000 loss=0.815049 entropy=2.078811 adv_std=2.683523 awbc_label_rate=0.250
reports/v31_s2_main/raw/budget1p75_seed45/evaluation/v2_eval_overall.csv
                   policy  steps  weighted_normalized_mae      mae      rmse    smape  pearson      dtw  oracle_loss_mean  reward_mean  power_mean  power_max  peak_power_max  steady_violation_rate  peak_violation_rate  event_rate  warmup_abort_count  warmup_abort_rate  obs_reconstruction_mae  forecast_samples  forecast_weighted_mae_overall  forecast_raw_mae_overall  forecast_weighted_mae_event  forecast_weighted_mae_non_event  forecast_weighted_mae_low_temp  forecast_weighted_mae_normal
  full_open_unconstrained   6144                 0.065096 0.778106  2.683789 0.746673 0.910368 0.752175          0.151208    -0.151210    4.620000       4.62            6.28                    1.0                  1.0    0.294922                   0           0.000000                0.065096              6144                       0.151208                  2.078240                     0.155886                         0.121258                        0.138912                      0.119410
feasible_static_projected   6144                 0.209861 1.653637  3.951644 0.825676 0.935394 1.619808          0.156708    -0.156709    1.460000       1.46            1.95                    0.0                  0.0    0.294922                   0           0.000000                0.209861              6144                       0.156708                  2.106837                     0.161702                         0.124735                        0.144431                      0.123211
               custom_ppo   6144                 0.209769 1.690034  4.005655 0.830299 0.913957 1.629849          0.162909    -0.164172    1.551579       1.60            1.95                    0.0                  0.0    0.294922                  93           0.015137                0.209769              6144                       0.162909                  2.145479                     0.168501                         0.127105                        0.148462                      0.125338
              round_robin   6144                 0.232639 1.925147  5.665330 0.830767 0.898989 1.832496          0.171410    -0.191833    1.555000       1.64            1.98                    0.0                  0.0    0.294922                1530           0.249023                0.232639              6144                       0.171410                  2.290592                     0.177556                         0.132064                        0.158573                      0.130733
                      aoi   6144                 0.186520 2.498958 12.960273 0.835904 0.797943 1.684895          0.193883    -0.195414    1.668262       1.72            2.33                    0.0                  0.0    0.294922                  60           0.009766                0.186520              6144                       0.193883                  2.560258                     0.201278                         0.146536                        0.156616                      0.147428
                   random   6144                 0.168370 2.448663 14.979960 0.839033 0.840929 1.560643          0.204684    -0.243558    1.626855       1.74            2.38                    0.0                  0.0    0.294922                2916           0.474609                0.168370              6144                       0.204684                  3.040514                     0.213304                         0.149496                        0.170006                      0.149687
reports/v31_s2_main/raw/budget1p75_seed45/v2_custom_ppo_metrics.csv
                   policy  steps  reward_mean  instant_mae  oracle_loss_mean  dtw_mean  power_mean  peak_power_max  event_rate  warmup_abort_count
  full_open_unconstrained   6144    -0.151210     1.655863          0.151208  1.614134    4.620000            6.28    0.294922                   0
feasible_static_projected   6144    -0.156709     2.696703          0.156708  2.598733    1.460000            1.95    0.294922                   0
               custom_ppo   6144    -0.164172     2.713389          0.162909  2.596033    1.551579            1.95    0.294922                  93
              round_robin   6144    -0.191833    12.279849          0.171410  6.257527    1.555000            1.98    0.294922                1530
                      aoi   6144    -0.195414    32.038702          0.193883 12.656517    1.668262            2.33    0.294922                  60
                   random   6144    -0.243558    29.581785          0.204684 11.817437    1.626855            2.38    0.294922                2916
