custom_ppo_update update=1 timesteps=2048 loss=0.534123 entropy=1.976397 adv_std=0.881429 awbc_label_rate=0.250
custom_ppo_update update=2 timesteps=4096 loss=0.662916 entropy=1.986474 adv_std=1.424324 awbc_label_rate=0.250
custom_ppo_update update=3 timesteps=6144 loss=0.721039 entropy=1.987608 adv_std=2.233733 awbc_label_rate=0.250
custom_ppo_update update=4 timesteps=8192 loss=1.158538 entropy=1.996428 adv_std=2.489182 awbc_label_rate=0.250
custom_ppo_update update=5 timesteps=10240 loss=0.836486 entropy=2.028156 adv_std=2.253010 awbc_label_rate=0.250
custom_ppo_update update=6 timesteps=12288 loss=0.917349 entropy=2.011036 adv_std=2.706662 awbc_label_rate=0.250
custom_ppo_update update=7 timesteps=14336 loss=0.959086 entropy=2.000721 adv_std=2.608207 awbc_label_rate=0.250
custom_ppo_update update=8 timesteps=16384 loss=1.109804 entropy=1.990853 adv_std=2.980803 awbc_label_rate=0.250
custom_ppo_update update=9 timesteps=18432 loss=0.775020 entropy=2.001474 adv_std=2.648760 awbc_label_rate=0.250
custom_ppo_update update=10 timesteps=20480 loss=1.044636 entropy=2.017124 adv_std=3.011710 awbc_label_rate=0.250
custom_ppo_update update=11 timesteps=22528 loss=1.082824 entropy=2.016853 adv_std=2.648174 awbc_label_rate=0.250
custom_ppo_update update=12 timesteps=24576 loss=0.937850 entropy=2.026744 adv_std=2.906822 awbc_label_rate=0.250
custom_ppo_update update=13 timesteps=26624 loss=0.863700 entropy=2.009641 adv_std=2.792221 awbc_label_rate=0.250
custom_ppo_update update=14 timesteps=28672 loss=0.894078 entropy=2.024837 adv_std=3.125834 awbc_label_rate=0.250
custom_ppo_update update=15 timesteps=30720 loss=1.329212 entropy=2.005165 adv_std=3.530860 awbc_label_rate=0.250
custom_ppo_update update=16 timesteps=32768 loss=1.360497 entropy=1.991195 adv_std=3.345585 awbc_label_rate=0.250
custom_ppo_update update=17 timesteps=34816 loss=0.844476 entropy=1.978793 adv_std=3.021642 awbc_label_rate=0.250
custom_ppo_update update=18 timesteps=36864 loss=0.992433 entropy=2.007392 adv_std=3.029689 awbc_label_rate=0.250
custom_ppo_update update=19 timesteps=38912 loss=0.867282 entropy=2.005817 adv_std=2.874304 awbc_label_rate=0.250
custom_ppo_update update=20 timesteps=40960 loss=0.849519 entropy=2.023248 adv_std=2.511248 awbc_label_rate=0.250
custom_ppo_update update=21 timesteps=43008 loss=0.669451 entropy=2.013230 adv_std=2.722074 awbc_label_rate=0.250
custom_ppo_update update=22 timesteps=45056 loss=1.036192 entropy=1.991284 adv_std=3.140316 awbc_label_rate=0.250
custom_ppo_update update=23 timesteps=47104 loss=0.797059 entropy=1.989320 adv_std=2.739170 awbc_label_rate=0.250
custom_ppo_update update=24 timesteps=49152 loss=1.164853 entropy=1.990885 adv_std=3.222225 awbc_label_rate=0.250
custom_ppo_update update=25 timesteps=51200 loss=1.186316 entropy=1.989743 adv_std=3.295891 awbc_label_rate=0.250
custom_ppo_update update=26 timesteps=53248 loss=1.224599 entropy=1.992946 adv_std=3.805828 awbc_label_rate=0.250
custom_ppo_update update=27 timesteps=55296 loss=0.909143 entropy=2.015421 adv_std=3.507380 awbc_label_rate=0.250
custom_ppo_update update=28 timesteps=57344 loss=0.985265 entropy=2.004405 adv_std=3.232283 awbc_label_rate=0.250
custom_ppo_update update=29 timesteps=59392 loss=1.454557 entropy=2.006054 adv_std=3.693455 awbc_label_rate=0.250
custom_ppo_update update=30 timesteps=61440 loss=1.035207 entropy=2.001222 adv_std=3.414902 awbc_label_rate=0.250
custom_ppo_update update=31 timesteps=63488 loss=1.442434 entropy=1.987615 adv_std=3.752320 awbc_label_rate=0.250
custom_ppo_update update=32 timesteps=65536 loss=1.399071 entropy=1.990877 adv_std=4.006867 awbc_label_rate=0.250
custom_ppo_update update=33 timesteps=67584 loss=1.068570 entropy=1.992936 adv_std=3.474708 awbc_label_rate=0.250
custom_ppo_update update=34 timesteps=69632 loss=1.189577 entropy=1.987489 adv_std=3.388892 awbc_label_rate=0.250
custom_ppo_update update=35 timesteps=71680 loss=0.636374 entropy=1.996614 adv_std=2.566053 awbc_label_rate=0.250
custom_ppo_update update=36 timesteps=73728 loss=1.265969 entropy=2.023049 adv_std=3.805909 awbc_label_rate=0.250
custom_ppo_update update=37 timesteps=75776 loss=0.858072 entropy=1.977867 adv_std=2.618064 awbc_label_rate=0.250
custom_ppo_update update=38 timesteps=77824 loss=1.004608 entropy=1.987655 adv_std=3.353218 awbc_label_rate=0.250
custom_ppo_update update=39 timesteps=79872 loss=1.087006 entropy=2.001914 adv_std=2.824414 awbc_label_rate=0.250
custom_ppo_update update=40 timesteps=81920 loss=1.345376 entropy=2.020466 adv_std=4.129575 awbc_label_rate=0.250
custom_ppo_update update=41 timesteps=83968 loss=0.833969 entropy=2.019613 adv_std=2.623556 awbc_label_rate=0.250
custom_ppo_update update=42 timesteps=86016 loss=0.723890 entropy=2.014932 adv_std=2.966783 awbc_label_rate=0.250
custom_ppo_update update=43 timesteps=88064 loss=0.976854 entropy=2.014689 adv_std=3.310212 awbc_label_rate=0.250
custom_ppo_update update=44 timesteps=90112 loss=1.072088 entropy=1.989853 adv_std=3.329988 awbc_label_rate=0.250
custom_ppo_update update=45 timesteps=92160 loss=1.000406 entropy=2.001508 adv_std=3.223159 awbc_label_rate=0.250
custom_ppo_update update=46 timesteps=94208 loss=0.960616 entropy=1.979205 adv_std=2.618670 awbc_label_rate=0.250
custom_ppo_update update=47 timesteps=96256 loss=0.869829 entropy=1.987275 adv_std=3.025924 awbc_label_rate=0.250
custom_ppo_update update=48 timesteps=98304 loss=0.958859 entropy=2.009993 adv_std=2.905934 awbc_label_rate=0.250
custom_ppo_update update=49 timesteps=100000 loss=0.803815 entropy=1.988593 adv_std=2.700404 awbc_label_rate=0.250
reports/v31_ablation_aligned/raw/A1_remove_one_v31_aligned/no_action_mask/budget1p70_seed45/v2_custom_ppo_metrics.csv
                   policy  steps  reward_mean  instant_mae  oracle_loss_mean  dtw_mean  power_mean  peak_power_max  event_rate  warmup_abort_count
  full_open_unconstrained   6144    -0.150586     1.655863          0.150584  1.614134    4.620000            6.28    0.294922                   0
feasible_static_projected   6144    -0.155702     2.696703          0.155702  2.598733    1.460000            1.95    0.294922                   0
               custom_ppo   6144    -0.164859     2.724425          0.162846  2.596822    1.535195            2.18    0.294922                 150
              round_robin   6144    -0.190735    12.279849          0.170313  6.257527    1.555000            1.98    0.294922                1530
                      aoi   6144    -0.221488    32.124893          0.194801 12.679895    1.621777            2.33    0.294922                1980
                   random   6144    -0.228708    29.634401          0.200356 11.809793    1.607090            2.33    0.294922                2112
reports/v31_ablation_aligned/raw/A1_remove_one_v31_aligned/no_action_mask/budget1p70_seed45/evaluation/v2_eval_overall.csv
                   policy  steps  weighted_normalized_mae      mae      rmse    smape  pearson      dtw  oracle_loss_mean  reward_mean  power_mean  power_max  peak_power_max  steady_violation_rate  peak_violation_rate  event_rate  warmup_abort_count  warmup_abort_rate  obs_reconstruction_mae  forecast_samples  forecast_weighted_mae_overall  forecast_raw_mae_overall  forecast_weighted_mae_event  forecast_weighted_mae_non_event  forecast_weighted_mae_low_temp  forecast_weighted_mae_normal
  full_open_unconstrained   6144                 0.065096 0.778106  2.683789 0.746673 0.910368 0.752175          0.150584    -0.150586    4.620000       4.62            6.28                    1.0                  1.0    0.294922                   0           0.000000                0.065096              6144                       0.150584                  2.084483                     0.154961                         0.122560                        0.139099                      0.120269
feasible_static_projected   6144                 0.209861 1.653637  3.951644 0.825676 0.935394 1.619808          0.155702    -0.155702    1.460000       1.46            1.95                    0.0                  0.0    0.294922                   0           0.000000                0.209861              6144                       0.155702                  2.115267                     0.160471                         0.125164                        0.144570                      0.123441
               custom_ppo   6144                 0.216640 1.693345  3.999018 0.834999 0.904282 1.625061          0.162846    -0.164859    1.535195       1.60            2.18                    0.0                  0.0    0.294922                 150           0.024414                0.216640              6144                       0.162845                  2.171490                     0.168197                         0.128580                        0.145771                      0.128870
              round_robin   6144                 0.232639 1.925147  5.665330 0.830767 0.898989 1.832496          0.170313    -0.190735    1.555000       1.64            1.98                    0.0                  0.0    0.294922                1530           0.249023                0.232639              6144                       0.170313                  2.307513                     0.176167                         0.132831                        0.154331                      0.132184
                      aoi   6144                 0.195173 2.535979 13.006656 0.835444 0.798021 1.703415          0.194801    -0.221488    1.621777       1.70            2.33                    0.0                  0.0    0.294922                1980           0.322266                0.195173              6144                       0.194801                  2.616136                     0.202835                         0.143363                        0.158645                      0.144166
                   random   6144                 0.157382 2.464586 15.090386 0.834611 0.856943 1.562259          0.200356    -0.228708    1.607090       1.70            2.33                    0.0                  0.0    0.294922                2112           0.343750                0.157382              6144                       0.200356                  3.103289                     0.208364                         0.149087                        0.165582                      0.148312
