custom_ppo_update update=1 timesteps=2048 loss=1.034644 entropy=2.038418 adv_std=1.857025 awbc_label_rate=0.250
custom_ppo_update update=2 timesteps=4096 loss=0.844284 entropy=2.035085 adv_std=1.762724 awbc_label_rate=0.250
custom_ppo_update update=3 timesteps=6144 loss=1.021436 entropy=2.052363 adv_std=1.964799 awbc_label_rate=0.250
custom_ppo_update update=4 timesteps=8192 loss=0.834131 entropy=2.067678 adv_std=2.359963 awbc_label_rate=0.250
custom_ppo_update update=5 timesteps=10240 loss=1.424588 entropy=2.063448 adv_std=2.731259 awbc_label_rate=0.250
custom_ppo_update update=6 timesteps=12288 loss=0.826313 entropy=2.068744 adv_std=2.499319 awbc_label_rate=0.250
custom_ppo_update update=7 timesteps=14336 loss=0.881708 entropy=2.062824 adv_std=2.453296 awbc_label_rate=0.250
custom_ppo_update update=8 timesteps=16384 loss=0.720217 entropy=2.077193 adv_std=2.411567 awbc_label_rate=0.250
custom_ppo_update update=9 timesteps=18432 loss=1.262058 entropy=2.075151 adv_std=2.917950 awbc_label_rate=0.250
custom_ppo_update update=10 timesteps=20480 loss=0.871190 entropy=2.071236 adv_std=2.815944 awbc_label_rate=0.250
custom_ppo_update update=11 timesteps=22528 loss=0.690865 entropy=2.055050 adv_std=2.283547 awbc_label_rate=0.250
custom_ppo_update update=12 timesteps=24576 loss=0.934110 entropy=2.064328 adv_std=2.700726 awbc_label_rate=0.250
custom_ppo_update update=13 timesteps=26624 loss=0.597033 entropy=2.054329 adv_std=2.482737 awbc_label_rate=0.250
custom_ppo_update update=14 timesteps=28672 loss=0.926235 entropy=2.078016 adv_std=2.446585 awbc_label_rate=0.250
custom_ppo_update update=15 timesteps=30720 loss=0.826631 entropy=2.077624 adv_std=2.754642 awbc_label_rate=0.250
custom_ppo_update update=16 timesteps=32768 loss=0.722570 entropy=2.075000 adv_std=2.821803 awbc_label_rate=0.250
custom_ppo_update update=17 timesteps=34816 loss=0.866078 entropy=2.071764 adv_std=2.715859 awbc_label_rate=0.250
custom_ppo_update update=18 timesteps=36864 loss=0.787683 entropy=2.058323 adv_std=2.724166 awbc_label_rate=0.250
custom_ppo_update update=19 timesteps=38912 loss=0.922700 entropy=2.083707 adv_std=3.058788 awbc_label_rate=0.250
custom_ppo_update update=20 timesteps=40960 loss=1.015149 entropy=2.060540 adv_std=3.214765 awbc_label_rate=0.250
custom_ppo_update update=21 timesteps=43008 loss=1.106549 entropy=2.064200 adv_std=3.291960 awbc_label_rate=0.250
custom_ppo_update update=22 timesteps=45056 loss=1.634027 entropy=2.069248 adv_std=3.559056 awbc_label_rate=0.250
custom_ppo_update update=23 timesteps=47104 loss=0.916584 entropy=2.080162 adv_std=3.226875 awbc_label_rate=0.250
custom_ppo_update update=24 timesteps=49152 loss=1.280511 entropy=2.061834 adv_std=3.739370 awbc_label_rate=0.250
custom_ppo_update update=25 timesteps=51200 loss=1.125252 entropy=2.067067 adv_std=3.584209 awbc_label_rate=0.250
custom_ppo_update update=26 timesteps=53248 loss=1.082109 entropy=2.060803 adv_std=3.309416 awbc_label_rate=0.250
custom_ppo_update update=27 timesteps=55296 loss=0.910066 entropy=2.060287 adv_std=3.266698 awbc_label_rate=0.250
custom_ppo_update update=28 timesteps=57344 loss=0.830989 entropy=2.059754 adv_std=3.467510 awbc_label_rate=0.250
custom_ppo_update update=29 timesteps=59392 loss=0.746105 entropy=2.054102 adv_std=2.773154 awbc_label_rate=0.250
custom_ppo_update update=30 timesteps=61440 loss=0.582537 entropy=2.056119 adv_std=2.614136 awbc_label_rate=0.250
custom_ppo_update update=31 timesteps=63488 loss=0.663355 entropy=2.057977 adv_std=2.384229 awbc_label_rate=0.250
custom_ppo_update update=32 timesteps=65536 loss=0.900887 entropy=2.050913 adv_std=2.930677 awbc_label_rate=0.250
custom_ppo_update update=33 timesteps=67584 loss=0.712537 entropy=2.057488 adv_std=2.807862 awbc_label_rate=0.250
custom_ppo_update update=34 timesteps=69632 loss=0.898190 entropy=2.057792 adv_std=3.145349 awbc_label_rate=0.250
custom_ppo_update update=35 timesteps=71680 loss=1.003645 entropy=2.082272 adv_std=2.597180 awbc_label_rate=0.250
custom_ppo_update update=36 timesteps=73728 loss=0.907591 entropy=2.058552 adv_std=3.202945 awbc_label_rate=0.250
custom_ppo_update update=37 timesteps=75776 loss=0.695337 entropy=2.047776 adv_std=2.481143 awbc_label_rate=0.250
custom_ppo_update update=38 timesteps=77824 loss=0.692627 entropy=2.064439 adv_std=2.573990 awbc_label_rate=0.250
custom_ppo_update update=39 timesteps=79872 loss=0.740585 entropy=2.073024 adv_std=2.840735 awbc_label_rate=0.250
custom_ppo_update update=40 timesteps=81920 loss=1.029342 entropy=2.081287 adv_std=2.927948 awbc_label_rate=0.250
custom_ppo_update update=41 timesteps=83968 loss=1.158249 entropy=2.090991 adv_std=3.124318 awbc_label_rate=0.250
custom_ppo_update update=42 timesteps=86016 loss=0.846383 entropy=2.061379 adv_std=2.542325 awbc_label_rate=0.250
custom_ppo_update update=43 timesteps=88064 loss=0.848248 entropy=2.062527 adv_std=2.825355 awbc_label_rate=0.250
custom_ppo_update update=44 timesteps=90112 loss=0.878318 entropy=2.062935 adv_std=2.745917 awbc_label_rate=0.250
custom_ppo_update update=45 timesteps=92160 loss=0.742591 entropy=2.070458 adv_std=2.478410 awbc_label_rate=0.250
custom_ppo_update update=46 timesteps=94208 loss=0.957213 entropy=2.050169 adv_std=3.148393 awbc_label_rate=0.250
custom_ppo_update update=47 timesteps=96256 loss=0.853079 entropy=2.064278 adv_std=2.731459 awbc_label_rate=0.250
custom_ppo_update update=48 timesteps=98304 loss=0.859654 entropy=2.062412 adv_std=2.832977 awbc_label_rate=0.250
custom_ppo_update update=49 timesteps=100000 loss=0.874516 entropy=2.058241 adv_std=2.843239 awbc_label_rate=0.250
reports/v31_ablation_aligned/raw/A1_remove_one_v31_aligned/no_action_mask/budget1p70_seed43/v2_custom_ppo_metrics.csv
                   policy  steps  reward_mean  instant_mae  oracle_loss_mean  dtw_mean  power_mean  peak_power_max  event_rate  warmup_abort_count
  full_open_unconstrained   6144    -0.160299     1.650386          0.160297  1.605024    4.620000            6.28    0.352702                   0
feasible_static_projected   6144    -0.171815     2.803499          0.171814  2.697166    1.460000            1.95    0.352702                   0
               custom_ppo   6144    -0.174800     2.907176          0.173332  2.515001    1.529183            2.07    0.352702                 102
              round_robin   6144    -0.201688     9.367867          0.181266  5.212417    1.555000            1.98    0.352702                1530
                      aoi   6144    -0.218444    23.122137          0.182375  9.884176    1.622780            2.33    0.352702                2700
                   random   6144    -0.215647    20.115153          0.190296  8.904403    1.603066            2.33    0.352702                1884
reports/v31_ablation_aligned/raw/A1_remove_one_v31_aligned/no_action_mask/budget1p70_seed43/evaluation/v2_eval_overall.csv
                   policy  steps  weighted_normalized_mae      mae      rmse    smape  pearson      dtw  oracle_loss_mean  reward_mean  power_mean  power_max  peak_power_max  steady_violation_rate  peak_violation_rate  event_rate  warmup_abort_count  warmup_abort_rate  obs_reconstruction_mae  forecast_samples  forecast_weighted_mae_overall  forecast_raw_mae_overall  forecast_weighted_mae_event  forecast_weighted_mae_non_event  forecast_weighted_mae_low_temp  forecast_weighted_mae_normal
  full_open_unconstrained   6144                 0.065856 0.790941  2.724093 0.726462 0.907555 0.767387          0.160297    -0.160299    4.620000       4.62            6.28                    1.0                  1.0    0.352702                   0           0.000000                0.065856              6144                       0.160297                  2.484320                     0.172976                         0.116647                        0.129271                      0.117796
feasible_static_projected   6144                 0.230691 1.792221  4.279747 0.793600 0.931630 1.761022          0.171814    -0.171815    1.460000       1.46            1.95                    0.0                  0.0    0.352702                   0           0.000000                0.230691              6144                       0.171814                  2.535209                     0.182044                         0.136595                        0.153256                      0.115721
               custom_ppo   6144                 0.178604 1.924202  9.767235 0.788539 0.888675 1.516499          0.173332    -0.174800    1.529183       1.62            2.07                    0.0                  0.0    0.352702                 102           0.016602                0.178604              6144                       0.173332                  3.040778                     0.185546                         0.131286                        0.142029                      0.130914
              round_robin   6144                 0.250575 2.098810  5.994935 0.796027 0.903665 1.943822          0.181266    -0.201688    1.555000       1.64            1.98                    0.0                  0.0    0.352702                1530           0.249023                0.250575              6144                       0.181266                  2.650900                     0.191158                         0.147212                        0.156095                      0.132247
                      aoi   6144                 0.141356 2.701406 13.582981 0.785910 0.883553 1.719292          0.182375    -0.218444    1.622780       1.70            2.33                    0.0                  0.0    0.352702                2700           0.439453                0.141356              6144                       0.182375                  3.219786                     0.192813                         0.146445                        0.146124                      0.142000
                   random   6144                 0.157833 2.796395 16.616963 0.798122 0.858038 1.715627          0.190296    -0.215647    1.603066       1.70            2.33                    0.0                  0.0    0.352702                1884           0.306641                0.157833              6144                       0.190296                  3.796415                     0.201376                         0.152156                        0.149847                      0.153175
