custom_ppo_update update=1 timesteps=2048 loss=0.644574 entropy=2.126331 adv_std=1.539141 awbc_label_rate=0.250
custom_ppo_update update=2 timesteps=4096 loss=0.903991 entropy=2.129730 adv_std=1.632003 awbc_label_rate=0.250
custom_ppo_update update=3 timesteps=6144 loss=1.428436 entropy=2.129616 adv_std=2.791589 awbc_label_rate=0.250
custom_ppo_update update=4 timesteps=8192 loss=1.130056 entropy=2.137381 adv_std=2.271244 awbc_label_rate=0.250
custom_ppo_update update=5 timesteps=10240 loss=1.463756 entropy=2.140104 adv_std=3.056792 awbc_label_rate=0.250
custom_ppo_update update=6 timesteps=12288 loss=1.616443 entropy=2.141260 adv_std=2.911148 awbc_label_rate=0.250
custom_ppo_update update=7 timesteps=14336 loss=1.021104 entropy=2.147871 adv_std=2.982472 awbc_label_rate=0.250
custom_ppo_update update=8 timesteps=16384 loss=1.080895 entropy=2.151619 adv_std=3.404119 awbc_label_rate=0.250
custom_ppo_update update=9 timesteps=18432 loss=1.012323 entropy=2.154491 adv_std=2.977515 awbc_label_rate=0.250
custom_ppo_update update=10 timesteps=20480 loss=0.978443 entropy=2.162948 adv_std=3.083737 awbc_label_rate=0.250
custom_ppo_update update=11 timesteps=22528 loss=0.851653 entropy=2.160340 adv_std=3.143332 awbc_label_rate=0.250
custom_ppo_update update=12 timesteps=24576 loss=1.108769 entropy=2.157479 adv_std=3.004460 awbc_label_rate=0.250
custom_ppo_update update=13 timesteps=26624 loss=1.087590 entropy=2.149243 adv_std=3.040783 awbc_label_rate=0.250
custom_ppo_update update=14 timesteps=28672 loss=1.245788 entropy=2.151797 adv_std=2.860459 awbc_label_rate=0.250
custom_ppo_update update=15 timesteps=30720 loss=0.892061 entropy=2.156113 adv_std=3.636753 awbc_label_rate=0.250
custom_ppo_update update=16 timesteps=32768 loss=0.918209 entropy=2.157071 adv_std=3.071592 awbc_label_rate=0.250
custom_ppo_update update=17 timesteps=34816 loss=1.263516 entropy=2.144149 adv_std=3.847852 awbc_label_rate=0.250
custom_ppo_update update=18 timesteps=36864 loss=0.907046 entropy=2.147999 adv_std=2.993779 awbc_label_rate=0.250
custom_ppo_update update=19 timesteps=38912 loss=1.299320 entropy=2.153327 adv_std=3.800369 awbc_label_rate=0.250
custom_ppo_update update=20 timesteps=40960 loss=1.184149 entropy=2.156654 adv_std=3.983416 awbc_label_rate=0.250
custom_ppo_update update=21 timesteps=43008 loss=1.298185 entropy=2.161822 adv_std=3.685190 awbc_label_rate=0.250
custom_ppo_update update=22 timesteps=45056 loss=0.773914 entropy=2.161472 adv_std=2.893213 awbc_label_rate=0.250
custom_ppo_update update=23 timesteps=47104 loss=0.666197 entropy=2.155258 adv_std=3.041740 awbc_label_rate=0.250
custom_ppo_update update=24 timesteps=49152 loss=1.132836 entropy=2.155392 adv_std=3.602160 awbc_label_rate=0.250
custom_ppo_update update=25 timesteps=51200 loss=1.019941 entropy=2.159489 adv_std=3.285651 awbc_label_rate=0.250
custom_ppo_update update=26 timesteps=53248 loss=1.579095 entropy=2.168960 adv_std=3.794514 awbc_label_rate=0.250
custom_ppo_update update=27 timesteps=55296 loss=0.618432 entropy=2.153446 adv_std=2.481534 awbc_label_rate=0.250
custom_ppo_update update=28 timesteps=57344 loss=0.577904 entropy=2.147055 adv_std=2.188108 awbc_label_rate=0.250
custom_ppo_update update=29 timesteps=59392 loss=0.759395 entropy=2.150720 adv_std=2.786170 awbc_label_rate=0.250
custom_ppo_update update=30 timesteps=61440 loss=0.681445 entropy=2.164896 adv_std=2.741679 awbc_label_rate=0.250
custom_ppo_update update=31 timesteps=63488 loss=0.790318 entropy=2.148910 adv_std=2.733409 awbc_label_rate=0.250
custom_ppo_update update=32 timesteps=65536 loss=0.539064 entropy=2.145725 adv_std=2.360416 awbc_label_rate=0.250
custom_ppo_update update=33 timesteps=67584 loss=0.696911 entropy=2.151973 adv_std=2.445335 awbc_label_rate=0.250
custom_ppo_update update=34 timesteps=69632 loss=0.815318 entropy=2.149527 adv_std=2.809767 awbc_label_rate=0.250
custom_ppo_update update=35 timesteps=71680 loss=0.772776 entropy=2.147806 adv_std=2.608570 awbc_label_rate=0.250
custom_ppo_update update=36 timesteps=73728 loss=0.709049 entropy=2.157868 adv_std=2.972336 awbc_label_rate=0.250
custom_ppo_update update=37 timesteps=75776 loss=1.034321 entropy=2.157265 adv_std=2.885902 awbc_label_rate=0.250
custom_ppo_update update=38 timesteps=77824 loss=1.034802 entropy=2.153032 adv_std=3.187715 awbc_label_rate=0.250
custom_ppo_update update=39 timesteps=79872 loss=0.851141 entropy=2.151513 adv_std=2.773920 awbc_label_rate=0.250
custom_ppo_update update=40 timesteps=81920 loss=0.668285 entropy=2.163531 adv_std=2.678452 awbc_label_rate=0.250
custom_ppo_update update=41 timesteps=83968 loss=1.089144 entropy=2.153202 adv_std=2.733868 awbc_label_rate=0.250
custom_ppo_update update=42 timesteps=86016 loss=0.793719 entropy=2.152534 adv_std=2.806553 awbc_label_rate=0.250
custom_ppo_update update=43 timesteps=88064 loss=1.002406 entropy=2.137782 adv_std=2.950520 awbc_label_rate=0.250
custom_ppo_update update=44 timesteps=90112 loss=1.191976 entropy=2.145534 adv_std=3.430583 awbc_label_rate=0.250
custom_ppo_update update=45 timesteps=92160 loss=0.810141 entropy=2.152546 adv_std=3.231378 awbc_label_rate=0.250
custom_ppo_update update=46 timesteps=94208 loss=0.826960 entropy=2.154836 adv_std=2.944048 awbc_label_rate=0.250
custom_ppo_update update=47 timesteps=96256 loss=0.942704 entropy=2.148083 adv_std=2.945894 awbc_label_rate=0.250
custom_ppo_update update=48 timesteps=98304 loss=0.724776 entropy=2.148022 adv_std=2.968481 awbc_label_rate=0.250
custom_ppo_update update=49 timesteps=100000 loss=0.800337 entropy=2.153041 adv_std=2.459116 awbc_label_rate=0.250
reports/v31_ablation_aligned/raw/A1_remove_one_v31_aligned/no_action_emb/budget1p70_seed49/v2_custom_ppo_metrics.csv
                   policy  steps  reward_mean  instant_mae  oracle_loss_mean  dtw_mean  power_mean  peak_power_max  event_rate  warmup_abort_count
  full_open_unconstrained   6144    -0.135862     1.644108          0.135860  1.595139    4.620000            6.28    0.462077                   0
               custom_ppo   6144    -0.152697     2.863775          0.152042  2.734697    1.567370            1.98    0.462077                  48
              round_robin   6144    -0.172875     7.592685          0.152453  4.573866    1.555000            1.98    0.462077                1530
                      aoi   6144    -0.193017    17.385767          0.154602  8.132363    1.623031            2.33    0.462077                2880
feasible_static_projected   6144    -0.156468     2.823676          0.156467  2.712729    1.460000            1.95    0.462077                   0
                   random   6144    -0.191223    16.711713          0.163915  7.361109    1.606621            2.33    0.462077                2034
reports/v31_ablation_aligned/raw/A1_remove_one_v31_aligned/no_action_emb/budget1p70_seed49/evaluation/v2_eval_overall.csv
                   policy  steps  weighted_normalized_mae      mae      rmse    smape  pearson      dtw  oracle_loss_mean  reward_mean  power_mean  power_max  peak_power_max  steady_violation_rate  peak_violation_rate  event_rate  warmup_abort_count  warmup_abort_rate  obs_reconstruction_mae  forecast_samples  forecast_weighted_mae_overall  forecast_raw_mae_overall  forecast_weighted_mae_event  forecast_weighted_mae_non_event  forecast_weighted_mae_low_temp  forecast_weighted_mae_normal
  full_open_unconstrained   6144                 0.066213 0.774236  2.685731 0.749715 0.894204 0.748348          0.135860    -0.135862    4.620000       4.62            6.28                    1.0                  1.0    0.462077                   0           0.000000                0.066213              6144                       0.135860                  1.635327                     0.142096                         0.088661                        0.115576                      0.117399
               custom_ppo   6144                 0.230568 1.876719  4.559079 0.838422 0.789532 1.812535          0.152042    -0.152697    1.567370       1.64            1.98                    0.0                  0.0    0.462077                  48           0.007812                0.230568              6144                       0.152042                  1.766737                     0.159546                         0.095242                        0.127122                      0.120058
              round_robin   6144                 0.250603 1.935857  4.728517 0.812190 0.887035 1.843115          0.152453    -0.172875    1.555000       1.64            1.98                    0.0                  0.0    0.462077                1530           0.249023                0.250603              6144                       0.152453                  1.795753                     0.158954                         0.103252                        0.124905                      0.143214
                      aoi   6144                 0.128761 1.768003  8.369189 0.800573 0.871555 1.241887          0.154602    -0.193017    1.623031       1.70            2.33                    0.0                  0.0    0.462077                2880           0.468750                0.128761              6144                       0.154602                  2.018652                     0.161160                         0.104967                        0.121723                      0.145691
feasible_static_projected   6144                 0.237275 1.832348  4.473723 0.811476 0.914396 1.794769          0.156467    -0.156468    1.460000       1.46            1.95                    0.0                  0.0    0.462077                   0           0.000000                0.237275              6144                       0.156467                  1.761314                     0.163951                         0.099821                        0.136776                      0.121469
                   random   6144                 0.144344 1.984496 12.030781 0.811854 0.837606 1.275165          0.163915    -0.191223    1.606621       1.70            2.33                    0.0                  0.0    0.462077                2034           0.331055                0.144344              6144                       0.163915                  2.474896                     0.170142                         0.116780                        0.128486                      0.201991
