custom_ppo_update update=1 timesteps=2048 loss=0.374780 entropy=2.394145 adv_std=1.392791 awbc_label_rate=0.000
custom_ppo_update update=2 timesteps=4096 loss=0.344077 entropy=2.388141 adv_std=1.226284 awbc_label_rate=0.000
custom_ppo_update update=3 timesteps=6144 loss=0.723480 entropy=2.386461 adv_std=2.726351 awbc_label_rate=0.000
custom_ppo_update update=4 timesteps=8192 loss=0.737188 entropy=2.382348 adv_std=2.514773 awbc_label_rate=0.000
custom_ppo_update update=5 timesteps=10240 loss=0.553063 entropy=2.383614 adv_std=2.188010 awbc_label_rate=0.000
custom_ppo_update update=6 timesteps=12288 loss=0.706213 entropy=2.379527 adv_std=2.666988 awbc_label_rate=0.000
custom_ppo_update update=7 timesteps=14336 loss=0.696170 entropy=2.377900 adv_std=2.505316 awbc_label_rate=0.000
custom_ppo_update update=8 timesteps=16384 loss=0.577801 entropy=2.374609 adv_std=2.444189 awbc_label_rate=0.000
custom_ppo_update update=9 timesteps=18432 loss=0.731096 entropy=2.373672 adv_std=3.223954 awbc_label_rate=0.000
custom_ppo_update update=10 timesteps=20480 loss=0.769527 entropy=2.376077 adv_std=2.658800 awbc_label_rate=0.000
custom_ppo_update update=11 timesteps=22528 loss=0.607942 entropy=2.371419 adv_std=2.688464 awbc_label_rate=0.000
custom_ppo_update update=12 timesteps=24576 loss=0.639482 entropy=2.367049 adv_std=2.783067 awbc_label_rate=0.000
custom_ppo_update update=13 timesteps=26624 loss=0.568514 entropy=2.368428 adv_std=2.765254 awbc_label_rate=0.000
custom_ppo_update update=14 timesteps=28672 loss=0.701175 entropy=2.362443 adv_std=2.963995 awbc_label_rate=0.000
custom_ppo_update update=15 timesteps=30720 loss=1.103448 entropy=2.344939 adv_std=3.408682 awbc_label_rate=0.000
custom_ppo_update update=16 timesteps=32768 loss=0.672601 entropy=2.347619 adv_std=3.052234 awbc_label_rate=0.000
custom_ppo_update update=17 timesteps=34816 loss=0.875617 entropy=2.337111 adv_std=2.664547 awbc_label_rate=0.000
custom_ppo_update update=18 timesteps=36864 loss=0.591226 entropy=2.338673 adv_std=2.898909 awbc_label_rate=0.000
custom_ppo_update update=19 timesteps=38912 loss=0.816439 entropy=2.319557 adv_std=2.901608 awbc_label_rate=0.000
custom_ppo_update update=20 timesteps=40960 loss=0.922913 entropy=2.317123 adv_std=3.178295 awbc_label_rate=0.000
custom_ppo_update update=21 timesteps=43008 loss=0.629622 entropy=2.317517 adv_std=2.854888 awbc_label_rate=0.000
custom_ppo_update update=22 timesteps=45056 loss=0.604061 entropy=2.315062 adv_std=2.824942 awbc_label_rate=0.000
custom_ppo_update update=23 timesteps=47104 loss=0.576696 entropy=2.319390 adv_std=2.582535 awbc_label_rate=0.000
custom_ppo_update update=24 timesteps=49152 loss=0.711031 entropy=2.314770 adv_std=3.031004 awbc_label_rate=0.000
custom_ppo_update update=25 timesteps=51200 loss=0.509505 entropy=2.291604 adv_std=2.567310 awbc_label_rate=0.000
custom_ppo_update update=26 timesteps=53248 loss=0.658878 entropy=2.291277 adv_std=2.721871 awbc_label_rate=0.000
custom_ppo_update update=27 timesteps=55296 loss=0.646420 entropy=2.289426 adv_std=2.408169 awbc_label_rate=0.000
custom_ppo_update update=28 timesteps=57344 loss=0.839266 entropy=2.293773 adv_std=3.336790 awbc_label_rate=0.000
custom_ppo_update update=29 timesteps=59392 loss=0.969335 entropy=2.306475 adv_std=3.579101 awbc_label_rate=0.000
custom_ppo_update update=30 timesteps=61440 loss=0.655252 entropy=2.267005 adv_std=3.342085 awbc_label_rate=0.000
custom_ppo_update update=31 timesteps=63488 loss=0.572516 entropy=2.237995 adv_std=2.875085 awbc_label_rate=0.000
custom_ppo_update update=32 timesteps=65536 loss=0.960768 entropy=2.226768 adv_std=3.375999 awbc_label_rate=0.000
custom_ppo_update update=33 timesteps=67584 loss=0.714173 entropy=2.245751 adv_std=3.071660 awbc_label_rate=0.000
custom_ppo_update update=34 timesteps=69632 loss=0.451073 entropy=2.229209 adv_std=2.557964 awbc_label_rate=0.000
custom_ppo_update update=35 timesteps=71680 loss=0.476259 entropy=2.203105 adv_std=3.046255 awbc_label_rate=0.000
custom_ppo_update update=36 timesteps=73728 loss=0.833900 entropy=2.179169 adv_std=3.249584 awbc_label_rate=0.000
custom_ppo_update update=37 timesteps=75776 loss=0.683135 entropy=2.133851 adv_std=3.166091 awbc_label_rate=0.000
custom_ppo_update update=38 timesteps=77824 loss=0.588031 entropy=2.161661 adv_std=2.637217 awbc_label_rate=0.000
custom_ppo_update update=39 timesteps=79872 loss=0.707203 entropy=2.134074 adv_std=2.918295 awbc_label_rate=0.000
custom_ppo_update update=40 timesteps=81920 loss=0.566324 entropy=2.115781 adv_std=3.141744 awbc_label_rate=0.000
custom_ppo_update update=41 timesteps=83968 loss=0.612504 entropy=2.110676 adv_std=2.723621 awbc_label_rate=0.000
custom_ppo_update update=42 timesteps=86016 loss=0.819115 entropy=2.121081 adv_std=3.127223 awbc_label_rate=0.000
custom_ppo_update update=43 timesteps=88064 loss=0.553291 entropy=2.161565 adv_std=2.966049 awbc_label_rate=0.000
custom_ppo_update update=44 timesteps=90112 loss=0.802523 entropy=2.153231 adv_std=2.991199 awbc_label_rate=0.000
custom_ppo_update update=45 timesteps=92160 loss=0.704712 entropy=2.100491 adv_std=3.266044 awbc_label_rate=0.000
custom_ppo_update update=46 timesteps=94208 loss=0.672794 entropy=2.085894 adv_std=3.105023 awbc_label_rate=0.000
custom_ppo_update update=47 timesteps=96256 loss=0.634623 entropy=2.090818 adv_std=2.891405 awbc_label_rate=0.000
custom_ppo_update update=48 timesteps=98304 loss=0.716222 entropy=2.083068 adv_std=3.108006 awbc_label_rate=0.000
custom_ppo_update update=49 timesteps=100000 loss=0.321761 entropy=2.085774 adv_std=2.512564 awbc_label_rate=0.000
reports/v31_ablation_aligned/raw/A1_remove_one_v31_aligned/masked_only/budget1p70_seed50/v2_custom_ppo_metrics.csv
                   policy  steps  reward_mean  instant_mae  oracle_loss_mean  dtw_mean  power_mean  peak_power_max  event_rate  warmup_abort_count
feasible_static_projected   6144    -0.148094     2.652667          0.148093  2.547184    1.460000            1.95    0.374023                   0
  full_open_unconstrained   6144    -0.149542     1.655831          0.149540  1.609975    4.620000            6.28    0.374023                   0
              round_robin   6144    -0.180612    13.078233          0.160190  6.592605    1.555000            1.98    0.374023                1530
               custom_ppo   6144    -0.181177    25.998068          0.176941 10.819719    1.565000            2.33    0.374023                 283
                   random   6144    -0.219652    27.626443          0.191782 10.664855    1.607402            2.33    0.374023                2076
                      aoi   6144    -0.236065    31.561824          0.199996 13.884760    1.622780            2.33    0.374023                2700
reports/v31_ablation_aligned/raw/A1_remove_one_v31_aligned/masked_only/budget1p70_seed50/evaluation/v2_eval_overall.csv
                   policy  steps  weighted_normalized_mae      mae     rmse    smape  pearson      dtw  oracle_loss_mean  reward_mean  power_mean  power_max  peak_power_max  steady_violation_rate  peak_violation_rate  event_rate  warmup_abort_count  warmup_abort_rate  obs_reconstruction_mae  forecast_samples  forecast_weighted_mae_overall  forecast_raw_mae_overall  forecast_weighted_mae_event  forecast_weighted_mae_non_event  forecast_weighted_mae_low_temp  forecast_weighted_mae_normal
feasible_static_projected   6144                 0.202882 1.602212 3.920187 0.808231 0.929577 1.558819          0.148093    -0.148094    1.460000       1.46            1.95                    0.0                  0.0    0.374023                   0           0.000000                0.202882              6144                       0.148093                  1.793660                     0.150471                         0.114477                        0.112730                      0.146465
  full_open_unconstrained   6144                 0.065529 0.784097 2.699978 0.737359 0.898651 0.747445          0.149540    -0.149542    4.620000       4.62            6.28                    1.0                  1.0    0.374023                   0           0.000000                0.065529              6144                       0.149540                  1.796620                     0.152069                         0.113791                        0.113307                      0.139399
              round_robin   6144                 0.221263 1.742827 4.440798 0.809118 0.894781 1.634594          0.160190    -0.180612    1.555000       1.64            1.98                    0.0                  0.0    0.374023                1530           0.249023                0.221263              6144                       0.160190                  1.869333                     0.162728                         0.124312                        0.119055                      0.153486
               custom_ppo   6144                 0.162518 1.560211 5.617745 0.793158 0.900254 1.211248          0.176941    -0.181177    1.565000       1.70            2.33                    0.0                  0.0    0.374023                 283           0.046061                0.162518              6144                       0.176941                  2.166128                     0.180038                         0.133169                        0.130342                      0.174472
                   random   6144                 0.145764 1.802246 8.940984 0.820860 0.857744 1.225165          0.191782    -0.219652    1.607402       1.70            2.33                    0.0                  0.0    0.374023                2076           0.337891                0.145764              6144                       0.191782                  2.457200                     0.195536                         0.138726                        0.139661                      0.189203
                      aoi   6144                 0.148316 1.770367 7.912985 0.809357 0.855692 1.216108          0.199996    -0.236065    1.622780       1.70            2.33                    0.0                  0.0    0.374023                2700           0.439453                0.148316              6144                       0.199996                  2.276860                     0.204040                         0.142848                        0.142425                      0.221081
