custom_ppo_update update=1 timesteps=2048 loss=1.190472 entropy=1.827727 adv_std=1.492497 awbc_label_rate=0.250
custom_ppo_update update=2 timesteps=4096 loss=1.223941 entropy=1.851299 adv_std=1.779870 awbc_label_rate=0.250
custom_ppo_update update=3 timesteps=6144 loss=1.036902 entropy=1.855553 adv_std=1.981513 awbc_label_rate=0.250
custom_ppo_update update=4 timesteps=8192 loss=0.959170 entropy=1.866084 adv_std=2.049445 awbc_label_rate=0.250
custom_ppo_update update=5 timesteps=10240 loss=1.543381 entropy=1.892189 adv_std=2.547802 awbc_label_rate=0.250
custom_ppo_update update=6 timesteps=12288 loss=1.157406 entropy=1.900516 adv_std=2.600170 awbc_label_rate=0.250
custom_ppo_update update=7 timesteps=14336 loss=1.353058 entropy=1.898536 adv_std=3.080116 awbc_label_rate=0.250
custom_ppo_update update=8 timesteps=16384 loss=0.990322 entropy=1.897474 adv_std=3.039257 awbc_label_rate=0.250
custom_ppo_update update=9 timesteps=18432 loss=1.114771 entropy=1.901906 adv_std=2.862077 awbc_label_rate=0.250
custom_ppo_update update=10 timesteps=20480 loss=1.722899 entropy=1.925823 adv_std=3.245071 awbc_label_rate=0.250
custom_ppo_update update=11 timesteps=22528 loss=1.864365 entropy=1.908096 adv_std=3.641635 awbc_label_rate=0.250
custom_ppo_update update=12 timesteps=24576 loss=1.010723 entropy=1.883955 adv_std=3.216369 awbc_label_rate=0.250
custom_ppo_update update=13 timesteps=26624 loss=0.762847 entropy=1.890005 adv_std=2.983336 awbc_label_rate=0.250
custom_ppo_update update=14 timesteps=28672 loss=1.528896 entropy=1.910845 adv_std=3.663574 awbc_label_rate=0.250
custom_ppo_update update=15 timesteps=30720 loss=1.312770 entropy=1.905179 adv_std=3.365919 awbc_label_rate=0.250
custom_ppo_update update=16 timesteps=32768 loss=1.554339 entropy=1.909062 adv_std=3.535277 awbc_label_rate=0.250
custom_ppo_update update=17 timesteps=34816 loss=1.318951 entropy=1.895513 adv_std=3.303083 awbc_label_rate=0.250
custom_ppo_update update=18 timesteps=36864 loss=1.575131 entropy=1.909596 adv_std=3.816240 awbc_label_rate=0.250
custom_ppo_update update=19 timesteps=38912 loss=1.665736 entropy=1.903429 adv_std=4.660032 awbc_label_rate=0.250
custom_ppo_update update=20 timesteps=40960 loss=1.465493 entropy=1.896655 adv_std=3.963861 awbc_label_rate=0.250
custom_ppo_update update=21 timesteps=43008 loss=1.762247 entropy=1.885282 adv_std=4.015058 awbc_label_rate=0.250
custom_ppo_update update=22 timesteps=45056 loss=1.324117 entropy=1.888202 adv_std=3.860468 awbc_label_rate=0.250
custom_ppo_update update=23 timesteps=47104 loss=1.553073 entropy=1.890679 adv_std=3.734100 awbc_label_rate=0.250
custom_ppo_update update=24 timesteps=49152 loss=1.243391 entropy=1.888464 adv_std=3.670298 awbc_label_rate=0.250
custom_ppo_update update=25 timesteps=51200 loss=1.809149 entropy=1.902136 adv_std=4.317585 awbc_label_rate=0.250
custom_ppo_update update=26 timesteps=53248 loss=1.259001 entropy=1.905271 adv_std=3.703808 awbc_label_rate=0.250
custom_ppo_update update=27 timesteps=55296 loss=1.372242 entropy=1.884665 adv_std=3.739823 awbc_label_rate=0.250
custom_ppo_update update=28 timesteps=57344 loss=1.190862 entropy=1.887587 adv_std=3.713413 awbc_label_rate=0.250
custom_ppo_update update=29 timesteps=59392 loss=0.957727 entropy=1.892114 adv_std=3.078117 awbc_label_rate=0.250
custom_ppo_update update=30 timesteps=61440 loss=1.065217 entropy=1.899429 adv_std=3.087430 awbc_label_rate=0.250
custom_ppo_update update=31 timesteps=63488 loss=1.235030 entropy=1.889848 adv_std=3.522690 awbc_label_rate=0.250
custom_ppo_update update=32 timesteps=65536 loss=1.066198 entropy=1.871922 adv_std=3.553547 awbc_label_rate=0.250
custom_ppo_update update=33 timesteps=67584 loss=0.990242 entropy=1.880745 adv_std=3.216423 awbc_label_rate=0.250
custom_ppo_update update=34 timesteps=69632 loss=1.108213 entropy=1.868279 adv_std=3.561306 awbc_label_rate=0.250
custom_ppo_update update=35 timesteps=71680 loss=1.437796 entropy=1.894960 adv_std=3.844152 awbc_label_rate=0.250
custom_ppo_update update=36 timesteps=73728 loss=1.344375 entropy=1.874936 adv_std=3.601486 awbc_label_rate=0.250
custom_ppo_update update=37 timesteps=75776 loss=1.348330 entropy=1.882078 adv_std=3.775391 awbc_label_rate=0.250
custom_ppo_update update=38 timesteps=77824 loss=1.368270 entropy=1.884102 adv_std=4.078920 awbc_label_rate=0.250
custom_ppo_update update=39 timesteps=79872 loss=1.132960 entropy=1.895958 adv_std=4.057065 awbc_label_rate=0.250
custom_ppo_update update=40 timesteps=81920 loss=1.189809 entropy=1.879703 adv_std=3.413165 awbc_label_rate=0.250
custom_ppo_update update=41 timesteps=83968 loss=1.179364 entropy=1.895226 adv_std=3.848864 awbc_label_rate=0.250
custom_ppo_update update=42 timesteps=86016 loss=0.916224 entropy=1.893215 adv_std=3.098795 awbc_label_rate=0.250
custom_ppo_update update=43 timesteps=88064 loss=0.964227 entropy=1.904348 adv_std=3.329985 awbc_label_rate=0.250
custom_ppo_update update=44 timesteps=90112 loss=1.392640 entropy=1.885904 adv_std=3.829413 awbc_label_rate=0.250
custom_ppo_update update=45 timesteps=92160 loss=0.995515 entropy=1.892927 adv_std=3.470264 awbc_label_rate=0.250
custom_ppo_update update=46 timesteps=94208 loss=1.268994 entropy=1.865213 adv_std=3.574491 awbc_label_rate=0.250
custom_ppo_update update=47 timesteps=96256 loss=1.398655 entropy=1.876946 adv_std=3.486413 awbc_label_rate=0.250
custom_ppo_update update=48 timesteps=98304 loss=1.255820 entropy=1.873773 adv_std=3.402157 awbc_label_rate=0.250
custom_ppo_update update=49 timesteps=100000 loss=1.205240 entropy=1.893124 adv_std=3.463601 awbc_label_rate=0.250
reports/v31_ablation_aligned/raw/A1_remove_one_v31_aligned/no_action_emb/budget1p70_seed47/v2_custom_ppo_metrics.csv
                   policy  steps  reward_mean  instant_mae  oracle_loss_mean  dtw_mean  power_mean  peak_power_max  event_rate  warmup_abort_count
  full_open_unconstrained   6144    -0.170453     1.675831          0.170451  1.621995    4.620000            6.28    0.446777                   0
feasible_static_projected   6144    -0.180374     2.861179          0.180373  2.746318    1.460000            1.95    0.446777                   0
               custom_ppo   6144    -0.185606     2.911029          0.184627  2.772137    1.540277            2.18    0.446777                  72
              round_robin   6144    -0.211032     9.490566          0.190610  5.571753    1.555000            1.98    0.446777                1530
                      aoi   6144    -0.244196    23.328259          0.205781 10.122453    1.623031            2.33    0.446777                2880
                   random   6144    -0.237972    18.855933          0.212011  9.006071    1.603340            2.33    0.446777                1932
reports/v31_ablation_aligned/raw/A1_remove_one_v31_aligned/no_action_emb/budget1p70_seed47/evaluation/v2_eval_overall.csv
                   policy  steps  weighted_normalized_mae      mae      rmse    smape  pearson      dtw  oracle_loss_mean  reward_mean  power_mean  power_max  peak_power_max  steady_violation_rate  peak_violation_rate  event_rate  warmup_abort_count  warmup_abort_rate  obs_reconstruction_mae  forecast_samples  forecast_weighted_mae_overall  forecast_raw_mae_overall  forecast_weighted_mae_event  forecast_weighted_mae_non_event  forecast_weighted_mae_low_temp  forecast_weighted_mae_normal
  full_open_unconstrained   6144                 0.071663 0.797214  2.707700 0.677717 0.919990 0.759122          0.170451    -0.170453    4.620000       4.62            6.28                    1.0                  1.0    0.446777                   0           0.000000                0.071663              6144                       0.170451                  1.953514                     0.179966                         0.126722                        0.138470                      0.126298
feasible_static_projected   6144                 0.246899 1.876608  4.422645 0.752266 0.942673 1.828957          0.180373    -0.180374    1.460000       1.46            1.95                    0.0                  0.0    0.446777                   0           0.000000                0.246899              6144                       0.180373                  1.978642                     0.191016                         0.131464                        0.149779                      0.133584
               custom_ppo   6144                 0.249747 1.928297  4.489259 0.759680 0.927387 1.849930          0.184627    -0.185606    1.540277       1.60            2.18                    0.0                  0.0    0.446777                  72           0.011719                0.249747              6144                       0.184627                  2.010264                     0.196730                         0.129004                        0.148454                      0.129736
              round_robin   6144                 0.275017 2.076430  5.396846 0.758140 0.907807 1.953275          0.190610    -0.211032    1.555000       1.64            1.98                    0.0                  0.0    0.446777                1530           0.249023                0.275017              6144                       0.190610                  2.067772                     0.204498                         0.126786                        0.148652                      0.127007
                      aoi   6144                 0.159696 1.865546  9.315207 0.746446 0.880969 1.349463          0.205781    -0.244196    1.623031       1.70            2.33                    0.0                  0.0    0.446777                2880           0.468750                0.159696              6144                       0.205781                  2.368013                     0.220785                         0.136833                        0.157535                      0.140081
                   random   6144                 0.175395 2.027195 11.133848 0.761687 0.861216 1.346734          0.212011    -0.237972    1.603340       1.70            2.33                    0.0                  0.0    0.446777                1932           0.314453                0.175395              6144                       0.212011                  2.609229                     0.225953                         0.147939                        0.159691                      0.161730
