custom_ppo_update update=1 timesteps=2048 loss=0.723291 entropy=2.029071 adv_std=1.585200 awbc_label_rate=0.250
custom_ppo_update update=2 timesteps=4096 loss=0.605021 entropy=2.029341 adv_std=1.712821 awbc_label_rate=0.250
custom_ppo_update update=3 timesteps=6144 loss=0.972106 entropy=2.037086 adv_std=1.793529 awbc_label_rate=0.250
custom_ppo_update update=4 timesteps=8192 loss=1.121389 entropy=2.034645 adv_std=2.906830 awbc_label_rate=0.250
custom_ppo_update update=5 timesteps=10240 loss=1.395462 entropy=2.035899 adv_std=2.596483 awbc_label_rate=0.250
custom_ppo_update update=6 timesteps=12288 loss=0.997113 entropy=2.036271 adv_std=2.717046 awbc_label_rate=0.250
custom_ppo_update update=7 timesteps=14336 loss=1.006622 entropy=2.052094 adv_std=2.879178 awbc_label_rate=0.250
custom_ppo_update update=8 timesteps=16384 loss=1.035167 entropy=2.052481 adv_std=2.799096 awbc_label_rate=0.250
custom_ppo_update update=9 timesteps=18432 loss=1.148435 entropy=2.068352 adv_std=3.211421 awbc_label_rate=0.250
custom_ppo_update update=10 timesteps=20480 loss=1.363522 entropy=2.061053 adv_std=3.178518 awbc_label_rate=0.250
custom_ppo_update update=11 timesteps=22528 loss=1.381358 entropy=2.056010 adv_std=3.532509 awbc_label_rate=0.250
custom_ppo_update update=12 timesteps=24576 loss=1.532767 entropy=2.066194 adv_std=3.370586 awbc_label_rate=0.250
custom_ppo_update update=13 timesteps=26624 loss=1.114585 entropy=2.068283 adv_std=3.636963 awbc_label_rate=0.250
custom_ppo_update update=14 timesteps=28672 loss=1.204318 entropy=2.077259 adv_std=3.378097 awbc_label_rate=0.250
custom_ppo_update update=15 timesteps=30720 loss=0.965374 entropy=2.071772 adv_std=3.055846 awbc_label_rate=0.250
custom_ppo_update update=16 timesteps=32768 loss=1.206437 entropy=2.064554 adv_std=3.578670 awbc_label_rate=0.250
custom_ppo_update update=17 timesteps=34816 loss=0.858030 entropy=2.062237 adv_std=2.907180 awbc_label_rate=0.250
custom_ppo_update update=18 timesteps=36864 loss=1.231079 entropy=2.086286 adv_std=2.955919 awbc_label_rate=0.250
custom_ppo_update update=19 timesteps=38912 loss=0.780521 entropy=2.056722 adv_std=2.810776 awbc_label_rate=0.250
custom_ppo_update update=20 timesteps=40960 loss=0.850982 entropy=2.065180 adv_std=2.897950 awbc_label_rate=0.250
custom_ppo_update update=21 timesteps=43008 loss=0.796905 entropy=2.081213 adv_std=3.156390 awbc_label_rate=0.250
custom_ppo_update update=22 timesteps=45056 loss=1.107084 entropy=2.083428 adv_std=2.888733 awbc_label_rate=0.250
custom_ppo_update update=23 timesteps=47104 loss=1.078508 entropy=2.067706 adv_std=3.487441 awbc_label_rate=0.250
custom_ppo_update update=24 timesteps=49152 loss=0.810905 entropy=2.074846 adv_std=2.990393 awbc_label_rate=0.250
custom_ppo_update update=25 timesteps=51200 loss=0.774142 entropy=2.055261 adv_std=3.042180 awbc_label_rate=0.250
custom_ppo_update update=26 timesteps=53248 loss=0.911001 entropy=2.053081 adv_std=2.680808 awbc_label_rate=0.250
custom_ppo_update update=27 timesteps=55296 loss=0.779679 entropy=2.059849 adv_std=2.903943 awbc_label_rate=0.250
custom_ppo_update update=28 timesteps=57344 loss=1.026980 entropy=2.066607 adv_std=3.184682 awbc_label_rate=0.250
custom_ppo_update update=29 timesteps=59392 loss=1.119580 entropy=2.059632 adv_std=3.316867 awbc_label_rate=0.250
custom_ppo_update update=30 timesteps=61440 loss=1.030145 entropy=2.061857 adv_std=2.924675 awbc_label_rate=0.250
custom_ppo_update update=31 timesteps=63488 loss=1.027649 entropy=2.052266 adv_std=3.557230 awbc_label_rate=0.250
custom_ppo_update update=32 timesteps=65536 loss=0.901756 entropy=2.055428 adv_std=2.944843 awbc_label_rate=0.250
custom_ppo_update update=33 timesteps=67584 loss=1.127792 entropy=2.056007 adv_std=3.293110 awbc_label_rate=0.250
custom_ppo_update update=34 timesteps=69632 loss=1.166723 entropy=2.055675 adv_std=3.717536 awbc_label_rate=0.250
custom_ppo_update update=35 timesteps=71680 loss=0.826765 entropy=2.050763 adv_std=2.874332 awbc_label_rate=0.250
custom_ppo_update update=36 timesteps=73728 loss=0.727259 entropy=2.048691 adv_std=2.777542 awbc_label_rate=0.250
custom_ppo_update update=37 timesteps=75776 loss=0.911807 entropy=2.052233 adv_std=2.797808 awbc_label_rate=0.250
custom_ppo_update update=38 timesteps=77824 loss=0.772555 entropy=2.059913 adv_std=3.164487 awbc_label_rate=0.250
custom_ppo_update update=39 timesteps=79872 loss=0.839109 entropy=2.059542 adv_std=2.993067 awbc_label_rate=0.250
custom_ppo_update update=40 timesteps=81920 loss=0.921222 entropy=2.061775 adv_std=3.231422 awbc_label_rate=0.250
custom_ppo_update update=41 timesteps=83968 loss=0.821157 entropy=2.049059 adv_std=3.010404 awbc_label_rate=0.250
custom_ppo_update update=42 timesteps=86016 loss=0.772028 entropy=2.029003 adv_std=2.437402 awbc_label_rate=0.250
custom_ppo_update update=43 timesteps=88064 loss=1.171318 entropy=2.047771 adv_std=3.269370 awbc_label_rate=0.250
custom_ppo_update update=44 timesteps=90112 loss=0.646096 entropy=2.041898 adv_std=2.628781 awbc_label_rate=0.250
custom_ppo_update update=45 timesteps=92160 loss=1.405538 entropy=2.073786 adv_std=3.437139 awbc_label_rate=0.250
custom_ppo_update update=46 timesteps=94208 loss=1.199692 entropy=2.072574 adv_std=3.704641 awbc_label_rate=0.250
custom_ppo_update update=47 timesteps=96256 loss=1.430417 entropy=2.067842 adv_std=3.412783 awbc_label_rate=0.250
custom_ppo_update update=48 timesteps=98304 loss=0.905956 entropy=2.056560 adv_std=3.129760 awbc_label_rate=0.250
custom_ppo_update update=49 timesteps=100000 loss=0.866929 entropy=2.066589 adv_std=3.241411 awbc_label_rate=0.250
reports/v31_ablation_aligned/raw/A1_remove_one_v31_aligned/no_action_emb/budget1p70_seed48/v2_custom_ppo_metrics.csv
                   policy  steps  reward_mean  instant_mae  oracle_loss_mean  dtw_mean  power_mean  peak_power_max  event_rate  warmup_abort_count
  full_open_unconstrained   6144    -0.145767     1.650129          0.145765  1.607705    4.620000            6.28    0.427897                   0
feasible_static_projected   6144    -0.153544     2.938921          0.153543  2.839613    1.460000            1.95    0.427897                   0
               custom_ppo   6144    -0.163926     2.870975          0.160702  2.736088    1.550531            2.07    0.427897                 242
              round_robin   6144    -0.185934     8.711665          0.165512  5.071763    1.555000            1.98    0.427897                1530
                   random   6144    -0.205787    19.373400          0.179659  8.503455    1.604883            2.33    0.427897                1944
                      aoi   6144    -0.216873    20.381528          0.183149  8.775460    1.622529            2.33    0.427897                2520
reports/v31_ablation_aligned/raw/A1_remove_one_v31_aligned/no_action_emb/budget1p70_seed48/evaluation/v2_eval_overall.csv
                   policy  steps  weighted_normalized_mae      mae      rmse    smape  pearson      dtw  oracle_loss_mean  reward_mean  power_mean  power_max  peak_power_max  steady_violation_rate  peak_violation_rate  event_rate  warmup_abort_count  warmup_abort_rate  obs_reconstruction_mae  forecast_samples  forecast_weighted_mae_overall  forecast_raw_mae_overall  forecast_weighted_mae_event  forecast_weighted_mae_non_event  forecast_weighted_mae_low_temp  forecast_weighted_mae_normal
  full_open_unconstrained   6144                 0.065446 0.791432  2.720734 0.732746 0.900536 0.770078          0.145765    -0.145767    4.620000       4.62            6.28                    1.0                  1.0    0.427897                   0           0.000000                0.065446              6144                       0.145765                  1.859382                     0.155824                         0.092243                        0.112303                      0.093838
feasible_static_projected   6144                 0.260038 1.985003  4.809548 0.800971 0.931678 1.953527          0.153543    -0.153544    1.460000       1.46            1.95                    0.0                  0.0    0.427897                   0           0.000000                0.260038              6144                       0.153543                  2.020563                     0.163555                         0.100272                        0.119473                      0.105208
               custom_ppo   6144                 0.229791 1.879266  4.957927 0.800321 0.879547 1.798715          0.160702    -0.163926    1.550531       1.62            2.07                    0.0                  0.0    0.427897                 242           0.039388                0.229791              6144                       0.160702                  2.090106                     0.172150                         0.099785                        0.121662                      0.102050
              round_robin   6144                 0.278876 2.156739  5.566271 0.806508 0.897823 2.062749          0.165512    -0.185934    1.555000       1.64            1.98                    0.0                  0.0    0.427897                1530           0.249023                0.278876              6144                       0.165512                  2.101885                     0.176690                         0.106033                        0.128220                      0.112963
                   random   6144                 0.148933 2.020925 11.333339 0.801384 0.863574 1.344515          0.179659    -0.205787    1.604883       1.70            2.33                    0.0                  0.0    0.427897                1944           0.316406                0.148933              6144                       0.179659                  2.640840                     0.191288                         0.117783                        0.136522                      0.123769
                      aoi   6144                 0.169816 2.014675  9.289376 0.795561 0.830296 1.387228          0.183149    -0.216873    1.622529       1.70            2.33                    0.0                  0.0    0.427897                2520           0.410156                0.169816              6144                       0.183149                  2.274971                     0.196214                         0.113633                        0.130537                      0.124084
