custom_ppo_update update=1 timesteps=2048 loss=0.590802 entropy=1.983211 adv_std=1.470945 awbc_label_rate=0.000
custom_ppo_update update=2 timesteps=4096 loss=0.447724 entropy=1.987857 adv_std=1.948226 awbc_label_rate=0.000
custom_ppo_update update=3 timesteps=6144 loss=0.950284 entropy=1.984825 adv_std=1.912382 awbc_label_rate=0.000
custom_ppo_update update=4 timesteps=8192 loss=0.510555 entropy=1.973800 adv_std=2.144053 awbc_label_rate=0.000
custom_ppo_update update=5 timesteps=10240 loss=0.608569 entropy=1.964449 adv_std=2.078882 awbc_label_rate=0.000
custom_ppo_update update=6 timesteps=12288 loss=0.518164 entropy=1.972771 adv_std=2.535507 awbc_label_rate=0.000
custom_ppo_update update=7 timesteps=14336 loss=0.458408 entropy=1.961685 adv_std=2.161418 awbc_label_rate=0.000
custom_ppo_update update=8 timesteps=16384 loss=0.520765 entropy=1.973658 adv_std=2.791830 awbc_label_rate=0.000
custom_ppo_update update=9 timesteps=18432 loss=1.037404 entropy=1.967496 adv_std=3.008171 awbc_label_rate=0.000
custom_ppo_update update=10 timesteps=20480 loss=0.504262 entropy=1.972738 adv_std=2.535446 awbc_label_rate=0.000
custom_ppo_update update=11 timesteps=22528 loss=0.807225 entropy=1.967783 adv_std=2.955673 awbc_label_rate=0.000
custom_ppo_update update=12 timesteps=24576 loss=1.141591 entropy=1.967467 adv_std=3.414978 awbc_label_rate=0.000
custom_ppo_update update=13 timesteps=26624 loss=1.079452 entropy=1.970256 adv_std=3.510059 awbc_label_rate=0.000
custom_ppo_update update=14 timesteps=28672 loss=1.069343 entropy=1.981438 adv_std=3.342689 awbc_label_rate=0.000
custom_ppo_update update=15 timesteps=30720 loss=0.977980 entropy=1.978677 adv_std=3.661128 awbc_label_rate=0.000
custom_ppo_update update=16 timesteps=32768 loss=0.646333 entropy=1.975828 adv_std=3.201725 awbc_label_rate=0.000
custom_ppo_update update=17 timesteps=34816 loss=0.826401 entropy=1.974769 adv_std=3.234255 awbc_label_rate=0.000
custom_ppo_update update=18 timesteps=36864 loss=0.750740 entropy=1.970034 adv_std=3.389846 awbc_label_rate=0.000
custom_ppo_update update=19 timesteps=38912 loss=1.165872 entropy=1.959184 adv_std=3.838732 awbc_label_rate=0.000
custom_ppo_update update=20 timesteps=40960 loss=0.965092 entropy=1.958627 adv_std=3.766853 awbc_label_rate=0.000
custom_ppo_update update=21 timesteps=43008 loss=1.232169 entropy=1.968998 adv_std=3.663234 awbc_label_rate=0.000
custom_ppo_update update=22 timesteps=45056 loss=0.785218 entropy=1.948435 adv_std=3.083756 awbc_label_rate=0.000
custom_ppo_update update=23 timesteps=47104 loss=0.738242 entropy=1.947367 adv_std=3.555609 awbc_label_rate=0.000
custom_ppo_update update=24 timesteps=49152 loss=0.455819 entropy=1.961213 adv_std=2.640426 awbc_label_rate=0.000
custom_ppo_update update=25 timesteps=51200 loss=1.252339 entropy=1.970078 adv_std=3.100020 awbc_label_rate=0.000
custom_ppo_update update=26 timesteps=53248 loss=0.969794 entropy=1.962374 adv_std=4.227904 awbc_label_rate=0.000
custom_ppo_update update=27 timesteps=55296 loss=0.750560 entropy=1.981679 adv_std=3.525648 awbc_label_rate=0.000
custom_ppo_update update=28 timesteps=57344 loss=0.948612 entropy=1.968867 adv_std=3.487549 awbc_label_rate=0.000
custom_ppo_update update=29 timesteps=59392 loss=0.890046 entropy=1.979238 adv_std=3.361275 awbc_label_rate=0.000
custom_ppo_update update=30 timesteps=61440 loss=1.129980 entropy=1.975993 adv_std=3.500312 awbc_label_rate=0.000
custom_ppo_update update=31 timesteps=63488 loss=0.677489 entropy=1.965468 adv_std=3.239999 awbc_label_rate=0.000
custom_ppo_update update=32 timesteps=65536 loss=0.666543 entropy=1.966140 adv_std=2.928505 awbc_label_rate=0.000
custom_ppo_update update=33 timesteps=67584 loss=1.081278 entropy=1.953565 adv_std=3.997432 awbc_label_rate=0.000
custom_ppo_update update=34 timesteps=69632 loss=0.734583 entropy=1.961116 adv_std=3.307904 awbc_label_rate=0.000
custom_ppo_update update=35 timesteps=71680 loss=0.582296 entropy=1.974651 adv_std=3.146874 awbc_label_rate=0.000
custom_ppo_update update=36 timesteps=73728 loss=0.786815 entropy=1.969718 adv_std=3.207098 awbc_label_rate=0.000
custom_ppo_update update=37 timesteps=75776 loss=0.851024 entropy=1.967711 adv_std=3.618348 awbc_label_rate=0.000
custom_ppo_update update=38 timesteps=77824 loss=0.713606 entropy=1.961554 adv_std=2.739710 awbc_label_rate=0.000
custom_ppo_update update=39 timesteps=79872 loss=0.536668 entropy=1.963421 adv_std=2.731170 awbc_label_rate=0.000
custom_ppo_update update=40 timesteps=81920 loss=0.978900 entropy=1.959644 adv_std=3.614771 awbc_label_rate=0.000
custom_ppo_update update=41 timesteps=83968 loss=0.441101 entropy=1.962714 adv_std=3.153223 awbc_label_rate=0.000
custom_ppo_update update=42 timesteps=86016 loss=0.626412 entropy=1.962456 adv_std=3.213441 awbc_label_rate=0.000
custom_ppo_update update=43 timesteps=88064 loss=0.787256 entropy=1.948183 adv_std=3.006807 awbc_label_rate=0.000
custom_ppo_update update=44 timesteps=90112 loss=0.571349 entropy=1.962195 adv_std=2.790173 awbc_label_rate=0.000
custom_ppo_update update=45 timesteps=92160 loss=0.540824 entropy=1.971413 adv_std=2.497322 awbc_label_rate=0.000
custom_ppo_update update=46 timesteps=94208 loss=0.569752 entropy=1.973793 adv_std=2.956110 awbc_label_rate=0.000
custom_ppo_update update=47 timesteps=96256 loss=0.818240 entropy=1.965678 adv_std=3.240081 awbc_label_rate=0.000
custom_ppo_update update=48 timesteps=98304 loss=0.763677 entropy=1.942996 adv_std=3.209537 awbc_label_rate=0.000
custom_ppo_update update=49 timesteps=100000 loss=0.740968 entropy=1.937016 adv_std=3.189740 awbc_label_rate=0.000
reports/v31_ablation_aligned/raw/A1_remove_one_v31_aligned/no_awbc/budget1p70_seed46/v2_custom_ppo_metrics.csv
                   policy  steps  reward_mean  instant_mae  oracle_loss_mean  dtw_mean  power_mean  peak_power_max  event_rate  warmup_abort_count
  full_open_unconstrained   6144    -0.159493     1.648961          0.159491  1.615355    4.620000            6.28    0.342448                   0
feasible_static_projected   6144    -0.166221     2.849922          0.166221  2.751123    1.460000            1.95    0.342448                   0
               custom_ppo   6144    -0.180366     2.891691          0.170605  2.772662    1.509232            2.18    0.342448                 741
              round_robin   6144    -0.198060    10.933967          0.177638  6.131684    1.555000            1.98    0.342448                1530
                   random   6144    -0.223187    26.214098          0.197197 11.447144    1.605879            2.33    0.342448                1932
                      aoi   6144    -0.228840    29.686459          0.197462 12.564523    1.622279            2.33    0.342448                2340
reports/v31_ablation_aligned/raw/A1_remove_one_v31_aligned/no_awbc/budget1p70_seed46/evaluation/v2_eval_overall.csv
                   policy  steps  weighted_normalized_mae      mae      rmse    smape  pearson      dtw  oracle_loss_mean  reward_mean  power_mean  power_max  peak_power_max  steady_violation_rate  peak_violation_rate  event_rate  warmup_abort_count  warmup_abort_rate  obs_reconstruction_mae  forecast_samples  forecast_weighted_mae_overall  forecast_raw_mae_overall  forecast_weighted_mae_event  forecast_weighted_mae_non_event  forecast_weighted_mae_low_temp  forecast_weighted_mae_normal
  full_open_unconstrained   6144                 0.065759 0.796695  2.744231 0.724273 0.908048 0.775357          0.159491    -0.159493    4.620000       4.62            6.28                    1.0                  1.0    0.342448                   0           0.000000                0.065759              6144                       0.159491                  2.132271                     0.167004                         0.115256                        0.135498                      0.099567
feasible_static_projected   6144                 0.242277 1.864975  4.435137 0.809333 0.936060 1.832704          0.166221    -0.166221    1.460000       1.46            1.95                    0.0                  0.0    0.342448                   0           0.000000                0.242277              6144                       0.166221                  2.232550                     0.173996                         0.120440                        0.142730                      0.114065
               custom_ppo   6144                 0.252594 1.891122  4.448399 0.815780 0.907113 1.835896          0.170605    -0.180366    1.509232       1.60            2.18                    0.0                  0.0    0.342448                 741           0.120605                0.252594              6144                       0.170605                  2.253314                     0.179461                         0.118461                        0.143145                      0.107642
              round_robin   6144                 0.264489 2.121410  5.736642 0.814151 0.901761 2.017724          0.177638    -0.198060    1.555000       1.64            1.98                    0.0                  0.0    0.342448                1530           0.249023                0.264489              6144                       0.177638                  2.370126                     0.187021                         0.122396                        0.144843                      0.113139
                   random   6144                 0.165159 2.525385 14.472154 0.819209 0.848749 1.584431          0.197197    -0.223187    1.605879       1.70            2.33                    0.0                  0.0    0.342448                1932           0.314453                0.165159              6144                       0.197197                  3.265893                     0.207527                         0.136375                        0.154504                      0.135274
                      aoi   6144                 0.168009 2.471082 11.774839 0.817905 0.833378 1.660458          0.197462    -0.228840    1.622279       1.70            2.33                    0.0                  0.0    0.342448                2340           0.380859                0.168009              6144                       0.197462                  2.834018                     0.209754                         0.125085                        0.148596                      0.126645
