custom_ppo_update update=1 timesteps=2048 loss=0.689134 entropy=2.394349 adv_std=1.542051 awbc_label_rate=0.000
custom_ppo_update update=2 timesteps=4096 loss=0.791849 entropy=2.386390 adv_std=1.889985 awbc_label_rate=0.000
custom_ppo_update update=3 timesteps=6144 loss=0.850237 entropy=2.381703 adv_std=2.032235 awbc_label_rate=0.000
custom_ppo_update update=4 timesteps=8192 loss=0.781051 entropy=2.386243 adv_std=2.428129 awbc_label_rate=0.000
custom_ppo_update update=5 timesteps=10240 loss=0.964631 entropy=2.376866 adv_std=2.575417 awbc_label_rate=0.000
custom_ppo_update update=6 timesteps=12288 loss=0.527342 entropy=2.367499 adv_std=2.538941 awbc_label_rate=0.000
custom_ppo_update update=7 timesteps=14336 loss=0.631159 entropy=2.365988 adv_std=2.668212 awbc_label_rate=0.000
custom_ppo_update update=8 timesteps=16384 loss=0.362023 entropy=2.361849 adv_std=2.206386 awbc_label_rate=0.000
custom_ppo_update update=9 timesteps=18432 loss=0.741849 entropy=2.355250 adv_std=2.977496 awbc_label_rate=0.000
custom_ppo_update update=10 timesteps=20480 loss=0.507887 entropy=2.349535 adv_std=2.598299 awbc_label_rate=0.000
custom_ppo_update update=11 timesteps=22528 loss=0.589084 entropy=2.344097 adv_std=2.343534 awbc_label_rate=0.000
custom_ppo_update update=12 timesteps=24576 loss=0.699000 entropy=2.340906 adv_std=2.764997 awbc_label_rate=0.000
custom_ppo_update update=13 timesteps=26624 loss=0.404736 entropy=2.334120 adv_std=2.740098 awbc_label_rate=0.000
custom_ppo_update update=14 timesteps=28672 loss=0.536821 entropy=2.328985 adv_std=2.459390 awbc_label_rate=0.000
custom_ppo_update update=15 timesteps=30720 loss=0.466396 entropy=2.314294 adv_std=2.604042 awbc_label_rate=0.000
custom_ppo_update update=16 timesteps=32768 loss=0.578185 entropy=2.310911 adv_std=2.899698 awbc_label_rate=0.000
custom_ppo_update update=17 timesteps=34816 loss=0.640669 entropy=2.307212 adv_std=2.700987 awbc_label_rate=0.000
custom_ppo_update update=18 timesteps=36864 loss=0.625717 entropy=2.296718 adv_std=2.703524 awbc_label_rate=0.000
custom_ppo_update update=19 timesteps=38912 loss=0.799638 entropy=2.296267 adv_std=3.128995 awbc_label_rate=0.000
custom_ppo_update update=20 timesteps=40960 loss=0.747009 entropy=2.280341 adv_std=3.116934 awbc_label_rate=0.000
custom_ppo_update update=21 timesteps=43008 loss=0.855821 entropy=2.282434 adv_std=3.132057 awbc_label_rate=0.000
custom_ppo_update update=22 timesteps=45056 loss=1.531256 entropy=2.286042 adv_std=3.433274 awbc_label_rate=0.000
custom_ppo_update update=23 timesteps=47104 loss=0.638181 entropy=2.272432 adv_std=2.870036 awbc_label_rate=0.000
custom_ppo_update update=24 timesteps=49152 loss=0.839935 entropy=2.252765 adv_std=3.677827 awbc_label_rate=0.000
custom_ppo_update update=25 timesteps=51200 loss=0.906518 entropy=2.281175 adv_std=3.594720 awbc_label_rate=0.000
custom_ppo_update update=26 timesteps=53248 loss=0.805337 entropy=2.236701 adv_std=3.388554 awbc_label_rate=0.000
custom_ppo_update update=27 timesteps=55296 loss=0.472671 entropy=2.251273 adv_std=2.902660 awbc_label_rate=0.000
custom_ppo_update update=28 timesteps=57344 loss=0.647116 entropy=2.242516 adv_std=3.514731 awbc_label_rate=0.000
custom_ppo_update update=29 timesteps=59392 loss=0.528097 entropy=2.240296 adv_std=2.682975 awbc_label_rate=0.000
custom_ppo_update update=30 timesteps=61440 loss=0.437355 entropy=2.234710 adv_std=2.769342 awbc_label_rate=0.000
custom_ppo_update update=31 timesteps=63488 loss=0.518475 entropy=2.234308 adv_std=2.844697 awbc_label_rate=0.000
custom_ppo_update update=32 timesteps=65536 loss=0.590979 entropy=2.225478 adv_std=2.787555 awbc_label_rate=0.000
custom_ppo_update update=33 timesteps=67584 loss=0.679808 entropy=2.216142 adv_std=2.710284 awbc_label_rate=0.000
custom_ppo_update update=34 timesteps=69632 loss=0.681769 entropy=2.204101 adv_std=2.818961 awbc_label_rate=0.000
custom_ppo_update update=35 timesteps=71680 loss=0.710505 entropy=2.216093 adv_std=2.627476 awbc_label_rate=0.000
custom_ppo_update update=36 timesteps=73728 loss=0.421489 entropy=2.191302 adv_std=2.508208 awbc_label_rate=0.000
custom_ppo_update update=37 timesteps=75776 loss=0.389772 entropy=2.194378 adv_std=2.380988 awbc_label_rate=0.000
custom_ppo_update update=38 timesteps=77824 loss=0.444995 entropy=2.183587 adv_std=2.378754 awbc_label_rate=0.000
custom_ppo_update update=39 timesteps=79872 loss=0.360422 entropy=2.166982 adv_std=2.596966 awbc_label_rate=0.000
custom_ppo_update update=40 timesteps=81920 loss=0.592974 entropy=2.153412 adv_std=2.937206 awbc_label_rate=0.000
custom_ppo_update update=41 timesteps=83968 loss=1.074391 entropy=2.174988 adv_std=3.188513 awbc_label_rate=0.000
custom_ppo_update update=42 timesteps=86016 loss=0.536233 entropy=2.158185 adv_std=2.608271 awbc_label_rate=0.000
custom_ppo_update update=43 timesteps=88064 loss=0.473035 entropy=2.140905 adv_std=2.556242 awbc_label_rate=0.000
custom_ppo_update update=44 timesteps=90112 loss=0.576554 entropy=2.126464 adv_std=2.630502 awbc_label_rate=0.000
custom_ppo_update update=45 timesteps=92160 loss=0.459033 entropy=2.125791 adv_std=2.712925 awbc_label_rate=0.000
custom_ppo_update update=46 timesteps=94208 loss=0.640645 entropy=2.118038 adv_std=2.919633 awbc_label_rate=0.000
custom_ppo_update update=47 timesteps=96256 loss=0.422570 entropy=2.105788 adv_std=2.456972 awbc_label_rate=0.000
custom_ppo_update update=48 timesteps=98304 loss=0.458754 entropy=2.129162 adv_std=2.439468 awbc_label_rate=0.000
custom_ppo_update update=49 timesteps=100000 loss=0.225771 entropy=2.105904 adv_std=1.818782 awbc_label_rate=0.000
reports/v31_ablation_aligned/raw/A1_remove_one_v31_aligned/masked_only/budget1p70_seed43/v2_custom_ppo_metrics.csv
                   policy  steps  reward_mean  instant_mae  oracle_loss_mean  dtw_mean  power_mean  peak_power_max  event_rate  warmup_abort_count
  full_open_unconstrained   6144    -0.158964     1.650386          0.158962  1.605024    4.620000            6.28    0.352702                   0
               custom_ppo   6144    -0.172916    12.046608          0.171173  6.138455    1.522461            2.20    0.352702                  98
feasible_static_projected   6144    -0.172376     2.803499          0.172375  2.697166    1.460000            1.95    0.352702                   0
              round_robin   6144    -0.202356     9.367867          0.181934  5.212417    1.555000            1.98    0.352702                1530
                      aoi   6144    -0.218538    23.122137          0.182469  9.884176    1.622780            2.33    0.352702                2700
                   random   6144    -0.215478    20.115153          0.190127  8.904403    1.603066            2.33    0.352702                1884
reports/v31_ablation_aligned/raw/A1_remove_one_v31_aligned/masked_only/budget1p70_seed43/evaluation/v2_eval_overall.csv
                   policy  steps  weighted_normalized_mae      mae      rmse    smape  pearson      dtw  oracle_loss_mean  reward_mean  power_mean  power_max  peak_power_max  steady_violation_rate  peak_violation_rate  event_rate  warmup_abort_count  warmup_abort_rate  obs_reconstruction_mae  forecast_samples  forecast_weighted_mae_overall  forecast_raw_mae_overall  forecast_weighted_mae_event  forecast_weighted_mae_non_event  forecast_weighted_mae_low_temp  forecast_weighted_mae_normal
  full_open_unconstrained   6144                 0.065856 0.790941  2.724093 0.726462 0.907555 0.767387          0.158962    -0.158964    4.620000       4.62            6.28                    1.0                  1.0    0.352702                   0           0.000000                0.065856              6144                       0.158962                  2.442432                     0.171388                         0.116184                        0.127612                      0.118135
               custom_ppo   6144                 0.147868 1.656024  8.098219 0.781164 0.918312 1.302440          0.171173    -0.172916    1.522461       1.64            2.20                    0.0                  0.0    0.352702                  98           0.015951                0.147868              6144                       0.171173                  2.898139                     0.181984                         0.133958                        0.140519                      0.132534
feasible_static_projected   6144                 0.230691 1.792221  4.279747 0.793600 0.931630 1.761022          0.172375    -0.172376    1.460000       1.46            1.95                    0.0                  0.0    0.352702                   0           0.000000                0.230691              6144                       0.172375                  2.520937                     0.182044                         0.139089                        0.153305                      0.118325
              round_robin   6144                 0.250575 2.098810  5.994935 0.796027 0.903665 1.943822          0.181934    -0.202356    1.555000       1.64            1.98                    0.0                  0.0    0.352702                1530           0.249023                0.250575              6144                       0.181934                  2.643290                     0.191551                         0.148827                        0.157104                      0.132674
                      aoi   6144                 0.141356 2.701406 13.582981 0.785910 0.883553 1.719292          0.182469    -0.218538    1.622780       1.70            2.33                    0.0                  0.0    0.352702                2700           0.439453                0.141356              6144                       0.182469                  3.207727                     0.192901                         0.146558                        0.146264                      0.142435
                   random   6144                 0.157833 2.796395 16.616963 0.798122 0.858038 1.715627          0.190127    -0.215478    1.603066       1.70            2.33                    0.0                  0.0    0.352702                1884           0.306641                0.157833              6144                       0.190127                  3.783134                     0.201087                         0.152398                        0.149661                      0.154020
