custom_ppo_update update=1 timesteps=2048 loss=0.535576 entropy=2.386079 adv_std=1.445998 awbc_label_rate=0.000
custom_ppo_update update=2 timesteps=4096 loss=0.453705 entropy=2.380552 adv_std=1.469033 awbc_label_rate=0.000
custom_ppo_update update=3 timesteps=6144 loss=0.884906 entropy=2.374975 adv_std=1.915407 awbc_label_rate=0.000
custom_ppo_update update=4 timesteps=8192 loss=0.413251 entropy=2.365732 adv_std=1.636603 awbc_label_rate=0.000
custom_ppo_update update=5 timesteps=10240 loss=0.340218 entropy=2.360602 adv_std=1.561450 awbc_label_rate=0.000
custom_ppo_update update=6 timesteps=12288 loss=0.435815 entropy=2.353449 adv_std=2.159533 awbc_label_rate=0.000
custom_ppo_update update=7 timesteps=14336 loss=0.418160 entropy=2.340827 adv_std=2.275521 awbc_label_rate=0.000
custom_ppo_update update=8 timesteps=16384 loss=0.534830 entropy=2.335462 adv_std=2.361941 awbc_label_rate=0.000
custom_ppo_update update=9 timesteps=18432 loss=0.251981 entropy=2.321261 adv_std=2.143614 awbc_label_rate=0.000
custom_ppo_update update=10 timesteps=20480 loss=0.408677 entropy=2.300478 adv_std=2.282560 awbc_label_rate=0.000
custom_ppo_update update=11 timesteps=22528 loss=0.246068 entropy=2.285278 adv_std=2.101533 awbc_label_rate=0.000
custom_ppo_update update=12 timesteps=24576 loss=0.550632 entropy=2.293262 adv_std=2.701426 awbc_label_rate=0.000
custom_ppo_update update=13 timesteps=26624 loss=0.481619 entropy=2.248767 adv_std=2.668074 awbc_label_rate=0.000
custom_ppo_update update=14 timesteps=28672 loss=0.519556 entropy=2.270619 adv_std=2.471170 awbc_label_rate=0.000
custom_ppo_update update=15 timesteps=30720 loss=0.569858 entropy=2.271804 adv_std=2.665541 awbc_label_rate=0.000
custom_ppo_update update=16 timesteps=32768 loss=0.721233 entropy=2.264505 adv_std=2.965800 awbc_label_rate=0.000
custom_ppo_update update=17 timesteps=34816 loss=0.546607 entropy=2.254090 adv_std=2.921601 awbc_label_rate=0.000
custom_ppo_update update=18 timesteps=36864 loss=0.729074 entropy=2.228828 adv_std=2.947707 awbc_label_rate=0.000
custom_ppo_update update=19 timesteps=38912 loss=0.582944 entropy=2.233336 adv_std=2.891921 awbc_label_rate=0.000
custom_ppo_update update=20 timesteps=40960 loss=0.673744 entropy=2.212058 adv_std=3.036841 awbc_label_rate=0.000
custom_ppo_update update=21 timesteps=43008 loss=0.593108 entropy=2.189611 adv_std=2.821788 awbc_label_rate=0.000
custom_ppo_update update=22 timesteps=45056 loss=0.557614 entropy=2.192308 adv_std=2.781542 awbc_label_rate=0.000
custom_ppo_update update=23 timesteps=47104 loss=1.045685 entropy=2.184529 adv_std=3.214788 awbc_label_rate=0.000
custom_ppo_update update=24 timesteps=49152 loss=0.819423 entropy=2.161503 adv_std=2.992559 awbc_label_rate=0.000
custom_ppo_update update=25 timesteps=51200 loss=0.966484 entropy=2.164596 adv_std=3.055085 awbc_label_rate=0.000
custom_ppo_update update=26 timesteps=53248 loss=0.774635 entropy=2.142868 adv_std=3.208127 awbc_label_rate=0.000
custom_ppo_update update=27 timesteps=55296 loss=0.457265 entropy=2.111569 adv_std=2.385821 awbc_label_rate=0.000
custom_ppo_update update=28 timesteps=57344 loss=0.630683 entropy=2.152257 adv_std=3.292290 awbc_label_rate=0.000
custom_ppo_update update=29 timesteps=59392 loss=0.747572 entropy=2.126975 adv_std=3.442030 awbc_label_rate=0.000
custom_ppo_update update=30 timesteps=61440 loss=0.549121 entropy=2.137288 adv_std=3.019547 awbc_label_rate=0.000
custom_ppo_update update=31 timesteps=63488 loss=0.967079 entropy=2.099084 adv_std=3.117391 awbc_label_rate=0.000
custom_ppo_update update=32 timesteps=65536 loss=0.869111 entropy=2.067684 adv_std=3.447773 awbc_label_rate=0.000
custom_ppo_update update=33 timesteps=67584 loss=0.882135 entropy=2.070729 adv_std=3.229098 awbc_label_rate=0.000
custom_ppo_update update=34 timesteps=69632 loss=0.531630 entropy=2.017767 adv_std=2.692615 awbc_label_rate=0.000
custom_ppo_update update=35 timesteps=71680 loss=0.749109 entropy=2.031128 adv_std=3.546869 awbc_label_rate=0.000
custom_ppo_update update=36 timesteps=73728 loss=0.453878 entropy=2.071119 adv_std=2.290688 awbc_label_rate=0.000
custom_ppo_update update=37 timesteps=75776 loss=0.762685 entropy=1.965831 adv_std=2.782309 awbc_label_rate=0.000
custom_ppo_update update=38 timesteps=77824 loss=0.406481 entropy=2.008857 adv_std=2.549279 awbc_label_rate=0.000
custom_ppo_update update=39 timesteps=79872 loss=0.370065 entropy=2.024645 adv_std=2.563040 awbc_label_rate=0.000
custom_ppo_update update=40 timesteps=81920 loss=0.533917 entropy=2.005175 adv_std=2.841684 awbc_label_rate=0.000
custom_ppo_update update=41 timesteps=83968 loss=0.390949 entropy=1.945269 adv_std=2.716784 awbc_label_rate=0.000
custom_ppo_update update=42 timesteps=86016 loss=0.415174 entropy=1.971957 adv_std=2.764858 awbc_label_rate=0.000
custom_ppo_update update=43 timesteps=88064 loss=0.295623 entropy=1.925315 adv_std=2.119620 awbc_label_rate=0.000
custom_ppo_update update=44 timesteps=90112 loss=0.261308 entropy=1.948512 adv_std=2.341784 awbc_label_rate=0.000
custom_ppo_update update=45 timesteps=92160 loss=0.335362 entropy=1.929129 adv_std=2.300183 awbc_label_rate=0.000
custom_ppo_update update=46 timesteps=94208 loss=0.387036 entropy=1.936272 adv_std=2.227990 awbc_label_rate=0.000
custom_ppo_update update=47 timesteps=96256 loss=0.343539 entropy=1.919245 adv_std=2.426565 awbc_label_rate=0.000
custom_ppo_update update=48 timesteps=98304 loss=0.822853 entropy=1.891939 adv_std=3.143975 awbc_label_rate=0.000
custom_ppo_update update=49 timesteps=100000 loss=0.367394 entropy=1.880308 adv_std=2.403430 awbc_label_rate=0.000
reports/v31_ablation_aligned/raw/A1_remove_one_v31_aligned/no_awbc_oracle/budget1p70_seed41/v2_custom_ppo_metrics.csv
                   policy  steps  reward_mean  instant_mae  oracle_loss_mean  dtw_mean  power_mean  peak_power_max  event_rate  warmup_abort_count
  full_open_unconstrained   6144    -0.128736     1.656428          0.128734  1.618296    4.620000            6.28    0.408529                   0
feasible_static_projected   6144    -0.139725     3.022895          0.139724  2.924569    1.460000            1.95    0.408529                   0
              round_robin   6144    -0.163800     7.730503          0.143378  4.730799    1.555000            1.98    0.408529                1530
               custom_ppo   6144    -0.160354    19.253763          0.149725 11.273814    1.576514            2.33    0.408529                 784
                      aoi   6144    -0.183079    16.814526          0.151701  7.481091    1.622279            2.33    0.408529                2340
                   random   6144    -0.181778    15.456530          0.155641  7.422235    1.604590            2.33    0.408529                1944
reports/v31_ablation_aligned/raw/A1_remove_one_v31_aligned/no_awbc_oracle/budget1p70_seed41/evaluation/v2_eval_overall.csv
                   policy  steps  weighted_normalized_mae      mae      rmse    smape  pearson      dtw  oracle_loss_mean  reward_mean  power_mean  power_max  peak_power_max  steady_violation_rate  peak_violation_rate  event_rate  warmup_abort_count  warmup_abort_rate  obs_reconstruction_mae  forecast_samples  forecast_weighted_mae_overall  forecast_raw_mae_overall  forecast_weighted_mae_event  forecast_weighted_mae_non_event  forecast_weighted_mae_low_temp  forecast_weighted_mae_normal
  full_open_unconstrained   6144                 0.064595 0.778572  2.685088 0.764535 0.893711 0.764333          0.128734    -0.128736    4.620000       4.62            6.28                    1.0                  1.0    0.408529                   0           0.000000                0.064595              6144                       0.128734                  1.834614                     0.130537                         0.116925                        0.098824                      0.169877
feasible_static_projected   6144                 0.270068 2.067749  4.934574 0.836617 0.929282 2.043764          0.139724    -0.139725    1.460000       1.46            1.95                    0.0                  0.0    0.408529                   0           0.000000                0.270068              6144                       0.139724                  1.981115                     0.141790                         0.126199                        0.107275                      0.191772
              round_robin   6144                 0.287710 2.177399  5.164354 0.836838 0.899869 2.103882          0.143378    -0.163800    1.555000       1.64            1.98                    0.0                  0.0    0.408529                1530           0.249023                0.287710              6144                       0.143378                  2.062135                     0.145565                         0.129055                        0.112295                      0.179982
               custom_ppo   6144                 0.148250 1.400949  6.361573 0.835847 0.746513 1.149402          0.149725    -0.160354    1.576514       1.70            2.33                    0.0                  0.0    0.408529                 784           0.127604                0.148250              6144                       0.149725                  2.503908                     0.151862                         0.135734                        0.122074                      0.161220
                      aoi   6144                 0.138110 1.910036 10.822586 0.822500 0.843890 1.395233          0.151701    -0.183079    1.622279       1.70            2.33                    0.0                  0.0    0.408529                2340           0.380859                0.138110              6144                       0.151701                  2.714653                     0.153820                         0.137831                        0.122576                      0.150944
                   random   6144                 0.146690 1.890846 11.291753 0.829154 0.850457 1.299916          0.155641    -0.181778    1.604590       1.70            2.33                    0.0                  0.0    0.408529                1944           0.316406                0.146690              6144                       0.155641                  2.874679                     0.157146                         0.145784                        0.126551                      0.179984
