custom_ppo_update update=1 timesteps=2048 loss=0.631091 entropy=1.993395 adv_std=1.406932 awbc_label_rate=0.250
custom_ppo_update update=2 timesteps=4096 loss=0.587763 entropy=2.008402 adv_std=1.223226 awbc_label_rate=0.250
custom_ppo_update update=3 timesteps=6144 loss=1.178296 entropy=2.005470 adv_std=2.681079 awbc_label_rate=0.250
custom_ppo_update update=4 timesteps=8192 loss=1.002095 entropy=2.014361 adv_std=2.365846 awbc_label_rate=0.250
custom_ppo_update update=5 timesteps=10240 loss=1.147556 entropy=2.037780 adv_std=2.065061 awbc_label_rate=0.250
custom_ppo_update update=6 timesteps=12288 loss=1.018582 entropy=2.025229 adv_std=2.720437 awbc_label_rate=0.250
custom_ppo_update update=7 timesteps=14336 loss=0.890964 entropy=2.008760 adv_std=2.270009 awbc_label_rate=0.250
custom_ppo_update update=8 timesteps=16384 loss=0.891563 entropy=2.021512 adv_std=2.683423 awbc_label_rate=0.250
custom_ppo_update update=9 timesteps=18432 loss=1.006670 entropy=2.027542 adv_std=3.499701 awbc_label_rate=0.250
custom_ppo_update update=10 timesteps=20480 loss=0.975622 entropy=2.026188 adv_std=2.825482 awbc_label_rate=0.250
custom_ppo_update update=11 timesteps=22528 loss=0.698828 entropy=2.028417 adv_std=2.365134 awbc_label_rate=0.250
custom_ppo_update update=12 timesteps=24576 loss=0.676026 entropy=2.015946 adv_std=2.560778 awbc_label_rate=0.250
custom_ppo_update update=13 timesteps=26624 loss=0.858092 entropy=2.009308 adv_std=2.675042 awbc_label_rate=0.250
custom_ppo_update update=14 timesteps=28672 loss=1.304622 entropy=2.009579 adv_std=3.112348 awbc_label_rate=0.250
custom_ppo_update update=15 timesteps=30720 loss=1.224993 entropy=2.022683 adv_std=3.262930 awbc_label_rate=0.250
custom_ppo_update update=16 timesteps=32768 loss=0.787470 entropy=2.042884 adv_std=2.648155 awbc_label_rate=0.250
custom_ppo_update update=17 timesteps=34816 loss=1.074778 entropy=2.058062 adv_std=2.801933 awbc_label_rate=0.250
custom_ppo_update update=18 timesteps=36864 loss=0.951089 entropy=2.030963 adv_std=3.102166 awbc_label_rate=0.250
custom_ppo_update update=19 timesteps=38912 loss=0.950702 entropy=2.020334 adv_std=3.124845 awbc_label_rate=0.250
custom_ppo_update update=20 timesteps=40960 loss=0.746451 entropy=2.014697 adv_std=2.693529 awbc_label_rate=0.250
custom_ppo_update update=21 timesteps=43008 loss=0.654606 entropy=2.008887 adv_std=2.551585 awbc_label_rate=0.250
custom_ppo_update update=22 timesteps=45056 loss=0.776624 entropy=2.005576 adv_std=2.851707 awbc_label_rate=0.250
custom_ppo_update update=23 timesteps=47104 loss=0.625464 entropy=2.013915 adv_std=2.391287 awbc_label_rate=0.250
custom_ppo_update update=24 timesteps=49152 loss=1.135201 entropy=2.023364 adv_std=2.929790 awbc_label_rate=0.250
custom_ppo_update update=25 timesteps=51200 loss=0.622638 entropy=2.020778 adv_std=2.318783 awbc_label_rate=0.250
custom_ppo_update update=26 timesteps=53248 loss=0.850704 entropy=2.015569 adv_std=2.863709 awbc_label_rate=0.250
custom_ppo_update update=27 timesteps=55296 loss=0.957242 entropy=2.034925 adv_std=2.515614 awbc_label_rate=0.250
custom_ppo_update update=28 timesteps=57344 loss=0.853066 entropy=2.027226 adv_std=3.273006 awbc_label_rate=0.250
custom_ppo_update update=29 timesteps=59392 loss=1.405435 entropy=2.021173 adv_std=3.478534 awbc_label_rate=0.250
custom_ppo_update update=30 timesteps=61440 loss=0.690430 entropy=2.011866 adv_std=3.086733 awbc_label_rate=0.250
custom_ppo_update update=31 timesteps=63488 loss=0.620687 entropy=2.018427 adv_std=2.446832 awbc_label_rate=0.250
custom_ppo_update update=32 timesteps=65536 loss=1.246077 entropy=2.025753 adv_std=3.316529 awbc_label_rate=0.250
custom_ppo_update update=33 timesteps=67584 loss=0.910240 entropy=2.027612 adv_std=3.169610 awbc_label_rate=0.250
custom_ppo_update update=34 timesteps=69632 loss=0.681304 entropy=2.022233 adv_std=2.353646 awbc_label_rate=0.250
custom_ppo_update update=35 timesteps=71680 loss=0.676305 entropy=2.019753 adv_std=2.795859 awbc_label_rate=0.250
custom_ppo_update update=36 timesteps=73728 loss=1.060677 entropy=2.018890 adv_std=3.638182 awbc_label_rate=0.250
custom_ppo_update update=37 timesteps=75776 loss=0.840257 entropy=2.019921 adv_std=2.801148 awbc_label_rate=0.250
custom_ppo_update update=38 timesteps=77824 loss=0.864194 entropy=2.010383 adv_std=2.757766 awbc_label_rate=0.250
custom_ppo_update update=39 timesteps=79872 loss=0.725123 entropy=1.998884 adv_std=2.622738 awbc_label_rate=0.250
custom_ppo_update update=40 timesteps=81920 loss=1.212770 entropy=2.014677 adv_std=3.439557 awbc_label_rate=0.250
custom_ppo_update update=41 timesteps=83968 loss=0.854050 entropy=2.025022 adv_std=3.132207 awbc_label_rate=0.250
custom_ppo_update update=42 timesteps=86016 loss=0.974685 entropy=2.030449 adv_std=3.073851 awbc_label_rate=0.250
custom_ppo_update update=43 timesteps=88064 loss=0.705056 entropy=2.030846 adv_std=2.898105 awbc_label_rate=0.250
custom_ppo_update update=44 timesteps=90112 loss=1.018216 entropy=2.039576 adv_std=2.764183 awbc_label_rate=0.250
custom_ppo_update update=45 timesteps=92160 loss=1.027892 entropy=2.033201 adv_std=3.620775 awbc_label_rate=0.250
custom_ppo_update update=46 timesteps=94208 loss=0.705767 entropy=2.014574 adv_std=2.806593 awbc_label_rate=0.250
custom_ppo_update update=47 timesteps=96256 loss=0.795761 entropy=2.011359 adv_std=2.916178 awbc_label_rate=0.250
custom_ppo_update update=48 timesteps=98304 loss=0.924750 entropy=2.014963 adv_std=3.282524 awbc_label_rate=0.250
custom_ppo_update update=49 timesteps=100000 loss=0.781299 entropy=2.015577 adv_std=2.606555 awbc_label_rate=0.250
reports/v31_ablation_aligned/raw/A1_remove_one_v31_aligned/no_action_emb/budget1p70_seed50/v2_custom_ppo_metrics.csv
                   policy  steps  reward_mean  instant_mae  oracle_loss_mean  dtw_mean  power_mean  peak_power_max  event_rate  warmup_abort_count
feasible_static_projected   6144    -0.147310     2.652667          0.147309  2.547184    1.460000            1.95    0.374023                   0
               custom_ppo   6144    -0.149959     2.681982          0.148582  2.558844    1.518040            1.98    0.374023                 102
  full_open_unconstrained   6144    -0.148880     1.655831          0.148878  1.609975    4.620000            6.28    0.374023                   0
              round_robin   6144    -0.179949    13.078233          0.159527  6.592605    1.555000            1.98    0.374023                1530
                   random   6144    -0.218967    27.626443          0.191096 10.664855    1.607402            2.33    0.374023                2076
                      aoi   6144    -0.235049    31.561824          0.198980 13.884760    1.622780            2.33    0.374023                2700
reports/v31_ablation_aligned/raw/A1_remove_one_v31_aligned/no_action_emb/budget1p70_seed50/evaluation/v2_eval_overall.csv
                   policy  steps  weighted_normalized_mae      mae     rmse    smape  pearson      dtw  oracle_loss_mean  reward_mean  power_mean  power_max  peak_power_max  steady_violation_rate  peak_violation_rate  event_rate  warmup_abort_count  warmup_abort_rate  obs_reconstruction_mae  forecast_samples  forecast_weighted_mae_overall  forecast_raw_mae_overall  forecast_weighted_mae_event  forecast_weighted_mae_non_event  forecast_weighted_mae_low_temp  forecast_weighted_mae_normal
feasible_static_projected   6144                 0.202882 1.602212 3.920187 0.808231 0.929577 1.558819          0.147309    -0.147310    1.460000       1.46            1.95                    0.0                  0.0    0.374023                   0           0.000000                0.202882              6144                       0.147309                  1.777352                     0.149714                         0.113321                        0.112355                      0.143332
               custom_ppo   6144                 0.206400 1.631429 3.956784 0.815068 0.903554 1.563776          0.148582    -0.149959    1.518040       1.64            1.98                    0.0                  0.0    0.374023                 102           0.016602                0.206400              6144                       0.148582                  1.789157                     0.151057                         0.113601                        0.112036                      0.148362
  full_open_unconstrained   6144                 0.065529 0.784097 2.699978 0.737359 0.898651 0.747445          0.148878    -0.148880    4.620000       4.62            6.28                    1.0                  1.0    0.374023                   0           0.000000                0.065529              6144                       0.148878                  1.768978                     0.151506                         0.111745                        0.113219                      0.136138
              round_robin   6144                 0.221263 1.742827 4.440798 0.809118 0.894781 1.634594          0.159527    -0.179949    1.555000       1.64            1.98                    0.0                  0.0    0.374023                1530           0.249023                0.221263              6144                       0.159527                  1.850222                     0.162124                         0.122816                        0.118550                      0.152194
                   random   6144                 0.145764 1.802246 8.940984 0.820860 0.857744 1.225165          0.191096    -0.218967    1.607402       1.70            2.33                    0.0                  0.0    0.374023                2076           0.337891                0.145764              6144                       0.191096                  2.455094                     0.194908                         0.137219                        0.138771                      0.185283
                      aoi   6144                 0.148316 1.770367 7.912985 0.809357 0.855692 1.216108          0.198980    -0.235049    1.622780       1.70            2.33                    0.0                  0.0    0.374023                2700           0.439453                0.148316              6144                       0.198980                  2.270812                     0.203115                         0.140531                        0.141071                      0.218394
