custom_ppo_update update=1 timesteps=2048 loss=0.684346 entropy=1.973800 adv_std=1.346888 awbc_label_rate=0.250
custom_ppo_update update=2 timesteps=4096 loss=0.974300 entropy=1.981448 adv_std=1.831685 awbc_label_rate=0.250
custom_ppo_update update=3 timesteps=6144 loss=1.137828 entropy=1.997655 adv_std=2.080998 awbc_label_rate=0.250
custom_ppo_update update=4 timesteps=8192 loss=0.769659 entropy=1.991574 adv_std=1.886101 awbc_label_rate=0.250
custom_ppo_update update=5 timesteps=10240 loss=0.563073 entropy=1.983858 adv_std=1.484656 awbc_label_rate=0.250
custom_ppo_update update=6 timesteps=12288 loss=0.552858 entropy=2.007275 adv_std=1.925960 awbc_label_rate=0.250
custom_ppo_update update=7 timesteps=14336 loss=0.908656 entropy=2.001868 adv_std=2.483639 awbc_label_rate=0.250
custom_ppo_update update=8 timesteps=16384 loss=0.757336 entropy=2.001045 adv_std=2.304778 awbc_label_rate=0.250
custom_ppo_update update=9 timesteps=18432 loss=0.530930 entropy=2.003484 adv_std=2.168572 awbc_label_rate=0.250
custom_ppo_update update=10 timesteps=20480 loss=0.598967 entropy=2.000855 adv_std=2.050578 awbc_label_rate=0.250
custom_ppo_update update=11 timesteps=22528 loss=0.646410 entropy=1.997023 adv_std=2.122628 awbc_label_rate=0.250
custom_ppo_update update=12 timesteps=24576 loss=0.616974 entropy=1.999371 adv_std=2.212287 awbc_label_rate=0.250
custom_ppo_update update=13 timesteps=26624 loss=0.606850 entropy=2.008177 adv_std=2.481615 awbc_label_rate=0.250
custom_ppo_update update=14 timesteps=28672 loss=0.837405 entropy=2.015586 adv_std=2.431942 awbc_label_rate=0.250
custom_ppo_update update=15 timesteps=30720 loss=0.980350 entropy=2.008059 adv_std=2.623566 awbc_label_rate=0.250
custom_ppo_update update=16 timesteps=32768 loss=1.340604 entropy=1.998634 adv_std=3.362153 awbc_label_rate=0.250
custom_ppo_update update=17 timesteps=34816 loss=0.838816 entropy=2.001843 adv_std=3.058069 awbc_label_rate=0.250
custom_ppo_update update=18 timesteps=36864 loss=1.200707 entropy=2.000681 adv_std=3.388529 awbc_label_rate=0.250
custom_ppo_update update=19 timesteps=38912 loss=1.073804 entropy=2.001461 adv_std=2.983152 awbc_label_rate=0.250
custom_ppo_update update=20 timesteps=40960 loss=1.010539 entropy=2.012877 adv_std=3.240988 awbc_label_rate=0.250
custom_ppo_update update=21 timesteps=43008 loss=0.776939 entropy=2.005064 adv_std=2.732007 awbc_label_rate=0.250
custom_ppo_update update=22 timesteps=45056 loss=0.772817 entropy=2.003471 adv_std=2.543586 awbc_label_rate=0.250
custom_ppo_update update=23 timesteps=47104 loss=1.297110 entropy=2.021075 adv_std=3.014355 awbc_label_rate=0.250
custom_ppo_update update=24 timesteps=49152 loss=0.956594 entropy=1.996377 adv_std=3.101133 awbc_label_rate=0.250
custom_ppo_update update=25 timesteps=51200 loss=0.846848 entropy=1.995890 adv_std=2.814662 awbc_label_rate=0.250
custom_ppo_update update=26 timesteps=53248 loss=0.747281 entropy=1.996217 adv_std=2.750505 awbc_label_rate=0.250
custom_ppo_update update=27 timesteps=55296 loss=0.687525 entropy=1.996938 adv_std=2.299075 awbc_label_rate=0.250
custom_ppo_update update=28 timesteps=57344 loss=1.368174 entropy=2.005003 adv_std=4.102702 awbc_label_rate=0.250
custom_ppo_update update=29 timesteps=59392 loss=0.861472 entropy=1.999146 adv_std=3.029704 awbc_label_rate=0.250
custom_ppo_update update=30 timesteps=61440 loss=0.824698 entropy=2.010762 adv_std=3.044512 awbc_label_rate=0.250
custom_ppo_update update=31 timesteps=63488 loss=1.036450 entropy=2.010681 adv_std=2.998164 awbc_label_rate=0.250
custom_ppo_update update=32 timesteps=65536 loss=1.022957 entropy=2.004701 adv_std=3.385818 awbc_label_rate=0.250
custom_ppo_update update=33 timesteps=67584 loss=1.128443 entropy=1.996658 adv_std=3.279237 awbc_label_rate=0.250
custom_ppo_update update=34 timesteps=69632 loss=0.826238 entropy=2.004888 adv_std=2.763465 awbc_label_rate=0.250
custom_ppo_update update=35 timesteps=71680 loss=1.100422 entropy=1.994472 adv_std=3.341557 awbc_label_rate=0.250
custom_ppo_update update=36 timesteps=73728 loss=0.835773 entropy=2.007816 adv_std=2.688693 awbc_label_rate=0.250
custom_ppo_update update=37 timesteps=75776 loss=1.209312 entropy=2.007063 adv_std=3.185768 awbc_label_rate=0.250
custom_ppo_update update=38 timesteps=77824 loss=0.962981 entropy=2.007752 adv_std=3.088745 awbc_label_rate=0.250
custom_ppo_update update=39 timesteps=79872 loss=0.726091 entropy=1.998484 adv_std=2.697016 awbc_label_rate=0.250
custom_ppo_update update=40 timesteps=81920 loss=0.818386 entropy=1.995594 adv_std=2.875008 awbc_label_rate=0.250
custom_ppo_update update=41 timesteps=83968 loss=0.809775 entropy=2.017574 adv_std=2.889686 awbc_label_rate=0.250
custom_ppo_update update=42 timesteps=86016 loss=0.796523 entropy=2.003357 adv_std=3.050114 awbc_label_rate=0.250
custom_ppo_update update=43 timesteps=88064 loss=0.734048 entropy=2.001083 adv_std=2.537373 awbc_label_rate=0.250
custom_ppo_update update=44 timesteps=90112 loss=0.624935 entropy=1.981095 adv_std=2.582721 awbc_label_rate=0.250
custom_ppo_update update=45 timesteps=92160 loss=0.832973 entropy=1.969234 adv_std=2.537268 awbc_label_rate=0.250
custom_ppo_update update=46 timesteps=94208 loss=0.818984 entropy=2.009178 adv_std=2.677078 awbc_label_rate=0.250
custom_ppo_update update=47 timesteps=96256 loss=0.731109 entropy=1.998259 adv_std=2.310107 awbc_label_rate=0.250
custom_ppo_update update=48 timesteps=98304 loss=1.033165 entropy=1.993398 adv_std=3.133439 awbc_label_rate=0.250
custom_ppo_update update=49 timesteps=100000 loss=0.712112 entropy=1.984883 adv_std=2.730295 awbc_label_rate=0.250
reports/v31_ablation_aligned/raw/A1_remove_one_v31_aligned/no_action_emb/budget1p70_seed41/v2_custom_ppo_metrics.csv
                   policy  steps  reward_mean  instant_mae  oracle_loss_mean  dtw_mean  power_mean  peak_power_max  event_rate  warmup_abort_count
  full_open_unconstrained   6144    -0.128664     1.656428          0.128662  1.618296    4.620000            6.28    0.408529                   0
feasible_static_projected   6144    -0.138754     3.022895          0.138754  2.924569    1.460000            1.95    0.408529                   0
               custom_ppo   6144    -0.144105     3.053053          0.139104  2.927095    1.543503            2.05    0.408529                 378
              round_robin   6144    -0.163468     7.730503          0.143046  4.730799    1.555000            1.98    0.408529                1530
                      aoi   6144    -0.182553    16.814526          0.151175  7.481091    1.622279            2.33    0.408529                2340
                   random   6144    -0.182032    15.456530          0.155895  7.422235    1.604590            2.33    0.408529                1944
reports/v31_ablation_aligned/raw/A1_remove_one_v31_aligned/no_action_emb/budget1p70_seed41/evaluation/v2_eval_overall.csv
                   policy  steps  weighted_normalized_mae      mae      rmse    smape  pearson      dtw  oracle_loss_mean  reward_mean  power_mean  power_max  peak_power_max  steady_violation_rate  peak_violation_rate  event_rate  warmup_abort_count  warmup_abort_rate  obs_reconstruction_mae  forecast_samples  forecast_weighted_mae_overall  forecast_raw_mae_overall  forecast_weighted_mae_event  forecast_weighted_mae_non_event  forecast_weighted_mae_low_temp  forecast_weighted_mae_normal
  full_open_unconstrained   6144                 0.064595 0.778572  2.685088 0.764535 0.893711 0.764333          0.128662    -0.128664    4.620000       4.62            6.28                    1.0                  1.0    0.408529                   0           0.000000                0.064595              6144                       0.128662                  1.846314                     0.130284                         0.118039                        0.098963                      0.171754
feasible_static_projected   6144                 0.270068 2.067749  4.934574 0.836617 0.929282 2.043764          0.138754    -0.138754    1.460000       1.46            1.95                    0.0                  0.0    0.408529                   0           0.000000                0.270068              6144                       0.138754                  1.988824                     0.140716                         0.125907                        0.106900                      0.189506
               custom_ppo   6144                 0.267906 2.105942  4.985735 0.844728 0.902269 2.057578          0.139104    -0.144105    1.543503       1.60            2.05                    0.0                  0.0    0.408529                 378           0.061523                0.267906              6144                       0.139104                  1.956267                     0.141813                         0.121365                        0.105785                      0.176981
              round_robin   6144                 0.287710 2.177399  5.164354 0.836838 0.899869 2.103882          0.143046    -0.163468    1.555000       1.64            1.98                    0.0                  0.0    0.408529                1530           0.249023                0.287710              6144                       0.143046                  2.076513                     0.145243                         0.128657                        0.112241                      0.179976
                      aoi   6144                 0.138110 1.910036 10.822586 0.822500 0.843890 1.395233          0.151175    -0.182553    1.622279       1.70            2.33                    0.0                  0.0    0.408529                2340           0.380859                0.138110              6144                       0.151175                  2.725769                     0.153485                         0.136047                        0.121505                      0.151096
                   random   6144                 0.146690 1.890846 11.291753 0.829154 0.850457 1.299916          0.155895    -0.182032    1.604590       1.70            2.33                    0.0                  0.0    0.408529                1944           0.316406                0.146690              6144                       0.155895                  2.894581                     0.157511                         0.145311                        0.126731                      0.179932
