custom_ppo_update update=1 timesteps=2048 loss=0.711327 entropy=2.127070 adv_std=1.615046 awbc_label_rate=0.250
custom_ppo_update update=2 timesteps=4096 loss=0.902381 entropy=2.133441 adv_std=1.699897 awbc_label_rate=0.250
custom_ppo_update update=3 timesteps=6144 loss=1.465965 entropy=2.141389 adv_std=2.832872 awbc_label_rate=0.250
custom_ppo_update update=4 timesteps=8192 loss=1.193465 entropy=2.140287 adv_std=2.491070 awbc_label_rate=0.250
custom_ppo_update update=5 timesteps=10240 loss=1.615315 entropy=2.147617 adv_std=3.176130 awbc_label_rate=0.250
custom_ppo_update update=6 timesteps=12288 loss=1.566722 entropy=2.158782 adv_std=2.955933 awbc_label_rate=0.250
custom_ppo_update update=7 timesteps=14336 loss=0.931267 entropy=2.161796 adv_std=2.859157 awbc_label_rate=0.250
custom_ppo_update update=8 timesteps=16384 loss=1.726387 entropy=2.151718 adv_std=3.694268 awbc_label_rate=0.250
custom_ppo_update update=9 timesteps=18432 loss=1.069625 entropy=2.167666 adv_std=3.072218 awbc_label_rate=0.250
custom_ppo_update update=10 timesteps=20480 loss=1.028896 entropy=2.169586 adv_std=3.111507 awbc_label_rate=0.250
custom_ppo_update update=11 timesteps=22528 loss=0.902229 entropy=2.156391 adv_std=3.179493 awbc_label_rate=0.250
custom_ppo_update update=12 timesteps=24576 loss=0.961777 entropy=2.148184 adv_std=3.112287 awbc_label_rate=0.250
custom_ppo_update update=13 timesteps=26624 loss=1.167410 entropy=2.153639 adv_std=3.107334 awbc_label_rate=0.250
custom_ppo_update update=14 timesteps=28672 loss=1.080698 entropy=2.154231 adv_std=2.926684 awbc_label_rate=0.250
custom_ppo_update update=15 timesteps=30720 loss=1.088127 entropy=2.162329 adv_std=3.752057 awbc_label_rate=0.250
custom_ppo_update update=16 timesteps=32768 loss=0.981906 entropy=2.158597 adv_std=3.176807 awbc_label_rate=0.250
custom_ppo_update update=17 timesteps=34816 loss=1.252701 entropy=2.162552 adv_std=4.029312 awbc_label_rate=0.250
custom_ppo_update update=18 timesteps=36864 loss=1.075498 entropy=2.160298 adv_std=3.632156 awbc_label_rate=0.250
custom_ppo_update update=19 timesteps=38912 loss=1.561455 entropy=2.153960 adv_std=3.895579 awbc_label_rate=0.250
custom_ppo_update update=20 timesteps=40960 loss=1.271783 entropy=2.153713 adv_std=3.503685 awbc_label_rate=0.250
custom_ppo_update update=21 timesteps=43008 loss=1.396328 entropy=2.161091 adv_std=3.870812 awbc_label_rate=0.250
custom_ppo_update update=22 timesteps=45056 loss=0.899528 entropy=2.164469 adv_std=3.063668 awbc_label_rate=0.250
custom_ppo_update update=23 timesteps=47104 loss=0.683021 entropy=2.163214 adv_std=2.718597 awbc_label_rate=0.250
custom_ppo_update update=24 timesteps=49152 loss=1.217064 entropy=2.163154 adv_std=3.449274 awbc_label_rate=0.250
custom_ppo_update update=25 timesteps=51200 loss=0.841043 entropy=2.164255 adv_std=3.136776 awbc_label_rate=0.250
custom_ppo_update update=26 timesteps=53248 loss=1.465307 entropy=2.150579 adv_std=3.390996 awbc_label_rate=0.250
custom_ppo_update update=27 timesteps=55296 loss=0.675690 entropy=2.145484 adv_std=2.847763 awbc_label_rate=0.250
custom_ppo_update update=28 timesteps=57344 loss=0.845391 entropy=2.143935 adv_std=2.721314 awbc_label_rate=0.250
custom_ppo_update update=29 timesteps=59392 loss=0.941178 entropy=2.156631 adv_std=2.971942 awbc_label_rate=0.250
custom_ppo_update update=30 timesteps=61440 loss=0.734534 entropy=2.165310 adv_std=2.831003 awbc_label_rate=0.250
custom_ppo_update update=31 timesteps=63488 loss=0.877733 entropy=2.147363 adv_std=2.743379 awbc_label_rate=0.250
custom_ppo_update update=32 timesteps=65536 loss=0.632996 entropy=2.152279 adv_std=2.676449 awbc_label_rate=0.250
custom_ppo_update update=33 timesteps=67584 loss=0.747176 entropy=2.159645 adv_std=2.544222 awbc_label_rate=0.250
custom_ppo_update update=34 timesteps=69632 loss=0.880960 entropy=2.146392 adv_std=2.971339 awbc_label_rate=0.250
custom_ppo_update update=35 timesteps=71680 loss=0.802036 entropy=2.155160 adv_std=2.912596 awbc_label_rate=0.250
custom_ppo_update update=36 timesteps=73728 loss=0.802785 entropy=2.154771 adv_std=2.949439 awbc_label_rate=0.250
custom_ppo_update update=37 timesteps=75776 loss=1.225522 entropy=2.166112 adv_std=2.999764 awbc_label_rate=0.250
custom_ppo_update update=38 timesteps=77824 loss=1.106863 entropy=2.160758 adv_std=3.596763 awbc_label_rate=0.250
custom_ppo_update update=39 timesteps=79872 loss=0.975383 entropy=2.153326 adv_std=2.982677 awbc_label_rate=0.250
custom_ppo_update update=40 timesteps=81920 loss=0.794895 entropy=2.147771 adv_std=2.919609 awbc_label_rate=0.250
custom_ppo_update update=41 timesteps=83968 loss=0.959286 entropy=2.149036 adv_std=2.951965 awbc_label_rate=0.250
custom_ppo_update update=42 timesteps=86016 loss=0.857000 entropy=2.141535 adv_std=3.135856 awbc_label_rate=0.250
custom_ppo_update update=43 timesteps=88064 loss=0.933603 entropy=2.137147 adv_std=3.038080 awbc_label_rate=0.250
custom_ppo_update update=44 timesteps=90112 loss=1.109599 entropy=2.145632 adv_std=3.381937 awbc_label_rate=0.250
custom_ppo_update update=45 timesteps=92160 loss=0.706268 entropy=2.151010 adv_std=2.720860 awbc_label_rate=0.250
custom_ppo_update update=46 timesteps=94208 loss=0.678580 entropy=2.154866 adv_std=2.650078 awbc_label_rate=0.250
custom_ppo_update update=47 timesteps=96256 loss=0.935271 entropy=2.155939 adv_std=2.741686 awbc_label_rate=0.250
custom_ppo_update update=48 timesteps=98304 loss=0.800215 entropy=2.152304 adv_std=2.846890 awbc_label_rate=0.250
custom_ppo_update update=49 timesteps=100000 loss=0.741971 entropy=2.156644 adv_std=2.548370 awbc_label_rate=0.250
reports/v31_ablation_aligned/raw/A1_remove_one_v31_aligned/no_event_critic/budget1p70_seed49/v2_custom_ppo_metrics.csv
                   policy  steps  reward_mean  instant_mae  oracle_loss_mean  dtw_mean  power_mean  peak_power_max  event_rate  warmup_abort_count
  full_open_unconstrained   6144    -0.135757     1.644108          0.135756  1.595139    4.620000            6.28    0.462077                   0
               custom_ppo   6144    -0.151448     2.814283          0.149954  2.660108    1.575042            2.07    0.462077                 111
              round_robin   6144    -0.172502     7.592685          0.152080  4.573866    1.555000            1.98    0.462077                1530
                      aoi   6144    -0.193094    17.385767          0.154680  8.132363    1.623031            2.33    0.462077                2880
feasible_static_projected   6144    -0.157387     2.823676          0.157386  2.712729    1.460000            1.95    0.462077                   0
                   random   6144    -0.190629    16.711713          0.163320  7.361109    1.606621            2.33    0.462077                2034
reports/v31_ablation_aligned/raw/A1_remove_one_v31_aligned/no_event_critic/budget1p70_seed49/evaluation/v2_eval_overall.csv
                   policy  steps  weighted_normalized_mae      mae      rmse    smape  pearson      dtw  oracle_loss_mean  reward_mean  power_mean  power_max  peak_power_max  steady_violation_rate  peak_violation_rate  event_rate  warmup_abort_count  warmup_abort_rate  obs_reconstruction_mae  forecast_samples  forecast_weighted_mae_overall  forecast_raw_mae_overall  forecast_weighted_mae_event  forecast_weighted_mae_non_event  forecast_weighted_mae_low_temp  forecast_weighted_mae_normal
  full_open_unconstrained   6144                 0.066213 0.774236  2.685731 0.749715 0.894204 0.748348          0.135756    -0.135757    4.620000       4.62            6.28                    1.0                  1.0    0.462077                   0           0.000000                0.066213              6144                       0.135756                  1.638737                     0.142027                         0.088290                        0.115519                      0.116661
               custom_ppo   6144                 0.218520 1.812543  4.418860 0.817539 0.735869 1.714673          0.149954    -0.151448    1.575042       1.66            2.07                    0.0                  0.0    0.462077                 111           0.018066                0.218520              6144                       0.149954                  1.764924                     0.157110                         0.095788                        0.125085                      0.118653
              round_robin   6144                 0.250603 1.935857  4.728517 0.812190 0.887035 1.843115          0.152080    -0.172502    1.555000       1.64            1.98                    0.0                  0.0    0.462077                1530           0.249023                0.250603              6144                       0.152080                  1.796541                     0.158528                         0.103273                        0.124971                      0.140282
                      aoi   6144                 0.128761 1.768003  8.369189 0.800573 0.871555 1.241887          0.154680    -0.193094    1.623031       1.70            2.33                    0.0                  0.0    0.462077                2880           0.468750                0.128761              6144                       0.154680                  2.027504                     0.161188                         0.105420                        0.121891                      0.141139
feasible_static_projected   6144                 0.237275 1.832348  4.473723 0.811476 0.914396 1.794769          0.157386    -0.157387    1.460000       1.46            1.95                    0.0                  0.0    0.462077                   0           0.000000                0.237275              6144                       0.157386                  1.766865                     0.164721                         0.101867                        0.138133                      0.121578
                   random   6144                 0.144344 1.984496 12.030781 0.811854 0.837606 1.275165          0.163320    -0.190629    1.606621       1.70            2.33                    0.0                  0.0    0.462077                2034           0.331055                0.144344              6144                       0.163320                  2.475704                     0.169597                         0.115814                        0.128269                      0.194229
