custom_ppo_update update=1 timesteps=2048 loss=0.852567 entropy=1.795339 adv_std=1.466981 awbc_label_rate=0.000
custom_ppo_update update=2 timesteps=4096 loss=0.910414 entropy=1.798428 adv_std=1.809543 awbc_label_rate=0.000
custom_ppo_update update=3 timesteps=6144 loss=0.786748 entropy=1.808245 adv_std=1.985987 awbc_label_rate=0.000
custom_ppo_update update=4 timesteps=8192 loss=0.766571 entropy=1.798512 adv_std=2.137556 awbc_label_rate=0.000
custom_ppo_update update=5 timesteps=10240 loss=1.132108 entropy=1.808658 adv_std=2.847880 awbc_label_rate=0.000
custom_ppo_update update=6 timesteps=12288 loss=0.894719 entropy=1.800586 adv_std=2.546733 awbc_label_rate=0.000
custom_ppo_update update=7 timesteps=14336 loss=0.831340 entropy=1.806102 adv_std=2.876497 awbc_label_rate=0.000
custom_ppo_update update=8 timesteps=16384 loss=0.769673 entropy=1.800056 adv_std=3.018316 awbc_label_rate=0.000
custom_ppo_update update=9 timesteps=18432 loss=0.833148 entropy=1.793935 adv_std=2.963485 awbc_label_rate=0.000
custom_ppo_update update=10 timesteps=20480 loss=1.355351 entropy=1.795589 adv_std=3.299937 awbc_label_rate=0.000
custom_ppo_update update=11 timesteps=22528 loss=1.597154 entropy=1.799404 adv_std=3.670272 awbc_label_rate=0.000
custom_ppo_update update=12 timesteps=24576 loss=0.744016 entropy=1.781687 adv_std=3.232828 awbc_label_rate=0.000
custom_ppo_update update=13 timesteps=26624 loss=0.750643 entropy=1.787832 adv_std=3.279746 awbc_label_rate=0.000
custom_ppo_update update=14 timesteps=28672 loss=1.171704 entropy=1.762995 adv_std=3.954037 awbc_label_rate=0.000
custom_ppo_update update=15 timesteps=30720 loss=1.011039 entropy=1.787719 adv_std=3.192269 awbc_label_rate=0.000
custom_ppo_update update=16 timesteps=32768 loss=1.369514 entropy=1.796067 adv_std=3.803225 awbc_label_rate=0.000
custom_ppo_update update=17 timesteps=34816 loss=0.994035 entropy=1.801824 adv_std=3.622827 awbc_label_rate=0.000
custom_ppo_update update=18 timesteps=36864 loss=0.979367 entropy=1.795418 adv_std=3.622791 awbc_label_rate=0.000
custom_ppo_update update=19 timesteps=38912 loss=1.182766 entropy=1.781720 adv_std=4.270901 awbc_label_rate=0.000
custom_ppo_update update=20 timesteps=40960 loss=1.131630 entropy=1.777382 adv_std=3.731568 awbc_label_rate=0.000
custom_ppo_update update=21 timesteps=43008 loss=1.858885 entropy=1.778747 adv_std=4.121253 awbc_label_rate=0.000
custom_ppo_update update=22 timesteps=45056 loss=1.281613 entropy=1.785656 adv_std=3.991346 awbc_label_rate=0.000
custom_ppo_update update=23 timesteps=47104 loss=1.106024 entropy=1.797201 adv_std=3.501933 awbc_label_rate=0.000
custom_ppo_update update=24 timesteps=49152 loss=1.616277 entropy=1.797040 adv_std=4.300241 awbc_label_rate=0.000
custom_ppo_update update=25 timesteps=51200 loss=1.603644 entropy=1.790222 adv_std=4.735317 awbc_label_rate=0.000
custom_ppo_update update=26 timesteps=53248 loss=1.023441 entropy=1.800636 adv_std=3.805667 awbc_label_rate=0.000
custom_ppo_update update=27 timesteps=55296 loss=1.251281 entropy=1.781646 adv_std=4.001379 awbc_label_rate=0.000
custom_ppo_update update=28 timesteps=57344 loss=0.767459 entropy=1.801322 adv_std=3.356940 awbc_label_rate=0.000
custom_ppo_update update=29 timesteps=59392 loss=0.821185 entropy=1.810182 adv_std=3.581744 awbc_label_rate=0.000
custom_ppo_update update=30 timesteps=61440 loss=0.830566 entropy=1.799684 adv_std=3.286988 awbc_label_rate=0.000
custom_ppo_update update=31 timesteps=63488 loss=0.919386 entropy=1.783312 adv_std=3.648669 awbc_label_rate=0.000
custom_ppo_update update=32 timesteps=65536 loss=1.020337 entropy=1.794429 adv_std=4.001547 awbc_label_rate=0.000
custom_ppo_update update=33 timesteps=67584 loss=0.757075 entropy=1.810211 adv_std=3.223143 awbc_label_rate=0.000
custom_ppo_update update=34 timesteps=69632 loss=0.851722 entropy=1.781927 adv_std=3.466082 awbc_label_rate=0.000
custom_ppo_update update=35 timesteps=71680 loss=1.366590 entropy=1.771738 adv_std=4.237839 awbc_label_rate=0.000
custom_ppo_update update=36 timesteps=73728 loss=0.983597 entropy=1.786265 adv_std=3.458294 awbc_label_rate=0.000
custom_ppo_update update=37 timesteps=75776 loss=0.841382 entropy=1.770986 adv_std=3.251012 awbc_label_rate=0.000
custom_ppo_update update=38 timesteps=77824 loss=0.859212 entropy=1.788244 adv_std=3.573042 awbc_label_rate=0.000
custom_ppo_update update=39 timesteps=79872 loss=0.888112 entropy=1.794656 adv_std=3.949677 awbc_label_rate=0.000
custom_ppo_update update=40 timesteps=81920 loss=1.152632 entropy=1.783802 adv_std=3.892393 awbc_label_rate=0.000
custom_ppo_update update=41 timesteps=83968 loss=0.667635 entropy=1.785527 adv_std=3.731838 awbc_label_rate=0.000
custom_ppo_update update=42 timesteps=86016 loss=0.777273 entropy=1.786228 adv_std=3.567085 awbc_label_rate=0.000
custom_ppo_update update=43 timesteps=88064 loss=0.788732 entropy=1.794113 adv_std=3.782504 awbc_label_rate=0.000
custom_ppo_update update=44 timesteps=90112 loss=1.333034 entropy=1.778387 adv_std=4.129363 awbc_label_rate=0.000
custom_ppo_update update=45 timesteps=92160 loss=1.280637 entropy=1.780879 adv_std=4.201331 awbc_label_rate=0.000
custom_ppo_update update=46 timesteps=94208 loss=0.700221 entropy=1.770630 adv_std=3.418869 awbc_label_rate=0.000
custom_ppo_update update=47 timesteps=96256 loss=1.495031 entropy=1.778796 adv_std=3.763886 awbc_label_rate=0.000
custom_ppo_update update=48 timesteps=98304 loss=0.804658 entropy=1.793017 adv_std=3.398820 awbc_label_rate=0.000
custom_ppo_update update=49 timesteps=100000 loss=1.084338 entropy=1.802753 adv_std=3.561539 awbc_label_rate=0.000
reports/v31_ablation_aligned/raw/A1_remove_one_v31_aligned/no_awbc/budget1p70_seed47/v2_custom_ppo_metrics.csv
                   policy  steps  reward_mean  instant_mae  oracle_loss_mean  dtw_mean  power_mean  peak_power_max  event_rate  warmup_abort_count
  full_open_unconstrained   6144    -0.169254     1.675831          0.169252  1.621995    4.620000            6.28    0.446777                   0
feasible_static_projected   6144    -0.180807     2.861179          0.180807  2.746318    1.460000            1.95    0.446777                   0
               custom_ppo   6144    -0.198084     2.924243          0.188416  2.776276    1.517718            2.18    0.446777                 735
              round_robin   6144    -0.211161     9.490566          0.190739  5.571753    1.555000            1.98    0.446777                1530
                      aoi   6144    -0.244093    23.328259          0.205678 10.122453    1.623031            2.33    0.446777                2880
                   random   6144    -0.238048    18.855933          0.212087  9.006071    1.603340            2.33    0.446777                1932
reports/v31_ablation_aligned/raw/A1_remove_one_v31_aligned/no_awbc/budget1p70_seed47/evaluation/v2_eval_overall.csv
                   policy  steps  weighted_normalized_mae      mae      rmse    smape  pearson      dtw  oracle_loss_mean  reward_mean  power_mean  power_max  peak_power_max  steady_violation_rate  peak_violation_rate  event_rate  warmup_abort_count  warmup_abort_rate  obs_reconstruction_mae  forecast_samples  forecast_weighted_mae_overall  forecast_raw_mae_overall  forecast_weighted_mae_event  forecast_weighted_mae_non_event  forecast_weighted_mae_low_temp  forecast_weighted_mae_normal
  full_open_unconstrained   6144                 0.071663 0.797214  2.707700 0.677717 0.919990 0.759122          0.169252    -0.169254    4.620000       4.62            6.28                    1.0                  1.0    0.446777                   0           0.000000                0.071663              6144                       0.169252                  1.927692                     0.179042                         0.124257                        0.137290                      0.123073
feasible_static_projected   6144                 0.246899 1.876608  4.422645 0.752266 0.942673 1.828957          0.180807    -0.180807    1.460000       1.46            1.95                    0.0                  0.0    0.446777                   0           0.000000                0.246899              6144                       0.180807                  1.953721                     0.191650                         0.130974                        0.151992                      0.131273
               custom_ppo   6144                 0.269314 1.946022  4.489595 0.760655 0.907306 1.858365          0.188416    -0.198084    1.517718       1.60            2.18                    0.0                  0.0    0.446777                 735           0.119629                0.269314              6144                       0.188416                  1.979389                     0.201281                         0.129290                        0.149930                      0.130157
              round_robin   6144                 0.275017 2.076430  5.396846 0.758140 0.907807 1.953275          0.190739    -0.211161    1.555000       1.64            1.98                    0.0                  0.0    0.446777                1530           0.249023                0.275017              6144                       0.190739                  2.053814                     0.204750                         0.126351                        0.150239                      0.125712
                      aoi   6144                 0.159696 1.865546  9.315207 0.746446 0.880969 1.349463          0.205678    -0.244093    1.623031       1.70            2.33                    0.0                  0.0    0.446777                2880           0.468750                0.159696              6144                       0.205678                  2.350515                     0.220825                         0.136066                        0.159646                      0.138639
                   random   6144                 0.175395 2.027195 11.133848 0.761687 0.861216 1.346734          0.212087    -0.238048    1.603340       1.70            2.33                    0.0                  0.0    0.446777                1932           0.314453                0.175395              6144                       0.212087                  2.595960                     0.226235                         0.147067                        0.161701                      0.160205
