custom_ppo_update update=1 timesteps=2048 loss=0.464910 entropy=2.386516 adv_std=1.452880 awbc_label_rate=0.000
custom_ppo_update update=2 timesteps=4096 loss=0.419768 entropy=2.380078 adv_std=1.832741 awbc_label_rate=0.000
custom_ppo_update update=3 timesteps=6144 loss=0.598017 entropy=2.370600 adv_std=1.723364 awbc_label_rate=0.000
custom_ppo_update update=4 timesteps=8192 loss=1.139231 entropy=2.368578 adv_std=2.923406 awbc_label_rate=0.000
custom_ppo_update update=5 timesteps=10240 loss=1.146628 entropy=2.359548 adv_std=2.553271 awbc_label_rate=0.000
custom_ppo_update update=6 timesteps=12288 loss=0.726950 entropy=2.358249 adv_std=2.639427 awbc_label_rate=0.000
custom_ppo_update update=7 timesteps=14336 loss=0.845911 entropy=2.350155 adv_std=3.068146 awbc_label_rate=0.000
custom_ppo_update update=8 timesteps=16384 loss=0.849382 entropy=2.339378 adv_std=3.098049 awbc_label_rate=0.000
custom_ppo_update update=9 timesteps=18432 loss=0.806418 entropy=2.328426 adv_std=3.375000 awbc_label_rate=0.000
custom_ppo_update update=10 timesteps=20480 loss=1.121921 entropy=2.320867 adv_std=3.398028 awbc_label_rate=0.000
custom_ppo_update update=11 timesteps=22528 loss=1.097257 entropy=2.314883 adv_std=3.513729 awbc_label_rate=0.000
custom_ppo_update update=12 timesteps=24576 loss=1.542115 entropy=2.290456 adv_std=3.506693 awbc_label_rate=0.000
custom_ppo_update update=13 timesteps=26624 loss=0.770672 entropy=2.306469 adv_std=3.567534 awbc_label_rate=0.000
custom_ppo_update update=14 timesteps=28672 loss=0.777726 entropy=2.306046 adv_std=3.589742 awbc_label_rate=0.000
custom_ppo_update update=15 timesteps=30720 loss=0.553116 entropy=2.269594 adv_std=2.927281 awbc_label_rate=0.000
custom_ppo_update update=16 timesteps=32768 loss=0.968440 entropy=2.279165 adv_std=3.561432 awbc_label_rate=0.000
custom_ppo_update update=17 timesteps=34816 loss=0.632756 entropy=2.267510 adv_std=2.792860 awbc_label_rate=0.000
custom_ppo_update update=18 timesteps=36864 loss=0.837246 entropy=2.278455 adv_std=3.399866 awbc_label_rate=0.000
custom_ppo_update update=19 timesteps=38912 loss=0.488656 entropy=2.248937 adv_std=2.958111 awbc_label_rate=0.000
custom_ppo_update update=20 timesteps=40960 loss=0.726906 entropy=2.263415 adv_std=2.966710 awbc_label_rate=0.000
custom_ppo_update update=21 timesteps=43008 loss=0.633173 entropy=2.226288 adv_std=3.164139 awbc_label_rate=0.000
custom_ppo_update update=22 timesteps=45056 loss=0.876288 entropy=2.245032 adv_std=2.812921 awbc_label_rate=0.000
custom_ppo_update update=23 timesteps=47104 loss=1.037560 entropy=2.230342 adv_std=3.731977 awbc_label_rate=0.000
custom_ppo_update update=24 timesteps=49152 loss=0.541408 entropy=2.210408 adv_std=3.124613 awbc_label_rate=0.000
custom_ppo_update update=25 timesteps=51200 loss=0.653913 entropy=2.203043 adv_std=3.186237 awbc_label_rate=0.000
custom_ppo_update update=26 timesteps=53248 loss=0.630831 entropy=2.205588 adv_std=3.043276 awbc_label_rate=0.000
custom_ppo_update update=27 timesteps=55296 loss=0.425207 entropy=2.207659 adv_std=2.581603 awbc_label_rate=0.000
custom_ppo_update update=28 timesteps=57344 loss=0.898711 entropy=2.162287 adv_std=3.328684 awbc_label_rate=0.000
custom_ppo_update update=29 timesteps=59392 loss=0.668078 entropy=2.173772 adv_std=3.037959 awbc_label_rate=0.000
custom_ppo_update update=30 timesteps=61440 loss=0.534212 entropy=2.182633 adv_std=2.997892 awbc_label_rate=0.000
custom_ppo_update update=31 timesteps=63488 loss=0.610982 entropy=2.086431 adv_std=3.141854 awbc_label_rate=0.000
custom_ppo_update update=32 timesteps=65536 loss=0.778373 entropy=2.110706 adv_std=3.116111 awbc_label_rate=0.000
custom_ppo_update update=33 timesteps=67584 loss=0.784071 entropy=2.099521 adv_std=3.197813 awbc_label_rate=0.000
custom_ppo_update update=34 timesteps=69632 loss=0.795973 entropy=2.117290 adv_std=3.406605 awbc_label_rate=0.000
custom_ppo_update update=35 timesteps=71680 loss=0.702284 entropy=2.076839 adv_std=3.034124 awbc_label_rate=0.000
custom_ppo_update update=36 timesteps=73728 loss=0.750402 entropy=2.101670 adv_std=3.079815 awbc_label_rate=0.000
custom_ppo_update update=37 timesteps=75776 loss=0.735557 entropy=1.993257 adv_std=3.011706 awbc_label_rate=0.000
custom_ppo_update update=38 timesteps=77824 loss=0.643006 entropy=2.100632 adv_std=3.712630 awbc_label_rate=0.000
custom_ppo_update update=39 timesteps=79872 loss=0.462792 entropy=2.052793 adv_std=2.863286 awbc_label_rate=0.000
custom_ppo_update update=40 timesteps=81920 loss=0.512564 entropy=2.058233 adv_std=3.137239 awbc_label_rate=0.000
custom_ppo_update update=41 timesteps=83968 loss=0.653717 entropy=2.090026 adv_std=3.306246 awbc_label_rate=0.000
custom_ppo_update update=42 timesteps=86016 loss=0.565661 entropy=1.972694 adv_std=2.538216 awbc_label_rate=0.000
custom_ppo_update update=43 timesteps=88064 loss=1.064693 entropy=2.078596 adv_std=3.554148 awbc_label_rate=0.000
custom_ppo_update update=44 timesteps=90112 loss=0.378441 entropy=2.005142 adv_std=2.480095 awbc_label_rate=0.000
custom_ppo_update update=45 timesteps=92160 loss=0.804572 entropy=2.013949 adv_std=3.063765 awbc_label_rate=0.000
custom_ppo_update update=46 timesteps=94208 loss=0.859249 entropy=2.058969 adv_std=3.513471 awbc_label_rate=0.000
custom_ppo_update update=47 timesteps=96256 loss=0.944470 entropy=1.988207 adv_std=3.197885 awbc_label_rate=0.000
custom_ppo_update update=48 timesteps=98304 loss=0.642547 entropy=2.022486 adv_std=2.739160 awbc_label_rate=0.000
custom_ppo_update update=49 timesteps=100000 loss=0.435755 entropy=1.903325 adv_std=2.824363 awbc_label_rate=0.000
reports/v31_ablation_aligned/raw/A1_remove_one_v31_aligned/no_awbc_oracle/budget1p70_seed48/v2_custom_ppo_metrics.csv
                   policy  steps  reward_mean  instant_mae  oracle_loss_mean  dtw_mean  power_mean  peak_power_max  event_rate  warmup_abort_count
  full_open_unconstrained   6144    -0.145283     1.650129          0.145282  1.607705    4.620000            6.28    0.427897                   0
feasible_static_projected   6144    -0.153945     2.938921          0.153944  2.839613    1.460000            1.95    0.427897                   0
              round_robin   6144    -0.186948     8.711665          0.166525  5.071763    1.555000            1.98    0.427897                1530
               custom_ppo   6144    -0.186570     8.040142          0.176789  4.385323    1.515811            2.25    0.427897                 724
                   random   6144    -0.206336    19.373400          0.180208  8.503455    1.604883            2.33    0.427897                1944
                      aoi   6144    -0.217712    20.381528          0.183989  8.775460    1.622529            2.33    0.427897                2520
reports/v31_ablation_aligned/raw/A1_remove_one_v31_aligned/no_awbc_oracle/budget1p70_seed48/evaluation/v2_eval_overall.csv
                   policy  steps  weighted_normalized_mae      mae      rmse    smape  pearson      dtw  oracle_loss_mean  reward_mean  power_mean  power_max  peak_power_max  steady_violation_rate  peak_violation_rate  event_rate  warmup_abort_count  warmup_abort_rate  obs_reconstruction_mae  forecast_samples  forecast_weighted_mae_overall  forecast_raw_mae_overall  forecast_weighted_mae_event  forecast_weighted_mae_non_event  forecast_weighted_mae_low_temp  forecast_weighted_mae_normal
  full_open_unconstrained   6144                 0.065446 0.791432  2.720734 0.732746 0.900536 0.770078          0.145282    -0.145283    4.620000       4.62            6.28                    1.0                  1.0    0.427897                   0           0.000000                0.065446              6144                       0.145282                  1.873158                     0.155297                         0.091990                        0.111451                      0.093882
feasible_static_projected   6144                 0.260038 1.985003  4.809548 0.800971 0.931678 1.953527          0.153944    -0.153945    1.460000       1.46            1.95                    0.0                  0.0    0.427897                   0           0.000000                0.260038              6144                       0.153944                  2.039209                     0.163749                         0.101769                        0.119719                      0.107606
              round_robin   6144                 0.278876 2.156739  5.566271 0.806508 0.897823 2.062749          0.166525    -0.186948    1.555000       1.64            1.98                    0.0                  0.0    0.427897                1530           0.249023                0.278876              6144                       0.166525                  2.120014                     0.177568                         0.107769                        0.129248                      0.114740
               custom_ppo   6144                 0.155408 1.750341  8.393678 0.788959 0.806963 1.372290          0.176789    -0.186570    1.515811       1.70            2.25                    0.0                  0.0    0.427897                 724           0.117839                0.155408              6144                       0.176789                  2.390817                     0.187028                         0.122307                        0.140391                      0.113702
                   random   6144                 0.148933 2.020925 11.333339 0.801384 0.863574 1.344515          0.180208    -0.206336    1.604883       1.70            2.33                    0.0                  0.0    0.427897                1944           0.316406                0.148933              6144                       0.180208                  2.642607                     0.191842                         0.118303                        0.136694                      0.124174
                      aoi   6144                 0.169816 2.014675  9.289376 0.795561 0.830296 1.387228          0.183989    -0.217712    1.622529       1.70            2.33                    0.0                  0.0    0.427897                2520           0.410156                0.169816              6144                       0.183989                  2.275313                     0.197110                         0.114169                        0.131649                      0.123610
