custom_ppo_update update=1 timesteps=2048 loss=0.533610 entropy=2.393964 adv_std=1.462193 awbc_label_rate=0.000
custom_ppo_update update=2 timesteps=4096 loss=0.456035 entropy=2.390604 adv_std=1.493056 awbc_label_rate=0.000
custom_ppo_update update=3 timesteps=6144 loss=1.028255 entropy=2.389386 adv_std=2.029866 awbc_label_rate=0.000
custom_ppo_update update=4 timesteps=8192 loss=0.412297 entropy=2.385911 adv_std=1.650547 awbc_label_rate=0.000
custom_ppo_update update=5 timesteps=10240 loss=0.279613 entropy=2.378686 adv_std=1.553330 awbc_label_rate=0.000
custom_ppo_update update=6 timesteps=12288 loss=0.483086 entropy=2.372480 adv_std=2.360739 awbc_label_rate=0.000
custom_ppo_update update=7 timesteps=14336 loss=0.556122 entropy=2.370173 adv_std=2.368205 awbc_label_rate=0.000
custom_ppo_update update=8 timesteps=16384 loss=0.465241 entropy=2.372831 adv_std=2.307207 awbc_label_rate=0.000
custom_ppo_update update=9 timesteps=18432 loss=0.218804 entropy=2.365434 adv_std=2.015880 awbc_label_rate=0.000
custom_ppo_update update=10 timesteps=20480 loss=0.426630 entropy=2.359160 adv_std=2.198526 awbc_label_rate=0.000
custom_ppo_update update=11 timesteps=22528 loss=0.439470 entropy=2.360478 adv_std=2.292037 awbc_label_rate=0.000
custom_ppo_update update=12 timesteps=24576 loss=0.616328 entropy=2.353567 adv_std=2.683295 awbc_label_rate=0.000
custom_ppo_update update=13 timesteps=26624 loss=0.453833 entropy=2.354159 adv_std=2.822493 awbc_label_rate=0.000
custom_ppo_update update=14 timesteps=28672 loss=0.674442 entropy=2.350523 adv_std=2.698643 awbc_label_rate=0.000
custom_ppo_update update=15 timesteps=30720 loss=0.733429 entropy=2.341195 adv_std=3.123740 awbc_label_rate=0.000
custom_ppo_update update=16 timesteps=32768 loss=0.821645 entropy=2.334052 adv_std=3.114365 awbc_label_rate=0.000
custom_ppo_update update=17 timesteps=34816 loss=0.830965 entropy=2.313539 adv_std=3.383191 awbc_label_rate=0.000
custom_ppo_update update=18 timesteps=36864 loss=0.734294 entropy=2.319565 adv_std=2.792583 awbc_label_rate=0.000
custom_ppo_update update=19 timesteps=38912 loss=0.663712 entropy=2.323879 adv_std=2.932925 awbc_label_rate=0.000
custom_ppo_update update=20 timesteps=40960 loss=0.564750 entropy=2.295899 adv_std=3.201011 awbc_label_rate=0.000
custom_ppo_update update=21 timesteps=43008 loss=0.473045 entropy=2.309514 adv_std=2.783579 awbc_label_rate=0.000
custom_ppo_update update=22 timesteps=45056 loss=0.500489 entropy=2.291784 adv_std=2.782846 awbc_label_rate=0.000
custom_ppo_update update=23 timesteps=47104 loss=1.181364 entropy=2.304122 adv_std=3.169701 awbc_label_rate=0.000
custom_ppo_update update=24 timesteps=49152 loss=0.776928 entropy=2.304869 adv_std=3.004567 awbc_label_rate=0.000
custom_ppo_update update=25 timesteps=51200 loss=0.785451 entropy=2.313909 adv_std=2.574109 awbc_label_rate=0.000
custom_ppo_update update=26 timesteps=53248 loss=0.620382 entropy=2.301768 adv_std=2.984591 awbc_label_rate=0.000
custom_ppo_update update=27 timesteps=55296 loss=0.597123 entropy=2.315156 adv_std=2.655302 awbc_label_rate=0.000
custom_ppo_update update=28 timesteps=57344 loss=0.717433 entropy=2.279663 adv_std=3.312994 awbc_label_rate=0.000
custom_ppo_update update=29 timesteps=59392 loss=0.742895 entropy=2.275213 adv_std=3.422381 awbc_label_rate=0.000
custom_ppo_update update=30 timesteps=61440 loss=0.479823 entropy=2.286431 adv_std=2.989657 awbc_label_rate=0.000
custom_ppo_update update=31 timesteps=63488 loss=0.938254 entropy=2.289189 adv_std=3.024819 awbc_label_rate=0.000
custom_ppo_update update=32 timesteps=65536 loss=0.712352 entropy=2.267122 adv_std=3.096850 awbc_label_rate=0.000
custom_ppo_update update=33 timesteps=67584 loss=0.657151 entropy=2.268738 adv_std=3.035386 awbc_label_rate=0.000
custom_ppo_update update=34 timesteps=69632 loss=0.626617 entropy=2.263748 adv_std=2.777390 awbc_label_rate=0.000
custom_ppo_update update=35 timesteps=71680 loss=0.630738 entropy=2.234333 adv_std=3.309579 awbc_label_rate=0.000
custom_ppo_update update=36 timesteps=73728 loss=0.495553 entropy=2.244485 adv_std=2.406024 awbc_label_rate=0.000
custom_ppo_update update=37 timesteps=75776 loss=0.749149 entropy=2.237330 adv_std=2.809730 awbc_label_rate=0.000
custom_ppo_update update=38 timesteps=77824 loss=0.520285 entropy=2.208624 adv_std=2.855487 awbc_label_rate=0.000
custom_ppo_update update=39 timesteps=79872 loss=0.384805 entropy=2.204587 adv_std=2.694272 awbc_label_rate=0.000
custom_ppo_update update=40 timesteps=81920 loss=0.496814 entropy=2.177055 adv_std=2.733798 awbc_label_rate=0.000
custom_ppo_update update=41 timesteps=83968 loss=0.403413 entropy=2.184684 adv_std=2.630313 awbc_label_rate=0.000
custom_ppo_update update=42 timesteps=86016 loss=0.346241 entropy=2.178240 adv_std=2.374527 awbc_label_rate=0.000
custom_ppo_update update=43 timesteps=88064 loss=0.428431 entropy=2.168346 adv_std=2.280954 awbc_label_rate=0.000
custom_ppo_update update=44 timesteps=90112 loss=0.355388 entropy=2.164534 adv_std=2.522577 awbc_label_rate=0.000
custom_ppo_update update=45 timesteps=92160 loss=0.382037 entropy=2.147926 adv_std=2.101551 awbc_label_rate=0.000
custom_ppo_update update=46 timesteps=94208 loss=0.446472 entropy=2.147746 adv_std=2.387391 awbc_label_rate=0.000
custom_ppo_update update=47 timesteps=96256 loss=0.371849 entropy=2.150741 adv_std=2.227206 awbc_label_rate=0.000
custom_ppo_update update=48 timesteps=98304 loss=0.787520 entropy=2.135308 adv_std=3.134062 awbc_label_rate=0.000
custom_ppo_update update=49 timesteps=100000 loss=0.438966 entropy=2.140265 adv_std=2.555757 awbc_label_rate=0.000
reports/v31_ablation_aligned/raw/A1_remove_one_v31_aligned/masked_only/budget1p70_seed41/v2_custom_ppo_metrics.csv
                   policy  steps  reward_mean  instant_mae  oracle_loss_mean  dtw_mean  power_mean  peak_power_max  event_rate  warmup_abort_count
  full_open_unconstrained   6144    -0.128101     1.656428          0.128099  1.618296    4.620000            6.28    0.408529                   0
feasible_static_projected   6144    -0.139350     3.022895          0.139349  2.924569    1.460000            1.95    0.408529                   0
              round_robin   6144    -0.164197     7.730503          0.143775  4.730799    1.555000            1.98    0.408529                1530
                      aoi   6144    -0.183559    16.814526          0.152181  7.481091    1.622279            2.33    0.408529                2340
                   random   6144    -0.182060    15.456530          0.155923  7.422235    1.604590            2.33    0.408529                1944
               custom_ppo   6144    -0.161949    31.311250          0.159346 13.644974    1.572308            2.33    0.408529                 156
reports/v31_ablation_aligned/raw/A1_remove_one_v31_aligned/masked_only/budget1p70_seed41/evaluation/v2_eval_overall.csv
                   policy  steps  weighted_normalized_mae      mae      rmse    smape  pearson      dtw  oracle_loss_mean  reward_mean  power_mean  power_max  peak_power_max  steady_violation_rate  peak_violation_rate  event_rate  warmup_abort_count  warmup_abort_rate  obs_reconstruction_mae  forecast_samples  forecast_weighted_mae_overall  forecast_raw_mae_overall  forecast_weighted_mae_event  forecast_weighted_mae_non_event  forecast_weighted_mae_low_temp  forecast_weighted_mae_normal
  full_open_unconstrained   6144                 0.064595 0.778572  2.685088 0.764535 0.893711 0.764333          0.128099    -0.128101    4.620000       4.62            6.28                    1.0                  1.0    0.408529                   0           0.000000                0.064595              6144                       0.128099                  1.837554                     0.129746                         0.117312                        0.098242                      0.171702
feasible_static_projected   6144                 0.270068 2.067749  4.934574 0.836617 0.929282 2.043764          0.139349    -0.139350    1.460000       1.46            1.95                    0.0                  0.0    0.408529                   0           0.000000                0.270068              6144                       0.139349                  2.008625                     0.141388                         0.126003                        0.106869                      0.190601
              round_robin   6144                 0.287710 2.177399  5.164354 0.836838 0.899869 2.103882          0.143775    -0.164197    1.555000       1.64            1.98                    0.0                  0.0    0.408529                1530           0.249023                0.287710              6144                       0.143775                  2.105359                     0.145917                         0.129751                        0.112730                      0.179858
                      aoi   6144                 0.138110 1.910036 10.822586 0.822500 0.843890 1.395233          0.152181    -0.183559    1.622279       1.70            2.33                    0.0                  0.0    0.408529                2340           0.380859                0.138110              6144                       0.152181                  2.762448                     0.154428                         0.137464                        0.122521                      0.150352
                   random   6144                 0.146690 1.890846 11.291753 0.829154 0.850457 1.299916          0.155923    -0.182060    1.604590       1.70            2.33                    0.0                  0.0    0.408529                1944           0.316406                0.146690              6144                       0.155923                  2.923423                     0.157404                         0.146225                        0.126744                      0.179926
               custom_ppo   6144                 0.135790 1.770219 11.142771 0.818415 0.877660 1.286267          0.159346    -0.161949    1.572308       1.70            2.33                    0.0                  0.0    0.408529                 156           0.025391                0.135790              6144                       0.159346                  2.930734                     0.161920                         0.142496                        0.132223                      0.183777
