custom_ppo_update update=1 timesteps=2048 loss=0.921560 entropy=2.390006 adv_std=1.629295 awbc_label_rate=0.250
custom_ppo_update update=2 timesteps=4096 loss=0.790136 entropy=2.381351 adv_std=1.846059 awbc_label_rate=0.250
custom_ppo_update update=3 timesteps=6144 loss=1.223056 entropy=2.367845 adv_std=2.104698 awbc_label_rate=0.250
custom_ppo_update update=4 timesteps=8192 loss=0.818012 entropy=2.349336 adv_std=2.246358 awbc_label_rate=0.250
custom_ppo_update update=5 timesteps=10240 loss=0.792746 entropy=2.337968 adv_std=2.355171 awbc_label_rate=0.250
custom_ppo_update update=6 timesteps=12288 loss=0.722443 entropy=2.325335 adv_std=2.295306 awbc_label_rate=0.250
custom_ppo_update update=7 timesteps=14336 loss=0.574601 entropy=2.310746 adv_std=1.923492 awbc_label_rate=0.250
custom_ppo_update update=8 timesteps=16384 loss=0.941135 entropy=2.298406 adv_std=2.826403 awbc_label_rate=0.250
custom_ppo_update update=9 timesteps=18432 loss=0.837192 entropy=2.269734 adv_std=2.868477 awbc_label_rate=0.250
custom_ppo_update update=10 timesteps=20480 loss=0.569896 entropy=2.244201 adv_std=2.260201 awbc_label_rate=0.250
custom_ppo_update update=11 timesteps=22528 loss=0.838227 entropy=2.249991 adv_std=2.607302 awbc_label_rate=0.250
custom_ppo_update update=12 timesteps=24576 loss=1.044653 entropy=2.248871 adv_std=3.031565 awbc_label_rate=0.250
custom_ppo_update update=13 timesteps=26624 loss=1.014202 entropy=2.216841 adv_std=3.099696 awbc_label_rate=0.250
custom_ppo_update update=14 timesteps=28672 loss=1.098103 entropy=2.173487 adv_std=3.176397 awbc_label_rate=0.250
custom_ppo_update update=15 timesteps=30720 loss=1.288793 entropy=2.170457 adv_std=3.333544 awbc_label_rate=0.250
custom_ppo_update update=16 timesteps=32768 loss=0.968612 entropy=2.089136 adv_std=3.451625 awbc_label_rate=0.250
custom_ppo_update update=17 timesteps=34816 loss=0.918041 entropy=2.074003 adv_std=3.034751 awbc_label_rate=0.250
custom_ppo_update update=18 timesteps=36864 loss=1.205869 entropy=2.092137 adv_std=3.504160 awbc_label_rate=0.250
custom_ppo_update update=19 timesteps=38912 loss=1.297500 entropy=2.095305 adv_std=3.573923 awbc_label_rate=0.250
custom_ppo_update update=20 timesteps=40960 loss=1.100212 entropy=2.070208 adv_std=3.711169 awbc_label_rate=0.250
custom_ppo_update update=21 timesteps=43008 loss=1.116876 entropy=2.004171 adv_std=3.387985 awbc_label_rate=0.250
custom_ppo_update update=22 timesteps=45056 loss=0.757270 entropy=2.062412 adv_std=3.097793 awbc_label_rate=0.250
custom_ppo_update update=23 timesteps=47104 loss=0.967175 entropy=2.010850 adv_std=3.407491 awbc_label_rate=0.250
custom_ppo_update update=24 timesteps=49152 loss=0.625640 entropy=1.977358 adv_std=2.793623 awbc_label_rate=0.250
custom_ppo_update update=25 timesteps=51200 loss=1.085837 entropy=2.057478 adv_std=3.100951 awbc_label_rate=0.250
custom_ppo_update update=26 timesteps=53248 loss=0.884682 entropy=1.979164 adv_std=3.703640 awbc_label_rate=0.250
custom_ppo_update update=27 timesteps=55296 loss=0.784572 entropy=1.956334 adv_std=3.575078 awbc_label_rate=0.250
custom_ppo_update update=28 timesteps=57344 loss=0.987335 entropy=1.939475 adv_std=3.251788 awbc_label_rate=0.250
custom_ppo_update update=29 timesteps=59392 loss=0.938989 entropy=1.861269 adv_std=3.477906 awbc_label_rate=0.250
custom_ppo_update update=30 timesteps=61440 loss=0.934519 entropy=1.903279 adv_std=3.115485 awbc_label_rate=0.250
custom_ppo_update update=31 timesteps=63488 loss=0.814706 entropy=1.880611 adv_std=2.903456 awbc_label_rate=0.250
custom_ppo_update update=32 timesteps=65536 loss=0.791735 entropy=1.834764 adv_std=3.558365 awbc_label_rate=0.250
custom_ppo_update update=33 timesteps=67584 loss=0.736020 entropy=1.840451 adv_std=3.071575 awbc_label_rate=0.250
custom_ppo_update update=34 timesteps=69632 loss=0.728145 entropy=1.840046 adv_std=2.873043 awbc_label_rate=0.250
custom_ppo_update update=35 timesteps=71680 loss=0.577664 entropy=1.873303 adv_std=2.714539 awbc_label_rate=0.250
custom_ppo_update update=36 timesteps=73728 loss=1.016891 entropy=1.844293 adv_std=3.391782 awbc_label_rate=0.250
custom_ppo_update update=37 timesteps=75776 loss=0.706433 entropy=1.856253 adv_std=3.134970 awbc_label_rate=0.250
custom_ppo_update update=38 timesteps=77824 loss=0.703327 entropy=1.822716 adv_std=2.446527 awbc_label_rate=0.250
custom_ppo_update update=39 timesteps=79872 loss=0.575679 entropy=1.830802 adv_std=2.822035 awbc_label_rate=0.250
custom_ppo_update update=40 timesteps=81920 loss=0.863748 entropy=1.862286 adv_std=3.090977 awbc_label_rate=0.250
custom_ppo_update update=41 timesteps=83968 loss=0.477768 entropy=1.847454 adv_std=2.700596 awbc_label_rate=0.250
custom_ppo_update update=42 timesteps=86016 loss=0.721880 entropy=1.867472 adv_std=3.065155 awbc_label_rate=0.250
custom_ppo_update update=43 timesteps=88064 loss=0.845596 entropy=1.887564 adv_std=3.080636 awbc_label_rate=0.250
custom_ppo_update update=44 timesteps=90112 loss=0.611583 entropy=1.870168 adv_std=2.622192 awbc_label_rate=0.250
custom_ppo_update update=45 timesteps=92160 loss=0.502122 entropy=1.788409 adv_std=2.440605 awbc_label_rate=0.250
custom_ppo_update update=46 timesteps=94208 loss=0.559687 entropy=1.819136 adv_std=2.449664 awbc_label_rate=0.250
custom_ppo_update update=47 timesteps=96256 loss=0.830689 entropy=1.859971 adv_std=2.860119 awbc_label_rate=0.250
custom_ppo_update update=48 timesteps=98304 loss=0.669742 entropy=1.846093 adv_std=2.880151 awbc_label_rate=0.250
custom_ppo_update update=49 timesteps=100000 loss=0.726934 entropy=1.839260 adv_std=3.047570 awbc_label_rate=0.250
reports/v31_ablation_aligned/raw/A1_remove_one_v31_aligned/no_oracle/budget1p70_seed46/v2_custom_ppo_metrics.csv
                   policy  steps  reward_mean  instant_mae  oracle_loss_mean  dtw_mean  power_mean  peak_power_max  event_rate  warmup_abort_count
  full_open_unconstrained   6144    -0.160109     1.648961          0.160107  1.615355    4.620000            6.28    0.342448                   0
feasible_static_projected   6144    -0.166722     2.849922          0.166722  2.751123    1.460000            1.95    0.342448                   0
              round_robin   6144    -0.198505    10.933967          0.178083  6.131684    1.555000            1.98    0.342448                1530
               custom_ppo   6144    -0.198283     5.352309          0.197376  3.442483    1.582220            2.33    0.342448                  57
                      aoi   6144    -0.229698    29.686459          0.198320 12.564523    1.622279            2.33    0.342448                2340
                   random   6144    -0.224560    26.214098          0.198571 11.447144    1.605879            2.33    0.342448                1932
reports/v31_ablation_aligned/raw/A1_remove_one_v31_aligned/no_oracle/budget1p70_seed46/evaluation/v2_eval_overall.csv
                   policy  steps  weighted_normalized_mae      mae      rmse    smape  pearson      dtw  oracle_loss_mean  reward_mean  power_mean  power_max  peak_power_max  steady_violation_rate  peak_violation_rate  event_rate  warmup_abort_count  warmup_abort_rate  obs_reconstruction_mae  forecast_samples  forecast_weighted_mae_overall  forecast_raw_mae_overall  forecast_weighted_mae_event  forecast_weighted_mae_non_event  forecast_weighted_mae_low_temp  forecast_weighted_mae_normal
  full_open_unconstrained   6144                 0.065759 0.796695  2.744231 0.724273 0.908048 0.775357          0.160107    -0.160109    4.620000       4.62            6.28                    1.0                  1.0    0.342448                   0           0.000000                0.065759              6144                       0.160107                  2.129977                     0.167727                         0.115241                        0.135493                      0.101870
feasible_static_projected   6144                 0.242277 1.864975  4.435137 0.809333 0.936060 1.832704          0.166722    -0.166722    1.460000       1.46            1.95                    0.0                  0.0    0.342448                   0           0.000000                0.242277              6144                       0.166722                  2.237876                     0.174483                         0.121023                        0.142856                      0.115160
              round_robin   6144                 0.264489 2.121410  5.736642 0.814151 0.901761 2.017724          0.178083    -0.198505    1.555000       1.64            1.98                    0.0                  0.0    0.342448                1530           0.249023                0.264489              6144                       0.178083                  2.369253                     0.187561                         0.122273                        0.145195                      0.114551
               custom_ppo   6144                 0.189149 1.924300  9.597172 0.821196 0.782734 1.459481          0.197376    -0.198283    1.582220       1.70            2.33                    0.0                  0.0    0.342448                  57           0.009277                0.189149              6144                       0.197376                  2.783841                     0.209180                         0.127873                        0.153902                      0.124311
                      aoi   6144                 0.168009 2.471082 11.774839 0.817905 0.833378 1.660458          0.198320    -0.229698    1.622279       1.70            2.33                    0.0                  0.0    0.342448                2340           0.380859                0.168009              6144                       0.198320                  2.815764                     0.210906                         0.124216                        0.149253                      0.125100
                   random   6144                 0.165159 2.525385 14.472154 0.819209 0.848749 1.584431          0.198571    -0.224560    1.605879       1.70            2.33                    0.0                  0.0    0.342448                1932           0.314453                0.165159              6144                       0.198571                  3.255551                     0.209158                         0.136236                        0.155291                      0.135825
