custom_ppo_update update=1 timesteps=2048 loss=0.682296 entropy=2.390806 adv_std=1.415213 awbc_label_rate=0.250
custom_ppo_update update=2 timesteps=4096 loss=0.597504 entropy=2.381572 adv_std=1.710633 awbc_label_rate=0.250
custom_ppo_update update=3 timesteps=6144 loss=0.813032 entropy=2.367125 adv_std=1.677243 awbc_label_rate=0.250
custom_ppo_update update=4 timesteps=8192 loss=1.238211 entropy=2.359469 adv_std=2.750127 awbc_label_rate=0.250
custom_ppo_update update=5 timesteps=10240 loss=1.534327 entropy=2.350772 adv_std=2.749871 awbc_label_rate=0.250
custom_ppo_update update=6 timesteps=12288 loss=1.037920 entropy=2.339416 adv_std=2.733730 awbc_label_rate=0.250
custom_ppo_update update=7 timesteps=14336 loss=1.159062 entropy=2.316259 adv_std=3.161244 awbc_label_rate=0.250
custom_ppo_update update=8 timesteps=16384 loss=1.076411 entropy=2.302056 adv_std=2.898116 awbc_label_rate=0.250
custom_ppo_update update=9 timesteps=18432 loss=1.081231 entropy=2.291921 adv_std=3.432808 awbc_label_rate=0.250
custom_ppo_update update=10 timesteps=20480 loss=1.131210 entropy=2.261965 adv_std=3.289779 awbc_label_rate=0.250
custom_ppo_update update=11 timesteps=22528 loss=1.266254 entropy=2.212473 adv_std=3.455992 awbc_label_rate=0.250
custom_ppo_update update=12 timesteps=24576 loss=1.383218 entropy=2.230898 adv_std=3.380245 awbc_label_rate=0.250
custom_ppo_update update=13 timesteps=26624 loss=1.129693 entropy=2.235104 adv_std=3.597539 awbc_label_rate=0.250
custom_ppo_update update=14 timesteps=28672 loss=0.985771 entropy=2.230220 adv_std=3.384194 awbc_label_rate=0.250
custom_ppo_update update=15 timesteps=30720 loss=0.834564 entropy=2.189074 adv_std=3.238654 awbc_label_rate=0.250
custom_ppo_update update=16 timesteps=32768 loss=1.082734 entropy=2.185029 adv_std=3.554187 awbc_label_rate=0.250
custom_ppo_update update=17 timesteps=34816 loss=0.832867 entropy=2.184822 adv_std=3.053457 awbc_label_rate=0.250
custom_ppo_update update=18 timesteps=36864 loss=1.087593 entropy=2.139224 adv_std=3.271684 awbc_label_rate=0.250
custom_ppo_update update=19 timesteps=38912 loss=0.879834 entropy=2.109070 adv_std=3.196455 awbc_label_rate=0.250
custom_ppo_update update=20 timesteps=40960 loss=0.682051 entropy=2.081496 adv_std=2.992707 awbc_label_rate=0.250
custom_ppo_update update=21 timesteps=43008 loss=0.768351 entropy=2.129103 adv_std=3.180954 awbc_label_rate=0.250
custom_ppo_update update=22 timesteps=45056 loss=0.785630 entropy=2.120419 adv_std=2.895375 awbc_label_rate=0.250
custom_ppo_update update=23 timesteps=47104 loss=0.994247 entropy=2.099978 adv_std=3.414158 awbc_label_rate=0.250
custom_ppo_update update=24 timesteps=49152 loss=0.619338 entropy=2.027303 adv_std=2.687813 awbc_label_rate=0.250
custom_ppo_update update=25 timesteps=51200 loss=0.616901 entropy=2.063402 adv_std=2.580478 awbc_label_rate=0.250
custom_ppo_update update=26 timesteps=53248 loss=0.702995 entropy=1.992472 adv_std=2.613095 awbc_label_rate=0.250
custom_ppo_update update=27 timesteps=55296 loss=0.542898 entropy=1.976544 adv_std=2.413404 awbc_label_rate=0.250
custom_ppo_update update=28 timesteps=57344 loss=0.862022 entropy=2.026795 adv_std=3.013669 awbc_label_rate=0.250
custom_ppo_update update=29 timesteps=59392 loss=0.685497 entropy=2.018280 adv_std=2.870430 awbc_label_rate=0.250
custom_ppo_update update=30 timesteps=61440 loss=0.752329 entropy=1.949060 adv_std=2.804990 awbc_label_rate=0.250
custom_ppo_update update=31 timesteps=63488 loss=0.779617 entropy=1.981389 adv_std=3.178581 awbc_label_rate=0.250
custom_ppo_update update=32 timesteps=65536 loss=0.667129 entropy=1.943756 adv_std=2.666343 awbc_label_rate=0.250
custom_ppo_update update=33 timesteps=67584 loss=0.882495 entropy=1.908625 adv_std=3.272818 awbc_label_rate=0.250
custom_ppo_update update=34 timesteps=69632 loss=0.636033 entropy=1.943090 adv_std=2.869605 awbc_label_rate=0.250
custom_ppo_update update=35 timesteps=71680 loss=0.582348 entropy=1.922964 adv_std=2.619378 awbc_label_rate=0.250
custom_ppo_update update=36 timesteps=73728 loss=0.739828 entropy=1.980485 adv_std=2.614579 awbc_label_rate=0.250
custom_ppo_update update=37 timesteps=75776 loss=0.693452 entropy=1.984549 adv_std=2.476576 awbc_label_rate=0.250
custom_ppo_update update=38 timesteps=77824 loss=0.604593 entropy=1.954720 adv_std=2.852115 awbc_label_rate=0.250
custom_ppo_update update=39 timesteps=79872 loss=0.503721 entropy=1.876756 adv_std=2.385003 awbc_label_rate=0.250
custom_ppo_update update=40 timesteps=81920 loss=0.558492 entropy=1.900500 adv_std=2.651516 awbc_label_rate=0.250
custom_ppo_update update=41 timesteps=83968 loss=0.609905 entropy=1.928050 adv_std=2.841328 awbc_label_rate=0.250
custom_ppo_update update=42 timesteps=86016 loss=0.570818 entropy=1.831798 adv_std=2.127522 awbc_label_rate=0.250
custom_ppo_update update=43 timesteps=88064 loss=0.939192 entropy=1.865743 adv_std=3.205961 awbc_label_rate=0.250
custom_ppo_update update=44 timesteps=90112 loss=0.508343 entropy=1.821695 adv_std=2.552565 awbc_label_rate=0.250
custom_ppo_update update=45 timesteps=92160 loss=0.837772 entropy=1.926838 adv_std=3.157510 awbc_label_rate=0.250
custom_ppo_update update=46 timesteps=94208 loss=1.072940 entropy=1.891307 adv_std=3.476717 awbc_label_rate=0.250
custom_ppo_update update=47 timesteps=96256 loss=1.006398 entropy=1.905749 adv_std=3.350278 awbc_label_rate=0.250
custom_ppo_update update=48 timesteps=98304 loss=0.663792 entropy=1.800394 adv_std=2.663073 awbc_label_rate=0.250
custom_ppo_update update=49 timesteps=100000 loss=0.574651 entropy=1.870645 adv_std=2.751475 awbc_label_rate=0.250
reports/v31_ablation_aligned/raw/A1_remove_one_v31_aligned/no_oracle/budget1p70_seed48/v2_custom_ppo_metrics.csv
                   policy  steps  reward_mean  instant_mae  oracle_loss_mean  dtw_mean  power_mean  peak_power_max  event_rate  warmup_abort_count
  full_open_unconstrained   6144    -0.145789     1.650129          0.145787  1.607705    4.620000            6.28    0.427897                   0
feasible_static_projected   6144    -0.154251     2.938921          0.154250  2.839613    1.460000            1.95    0.427897                   0
              round_robin   6144    -0.187071     8.711665          0.166649  5.071763    1.555000            1.98    0.427897                1530
                   random   6144    -0.206101    19.373400          0.179973  8.503455    1.604883            2.33    0.427897                1944
               custom_ppo   6144    -0.182581     4.172971          0.182204  2.954843    1.609339            2.33    0.427897                  15
                      aoi   6144    -0.216873    20.381528          0.183149  8.775460    1.622529            2.33    0.427897                2520
reports/v31_ablation_aligned/raw/A1_remove_one_v31_aligned/no_oracle/budget1p70_seed48/evaluation/v2_eval_overall.csv
                   policy  steps  weighted_normalized_mae      mae      rmse    smape  pearson      dtw  oracle_loss_mean  reward_mean  power_mean  power_max  peak_power_max  steady_violation_rate  peak_violation_rate  event_rate  warmup_abort_count  warmup_abort_rate  obs_reconstruction_mae  forecast_samples  forecast_weighted_mae_overall  forecast_raw_mae_overall  forecast_weighted_mae_event  forecast_weighted_mae_non_event  forecast_weighted_mae_low_temp  forecast_weighted_mae_normal
  full_open_unconstrained   6144                 0.065446 0.791432  2.720734 0.732746 0.900536 0.770078          0.145787    -0.145789    4.620000       4.62            6.28                    1.0                  1.0    0.427897                   0           0.000000                0.065446              6144                       0.145787                  1.872809                     0.155712                         0.092973                        0.112376                      0.095177
feasible_static_projected   6144                 0.260038 1.985003  4.809548 0.800971 0.931678 1.953527          0.154250    -0.154251    1.460000       1.46            1.95                    0.0                  0.0    0.427897                   0           0.000000                0.260038              6144                       0.154250                  2.035693                     0.164101                         0.101835                        0.119720                      0.108661
              round_robin   6144                 0.278876 2.156739  5.566271 0.806508 0.897823 2.062749          0.166649    -0.187071    1.555000       1.64            1.98                    0.0                  0.0    0.427897                1530           0.249023                0.278876              6144                       0.166649                  2.122410                     0.177574                         0.108513                        0.129138                      0.116094
                   random   6144                 0.148933 2.020925 11.333339 0.801384 0.863574 1.344515          0.179973    -0.206101    1.604883       1.70            2.33                    0.0                  0.0    0.427897                1944           0.316406                0.148933              6144                       0.179973                  2.648904                     0.191546                         0.118395                        0.136318                      0.124956
               custom_ppo   6144                 0.298949 1.947632  6.988137 0.796644 0.740627 1.547261          0.182204    -0.182581    1.609339       1.70            2.33                    0.0                  0.0    0.427897                  15           0.002441                0.298949              6144                       0.182204                  2.311330                     0.194552                         0.116502                        0.150669                      0.103308
                      aoi   6144                 0.169816 2.014675  9.289376 0.795561 0.830296 1.387228          0.183149    -0.216873    1.622529       1.70            2.33                    0.0                  0.0    0.427897                2520           0.410156                0.169816              6144                       0.183149                  2.282945                     0.196079                         0.114352                        0.130062                      0.124910
