custom_ppo_update update=1 timesteps=2048 loss=0.088349 entropy=1.956054 adv_std=0.474209 awbc_label_rate=0.000
custom_ppo_update update=2 timesteps=4096 loss=0.488046 entropy=1.971044 adv_std=1.501904 awbc_label_rate=0.000
custom_ppo_update update=3 timesteps=6144 loss=0.548540 entropy=1.967291 adv_std=1.863116 awbc_label_rate=0.000
custom_ppo_update update=4 timesteps=8192 loss=0.947816 entropy=1.967304 adv_std=2.458798 awbc_label_rate=0.000
custom_ppo_update update=5 timesteps=10240 loss=0.755870 entropy=1.964677 adv_std=2.552350 awbc_label_rate=0.000
custom_ppo_update update=6 timesteps=12288 loss=0.550825 entropy=1.975873 adv_std=2.323797 awbc_label_rate=0.000
custom_ppo_update update=7 timesteps=14336 loss=0.747642 entropy=1.979758 adv_std=3.032829 awbc_label_rate=0.000
custom_ppo_update update=8 timesteps=16384 loss=0.567123 entropy=1.988245 adv_std=2.755729 awbc_label_rate=0.000
custom_ppo_update update=9 timesteps=18432 loss=0.750654 entropy=1.989112 adv_std=2.663030 awbc_label_rate=0.000
custom_ppo_update update=10 timesteps=20480 loss=0.587877 entropy=1.987244 adv_std=2.794147 awbc_label_rate=0.000
custom_ppo_update update=11 timesteps=22528 loss=0.601576 entropy=1.995086 adv_std=2.819983 awbc_label_rate=0.000
custom_ppo_update update=12 timesteps=24576 loss=0.413086 entropy=1.974895 adv_std=2.424348 awbc_label_rate=0.000
custom_ppo_update update=13 timesteps=26624 loss=0.669214 entropy=1.972236 adv_std=3.020332 awbc_label_rate=0.000
custom_ppo_update update=14 timesteps=28672 loss=0.418329 entropy=1.957688 adv_std=2.978695 awbc_label_rate=0.000
custom_ppo_update update=15 timesteps=30720 loss=0.541024 entropy=1.969936 adv_std=2.731514 awbc_label_rate=0.000
custom_ppo_update update=16 timesteps=32768 loss=0.495988 entropy=1.964738 adv_std=2.730524 awbc_label_rate=0.000
custom_ppo_update update=17 timesteps=34816 loss=0.718617 entropy=1.975900 adv_std=3.301296 awbc_label_rate=0.000
custom_ppo_update update=18 timesteps=36864 loss=0.760648 entropy=1.984052 adv_std=2.898423 awbc_label_rate=0.000
custom_ppo_update update=19 timesteps=38912 loss=0.675483 entropy=1.976882 adv_std=2.750727 awbc_label_rate=0.000
custom_ppo_update update=20 timesteps=40960 loss=0.680546 entropy=1.980177 adv_std=3.452460 awbc_label_rate=0.000
custom_ppo_update update=21 timesteps=43008 loss=0.581238 entropy=1.975748 adv_std=2.948797 awbc_label_rate=0.000
custom_ppo_update update=22 timesteps=45056 loss=0.346056 entropy=1.972674 adv_std=2.533610 awbc_label_rate=0.000
custom_ppo_update update=23 timesteps=47104 loss=0.777849 entropy=1.990872 adv_std=2.819012 awbc_label_rate=0.000
custom_ppo_update update=24 timesteps=49152 loss=0.700584 entropy=1.970938 adv_std=3.042826 awbc_label_rate=0.000
custom_ppo_update update=25 timesteps=51200 loss=0.768620 entropy=1.982887 adv_std=3.191325 awbc_label_rate=0.000
custom_ppo_update update=26 timesteps=53248 loss=0.788732 entropy=1.977346 adv_std=3.176885 awbc_label_rate=0.000
custom_ppo_update update=27 timesteps=55296 loss=0.751257 entropy=1.977684 adv_std=3.367094 awbc_label_rate=0.000
custom_ppo_update update=28 timesteps=57344 loss=0.726831 entropy=1.961735 adv_std=3.074449 awbc_label_rate=0.000
custom_ppo_update update=29 timesteps=59392 loss=0.727952 entropy=1.976473 adv_std=3.206353 awbc_label_rate=0.000
custom_ppo_update update=30 timesteps=61440 loss=0.938474 entropy=1.969423 adv_std=3.737556 awbc_label_rate=0.000
custom_ppo_update update=31 timesteps=63488 loss=0.907843 entropy=1.972011 adv_std=3.241123 awbc_label_rate=0.000
custom_ppo_update update=32 timesteps=65536 loss=0.798718 entropy=1.964281 adv_std=2.620020 awbc_label_rate=0.000
custom_ppo_update update=33 timesteps=67584 loss=0.683910 entropy=1.974236 adv_std=2.878771 awbc_label_rate=0.000
custom_ppo_update update=34 timesteps=69632 loss=0.764346 entropy=1.964445 adv_std=3.609270 awbc_label_rate=0.000
custom_ppo_update update=35 timesteps=71680 loss=0.565016 entropy=1.984620 adv_std=2.921609 awbc_label_rate=0.000
custom_ppo_update update=36 timesteps=73728 loss=0.788880 entropy=1.971030 adv_std=3.577368 awbc_label_rate=0.000
custom_ppo_update update=37 timesteps=75776 loss=0.584811 entropy=1.971544 adv_std=2.802800 awbc_label_rate=0.000
custom_ppo_update update=38 timesteps=77824 loss=0.579974 entropy=1.992133 adv_std=2.792821 awbc_label_rate=0.000
custom_ppo_update update=39 timesteps=79872 loss=0.994581 entropy=1.983366 adv_std=3.765532 awbc_label_rate=0.000
custom_ppo_update update=40 timesteps=81920 loss=0.998419 entropy=1.977483 adv_std=3.150260 awbc_label_rate=0.000
custom_ppo_update update=41 timesteps=83968 loss=0.561187 entropy=1.979964 adv_std=3.036484 awbc_label_rate=0.000
custom_ppo_update update=42 timesteps=86016 loss=0.314901 entropy=1.973528 adv_std=2.291096 awbc_label_rate=0.000
custom_ppo_update update=43 timesteps=88064 loss=0.543851 entropy=1.964382 adv_std=2.590537 awbc_label_rate=0.000
custom_ppo_update update=44 timesteps=90112 loss=0.623486 entropy=1.979796 adv_std=2.925055 awbc_label_rate=0.000
custom_ppo_update update=45 timesteps=92160 loss=0.344156 entropy=1.978597 adv_std=2.564944 awbc_label_rate=0.000
custom_ppo_update update=46 timesteps=94208 loss=0.810058 entropy=1.964249 adv_std=2.813403 awbc_label_rate=0.000
custom_ppo_update update=47 timesteps=96256 loss=0.787675 entropy=1.966742 adv_std=2.842071 awbc_label_rate=0.000
custom_ppo_update update=48 timesteps=98304 loss=0.419068 entropy=1.968308 adv_std=2.552906 awbc_label_rate=0.000
custom_ppo_update update=49 timesteps=100000 loss=0.845368 entropy=1.965391 adv_std=3.077996 awbc_label_rate=0.000
reports/v31_ablation_aligned/raw/A1_remove_one_v31_aligned/no_awbc/budget1p70_seed44/v2_custom_ppo_metrics.csv
                   policy  steps  reward_mean  instant_mae  oracle_loss_mean  dtw_mean  power_mean  peak_power_max  event_rate  warmup_abort_count
  full_open_unconstrained   6144    -0.152190     1.671129          0.152188  1.632087    4.620000            6.28    0.402669                   0
feasible_static_projected   6144    -0.159878     2.782945          0.159877  2.680502    1.460000            1.95    0.402669                   0
              round_robin   6144    -0.185445    11.733168          0.165023  5.923856    1.555000            1.98    0.402669                1530
               custom_ppo   6144    -0.178333     2.817451          0.167251  2.685950    1.521865            2.18    0.402669                 842
                      aoi   6144    -0.216192    27.436665          0.177778 11.338480    1.623031            2.33    0.402669                2880
                   random   6144    -0.212506    23.250757          0.187784  9.981687    1.601875            2.33    0.402669                1836
reports/v31_ablation_aligned/raw/A1_remove_one_v31_aligned/no_awbc/budget1p70_seed44/evaluation/v2_eval_overall.csv
                   policy  steps  weighted_normalized_mae      mae      rmse    smape  pearson      dtw  oracle_loss_mean  reward_mean  power_mean  power_max  peak_power_max  steady_violation_rate  peak_violation_rate  event_rate  warmup_abort_count  warmup_abort_rate  obs_reconstruction_mae  forecast_samples  forecast_weighted_mae_overall  forecast_raw_mae_overall  forecast_weighted_mae_event  forecast_weighted_mae_non_event  forecast_weighted_mae_low_temp  forecast_weighted_mae_normal
  full_open_unconstrained   6144                 0.067781 0.800943  2.748866 0.718983 0.900087 0.774163          0.152188    -0.152190    4.620000       4.62            6.28                    1.0                  1.0    0.402669                   0           0.000000                0.067781              6144                       0.152188                  2.095504                     0.156032                         0.116929                        0.117090                      0.126892
feasible_static_projected   6144                 0.228892 1.778877  4.314012 0.794750 0.937501 1.743710          0.159877    -0.159878    1.460000       1.46            1.95                    0.0                  0.0    0.402669                   0           0.000000                0.228892              6144                       0.159877                  2.227043                     0.163898                         0.123002                        0.126147                      0.122603
              round_robin   6144                 0.247318 1.967219  5.144900 0.795538 0.912513 1.827648          0.165023    -0.185445    1.555000       1.64            1.98                    0.0                  0.0    0.402669                1530           0.249023                0.247318              6144                       0.165023                  2.258805                     0.168935                         0.129142                        0.133153                      0.128154
               custom_ppo   6144                 0.243417 1.831626  4.375746 0.801321 0.907794 1.761022          0.167251    -0.178333    1.521865       1.60            2.18                    0.0                  0.0    0.402669                 842           0.137044                0.243417              6144                       0.167251                  2.234612                     0.171793                         0.125593                        0.131616                      0.130098
                      aoi   6144                 0.150457 2.404934 12.732274 0.791728 0.878528 1.523028          0.177778    -0.216192    1.623031       1.70            2.33                    0.0                  0.0    0.402669                2880           0.468750                0.150457              6144                       0.177778                  2.870498                     0.182416                         0.135238                        0.141241                      0.138116
                   random   6144                 0.167849 2.592932 15.894051 0.811629 0.848777 1.599662          0.187784    -0.212506    1.601875       1.70            2.33                    0.0                  0.0    0.402669                1836           0.298828                0.167849              6144                       0.187784                  3.339950                     0.192765                         0.142100                        0.147958                      0.142586
