custom_ppo_update update=1 timesteps=2048 loss=0.650563 entropy=2.387713 adv_std=1.087463 awbc_label_rate=0.250
custom_ppo_update update=2 timesteps=4096 loss=0.828878 entropy=2.378023 adv_std=1.801836 awbc_label_rate=0.250
custom_ppo_update update=3 timesteps=6144 loss=0.924386 entropy=2.363612 adv_std=2.021137 awbc_label_rate=0.250
custom_ppo_update update=4 timesteps=8192 loss=0.837237 entropy=2.342734 adv_std=2.236320 awbc_label_rate=0.250
custom_ppo_update update=5 timesteps=10240 loss=0.660525 entropy=2.337774 adv_std=1.988919 awbc_label_rate=0.250
custom_ppo_update update=6 timesteps=12288 loss=0.843716 entropy=2.333649 adv_std=2.609990 awbc_label_rate=0.250
custom_ppo_update update=7 timesteps=14336 loss=0.936407 entropy=2.317340 adv_std=2.915468 awbc_label_rate=0.250
custom_ppo_update update=8 timesteps=16384 loss=0.971497 entropy=2.279714 adv_std=2.430834 awbc_label_rate=0.250
custom_ppo_update update=9 timesteps=18432 loss=0.861089 entropy=2.267213 adv_std=3.027412 awbc_label_rate=0.250
custom_ppo_update update=10 timesteps=20480 loss=0.790570 entropy=2.245952 adv_std=3.205360 awbc_label_rate=0.250
custom_ppo_update update=11 timesteps=22528 loss=1.003542 entropy=2.228656 adv_std=3.042947 awbc_label_rate=0.250
custom_ppo_update update=12 timesteps=24576 loss=0.800406 entropy=2.189697 adv_std=2.906455 awbc_label_rate=0.250
custom_ppo_update update=13 timesteps=26624 loss=0.771302 entropy=2.179043 adv_std=3.063725 awbc_label_rate=0.250
custom_ppo_update update=14 timesteps=28672 loss=0.775593 entropy=2.160793 adv_std=3.031443 awbc_label_rate=0.250
custom_ppo_update update=15 timesteps=30720 loss=0.842862 entropy=2.158323 adv_std=2.722281 awbc_label_rate=0.250
custom_ppo_update update=16 timesteps=32768 loss=0.608274 entropy=2.130054 adv_std=2.470892 awbc_label_rate=0.250
custom_ppo_update update=17 timesteps=34816 loss=0.771835 entropy=2.124188 adv_std=2.759307 awbc_label_rate=0.250
custom_ppo_update update=18 timesteps=36864 loss=0.683886 entropy=2.075285 adv_std=2.601734 awbc_label_rate=0.250
custom_ppo_update update=19 timesteps=38912 loss=0.577995 entropy=2.087587 adv_std=2.717968 awbc_label_rate=0.250
custom_ppo_update update=20 timesteps=40960 loss=0.547966 entropy=2.012521 adv_std=2.544231 awbc_label_rate=0.250
custom_ppo_update update=21 timesteps=43008 loss=0.690067 entropy=2.025323 adv_std=2.710440 awbc_label_rate=0.250
custom_ppo_update update=22 timesteps=45056 loss=0.503447 entropy=1.911826 adv_std=2.169187 awbc_label_rate=0.250
custom_ppo_update update=23 timesteps=47104 loss=0.475316 entropy=1.911884 adv_std=2.295634 awbc_label_rate=0.250
custom_ppo_update update=24 timesteps=49152 loss=0.542456 entropy=1.953553 adv_std=2.458249 awbc_label_rate=0.250
custom_ppo_update update=25 timesteps=51200 loss=0.461982 entropy=1.896045 adv_std=2.194454 awbc_label_rate=0.250
custom_ppo_update update=26 timesteps=53248 loss=0.537980 entropy=1.952713 adv_std=2.370341 awbc_label_rate=0.250
custom_ppo_update update=27 timesteps=55296 loss=0.573075 entropy=1.936917 adv_std=2.465383 awbc_label_rate=0.250
custom_ppo_update update=28 timesteps=57344 loss=0.582087 entropy=1.863016 adv_std=2.141821 awbc_label_rate=0.250
custom_ppo_update update=29 timesteps=59392 loss=0.603309 entropy=1.892121 adv_std=2.563212 awbc_label_rate=0.250
custom_ppo_update update=30 timesteps=61440 loss=0.486155 entropy=1.861803 adv_std=2.336182 awbc_label_rate=0.250
custom_ppo_update update=31 timesteps=63488 loss=0.485389 entropy=1.889826 adv_std=2.516623 awbc_label_rate=0.250
custom_ppo_update update=32 timesteps=65536 loss=0.505819 entropy=1.877774 adv_std=2.249228 awbc_label_rate=0.250
custom_ppo_update update=33 timesteps=67584 loss=0.335694 entropy=1.827172 adv_std=1.979627 awbc_label_rate=0.250
custom_ppo_update update=34 timesteps=69632 loss=0.369178 entropy=1.780819 adv_std=1.924088 awbc_label_rate=0.250
custom_ppo_update update=35 timesteps=71680 loss=0.389240 entropy=1.790841 adv_std=1.821714 awbc_label_rate=0.250
custom_ppo_update update=36 timesteps=73728 loss=0.494589 entropy=1.830936 adv_std=1.936221 awbc_label_rate=0.250
custom_ppo_update update=37 timesteps=75776 loss=0.609452 entropy=1.860462 adv_std=2.533611 awbc_label_rate=0.250
custom_ppo_update update=38 timesteps=77824 loss=0.460669 entropy=1.806622 adv_std=2.335412 awbc_label_rate=0.250
custom_ppo_update update=39 timesteps=79872 loss=0.488910 entropy=1.789061 adv_std=2.413236 awbc_label_rate=0.250
custom_ppo_update update=40 timesteps=81920 loss=0.475101 entropy=1.831920 adv_std=2.403800 awbc_label_rate=0.250
custom_ppo_update update=41 timesteps=83968 loss=0.392056 entropy=1.840959 adv_std=1.968502 awbc_label_rate=0.250
custom_ppo_update update=42 timesteps=86016 loss=0.524873 entropy=1.802366 adv_std=2.297453 awbc_label_rate=0.250
custom_ppo_update update=43 timesteps=88064 loss=0.590698 entropy=1.700401 adv_std=2.318791 awbc_label_rate=0.250
custom_ppo_update update=44 timesteps=90112 loss=0.401280 entropy=1.817541 adv_std=2.220658 awbc_label_rate=0.250
custom_ppo_update update=45 timesteps=92160 loss=0.557323 entropy=1.802149 adv_std=2.171515 awbc_label_rate=0.250
custom_ppo_update update=46 timesteps=94208 loss=0.459013 entropy=1.779040 adv_std=2.232498 awbc_label_rate=0.250
custom_ppo_update update=47 timesteps=96256 loss=0.465895 entropy=1.719419 adv_std=2.565275 awbc_label_rate=0.250
custom_ppo_update update=48 timesteps=98304 loss=0.770216 entropy=1.939852 adv_std=2.816947 awbc_label_rate=0.250
custom_ppo_update update=49 timesteps=100000 loss=0.565444 entropy=1.776756 adv_std=2.553158 awbc_label_rate=0.250
reports/v31_ablation_aligned/raw/A1_remove_one_v31_aligned/no_oracle/budget1p70_seed42/v2_custom_ppo_metrics.csv
                   policy  steps  reward_mean  instant_mae  oracle_loss_mean  dtw_mean  power_mean  peak_power_max  event_rate  warmup_abort_count
  full_open_unconstrained   6144    -0.142271     1.651890          0.142269  1.611176    4.620000            6.28    0.281738                   0
               custom_ppo   6144    -0.159944     3.423746          0.159384  2.720116    1.588200            2.33    0.281738                  31
feasible_static_projected   6144    -0.159902     2.875996          0.159901  2.766387    1.460000            1.95    0.281738                   0
              round_robin   6144    -0.184686     8.014126          0.164264  4.871508    1.555000            1.98    0.281738                1530
                   random   6144    -0.209514    14.161544          0.183956  6.942919    1.603320            2.33    0.281738                1902
                      aoi   6144    -0.233944    17.742501          0.200221  8.109821    1.622529            2.33    0.281738                2520
reports/v31_ablation_aligned/raw/A1_remove_one_v31_aligned/no_oracle/budget1p70_seed42/evaluation/v2_eval_overall.csv
                   policy  steps  weighted_normalized_mae      mae      rmse    smape  pearson      dtw  oracle_loss_mean  reward_mean  power_mean  power_max  peak_power_max  steady_violation_rate  peak_violation_rate  event_rate  warmup_abort_count  warmup_abort_rate  obs_reconstruction_mae  forecast_samples  forecast_weighted_mae_overall  forecast_raw_mae_overall  forecast_weighted_mae_event  forecast_weighted_mae_non_event  forecast_weighted_mae_low_temp  forecast_weighted_mae_normal
  full_open_unconstrained   6144                 0.064247 0.785416  2.721259 0.778653 0.898708 0.769587          0.142269    -0.142271    4.620000       4.62            6.28                    1.0                  1.0    0.281738                   0           0.000000                0.064247              6144                       0.142269                  1.837282                     0.150720                         0.112319                        0.117424                      0.120429
               custom_ppo   6144                 0.182738 1.499710  4.306605 0.852421 0.792367 1.358252          0.159384    -0.159944    1.588200       1.70            2.33                    0.0                  0.0    0.281738                  31           0.005046                0.182738              6144                       0.159384                  2.035715                     0.169332                         0.124123                        0.128116                      0.126797
feasible_static_projected   6144                 0.241754 1.871853  4.569193 0.850586 0.929557 1.846283          0.159901    -0.159902    1.460000       1.46            1.95                    0.0                  0.0    0.281738                   0           0.000000                0.241754              6144                       0.159901                  1.968755                     0.168569                         0.129179                        0.124116                      0.142172
              round_robin   6144                 0.257567 2.060288  5.598071 0.851817 0.897150 1.987511          0.164264    -0.184686    1.555000       1.64            1.98                    0.0                  0.0    0.281738                1530           0.249023                0.257567              6144                       0.164264                  2.149389                     0.172635                         0.134591                        0.134860                      0.139756
                   random   6144                 0.146054 2.203981 15.041418 0.841125 0.870052 1.470958          0.183956    -0.209514    1.603320       1.70            2.33                    0.0                  0.0    0.281738                1902           0.309570                0.146054              6144                       0.183956                  3.013363                     0.190822                         0.159624                        0.149567                      0.163508
                      aoi   6144                 0.150681 2.040612 11.756319 0.834888 0.851025 1.413702          0.200221    -0.233944    1.622529       1.70            2.33                    0.0                  0.0    0.281738                2520           0.410156                0.150681              6144                       0.200221                  2.619441                     0.208599                         0.170524                        0.151106                      0.187833
