custom_ppo_update update=1 timesteps=2048 loss=0.701661 entropy=2.391065 adv_std=1.638758 awbc_label_rate=0.000
custom_ppo_update update=2 timesteps=4096 loss=0.565045 entropy=2.380300 adv_std=1.862926 awbc_label_rate=0.000
custom_ppo_update update=3 timesteps=6144 loss=0.888497 entropy=2.373283 adv_std=2.073772 awbc_label_rate=0.000
custom_ppo_update update=4 timesteps=8192 loss=0.698937 entropy=2.363604 adv_std=2.274174 awbc_label_rate=0.000
custom_ppo_update update=5 timesteps=10240 loss=0.472657 entropy=2.344471 adv_std=2.128003 awbc_label_rate=0.000
custom_ppo_update update=6 timesteps=12288 loss=0.557804 entropy=2.318037 adv_std=2.394503 awbc_label_rate=0.000
custom_ppo_update update=7 timesteps=14336 loss=0.309732 entropy=2.306030 adv_std=1.909610 awbc_label_rate=0.000
custom_ppo_update update=8 timesteps=16384 loss=0.544342 entropy=2.293056 adv_std=2.663684 awbc_label_rate=0.000
custom_ppo_update update=9 timesteps=18432 loss=0.783730 entropy=2.304071 adv_std=2.671986 awbc_label_rate=0.000
custom_ppo_update update=10 timesteps=20480 loss=0.510754 entropy=2.267040 adv_std=2.608160 awbc_label_rate=0.000
custom_ppo_update update=11 timesteps=22528 loss=0.778036 entropy=2.276781 adv_std=2.919955 awbc_label_rate=0.000
custom_ppo_update update=12 timesteps=24576 loss=1.286008 entropy=2.288482 adv_std=3.260360 awbc_label_rate=0.000
custom_ppo_update update=13 timesteps=26624 loss=0.827601 entropy=2.274178 adv_std=3.030414 awbc_label_rate=0.000
custom_ppo_update update=14 timesteps=28672 loss=1.069506 entropy=2.252814 adv_std=3.393870 awbc_label_rate=0.000
custom_ppo_update update=15 timesteps=30720 loss=1.113301 entropy=2.270537 adv_std=3.611863 awbc_label_rate=0.000
custom_ppo_update update=16 timesteps=32768 loss=0.783984 entropy=2.230721 adv_std=3.336907 awbc_label_rate=0.000
custom_ppo_update update=17 timesteps=34816 loss=0.824233 entropy=2.264284 adv_std=3.458647 awbc_label_rate=0.000
custom_ppo_update update=18 timesteps=36864 loss=0.888458 entropy=2.238981 adv_std=3.433566 awbc_label_rate=0.000
custom_ppo_update update=19 timesteps=38912 loss=1.402291 entropy=2.163097 adv_std=3.652920 awbc_label_rate=0.000
custom_ppo_update update=20 timesteps=40960 loss=1.027093 entropy=2.198382 adv_std=3.800495 awbc_label_rate=0.000
custom_ppo_update update=21 timesteps=43008 loss=1.119478 entropy=2.217633 adv_std=3.515916 awbc_label_rate=0.000
custom_ppo_update update=22 timesteps=45056 loss=0.907165 entropy=2.150903 adv_std=3.215409 awbc_label_rate=0.000
custom_ppo_update update=23 timesteps=47104 loss=0.882218 entropy=2.194590 adv_std=3.685342 awbc_label_rate=0.000
custom_ppo_update update=24 timesteps=49152 loss=0.465709 entropy=2.152391 adv_std=2.732373 awbc_label_rate=0.000
custom_ppo_update update=25 timesteps=51200 loss=0.954494 entropy=2.073619 adv_std=3.290914 awbc_label_rate=0.000
custom_ppo_update update=26 timesteps=53248 loss=0.832632 entropy=2.160152 adv_std=3.771635 awbc_label_rate=0.000
custom_ppo_update update=27 timesteps=55296 loss=0.838314 entropy=2.161743 adv_std=3.562598 awbc_label_rate=0.000
custom_ppo_update update=28 timesteps=57344 loss=1.000721 entropy=2.154287 adv_std=3.571405 awbc_label_rate=0.000
custom_ppo_update update=29 timesteps=59392 loss=0.793778 entropy=2.131298 adv_std=3.187654 awbc_label_rate=0.000
custom_ppo_update update=30 timesteps=61440 loss=0.802062 entropy=2.134024 adv_std=3.380708 awbc_label_rate=0.000
custom_ppo_update update=31 timesteps=63488 loss=0.620650 entropy=2.074506 adv_std=3.105286 awbc_label_rate=0.000
custom_ppo_update update=32 timesteps=65536 loss=0.824606 entropy=2.112996 adv_std=3.252348 awbc_label_rate=0.000
custom_ppo_update update=33 timesteps=67584 loss=0.990744 entropy=2.075387 adv_std=3.806488 awbc_label_rate=0.000
custom_ppo_update update=34 timesteps=69632 loss=0.700490 entropy=2.084377 adv_std=3.121683 awbc_label_rate=0.000
custom_ppo_update update=35 timesteps=71680 loss=0.469930 entropy=2.037414 adv_std=2.948071 awbc_label_rate=0.000
custom_ppo_update update=36 timesteps=73728 loss=0.919888 entropy=2.072129 adv_std=3.348627 awbc_label_rate=0.000
custom_ppo_update update=37 timesteps=75776 loss=0.840425 entropy=2.052170 adv_std=3.305549 awbc_label_rate=0.000
custom_ppo_update update=38 timesteps=77824 loss=0.677735 entropy=2.035736 adv_std=2.618365 awbc_label_rate=0.000
custom_ppo_update update=39 timesteps=79872 loss=0.478761 entropy=2.025799 adv_std=2.861191 awbc_label_rate=0.000
custom_ppo_update update=40 timesteps=81920 loss=0.810433 entropy=2.046827 adv_std=3.362047 awbc_label_rate=0.000
custom_ppo_update update=41 timesteps=83968 loss=0.377233 entropy=1.991831 adv_std=2.885023 awbc_label_rate=0.000
custom_ppo_update update=42 timesteps=86016 loss=0.749297 entropy=1.975707 adv_std=3.441750 awbc_label_rate=0.000
custom_ppo_update update=43 timesteps=88064 loss=0.647465 entropy=1.990018 adv_std=3.181667 awbc_label_rate=0.000
custom_ppo_update update=44 timesteps=90112 loss=0.622444 entropy=1.978074 adv_std=2.932887 awbc_label_rate=0.000
custom_ppo_update update=45 timesteps=92160 loss=0.689931 entropy=1.968743 adv_std=2.673583 awbc_label_rate=0.000
custom_ppo_update update=46 timesteps=94208 loss=0.638710 entropy=1.987646 adv_std=3.036730 awbc_label_rate=0.000
custom_ppo_update update=47 timesteps=96256 loss=0.612449 entropy=1.939145 adv_std=3.138551 awbc_label_rate=0.000
custom_ppo_update update=48 timesteps=98304 loss=0.688389 entropy=2.008850 adv_std=2.976239 awbc_label_rate=0.000
custom_ppo_update update=49 timesteps=100000 loss=0.885664 entropy=1.979887 adv_std=3.375074 awbc_label_rate=0.000
reports/v31_ablation_aligned/raw/A1_remove_one_v31_aligned/no_awbc_oracle/budget1p70_seed46/v2_custom_ppo_metrics.csv
                   policy  steps  reward_mean  instant_mae  oracle_loss_mean  dtw_mean  power_mean  peak_power_max  event_rate  warmup_abort_count
  full_open_unconstrained   6144    -0.160379     1.648961          0.160377  1.615355    4.620000            6.28    0.342448                   0
feasible_static_projected   6144    -0.167294     2.849922          0.167294  2.751123    1.460000            1.95    0.342448                   0
              round_robin   6144    -0.198269    10.933967          0.177847  6.131684    1.555000            1.98    0.342448                1530
                      aoi   6144    -0.229195    29.686459          0.197817 12.564523    1.622279            2.33    0.342448                2340
                   random   6144    -0.223919    26.214098          0.197929 11.447144    1.605879            2.33    0.342448                1932
               custom_ppo   6144    -0.237086    40.753006          0.214927 28.046978    1.590120            2.33    0.342448                1649
reports/v31_ablation_aligned/raw/A1_remove_one_v31_aligned/no_awbc_oracle/budget1p70_seed46/evaluation/v2_eval_overall.csv
                   policy  steps  weighted_normalized_mae      mae      rmse    smape  pearson      dtw  oracle_loss_mean  reward_mean  power_mean  power_max  peak_power_max  steady_violation_rate  peak_violation_rate  event_rate  warmup_abort_count  warmup_abort_rate  obs_reconstruction_mae  forecast_samples  forecast_weighted_mae_overall  forecast_raw_mae_overall  forecast_weighted_mae_event  forecast_weighted_mae_non_event  forecast_weighted_mae_low_temp  forecast_weighted_mae_normal
  full_open_unconstrained   6144                 0.065759 0.796695  2.744231 0.724273 0.908048 0.775357          0.160377    -0.160379    4.620000       4.62            6.28                    1.0                  1.0    0.342448                   0           0.000000                0.065759              6144                       0.160377                  2.135984                     0.167714                         0.117179                        0.136456                      0.102512
feasible_static_projected   6144                 0.242277 1.864975  4.435137 0.809333 0.936060 1.832704          0.167294    -0.167294    1.460000       1.46            1.95                    0.0                  0.0    0.342448                   0           0.000000                0.242277              6144                       0.167294                  2.239408                     0.175202                         0.120727                        0.143546                      0.116714
              round_robin   6144                 0.264489 2.121410  5.736642 0.814151 0.901761 2.017724          0.177847    -0.198269    1.555000       1.64            1.98                    0.0                  0.0    0.342448                1530           0.249023                0.264489              6144                       0.177847                  2.370399                     0.187142                         0.123120                        0.145269                      0.116185
                      aoi   6144                 0.168009 2.471082 11.774839 0.817905 0.833378 1.660458          0.197817    -0.229195    1.622279       1.70            2.33                    0.0                  0.0    0.342448                2340           0.380859                0.168009              6144                       0.197817                  2.841065                     0.210012                         0.126015                        0.149356                      0.127248
                   random   6144                 0.165159 2.525385 14.472154 0.819209 0.848749 1.584431          0.197929    -0.223919    1.605879       1.70            2.33                    0.0                  0.0    0.342448                1932           0.314453                0.165159              6144                       0.197929                  3.268525                     0.208161                         0.137686                        0.155284                      0.137298
               custom_ppo   6144                 0.190425 2.594224 15.135182 0.842809 0.739784 1.690572          0.214927    -0.237086    1.590120       1.70            2.33                    0.0                  0.0    0.342448                1649           0.268392                0.190425              6144                       0.214927                  3.377050                     0.226644                         0.145940                        0.177162                      0.134201
