custom_ppo_update update=1 timesteps=2048 loss=1.033649 entropy=2.058277 adv_std=1.773871 awbc_label_rate=0.250
custom_ppo_update update=2 timesteps=4096 loss=0.970257 entropy=2.053269 adv_std=1.873905 awbc_label_rate=0.250
custom_ppo_update update=3 timesteps=6144 loss=1.019299 entropy=2.062752 adv_std=2.036399 awbc_label_rate=0.250
custom_ppo_update update=4 timesteps=8192 loss=0.949015 entropy=2.071343 adv_std=2.418010 awbc_label_rate=0.250
custom_ppo_update update=5 timesteps=10240 loss=1.231260 entropy=2.080445 adv_std=2.481390 awbc_label_rate=0.250
custom_ppo_update update=6 timesteps=12288 loss=0.777636 entropy=2.089888 adv_std=2.511850 awbc_label_rate=0.250
custom_ppo_update update=7 timesteps=14336 loss=0.786332 entropy=2.082631 adv_std=2.472203 awbc_label_rate=0.250
custom_ppo_update update=8 timesteps=16384 loss=0.771087 entropy=2.102559 adv_std=2.568797 awbc_label_rate=0.250
custom_ppo_update update=9 timesteps=18432 loss=1.132398 entropy=2.094410 adv_std=3.107567 awbc_label_rate=0.250
custom_ppo_update update=10 timesteps=20480 loss=0.726966 entropy=2.094719 adv_std=2.589397 awbc_label_rate=0.250
custom_ppo_update update=11 timesteps=22528 loss=0.882407 entropy=2.084460 adv_std=2.471729 awbc_label_rate=0.250
custom_ppo_update update=12 timesteps=24576 loss=0.881345 entropy=2.097758 adv_std=2.842933 awbc_label_rate=0.250
custom_ppo_update update=13 timesteps=26624 loss=0.687084 entropy=2.088694 adv_std=2.719583 awbc_label_rate=0.250
custom_ppo_update update=14 timesteps=28672 loss=0.742207 entropy=2.097845 adv_std=2.266042 awbc_label_rate=0.250
custom_ppo_update update=15 timesteps=30720 loss=0.689218 entropy=2.094483 adv_std=2.545486 awbc_label_rate=0.250
custom_ppo_update update=16 timesteps=32768 loss=0.661357 entropy=2.089546 adv_std=2.796901 awbc_label_rate=0.250
custom_ppo_update update=17 timesteps=34816 loss=0.954167 entropy=2.098018 adv_std=2.717639 awbc_label_rate=0.250
custom_ppo_update update=18 timesteps=36864 loss=0.815400 entropy=2.083531 adv_std=2.581045 awbc_label_rate=0.250
custom_ppo_update update=19 timesteps=38912 loss=1.206060 entropy=2.087696 adv_std=2.901631 awbc_label_rate=0.250
custom_ppo_update update=20 timesteps=40960 loss=1.075792 entropy=2.082591 adv_std=3.083358 awbc_label_rate=0.250
custom_ppo_update update=21 timesteps=43008 loss=0.934342 entropy=2.093658 adv_std=3.264721 awbc_label_rate=0.250
custom_ppo_update update=22 timesteps=45056 loss=1.672886 entropy=2.096298 adv_std=3.350253 awbc_label_rate=0.250
custom_ppo_update update=23 timesteps=47104 loss=1.041056 entropy=2.098604 adv_std=3.138675 awbc_label_rate=0.250
custom_ppo_update update=24 timesteps=49152 loss=1.053895 entropy=2.078873 adv_std=3.673188 awbc_label_rate=0.250
custom_ppo_update update=25 timesteps=51200 loss=1.115155 entropy=2.087285 adv_std=3.545993 awbc_label_rate=0.250
custom_ppo_update update=26 timesteps=53248 loss=1.086020 entropy=2.076655 adv_std=3.304194 awbc_label_rate=0.250
custom_ppo_update update=27 timesteps=55296 loss=0.740411 entropy=2.082897 adv_std=3.098904 awbc_label_rate=0.250
custom_ppo_update update=28 timesteps=57344 loss=0.736800 entropy=2.086211 adv_std=3.298259 awbc_label_rate=0.250
custom_ppo_update update=29 timesteps=59392 loss=0.838927 entropy=2.071009 adv_std=2.733135 awbc_label_rate=0.250
custom_ppo_update update=30 timesteps=61440 loss=0.594437 entropy=2.082912 adv_std=2.543807 awbc_label_rate=0.250
custom_ppo_update update=31 timesteps=63488 loss=0.741728 entropy=2.092338 adv_std=2.787989 awbc_label_rate=0.250
custom_ppo_update update=32 timesteps=65536 loss=0.798591 entropy=2.087823 adv_std=2.729629 awbc_label_rate=0.250
custom_ppo_update update=33 timesteps=67584 loss=0.813410 entropy=2.064777 adv_std=2.749276 awbc_label_rate=0.250
custom_ppo_update update=34 timesteps=69632 loss=0.778508 entropy=2.081399 adv_std=2.725672 awbc_label_rate=0.250
custom_ppo_update update=35 timesteps=71680 loss=0.795546 entropy=2.095725 adv_std=2.492191 awbc_label_rate=0.250
custom_ppo_update update=36 timesteps=73728 loss=0.873470 entropy=2.095648 adv_std=2.892691 awbc_label_rate=0.250
custom_ppo_update update=37 timesteps=75776 loss=0.711815 entropy=2.074076 adv_std=2.671900 awbc_label_rate=0.250
custom_ppo_update update=38 timesteps=77824 loss=0.765915 entropy=2.072740 adv_std=2.757393 awbc_label_rate=0.250
custom_ppo_update update=39 timesteps=79872 loss=0.669396 entropy=2.072942 adv_std=2.559197 awbc_label_rate=0.250
custom_ppo_update update=40 timesteps=81920 loss=1.258981 entropy=2.102517 adv_std=3.465767 awbc_label_rate=0.250
custom_ppo_update update=41 timesteps=83968 loss=1.235654 entropy=2.100193 adv_std=3.655254 awbc_label_rate=0.250
custom_ppo_update update=42 timesteps=86016 loss=0.993624 entropy=2.080072 adv_std=2.826693 awbc_label_rate=0.250
custom_ppo_update update=43 timesteps=88064 loss=0.721832 entropy=2.077644 adv_std=2.680882 awbc_label_rate=0.250
custom_ppo_update update=44 timesteps=90112 loss=0.816291 entropy=2.064597 adv_std=2.754826 awbc_label_rate=0.250
custom_ppo_update update=45 timesteps=92160 loss=0.705892 entropy=2.081480 adv_std=2.667276 awbc_label_rate=0.250
custom_ppo_update update=46 timesteps=94208 loss=0.847361 entropy=2.078493 adv_std=3.044464 awbc_label_rate=0.250
custom_ppo_update update=47 timesteps=96256 loss=0.832246 entropy=2.086597 adv_std=2.670620 awbc_label_rate=0.250
custom_ppo_update update=48 timesteps=98304 loss=0.856471 entropy=2.072069 adv_std=2.650923 awbc_label_rate=0.250
custom_ppo_update update=49 timesteps=100000 loss=0.834546 entropy=2.085400 adv_std=2.370193 awbc_label_rate=0.250
reports/v31_ablation_aligned/raw/A1_remove_one_v31_aligned/no_action_emb/budget1p70_seed43/v2_custom_ppo_metrics.csv
                   policy  steps  reward_mean  instant_mae  oracle_loss_mean  dtw_mean  power_mean  peak_power_max  event_rate  warmup_abort_count
  full_open_unconstrained   6144    -0.158915     1.650386          0.158913  1.605024    4.620000            6.28    0.352702                   0
               custom_ppo   6144    -0.174744     2.947684          0.172281  2.409091    1.558649            2.07    0.352702                 177
feasible_static_projected   6144    -0.172327     2.803499          0.172327  2.697166    1.460000            1.95    0.352702                   0
                      aoi   6144    -0.217782    23.122137          0.181713  9.884176    1.622780            2.33    0.352702                2700
              round_robin   6144    -0.202570     9.367867          0.182148  5.212417    1.555000            1.98    0.352702                1530
                   random   6144    -0.214906    20.115153          0.189556  8.904403    1.603066            2.33    0.352702                1884
reports/v31_ablation_aligned/raw/A1_remove_one_v31_aligned/no_action_emb/budget1p70_seed43/evaluation/v2_eval_overall.csv
                   policy  steps  weighted_normalized_mae      mae      rmse    smape  pearson      dtw  oracle_loss_mean  reward_mean  power_mean  power_max  peak_power_max  steady_violation_rate  peak_violation_rate  event_rate  warmup_abort_count  warmup_abort_rate  obs_reconstruction_mae  forecast_samples  forecast_weighted_mae_overall  forecast_raw_mae_overall  forecast_weighted_mae_event  forecast_weighted_mae_non_event  forecast_weighted_mae_low_temp  forecast_weighted_mae_normal
  full_open_unconstrained   6144                 0.065856 0.790941  2.724093 0.726462 0.907555 0.767387          0.158913    -0.158915    4.620000       4.62            6.28                    1.0                  1.0    0.352702                   0           0.000000                0.065856              6144                       0.158913                  2.464188                     0.171254                         0.116429                        0.128072                      0.117572
               custom_ppo   6144                 0.151327 1.980546 11.800339 0.782624 0.905986 1.373850          0.172281    -0.174744    1.558649       1.62            2.07                    0.0                  0.0    0.352702                 177           0.028809                0.151327              6144                       0.172281                  3.077668                     0.184043                         0.131790                        0.138753                      0.133617
feasible_static_projected   6144                 0.230691 1.792221  4.279747 0.793600 0.931630 1.761022          0.172327    -0.172327    1.460000       1.46            1.95                    0.0                  0.0    0.352702                   0           0.000000                0.230691              6144                       0.172327                  2.522664                     0.181795                         0.139731                        0.153529                      0.117978
                      aoi   6144                 0.141356 2.701406 13.582981 0.785910 0.883553 1.719292          0.181713    -0.217782    1.622780       1.70            2.33                    0.0                  0.0    0.352702                2700           0.439453                0.141356              6144                       0.181713                  3.195505                     0.192001                         0.146297                        0.145923                      0.142199
              round_robin   6144                 0.250575 2.098810  5.994935 0.796027 0.903665 1.943822          0.182148    -0.202570    1.555000       1.64            1.98                    0.0                  0.0    0.352702                1530           0.249023                0.250575              6144                       0.182148                  2.652557                     0.191329                         0.150542                        0.157613                      0.133597
                   random   6144                 0.157833 2.796395 16.616963 0.798122 0.858038 1.715627          0.189556    -0.214906    1.603066       1.70            2.33                    0.0                  0.0    0.352702                1884           0.306641                0.157833              6144                       0.189556                  3.767240                     0.200465                         0.152002                        0.149614                      0.153335
