custom_ppo_update update=1 timesteps=2048 loss=0.809553 entropy=2.043873 adv_std=1.577814 awbc_label_rate=0.250
custom_ppo_update update=2 timesteps=4096 loss=0.596974 entropy=2.041190 adv_std=1.688610 awbc_label_rate=0.250
custom_ppo_update update=3 timesteps=6144 loss=0.924244 entropy=2.051666 adv_std=1.804326 awbc_label_rate=0.250
custom_ppo_update update=4 timesteps=8192 loss=1.375963 entropy=2.049795 adv_std=2.894458 awbc_label_rate=0.250
custom_ppo_update update=5 timesteps=10240 loss=1.319632 entropy=2.059810 adv_std=2.540392 awbc_label_rate=0.250
custom_ppo_update update=6 timesteps=12288 loss=1.011131 entropy=2.066251 adv_std=2.587271 awbc_label_rate=0.250
custom_ppo_update update=7 timesteps=14336 loss=0.946283 entropy=2.076696 adv_std=2.885270 awbc_label_rate=0.250
custom_ppo_update update=8 timesteps=16384 loss=0.960962 entropy=2.072119 adv_std=2.701427 awbc_label_rate=0.250
custom_ppo_update update=9 timesteps=18432 loss=1.150536 entropy=2.075556 adv_std=3.137205 awbc_label_rate=0.250
custom_ppo_update update=10 timesteps=20480 loss=1.190627 entropy=2.064074 adv_std=3.419269 awbc_label_rate=0.250
custom_ppo_update update=11 timesteps=22528 loss=1.074309 entropy=2.071783 adv_std=3.113232 awbc_label_rate=0.250
custom_ppo_update update=12 timesteps=24576 loss=0.994701 entropy=2.077899 adv_std=2.972845 awbc_label_rate=0.250
custom_ppo_update update=13 timesteps=26624 loss=0.924406 entropy=2.082057 adv_std=3.408270 awbc_label_rate=0.250
custom_ppo_update update=14 timesteps=28672 loss=1.109486 entropy=2.081882 adv_std=3.460785 awbc_label_rate=0.250
custom_ppo_update update=15 timesteps=30720 loss=0.906075 entropy=2.077841 adv_std=3.083362 awbc_label_rate=0.250
custom_ppo_update update=16 timesteps=32768 loss=1.203156 entropy=2.071172 adv_std=3.548840 awbc_label_rate=0.250
custom_ppo_update update=17 timesteps=34816 loss=0.882395 entropy=2.072402 adv_std=3.014689 awbc_label_rate=0.250
custom_ppo_update update=18 timesteps=36864 loss=1.032968 entropy=2.066180 adv_std=2.951301 awbc_label_rate=0.250
custom_ppo_update update=19 timesteps=38912 loss=0.842458 entropy=2.061016 adv_std=2.999032 awbc_label_rate=0.250
custom_ppo_update update=20 timesteps=40960 loss=1.036299 entropy=2.070891 adv_std=3.103027 awbc_label_rate=0.250
custom_ppo_update update=21 timesteps=43008 loss=0.830818 entropy=2.088799 adv_std=3.120273 awbc_label_rate=0.250
custom_ppo_update update=22 timesteps=45056 loss=0.891273 entropy=2.079853 adv_std=2.939022 awbc_label_rate=0.250
custom_ppo_update update=23 timesteps=47104 loss=1.144481 entropy=2.061667 adv_std=3.436384 awbc_label_rate=0.250
custom_ppo_update update=24 timesteps=49152 loss=0.902518 entropy=2.070044 adv_std=3.101597 awbc_label_rate=0.250
custom_ppo_update update=25 timesteps=51200 loss=0.713909 entropy=2.066799 adv_std=2.823637 awbc_label_rate=0.250
custom_ppo_update update=26 timesteps=53248 loss=1.035947 entropy=2.068548 adv_std=2.988652 awbc_label_rate=0.250
custom_ppo_update update=27 timesteps=55296 loss=0.722659 entropy=2.074104 adv_std=2.869217 awbc_label_rate=0.250
custom_ppo_update update=28 timesteps=57344 loss=0.805039 entropy=2.073878 adv_std=3.031485 awbc_label_rate=0.250
custom_ppo_update update=29 timesteps=59392 loss=1.097155 entropy=2.074065 adv_std=3.168622 awbc_label_rate=0.250
custom_ppo_update update=30 timesteps=61440 loss=0.802977 entropy=2.060675 adv_std=2.845849 awbc_label_rate=0.250
custom_ppo_update update=31 timesteps=63488 loss=0.946368 entropy=2.060430 adv_std=3.340494 awbc_label_rate=0.250
custom_ppo_update update=32 timesteps=65536 loss=1.138084 entropy=2.067096 adv_std=2.989723 awbc_label_rate=0.250
custom_ppo_update update=33 timesteps=67584 loss=1.273861 entropy=2.058230 adv_std=3.539382 awbc_label_rate=0.250
custom_ppo_update update=34 timesteps=69632 loss=0.985766 entropy=2.071189 adv_std=3.336152 awbc_label_rate=0.250
custom_ppo_update update=35 timesteps=71680 loss=0.835866 entropy=2.062249 adv_std=2.889450 awbc_label_rate=0.250
custom_ppo_update update=36 timesteps=73728 loss=0.948669 entropy=2.057304 adv_std=3.019046 awbc_label_rate=0.250
custom_ppo_update update=37 timesteps=75776 loss=0.757449 entropy=2.059991 adv_std=2.807304 awbc_label_rate=0.250
custom_ppo_update update=38 timesteps=77824 loss=1.067122 entropy=2.062167 adv_std=3.448013 awbc_label_rate=0.250
custom_ppo_update update=39 timesteps=79872 loss=0.900481 entropy=2.071705 adv_std=2.978738 awbc_label_rate=0.250
custom_ppo_update update=40 timesteps=81920 loss=0.808906 entropy=2.062991 adv_std=3.451968 awbc_label_rate=0.250
custom_ppo_update update=41 timesteps=83968 loss=0.846733 entropy=2.070067 adv_std=3.159717 awbc_label_rate=0.250
custom_ppo_update update=42 timesteps=86016 loss=0.648325 entropy=2.042677 adv_std=2.343051 awbc_label_rate=0.250
custom_ppo_update update=43 timesteps=88064 loss=1.112943 entropy=2.060086 adv_std=3.492864 awbc_label_rate=0.250
custom_ppo_update update=44 timesteps=90112 loss=0.646225 entropy=2.058513 adv_std=2.727602 awbc_label_rate=0.250
custom_ppo_update update=45 timesteps=92160 loss=1.193172 entropy=2.077093 adv_std=3.284578 awbc_label_rate=0.250
custom_ppo_update update=46 timesteps=94208 loss=1.063818 entropy=2.072759 adv_std=3.545066 awbc_label_rate=0.250
custom_ppo_update update=47 timesteps=96256 loss=1.248151 entropy=2.067142 adv_std=3.349316 awbc_label_rate=0.250
custom_ppo_update update=48 timesteps=98304 loss=0.784665 entropy=2.070000 adv_std=2.676463 awbc_label_rate=0.250
custom_ppo_update update=49 timesteps=100000 loss=0.990135 entropy=2.077034 adv_std=3.232021 awbc_label_rate=0.250
reports/v31_ablation_aligned/raw/A1_remove_one_v31_aligned/no_action_mask/budget1p70_seed48/v2_custom_ppo_metrics.csv
                   policy  steps  reward_mean  instant_mae  oracle_loss_mean  dtw_mean  power_mean  peak_power_max  event_rate  warmup_abort_count
  full_open_unconstrained   6144    -0.145970     1.650129          0.145968  1.607705    4.620000            6.28    0.427897                   0
feasible_static_projected   6144    -0.154356     2.938921          0.154355  2.839613    1.460000            1.95    0.427897                   0
               custom_ppo   6144    -0.163288     3.012759          0.161825  2.729060    1.561009            2.05    0.427897                 108
              round_robin   6144    -0.187332     8.711665          0.166910  5.071763    1.555000            1.98    0.427897                1530
                   random   6144    -0.205660    19.373400          0.179532  8.503455    1.604883            2.33    0.427897                1944
                      aoi   6144    -0.216678    20.381528          0.182955  8.775460    1.622529            2.33    0.427897                2520
reports/v31_ablation_aligned/raw/A1_remove_one_v31_aligned/no_action_mask/budget1p70_seed48/evaluation/v2_eval_overall.csv
                   policy  steps  weighted_normalized_mae      mae      rmse    smape  pearson      dtw  oracle_loss_mean  reward_mean  power_mean  power_max  peak_power_max  steady_violation_rate  peak_violation_rate  event_rate  warmup_abort_count  warmup_abort_rate  obs_reconstruction_mae  forecast_samples  forecast_weighted_mae_overall  forecast_raw_mae_overall  forecast_weighted_mae_event  forecast_weighted_mae_non_event  forecast_weighted_mae_low_temp  forecast_weighted_mae_normal
  full_open_unconstrained   6144                 0.065446 0.791432  2.720734 0.732746 0.900536 0.770078          0.145968    -0.145970    4.620000       4.62            6.28                    1.0                  1.0    0.427897                   0           0.000000                0.065446              6144                       0.145968                  1.850954                     0.155981                         0.092688                        0.112345                      0.094410
feasible_static_projected   6144                 0.260038 1.985003  4.809548 0.800971 0.931678 1.953527          0.154355    -0.154356    1.460000       1.46            1.95                    0.0                  0.0    0.427897                   0           0.000000                0.260038              6144                       0.154355                  2.047489                     0.164306                         0.101406                        0.119922                      0.106327
               custom_ppo   6144                 0.221857 2.075633  8.355349 0.798257 0.884750 1.797924          0.161825    -0.163288    1.561009       1.62            2.05                    0.0                  0.0    0.427897                 108           0.017578                0.221857              6144                       0.161825                  2.283720                     0.173178                         0.101416                        0.123912                      0.102636
              round_robin   6144                 0.278876 2.156739  5.566271 0.806508 0.897823 2.062749          0.166910    -0.187332    1.555000       1.64            1.98                    0.0                  0.0    0.427897                1530           0.249023                0.278876              6144                       0.166910                  2.141308                     0.178035                         0.107715                        0.129864                      0.114918
                   random   6144                 0.148933 2.020925 11.333339 0.801384 0.863574 1.344515          0.179532    -0.205660    1.604883       1.70            2.33                    0.0                  0.0    0.427897                1944           0.316406                0.148933              6144                       0.179532                  2.630647                     0.191163                         0.117646                        0.136029                      0.125102
                      aoi   6144                 0.169816 2.014675  9.289376 0.795561 0.830296 1.387228          0.182955    -0.216678    1.622529       1.70            2.33                    0.0                  0.0    0.427897                2520           0.410156                0.169816              6144                       0.182955                  2.260698                     0.196009                         0.113495                        0.130342                      0.125602
