custom_ppo_update update=1 timesteps=2048 loss=0.421678 entropy=2.390989 adv_std=1.081424 awbc_label_rate=0.000
custom_ppo_update update=2 timesteps=4096 loss=0.594971 entropy=2.385171 adv_std=1.809390 awbc_label_rate=0.000
custom_ppo_update update=3 timesteps=6144 loss=0.674274 entropy=2.378672 adv_std=2.074049 awbc_label_rate=0.000
custom_ppo_update update=4 timesteps=8192 loss=0.589133 entropy=2.369830 adv_std=2.236277 awbc_label_rate=0.000
custom_ppo_update update=5 timesteps=10240 loss=0.379058 entropy=2.366621 adv_std=2.068333 awbc_label_rate=0.000
custom_ppo_update update=6 timesteps=12288 loss=0.583702 entropy=2.356948 adv_std=2.864032 awbc_label_rate=0.000
custom_ppo_update update=7 timesteps=14336 loss=0.836121 entropy=2.348711 adv_std=2.901160 awbc_label_rate=0.000
custom_ppo_update update=8 timesteps=16384 loss=0.806985 entropy=2.344137 adv_std=2.590563 awbc_label_rate=0.000
custom_ppo_update update=9 timesteps=18432 loss=1.086737 entropy=2.337941 adv_std=3.474297 awbc_label_rate=0.000
custom_ppo_update update=10 timesteps=20480 loss=0.709803 entropy=2.317452 adv_std=3.145346 awbc_label_rate=0.000
custom_ppo_update update=11 timesteps=22528 loss=0.995252 entropy=2.325876 adv_std=3.197245 awbc_label_rate=0.000
custom_ppo_update update=12 timesteps=24576 loss=0.861850 entropy=2.288007 adv_std=3.412772 awbc_label_rate=0.000
custom_ppo_update update=13 timesteps=26624 loss=0.791068 entropy=2.292067 adv_std=3.314880 awbc_label_rate=0.000
custom_ppo_update update=14 timesteps=28672 loss=0.682421 entropy=2.270757 adv_std=3.391819 awbc_label_rate=0.000
custom_ppo_update update=15 timesteps=30720 loss=0.768851 entropy=2.281723 adv_std=3.434438 awbc_label_rate=0.000
custom_ppo_update update=16 timesteps=32768 loss=0.606062 entropy=2.279105 adv_std=2.932411 awbc_label_rate=0.000
custom_ppo_update update=17 timesteps=34816 loss=0.725200 entropy=2.264492 adv_std=2.843350 awbc_label_rate=0.000
custom_ppo_update update=18 timesteps=36864 loss=0.564001 entropy=2.251615 adv_std=2.975733 awbc_label_rate=0.000
custom_ppo_update update=19 timesteps=38912 loss=0.499979 entropy=2.236999 adv_std=2.813701 awbc_label_rate=0.000
custom_ppo_update update=20 timesteps=40960 loss=0.450048 entropy=2.202417 adv_std=2.656379 awbc_label_rate=0.000
custom_ppo_update update=21 timesteps=43008 loss=0.477658 entropy=2.230559 adv_std=3.011949 awbc_label_rate=0.000
custom_ppo_update update=22 timesteps=45056 loss=0.467512 entropy=2.207580 adv_std=2.671291 awbc_label_rate=0.000
custom_ppo_update update=23 timesteps=47104 loss=0.327320 entropy=2.188122 adv_std=2.437627 awbc_label_rate=0.000
custom_ppo_update update=24 timesteps=49152 loss=0.493560 entropy=2.171449 adv_std=2.794636 awbc_label_rate=0.000
custom_ppo_update update=25 timesteps=51200 loss=0.428809 entropy=2.167242 adv_std=2.412336 awbc_label_rate=0.000
custom_ppo_update update=26 timesteps=53248 loss=0.610619 entropy=2.171602 adv_std=2.780199 awbc_label_rate=0.000
custom_ppo_update update=27 timesteps=55296 loss=0.493992 entropy=2.145173 adv_std=2.651031 awbc_label_rate=0.000
custom_ppo_update update=28 timesteps=57344 loss=0.464391 entropy=2.126191 adv_std=2.525193 awbc_label_rate=0.000
custom_ppo_update update=29 timesteps=59392 loss=0.536241 entropy=2.131590 adv_std=2.950148 awbc_label_rate=0.000
custom_ppo_update update=30 timesteps=61440 loss=0.402002 entropy=2.120878 adv_std=2.400779 awbc_label_rate=0.000
custom_ppo_update update=31 timesteps=63488 loss=0.567150 entropy=2.129762 adv_std=2.897987 awbc_label_rate=0.000
custom_ppo_update update=32 timesteps=65536 loss=0.398192 entropy=2.135571 adv_std=2.514266 awbc_label_rate=0.000
custom_ppo_update update=33 timesteps=67584 loss=0.441684 entropy=2.097676 adv_std=2.777698 awbc_label_rate=0.000
custom_ppo_update update=34 timesteps=69632 loss=0.330511 entropy=2.110709 adv_std=2.354125 awbc_label_rate=0.000
custom_ppo_update update=35 timesteps=71680 loss=0.332912 entropy=2.129626 adv_std=2.302114 awbc_label_rate=0.000
custom_ppo_update update=36 timesteps=73728 loss=0.386443 entropy=2.100611 adv_std=2.325990 awbc_label_rate=0.000
custom_ppo_update update=37 timesteps=75776 loss=0.522963 entropy=2.076621 adv_std=2.766230 awbc_label_rate=0.000
custom_ppo_update update=38 timesteps=77824 loss=0.473683 entropy=2.086413 adv_std=2.978150 awbc_label_rate=0.000
custom_ppo_update update=39 timesteps=79872 loss=0.631445 entropy=2.075185 adv_std=2.932787 awbc_label_rate=0.000
custom_ppo_update update=40 timesteps=81920 loss=0.481892 entropy=2.077715 adv_std=2.848063 awbc_label_rate=0.000
custom_ppo_update update=41 timesteps=83968 loss=0.707897 entropy=2.073889 adv_std=3.067834 awbc_label_rate=0.000
custom_ppo_update update=42 timesteps=86016 loss=0.390686 entropy=2.051652 adv_std=2.795928 awbc_label_rate=0.000
custom_ppo_update update=43 timesteps=88064 loss=0.372401 entropy=2.058951 adv_std=2.230870 awbc_label_rate=0.000
custom_ppo_update update=44 timesteps=90112 loss=0.326457 entropy=2.034986 adv_std=2.386930 awbc_label_rate=0.000
custom_ppo_update update=45 timesteps=92160 loss=0.562775 entropy=2.023923 adv_std=2.550210 awbc_label_rate=0.000
custom_ppo_update update=46 timesteps=94208 loss=0.400096 entropy=2.019914 adv_std=2.455957 awbc_label_rate=0.000
custom_ppo_update update=47 timesteps=96256 loss=0.566896 entropy=1.958835 adv_std=3.029165 awbc_label_rate=0.000
custom_ppo_update update=48 timesteps=98304 loss=0.994748 entropy=1.960093 adv_std=2.915972 awbc_label_rate=0.000
custom_ppo_update update=49 timesteps=100000 loss=0.703003 entropy=1.962197 adv_std=2.976066 awbc_label_rate=0.000
reports/v31_ablation_aligned/raw/A1_remove_one_v31_aligned/no_awbc_oracle/budget1p70_seed42/v2_custom_ppo_metrics.csv
                   policy  steps  reward_mean  instant_mae  oracle_loss_mean  dtw_mean  power_mean  peak_power_max  event_rate  warmup_abort_count
  full_open_unconstrained   6144    -0.143248     1.651890          0.143246  1.611176    4.620000            6.28    0.281738                   0
feasible_static_projected   6144    -0.161118     2.875996          0.161117  2.766387    1.460000            1.95    0.281738                   0
              round_robin   6144    -0.185472     8.014126          0.165050  4.871508    1.555000            1.98    0.281738                1530
               custom_ppo   6144    -0.187324     9.084022          0.172266  4.871915    1.596878            2.33    0.281738                1109
                   random   6144    -0.209657    14.161544          0.184099  6.942919    1.603320            2.33    0.281738                1902
                      aoi   6144    -0.233765    17.742501          0.200041  8.109821    1.622529            2.33    0.281738                2520
reports/v31_ablation_aligned/raw/A1_remove_one_v31_aligned/no_awbc_oracle/budget1p70_seed42/evaluation/v2_eval_overall.csv
                   policy  steps  weighted_normalized_mae      mae      rmse    smape  pearson      dtw  oracle_loss_mean  reward_mean  power_mean  power_max  peak_power_max  steady_violation_rate  peak_violation_rate  event_rate  warmup_abort_count  warmup_abort_rate  obs_reconstruction_mae  forecast_samples  forecast_weighted_mae_overall  forecast_raw_mae_overall  forecast_weighted_mae_event  forecast_weighted_mae_non_event  forecast_weighted_mae_low_temp  forecast_weighted_mae_normal
  full_open_unconstrained   6144                 0.064247 0.785416  2.721259 0.778653 0.898708 0.769587          0.143246    -0.143248    4.620000       4.62            6.28                    1.0                  1.0    0.281738                   0           0.000000                0.064247              6144                       0.143246                  1.868137                     0.151639                         0.113497                        0.118748                      0.122415
feasible_static_projected   6144                 0.241754 1.871853  4.569193 0.850586 0.929557 1.846283          0.161117    -0.161118    1.460000       1.46            1.95                    0.0                  0.0    0.281738                   0           0.000000                0.241754              6144                       0.161117                  2.013021                     0.169313                         0.132067                        0.125097                      0.145898
              round_robin   6144                 0.257567 2.060288  5.598071 0.851817 0.897150 1.987511          0.165050    -0.185472    1.555000       1.64            1.98                    0.0                  0.0    0.281738                1530           0.249023                0.257567              6144                       0.165050                  2.181869                     0.173195                         0.136181                        0.136428                      0.140255
               custom_ppo   6144                 0.125177 1.780573 11.325889 0.842235 0.879342 1.291639          0.172266    -0.187324    1.596878       1.70            2.33                    0.0                  0.0    0.281738                1109           0.180501                0.125177              6144                       0.172266                  2.671010                     0.181738                         0.138695                        0.139915                      0.143945
                   random   6144                 0.146054 2.203981 15.041418 0.841125 0.870052 1.470958          0.184099    -0.209657    1.603320       1.70            2.33                    0.0                  0.0    0.281738                1902           0.309570                0.146054              6144                       0.184099                  3.035436                     0.190930                         0.159886                        0.150110                      0.163640
                      aoi   6144                 0.150681 2.040612 11.756319 0.834888 0.851025 1.413702          0.200041    -0.233765    1.622529       1.70            2.33                    0.0                  0.0    0.281738                2520           0.410156                0.150681              6144                       0.200041                  2.638730                     0.208156                         0.171280                        0.150932                      0.187481
