custom_ppo_update update=1 timesteps=2048 loss=0.567309 entropy=1.977723 adv_std=0.994601 awbc_label_rate=0.250
custom_ppo_update update=2 timesteps=4096 loss=0.627749 entropy=1.988387 adv_std=1.445782 awbc_label_rate=0.250
custom_ppo_update update=3 timesteps=6144 loss=0.744037 entropy=1.982300 adv_std=2.233487 awbc_label_rate=0.250
custom_ppo_update update=4 timesteps=8192 loss=1.378444 entropy=1.997277 adv_std=2.546002 awbc_label_rate=0.250
custom_ppo_update update=5 timesteps=10240 loss=0.814018 entropy=2.014085 adv_std=2.386860 awbc_label_rate=0.250
custom_ppo_update update=6 timesteps=12288 loss=1.150831 entropy=2.000823 adv_std=2.964686 awbc_label_rate=0.250
custom_ppo_update update=7 timesteps=14336 loss=1.073530 entropy=2.000616 adv_std=2.711929 awbc_label_rate=0.250
custom_ppo_update update=8 timesteps=16384 loss=1.042936 entropy=1.995479 adv_std=3.036187 awbc_label_rate=0.250
custom_ppo_update update=9 timesteps=18432 loss=1.188419 entropy=2.004859 adv_std=3.034535 awbc_label_rate=0.250
custom_ppo_update update=10 timesteps=20480 loss=1.087151 entropy=2.009519 adv_std=2.874350 awbc_label_rate=0.250
custom_ppo_update update=11 timesteps=22528 loss=1.033334 entropy=2.018918 adv_std=2.766047 awbc_label_rate=0.250
custom_ppo_update update=12 timesteps=24576 loss=1.060713 entropy=2.014078 adv_std=3.207270 awbc_label_rate=0.250
custom_ppo_update update=13 timesteps=26624 loss=0.920675 entropy=2.008137 adv_std=2.655668 awbc_label_rate=0.250
custom_ppo_update update=14 timesteps=28672 loss=1.141202 entropy=2.030047 adv_std=3.021773 awbc_label_rate=0.250
custom_ppo_update update=15 timesteps=30720 loss=1.272283 entropy=2.011751 adv_std=3.527456 awbc_label_rate=0.250
custom_ppo_update update=16 timesteps=32768 loss=1.237528 entropy=2.021752 adv_std=3.216979 awbc_label_rate=0.250
custom_ppo_update update=17 timesteps=34816 loss=0.921341 entropy=2.003595 adv_std=3.262332 awbc_label_rate=0.250
custom_ppo_update update=18 timesteps=36864 loss=0.858518 entropy=2.010941 adv_std=3.035945 awbc_label_rate=0.250
custom_ppo_update update=19 timesteps=38912 loss=0.921612 entropy=2.010496 adv_std=3.219401 awbc_label_rate=0.250
custom_ppo_update update=20 timesteps=40960 loss=0.783874 entropy=2.009310 adv_std=2.385327 awbc_label_rate=0.250
custom_ppo_update update=21 timesteps=43008 loss=0.893581 entropy=1.997728 adv_std=3.169421 awbc_label_rate=0.250
custom_ppo_update update=22 timesteps=45056 loss=1.284062 entropy=1.996509 adv_std=3.558866 awbc_label_rate=0.250
custom_ppo_update update=23 timesteps=47104 loss=0.910530 entropy=2.008404 adv_std=2.973714 awbc_label_rate=0.250
custom_ppo_update update=24 timesteps=49152 loss=1.067138 entropy=2.005797 adv_std=3.328196 awbc_label_rate=0.250
custom_ppo_update update=25 timesteps=51200 loss=1.296020 entropy=2.003534 adv_std=3.678401 awbc_label_rate=0.250
custom_ppo_update update=26 timesteps=53248 loss=1.137743 entropy=1.998148 adv_std=3.553448 awbc_label_rate=0.250
custom_ppo_update update=27 timesteps=55296 loss=1.022343 entropy=2.008968 adv_std=3.713721 awbc_label_rate=0.250
custom_ppo_update update=28 timesteps=57344 loss=1.277098 entropy=1.999471 adv_std=3.349309 awbc_label_rate=0.250
custom_ppo_update update=29 timesteps=59392 loss=1.619689 entropy=2.001290 adv_std=4.045248 awbc_label_rate=0.250
custom_ppo_update update=30 timesteps=61440 loss=1.101914 entropy=2.000209 adv_std=3.363322 awbc_label_rate=0.250
custom_ppo_update update=31 timesteps=63488 loss=1.629888 entropy=2.005371 adv_std=4.146748 awbc_label_rate=0.250
custom_ppo_update update=32 timesteps=65536 loss=1.054328 entropy=2.001813 adv_std=3.573998 awbc_label_rate=0.250
custom_ppo_update update=33 timesteps=67584 loss=0.989548 entropy=2.013960 adv_std=3.466550 awbc_label_rate=0.250
custom_ppo_update update=34 timesteps=69632 loss=1.083488 entropy=2.011194 adv_std=3.135657 awbc_label_rate=0.250
custom_ppo_update update=35 timesteps=71680 loss=0.739566 entropy=1.996828 adv_std=2.768576 awbc_label_rate=0.250
custom_ppo_update update=36 timesteps=73728 loss=1.061742 entropy=2.012061 adv_std=3.392336 awbc_label_rate=0.250
custom_ppo_update update=37 timesteps=75776 loss=0.932296 entropy=1.987158 adv_std=2.361670 awbc_label_rate=0.250
custom_ppo_update update=38 timesteps=77824 loss=1.070577 entropy=1.983253 adv_std=3.161000 awbc_label_rate=0.250
custom_ppo_update update=39 timesteps=79872 loss=0.957272 entropy=2.021383 adv_std=2.784728 awbc_label_rate=0.250
custom_ppo_update update=40 timesteps=81920 loss=1.375249 entropy=1.996935 adv_std=4.067801 awbc_label_rate=0.250
custom_ppo_update update=41 timesteps=83968 loss=0.759752 entropy=2.011166 adv_std=2.576061 awbc_label_rate=0.250
custom_ppo_update update=42 timesteps=86016 loss=0.756918 entropy=2.011200 adv_std=2.881593 awbc_label_rate=0.250
custom_ppo_update update=43 timesteps=88064 loss=0.852598 entropy=2.013480 adv_std=2.962993 awbc_label_rate=0.250
custom_ppo_update update=44 timesteps=90112 loss=0.991638 entropy=1.992450 adv_std=3.283718 awbc_label_rate=0.250
custom_ppo_update update=45 timesteps=92160 loss=0.855277 entropy=2.010855 adv_std=3.068705 awbc_label_rate=0.250
custom_ppo_update update=46 timesteps=94208 loss=0.765586 entropy=1.987343 adv_std=2.675956 awbc_label_rate=0.250
custom_ppo_update update=47 timesteps=96256 loss=1.037083 entropy=1.998841 adv_std=2.899251 awbc_label_rate=0.250
custom_ppo_update update=48 timesteps=98304 loss=0.880934 entropy=2.008039 adv_std=2.884354 awbc_label_rate=0.250
custom_ppo_update update=49 timesteps=100000 loss=0.980035 entropy=1.991596 adv_std=2.925956 awbc_label_rate=0.250
reports/v31_ablation_aligned/raw/A1_remove_one_v31_aligned/no_action_emb/budget1p70_seed45/v2_custom_ppo_metrics.csv
                   policy  steps  reward_mean  instant_mae  oracle_loss_mean  dtw_mean  power_mean  peak_power_max  event_rate  warmup_abort_count
  full_open_unconstrained   6144    -0.150500     1.655863          0.150498  1.614134    4.620000            6.28    0.294922                   0
feasible_static_projected   6144    -0.155929     2.696703          0.155928  2.598733    1.460000            1.95    0.294922                   0
               custom_ppo   6144    -0.164344     2.725343          0.160705  2.604203    1.528451            1.95    0.294922                 274
              round_robin   6144    -0.190651    12.279849          0.170229  6.257527    1.555000            1.98    0.294922                1530
                      aoi   6144    -0.220444    32.124893          0.193757 12.679895    1.621777            2.33    0.294922                1980
                   random   6144    -0.227545    29.634401          0.199193 11.809793    1.607090            2.33    0.294922                2112
reports/v31_ablation_aligned/raw/A1_remove_one_v31_aligned/no_action_emb/budget1p70_seed45/evaluation/v2_eval_overall.csv
                   policy  steps  weighted_normalized_mae      mae      rmse    smape  pearson      dtw  oracle_loss_mean  reward_mean  power_mean  power_max  peak_power_max  steady_violation_rate  peak_violation_rate  event_rate  warmup_abort_count  warmup_abort_rate  obs_reconstruction_mae  forecast_samples  forecast_weighted_mae_overall  forecast_raw_mae_overall  forecast_weighted_mae_event  forecast_weighted_mae_non_event  forecast_weighted_mae_low_temp  forecast_weighted_mae_normal
  full_open_unconstrained   6144                 0.065096 0.778106  2.683789 0.746673 0.910368 0.752175          0.150498    -0.150500    4.620000       4.62            6.28                    1.0                  1.0    0.294922                   0           0.000000                0.065096              6144                       0.150498                  2.075241                     0.155213                         0.120311                        0.139327                      0.117618
feasible_static_projected   6144                 0.209861 1.653637  3.951644 0.825676 0.935394 1.619808          0.155928    -0.155929    1.460000       1.46            1.95                    0.0                  0.0    0.294922                   0           0.000000                0.209861              6144                       0.155928                  2.110343                     0.160827                         0.124565                        0.144788                      0.122807
               custom_ppo   6144                 0.218508 1.685034  3.989735 0.829581 0.906536 1.624252          0.160705    -0.164344    1.528451       1.60            1.95                    0.0                  0.0    0.294922                 274           0.044596                0.218508              6144                       0.160705                  2.157442                     0.166094                         0.126203                        0.144637                      0.126046
              round_robin   6144                 0.232639 1.925147  5.665330 0.830767 0.898989 1.832496          0.170229    -0.190651    1.555000       1.64            1.98                    0.0                  0.0    0.294922                1530           0.249023                0.232639              6144                       0.170229                  2.309123                     0.176175                         0.132164                        0.154716                      0.131234
                      aoi   6144                 0.195173 2.535979 13.006656 0.835444 0.798021 1.703415          0.193757    -0.220444    1.621777       1.70            2.33                    0.0                  0.0    0.294922                1980           0.322266                0.195173              6144                       0.193757                  2.609191                     0.201521                         0.144052                        0.158600                      0.145459
                   random   6144                 0.157382 2.464586 15.090386 0.834611 0.856943 1.562259          0.199193    -0.227545    1.607090       1.70            2.33                    0.0                  0.0    0.294922                2112           0.343750                0.157382              6144                       0.199193                  3.107061                     0.207031                         0.149010                        0.166284                      0.148606
