custom_ppo_update update=1 timesteps=2048 loss=0.335099 entropy=1.970582 adv_std=0.449281 awbc_label_rate=0.250
custom_ppo_update update=2 timesteps=4096 loss=0.715538 entropy=1.997890 adv_std=1.487712 awbc_label_rate=0.250
custom_ppo_update update=3 timesteps=6144 loss=0.766217 entropy=1.983548 adv_std=1.836858 awbc_label_rate=0.250
custom_ppo_update update=4 timesteps=8192 loss=0.921295 entropy=1.976085 adv_std=2.256650 awbc_label_rate=0.250
custom_ppo_update update=5 timesteps=10240 loss=0.976086 entropy=1.996988 adv_std=2.442773 awbc_label_rate=0.250
custom_ppo_update update=6 timesteps=12288 loss=0.894793 entropy=2.033639 adv_std=2.708252 awbc_label_rate=0.250
custom_ppo_update update=7 timesteps=14336 loss=0.694157 entropy=2.030495 adv_std=2.418586 awbc_label_rate=0.250
custom_ppo_update update=8 timesteps=16384 loss=0.775471 entropy=2.032015 adv_std=2.486436 awbc_label_rate=0.250
custom_ppo_update update=9 timesteps=18432 loss=0.858945 entropy=2.014934 adv_std=2.627620 awbc_label_rate=0.250
custom_ppo_update update=10 timesteps=20480 loss=0.735905 entropy=2.026016 adv_std=2.574639 awbc_label_rate=0.250
custom_ppo_update update=11 timesteps=22528 loss=0.781635 entropy=2.040624 adv_std=2.740944 awbc_label_rate=0.250
custom_ppo_update update=12 timesteps=24576 loss=0.583399 entropy=2.028000 adv_std=2.271958 awbc_label_rate=0.250
custom_ppo_update update=13 timesteps=26624 loss=0.851528 entropy=2.021701 adv_std=3.181443 awbc_label_rate=0.250
custom_ppo_update update=14 timesteps=28672 loss=0.641190 entropy=2.023007 adv_std=2.912104 awbc_label_rate=0.250
custom_ppo_update update=15 timesteps=30720 loss=0.727799 entropy=2.007990 adv_std=2.576612 awbc_label_rate=0.250
custom_ppo_update update=16 timesteps=32768 loss=0.764169 entropy=2.014667 adv_std=2.623363 awbc_label_rate=0.250
custom_ppo_update update=17 timesteps=34816 loss=0.821756 entropy=2.016112 adv_std=3.018079 awbc_label_rate=0.250
custom_ppo_update update=18 timesteps=36864 loss=1.015769 entropy=2.035369 adv_std=2.811187 awbc_label_rate=0.250
custom_ppo_update update=19 timesteps=38912 loss=0.886130 entropy=2.035878 adv_std=2.554692 awbc_label_rate=0.250
custom_ppo_update update=20 timesteps=40960 loss=0.820873 entropy=2.003707 adv_std=3.350075 awbc_label_rate=0.250
custom_ppo_update update=21 timesteps=43008 loss=0.938643 entropy=2.022474 adv_std=3.010239 awbc_label_rate=0.250
custom_ppo_update update=22 timesteps=45056 loss=0.701756 entropy=2.020185 adv_std=2.621493 awbc_label_rate=0.250
custom_ppo_update update=23 timesteps=47104 loss=1.102813 entropy=2.013164 adv_std=2.659073 awbc_label_rate=0.250
custom_ppo_update update=24 timesteps=49152 loss=1.028929 entropy=1.997943 adv_std=3.130676 awbc_label_rate=0.250
custom_ppo_update update=25 timesteps=51200 loss=0.866573 entropy=2.029916 adv_std=3.276034 awbc_label_rate=0.250
custom_ppo_update update=26 timesteps=53248 loss=1.067726 entropy=2.016346 adv_std=3.402088 awbc_label_rate=0.250
custom_ppo_update update=27 timesteps=55296 loss=1.105102 entropy=2.010351 adv_std=3.344180 awbc_label_rate=0.250
custom_ppo_update update=28 timesteps=57344 loss=0.965250 entropy=1.994933 adv_std=3.009484 awbc_label_rate=0.250
custom_ppo_update update=29 timesteps=59392 loss=0.866471 entropy=2.026253 adv_std=2.953101 awbc_label_rate=0.250
custom_ppo_update update=30 timesteps=61440 loss=1.036731 entropy=2.011907 adv_std=3.514951 awbc_label_rate=0.250
custom_ppo_update update=31 timesteps=63488 loss=0.966922 entropy=2.046820 adv_std=3.171192 awbc_label_rate=0.250
custom_ppo_update update=32 timesteps=65536 loss=1.125425 entropy=2.011973 adv_std=2.763803 awbc_label_rate=0.250
custom_ppo_update update=33 timesteps=67584 loss=0.876869 entropy=2.034763 adv_std=2.809025 awbc_label_rate=0.250
custom_ppo_update update=34 timesteps=69632 loss=0.871052 entropy=2.007295 adv_std=3.262020 awbc_label_rate=0.250
custom_ppo_update update=35 timesteps=71680 loss=0.756813 entropy=2.021380 adv_std=2.512703 awbc_label_rate=0.250
custom_ppo_update update=36 timesteps=73728 loss=0.875780 entropy=2.031707 adv_std=3.338439 awbc_label_rate=0.250
custom_ppo_update update=37 timesteps=75776 loss=0.750732 entropy=2.010918 adv_std=2.567341 awbc_label_rate=0.250
custom_ppo_update update=38 timesteps=77824 loss=0.822169 entropy=2.016992 adv_std=2.980506 awbc_label_rate=0.250
custom_ppo_update update=39 timesteps=79872 loss=1.258256 entropy=2.032178 adv_std=3.615750 awbc_label_rate=0.250
custom_ppo_update update=40 timesteps=81920 loss=1.004951 entropy=2.018071 adv_std=3.087136 awbc_label_rate=0.250
custom_ppo_update update=41 timesteps=83968 loss=0.686040 entropy=2.019263 adv_std=2.837622 awbc_label_rate=0.250
custom_ppo_update update=42 timesteps=86016 loss=0.651929 entropy=2.012619 adv_std=2.337776 awbc_label_rate=0.250
custom_ppo_update update=43 timesteps=88064 loss=0.720786 entropy=2.009220 adv_std=2.525648 awbc_label_rate=0.250
custom_ppo_update update=44 timesteps=90112 loss=0.834985 entropy=2.019454 adv_std=2.905728 awbc_label_rate=0.250
custom_ppo_update update=45 timesteps=92160 loss=0.826798 entropy=2.029038 adv_std=2.725758 awbc_label_rate=0.250
custom_ppo_update update=46 timesteps=94208 loss=1.204350 entropy=1.989594 adv_std=2.950603 awbc_label_rate=0.250
custom_ppo_update update=47 timesteps=96256 loss=0.978743 entropy=2.006035 adv_std=2.841842 awbc_label_rate=0.250
custom_ppo_update update=48 timesteps=98304 loss=0.929143 entropy=2.009928 adv_std=3.038339 awbc_label_rate=0.250
custom_ppo_update update=49 timesteps=100000 loss=1.025315 entropy=2.015352 adv_std=3.502752 awbc_label_rate=0.250
reports/v31_ablation_aligned/raw/A1_remove_one_v31_aligned/no_event_critic/budget1p70_seed44/v2_custom_ppo_metrics.csv
                   policy  steps  reward_mean  instant_mae  oracle_loss_mean  dtw_mean  power_mean  peak_power_max  event_rate  warmup_abort_count
  full_open_unconstrained   6144    -0.152759     1.671129          0.152757  1.632087    4.620000            6.28    0.402669                   0
feasible_static_projected   6144    -0.161186     2.782945          0.161186  2.680502    1.460000            1.95    0.402669                   0
              round_robin   6144    -0.186950    11.733168          0.166528  5.923856    1.555000            1.98    0.402669                1530
               custom_ppo   6144    -0.169815     2.822313          0.167138  2.694672    1.553971            1.95    0.402669                 201
                      aoi   6144    -0.216922    27.436665          0.178507 11.338480    1.623031            2.33    0.402669                2880
                   random   6144    -0.213058    23.250757          0.188336  9.981687    1.601875            2.33    0.402669                1836
reports/v31_ablation_aligned/raw/A1_remove_one_v31_aligned/no_event_critic/budget1p70_seed44/evaluation/v2_eval_overall.csv
                   policy  steps  weighted_normalized_mae      mae      rmse    smape  pearson      dtw  oracle_loss_mean  reward_mean  power_mean  power_max  peak_power_max  steady_violation_rate  peak_violation_rate  event_rate  warmup_abort_count  warmup_abort_rate  obs_reconstruction_mae  forecast_samples  forecast_weighted_mae_overall  forecast_raw_mae_overall  forecast_weighted_mae_event  forecast_weighted_mae_non_event  forecast_weighted_mae_low_temp  forecast_weighted_mae_normal
  full_open_unconstrained   6144                 0.067781 0.800943  2.748866 0.718983 0.900087 0.774163          0.152757    -0.152759    4.620000       4.62            6.28                    1.0                  1.0    0.402669                   0           0.000000                0.067781              6144                       0.152757                  2.096958                     0.156510                         0.118341                        0.117284                      0.128465
feasible_static_projected   6144                 0.228892 1.778877  4.314012 0.794750 0.937501 1.743710          0.161186    -0.161186    1.460000       1.46            1.95                    0.0                  0.0    0.402669                   0           0.000000                0.228892              6144                       0.161186                  2.237813                     0.165076                         0.125499                        0.127683                      0.124380
              round_robin   6144                 0.247318 1.967219  5.144900 0.795538 0.912513 1.827648          0.166528    -0.186950    1.555000       1.64            1.98                    0.0                  0.0    0.402669                1530           0.249023                0.247318              6144                       0.166527                  2.271320                     0.170429                         0.130744                        0.135252                      0.129474
               custom_ppo   6144                 0.232378 1.819984  4.364417 0.803691 0.912649 1.747328          0.167138    -0.169815    1.553971       1.60            1.95                    0.0                  0.0    0.402669                 201           0.032715                0.232378              6144                       0.167138                  2.238728                     0.171542                         0.126740                        0.130947                      0.129921
                      aoi   6144                 0.150457 2.404934 12.732274 0.791728 0.878528 1.523028          0.178507    -0.216922    1.623031       1.70            2.33                    0.0                  0.0    0.402669                2880           0.468750                0.150457              6144                       0.178507                  2.869018                     0.183224                         0.135244                        0.141607                      0.138069
                   random   6144                 0.167849 2.592932 15.894051 0.811629 0.848777 1.599662          0.188336    -0.213058    1.601875       1.70            2.33                    0.0                  0.0    0.402669                1836           0.298828                0.167849              6144                       0.188336                  3.337484                     0.193309                         0.142721                        0.148543                      0.142922
