custom_ppo_update update=1 timesteps=2048 loss=0.651029 entropy=2.382122 adv_std=1.417727 awbc_label_rate=0.250
custom_ppo_update update=2 timesteps=4096 loss=0.856523 entropy=2.366491 adv_std=1.664260 awbc_label_rate=0.250
custom_ppo_update update=3 timesteps=6144 loss=1.027686 entropy=2.360795 adv_std=2.166404 awbc_label_rate=0.250
custom_ppo_update update=4 timesteps=8192 loss=0.969535 entropy=2.342211 adv_std=2.201416 awbc_label_rate=0.250
custom_ppo_update update=5 timesteps=10240 loss=1.390948 entropy=2.334734 adv_std=2.955366 awbc_label_rate=0.250
custom_ppo_update update=6 timesteps=12288 loss=1.537526 entropy=2.317803 adv_std=3.039883 awbc_label_rate=0.250
custom_ppo_update update=7 timesteps=14336 loss=0.808992 entropy=2.321146 adv_std=2.821578 awbc_label_rate=0.250
custom_ppo_update update=8 timesteps=16384 loss=1.184793 entropy=2.297998 adv_std=3.177225 awbc_label_rate=0.250
custom_ppo_update update=9 timesteps=18432 loss=0.707243 entropy=2.266091 adv_std=2.658583 awbc_label_rate=0.250
custom_ppo_update update=10 timesteps=20480 loss=1.049495 entropy=2.250000 adv_std=3.228182 awbc_label_rate=0.250
custom_ppo_update update=11 timesteps=22528 loss=0.798623 entropy=2.207077 adv_std=2.939251 awbc_label_rate=0.250
custom_ppo_update update=12 timesteps=24576 loss=0.861934 entropy=2.171022 adv_std=2.809276 awbc_label_rate=0.250
custom_ppo_update update=13 timesteps=26624 loss=1.041885 entropy=2.101511 adv_std=3.029105 awbc_label_rate=0.250
custom_ppo_update update=14 timesteps=28672 loss=0.860912 entropy=2.073613 adv_std=2.645560 awbc_label_rate=0.250
custom_ppo_update update=15 timesteps=30720 loss=0.682230 entropy=2.101191 adv_std=3.084988 awbc_label_rate=0.250
custom_ppo_update update=16 timesteps=32768 loss=0.992254 entropy=2.072674 adv_std=3.487146 awbc_label_rate=0.250
custom_ppo_update update=17 timesteps=34816 loss=1.126564 entropy=2.125993 adv_std=3.807078 awbc_label_rate=0.250
custom_ppo_update update=18 timesteps=36864 loss=0.930169 entropy=2.075302 adv_std=3.649150 awbc_label_rate=0.250
custom_ppo_update update=19 timesteps=38912 loss=1.123708 entropy=2.052563 adv_std=3.448576 awbc_label_rate=0.250
custom_ppo_update update=20 timesteps=40960 loss=0.781447 entropy=2.029230 adv_std=3.210022 awbc_label_rate=0.250
custom_ppo_update update=21 timesteps=43008 loss=1.086725 entropy=2.004373 adv_std=3.501462 awbc_label_rate=0.250
custom_ppo_update update=22 timesteps=45056 loss=0.614420 entropy=2.016168 adv_std=2.977964 awbc_label_rate=0.250
custom_ppo_update update=23 timesteps=47104 loss=0.525197 entropy=2.005839 adv_std=2.510124 awbc_label_rate=0.250
custom_ppo_update update=24 timesteps=49152 loss=0.749138 entropy=2.007152 adv_std=3.050658 awbc_label_rate=0.250
custom_ppo_update update=25 timesteps=51200 loss=0.615691 entropy=1.948920 adv_std=2.516883 awbc_label_rate=0.250
custom_ppo_update update=26 timesteps=53248 loss=0.834164 entropy=2.041397 adv_std=3.171160 awbc_label_rate=0.250
custom_ppo_update update=27 timesteps=55296 loss=0.458098 entropy=1.945935 adv_std=2.450263 awbc_label_rate=0.250
custom_ppo_update update=28 timesteps=57344 loss=0.473313 entropy=1.927182 adv_std=2.102645 awbc_label_rate=0.250
custom_ppo_update update=29 timesteps=59392 loss=0.559132 entropy=1.985791 adv_std=2.718731 awbc_label_rate=0.250
custom_ppo_update update=30 timesteps=61440 loss=0.387987 entropy=1.945336 adv_std=2.160930 awbc_label_rate=0.250
custom_ppo_update update=31 timesteps=63488 loss=0.559276 entropy=1.915745 adv_std=2.513672 awbc_label_rate=0.250
custom_ppo_update update=32 timesteps=65536 loss=0.403660 entropy=1.878137 adv_std=2.240734 awbc_label_rate=0.250
custom_ppo_update update=33 timesteps=67584 loss=0.496696 entropy=1.895177 adv_std=2.041603 awbc_label_rate=0.250
custom_ppo_update update=34 timesteps=69632 loss=0.485539 entropy=1.841467 adv_std=2.285497 awbc_label_rate=0.250
custom_ppo_update update=35 timesteps=71680 loss=0.493123 entropy=1.865150 adv_std=2.316942 awbc_label_rate=0.250
custom_ppo_update update=36 timesteps=73728 loss=0.562511 entropy=1.909724 adv_std=2.682934 awbc_label_rate=0.250
custom_ppo_update update=37 timesteps=75776 loss=0.617164 entropy=1.932660 adv_std=2.541263 awbc_label_rate=0.250
custom_ppo_update update=38 timesteps=77824 loss=0.701225 entropy=1.911122 adv_std=2.701329 awbc_label_rate=0.250
custom_ppo_update update=39 timesteps=79872 loss=0.495891 entropy=1.917605 adv_std=2.316892 awbc_label_rate=0.250
custom_ppo_update update=40 timesteps=81920 loss=0.607545 entropy=1.962978 adv_std=2.427232 awbc_label_rate=0.250
custom_ppo_update update=41 timesteps=83968 loss=0.651774 entropy=1.839906 adv_std=2.525658 awbc_label_rate=0.250
custom_ppo_update update=42 timesteps=86016 loss=0.540058 entropy=1.839594 adv_std=2.437136 awbc_label_rate=0.250
custom_ppo_update update=43 timesteps=88064 loss=0.606148 entropy=1.832930 adv_std=2.633382 awbc_label_rate=0.250
custom_ppo_update update=44 timesteps=90112 loss=0.626651 entropy=1.817921 adv_std=3.024347 awbc_label_rate=0.250
custom_ppo_update update=45 timesteps=92160 loss=0.398172 entropy=1.768337 adv_std=2.463287 awbc_label_rate=0.250
custom_ppo_update update=46 timesteps=94208 loss=0.601546 entropy=1.840908 adv_std=2.708968 awbc_label_rate=0.250
custom_ppo_update update=47 timesteps=96256 loss=0.572723 entropy=1.871103 adv_std=2.580913 awbc_label_rate=0.250
custom_ppo_update update=48 timesteps=98304 loss=0.384252 entropy=1.812251 adv_std=2.460869 awbc_label_rate=0.250
custom_ppo_update update=49 timesteps=100000 loss=0.776471 entropy=1.853813 adv_std=2.420430 awbc_label_rate=0.250
reports/v31_ablation_aligned/raw/A1_remove_one_v31_aligned/no_oracle/budget1p70_seed49/v2_custom_ppo_metrics.csv
                   policy  steps  reward_mean  instant_mae  oracle_loss_mean  dtw_mean  power_mean  peak_power_max  event_rate  warmup_abort_count
  full_open_unconstrained   6144    -0.136052     1.644108          0.136050  1.595139    4.620000            6.28    0.462077                   0
               custom_ppo   6144    -0.144311     3.469089          0.143658  2.547689    1.578626            2.25    0.462077                  35
              round_robin   6144    -0.172901     7.592685          0.152479  4.573866    1.555000            1.98    0.462077                1530
                      aoi   6144    -0.193494    17.385767          0.155079  8.132363    1.623031            2.33    0.462077                2880
feasible_static_projected   6144    -0.158357     2.823676          0.158356  2.712729    1.460000            1.95    0.462077                   0
                   random   6144    -0.191270    16.711713          0.163962  7.361109    1.606621            2.33    0.462077                2034
reports/v31_ablation_aligned/raw/A1_remove_one_v31_aligned/no_oracle/budget1p70_seed49/evaluation/v2_eval_overall.csv
                   policy  steps  weighted_normalized_mae      mae      rmse    smape  pearson      dtw  oracle_loss_mean  reward_mean  power_mean  power_max  peak_power_max  steady_violation_rate  peak_violation_rate  event_rate  warmup_abort_count  warmup_abort_rate  obs_reconstruction_mae  forecast_samples  forecast_weighted_mae_overall  forecast_raw_mae_overall  forecast_weighted_mae_event  forecast_weighted_mae_non_event  forecast_weighted_mae_low_temp  forecast_weighted_mae_normal
  full_open_unconstrained   6144                 0.066213 0.774236  2.685731 0.749715 0.894204 0.748348          0.136050    -0.136052    4.620000       4.62            6.28                    1.0                  1.0    0.462077                   0           0.000000                0.066213              6144                       0.136050                  1.638938                     0.142228                         0.089286                        0.115646                      0.117877
               custom_ppo   6144                 0.128868 1.187436  3.551188 0.814680 0.805944 0.960998          0.143658    -0.144311    1.578626       1.70            2.25                    0.0                  0.0    0.462077                  35           0.005697                0.128868              6144                       0.143658                  1.750946                     0.150591                         0.091181                        0.118186                      0.111138
              round_robin   6144                 0.250603 1.935857  4.728517 0.812190 0.887035 1.843115          0.152479    -0.172901    1.555000       1.64            1.98                    0.0                  0.0    0.462077                1530           0.249023                0.250603              6144                       0.152479                  1.789172                     0.158957                         0.103446                        0.124846                      0.141851
                      aoi   6144                 0.128761 1.768003  8.369189 0.800573 0.871555 1.241887          0.155079    -0.193494    1.623031       1.70            2.33                    0.0                  0.0    0.462077                2880           0.468750                0.128761              6144                       0.155079                  2.015722                     0.161683                         0.105092                        0.122102                      0.144120
feasible_static_projected   6144                 0.237275 1.832348  4.473723 0.811476 0.914396 1.794769          0.158356    -0.158357    1.460000       1.46            1.95                    0.0                  0.0    0.462077                   0           0.000000                0.237275              6144                       0.158356                  1.767249                     0.165999                         0.100506                        0.139066                      0.120356
                   random   6144                 0.144344 1.984496 12.030781 0.811854 0.837606 1.275165          0.163962    -0.191270    1.606621       1.70            2.33                    0.0                  0.0    0.462077                2034           0.331055                0.144344              6144                       0.163962                  2.471023                     0.170227                         0.116537                        0.128438                      0.200473
