custom_ppo_update update=1 timesteps=2048 loss=1.058086 entropy=2.053869 adv_std=1.855298 awbc_label_rate=0.250
custom_ppo_update update=2 timesteps=4096 loss=0.737722 entropy=2.057176 adv_std=1.648529 awbc_label_rate=0.250
custom_ppo_update update=3 timesteps=6144 loss=0.990638 entropy=2.070232 adv_std=1.957343 awbc_label_rate=0.250
custom_ppo_update update=4 timesteps=8192 loss=0.912214 entropy=2.079376 adv_std=2.185439 awbc_label_rate=0.250
custom_ppo_update update=5 timesteps=10240 loss=1.320821 entropy=2.094102 adv_std=2.662730 awbc_label_rate=0.250
custom_ppo_update update=6 timesteps=12288 loss=0.833246 entropy=2.094664 adv_std=2.551964 awbc_label_rate=0.250
custom_ppo_update update=7 timesteps=14336 loss=0.982368 entropy=2.084150 adv_std=2.658238 awbc_label_rate=0.250
custom_ppo_update update=8 timesteps=16384 loss=0.718189 entropy=2.088162 adv_std=2.467821 awbc_label_rate=0.250
custom_ppo_update update=9 timesteps=18432 loss=1.046475 entropy=2.089093 adv_std=3.041564 awbc_label_rate=0.250
custom_ppo_update update=10 timesteps=20480 loss=0.871086 entropy=2.091957 adv_std=2.784923 awbc_label_rate=0.250
custom_ppo_update update=11 timesteps=22528 loss=0.834739 entropy=2.087838 adv_std=2.437462 awbc_label_rate=0.250
custom_ppo_update update=12 timesteps=24576 loss=0.934875 entropy=2.084748 adv_std=3.088225 awbc_label_rate=0.250
custom_ppo_update update=13 timesteps=26624 loss=0.708329 entropy=2.075005 adv_std=2.675335 awbc_label_rate=0.250
custom_ppo_update update=14 timesteps=28672 loss=1.117730 entropy=2.093067 adv_std=2.560542 awbc_label_rate=0.250
custom_ppo_update update=15 timesteps=30720 loss=0.752966 entropy=2.085619 adv_std=2.735096 awbc_label_rate=0.250
custom_ppo_update update=16 timesteps=32768 loss=0.817376 entropy=2.084959 adv_std=3.313270 awbc_label_rate=0.250
custom_ppo_update update=17 timesteps=34816 loss=1.055295 entropy=2.077896 adv_std=2.683117 awbc_label_rate=0.250
custom_ppo_update update=18 timesteps=36864 loss=1.033040 entropy=2.076853 adv_std=2.916963 awbc_label_rate=0.250
custom_ppo_update update=19 timesteps=38912 loss=1.131019 entropy=2.087075 adv_std=3.098834 awbc_label_rate=0.250
custom_ppo_update update=20 timesteps=40960 loss=1.091371 entropy=2.078690 adv_std=3.269274 awbc_label_rate=0.250
custom_ppo_update update=21 timesteps=43008 loss=1.265028 entropy=2.083519 adv_std=3.425412 awbc_label_rate=0.250
custom_ppo_update update=22 timesteps=45056 loss=1.953680 entropy=2.081314 adv_std=3.652763 awbc_label_rate=0.250
custom_ppo_update update=23 timesteps=47104 loss=0.976877 entropy=2.085182 adv_std=3.298928 awbc_label_rate=0.250
custom_ppo_update update=24 timesteps=49152 loss=1.100112 entropy=2.086021 adv_std=3.508464 awbc_label_rate=0.250
custom_ppo_update update=25 timesteps=51200 loss=1.000980 entropy=2.082966 adv_std=3.166283 awbc_label_rate=0.250
custom_ppo_update update=26 timesteps=53248 loss=1.087848 entropy=2.080552 adv_std=3.169711 awbc_label_rate=0.250
custom_ppo_update update=27 timesteps=55296 loss=0.858923 entropy=2.083581 adv_std=3.379441 awbc_label_rate=0.250
custom_ppo_update update=28 timesteps=57344 loss=0.963859 entropy=2.075879 adv_std=3.687775 awbc_label_rate=0.250
custom_ppo_update update=29 timesteps=59392 loss=0.804413 entropy=2.062296 adv_std=2.950853 awbc_label_rate=0.250
custom_ppo_update update=30 timesteps=61440 loss=0.713537 entropy=2.081448 adv_std=2.721637 awbc_label_rate=0.250
custom_ppo_update update=31 timesteps=63488 loss=0.787177 entropy=2.074195 adv_std=2.727622 awbc_label_rate=0.250
custom_ppo_update update=32 timesteps=65536 loss=0.822454 entropy=2.085173 adv_std=2.907334 awbc_label_rate=0.250
custom_ppo_update update=33 timesteps=67584 loss=1.049472 entropy=2.067199 adv_std=2.795591 awbc_label_rate=0.250
custom_ppo_update update=34 timesteps=69632 loss=0.786869 entropy=2.064753 adv_std=2.949865 awbc_label_rate=0.250
custom_ppo_update update=35 timesteps=71680 loss=1.330656 entropy=2.081933 adv_std=3.092011 awbc_label_rate=0.250
custom_ppo_update update=36 timesteps=73728 loss=1.087701 entropy=2.092665 adv_std=3.503048 awbc_label_rate=0.250
custom_ppo_update update=37 timesteps=75776 loss=0.952165 entropy=2.074458 adv_std=2.837867 awbc_label_rate=0.250
custom_ppo_update update=38 timesteps=77824 loss=0.832002 entropy=2.075375 adv_std=2.962596 awbc_label_rate=0.250
custom_ppo_update update=39 timesteps=79872 loss=0.736963 entropy=2.078744 adv_std=2.722606 awbc_label_rate=0.250
custom_ppo_update update=40 timesteps=81920 loss=1.136733 entropy=2.091185 adv_std=3.293147 awbc_label_rate=0.250
custom_ppo_update update=41 timesteps=83968 loss=1.430589 entropy=2.097115 adv_std=3.545404 awbc_label_rate=0.250
custom_ppo_update update=42 timesteps=86016 loss=1.069010 entropy=2.074941 adv_std=3.143800 awbc_label_rate=0.250
custom_ppo_update update=43 timesteps=88064 loss=0.955372 entropy=2.084697 adv_std=3.003685 awbc_label_rate=0.250
custom_ppo_update update=44 timesteps=90112 loss=0.824191 entropy=2.075711 adv_std=2.820309 awbc_label_rate=0.250
custom_ppo_update update=45 timesteps=92160 loss=0.802329 entropy=2.080628 adv_std=2.868624 awbc_label_rate=0.250
custom_ppo_update update=46 timesteps=94208 loss=0.943444 entropy=2.077378 adv_std=2.939930 awbc_label_rate=0.250
custom_ppo_update update=47 timesteps=96256 loss=0.881645 entropy=2.078625 adv_std=2.874667 awbc_label_rate=0.250
custom_ppo_update update=48 timesteps=98304 loss=0.776517 entropy=2.071373 adv_std=2.453485 awbc_label_rate=0.250
custom_ppo_update update=49 timesteps=100000 loss=0.813660 entropy=2.062755 adv_std=2.476779 awbc_label_rate=0.250
reports/v31_ablation_aligned/raw/A1_remove_one_v31_aligned/no_event_critic/budget1p70_seed43/v2_custom_ppo_metrics.csv
                   policy  steps  reward_mean  instant_mae  oracle_loss_mean  dtw_mean  power_mean  peak_power_max  event_rate  warmup_abort_count
  full_open_unconstrained   6144    -0.159411     1.650386          0.159409  1.605024    4.620000            6.28    0.352702                   0
               custom_ppo   6144    -0.175837     3.450781          0.173025  2.665806    1.532240            2.07    0.352702                 199
feasible_static_projected   6144    -0.173125     2.803499          0.173124  2.697166    1.460000            1.95    0.352702                   0
              round_robin   6144    -0.202870     9.367867          0.182448  5.212417    1.555000            1.98    0.352702                1530
                      aoi   6144    -0.218521    23.122137          0.182452  9.884176    1.622780            2.33    0.352702                2700
                   random   6144    -0.215177    20.115153          0.189826  8.904403    1.603066            2.33    0.352702                1884
reports/v31_ablation_aligned/raw/A1_remove_one_v31_aligned/no_event_critic/budget1p70_seed43/evaluation/v2_eval_overall.csv
                   policy  steps  weighted_normalized_mae      mae      rmse    smape  pearson      dtw  oracle_loss_mean  reward_mean  power_mean  power_max  peak_power_max  steady_violation_rate  peak_violation_rate  event_rate  warmup_abort_count  warmup_abort_rate  obs_reconstruction_mae  forecast_samples  forecast_weighted_mae_overall  forecast_raw_mae_overall  forecast_weighted_mae_event  forecast_weighted_mae_non_event  forecast_weighted_mae_low_temp  forecast_weighted_mae_normal
  full_open_unconstrained   6144                 0.065856 0.790941  2.724093 0.726462 0.907555 0.767387          0.159409    -0.159411    4.620000       4.62            6.28                    1.0                  1.0    0.352702                   0           0.000000                0.065856              6144                       0.159409                  2.476997                     0.171568                         0.117551                        0.128314                      0.118813
               custom_ppo   6144                 0.136671 2.641816 17.919065 0.780939 0.912170 1.709222          0.173025    -0.175837    1.532240       1.62            2.07                    0.0                  0.0    0.352702                 199           0.032389                0.136671              6144                       0.173025                  3.685642                     0.181994                         0.142150                        0.139233                      0.148233
feasible_static_projected   6144                 0.230691 1.792221  4.279747 0.793600 0.931630 1.761022          0.173124    -0.173125    1.460000       1.46            1.95                    0.0                  0.0    0.352702                   0           0.000000                0.230691              6144                       0.173124                  2.552939                     0.182486                         0.140897                        0.154728                      0.118602
              round_robin   6144                 0.250575 2.098810  5.994935 0.796027 0.903665 1.943822          0.182448    -0.202870    1.555000       1.64            1.98                    0.0                  0.0    0.352702                1530           0.249023                0.250575              6144                       0.182448                  2.674316                     0.191504                         0.151271                        0.158108                      0.134096
                      aoi   6144                 0.141356 2.701406 13.582981 0.785910 0.883553 1.719292          0.182452    -0.218521    1.622780       1.70            2.33                    0.0                  0.0    0.352702                2700           0.439453                0.141356              6144                       0.182452                  3.200684                     0.192668                         0.147282                        0.145874                      0.143781
                   random   6144                 0.157833 2.796395 16.616963 0.798122 0.858038 1.715627          0.189826    -0.215177    1.603066       1.70            2.33                    0.0                  0.0    0.352702                1884           0.306641                0.157833              6144                       0.189826                  3.772548                     0.200612                         0.152698                        0.149353                      0.154048
