custom_ppo_update update=1 timesteps=2048 loss=0.836337 entropy=2.391972 adv_std=1.434071 awbc_label_rate=0.000
custom_ppo_update update=2 timesteps=4096 loss=0.802935 entropy=2.386496 adv_std=1.748336 awbc_label_rate=0.000
custom_ppo_update update=3 timesteps=6144 loss=0.661714 entropy=2.384151 adv_std=1.892804 awbc_label_rate=0.000
custom_ppo_update update=4 timesteps=8192 loss=0.543547 entropy=2.384662 adv_std=1.993881 awbc_label_rate=0.000
custom_ppo_update update=5 timesteps=10240 loss=1.127469 entropy=2.373725 adv_std=2.486170 awbc_label_rate=0.000
custom_ppo_update update=6 timesteps=12288 loss=0.799318 entropy=2.362126 adv_std=2.409782 awbc_label_rate=0.000
custom_ppo_update update=7 timesteps=14336 loss=0.899990 entropy=2.353452 adv_std=2.835819 awbc_label_rate=0.000
custom_ppo_update update=8 timesteps=16384 loss=0.768553 entropy=2.345410 adv_std=2.816368 awbc_label_rate=0.000
custom_ppo_update update=9 timesteps=18432 loss=0.723525 entropy=2.344212 adv_std=3.067162 awbc_label_rate=0.000
custom_ppo_update update=10 timesteps=20480 loss=0.741166 entropy=2.317945 adv_std=2.498121 awbc_label_rate=0.000
custom_ppo_update update=11 timesteps=22528 loss=1.434117 entropy=2.337506 adv_std=3.129963 awbc_label_rate=0.000
custom_ppo_update update=12 timesteps=24576 loss=0.547608 entropy=2.281450 adv_std=2.640457 awbc_label_rate=0.000
custom_ppo_update update=13 timesteps=26624 loss=0.571381 entropy=2.290100 adv_std=2.890615 awbc_label_rate=0.000
custom_ppo_update update=14 timesteps=28672 loss=0.819225 entropy=2.318318 adv_std=3.127757 awbc_label_rate=0.000
custom_ppo_update update=15 timesteps=30720 loss=0.709979 entropy=2.288772 adv_std=2.835635 awbc_label_rate=0.000
custom_ppo_update update=16 timesteps=32768 loss=0.925013 entropy=2.270947 adv_std=3.299697 awbc_label_rate=0.000
custom_ppo_update update=17 timesteps=34816 loss=0.856441 entropy=2.295531 adv_std=3.021019 awbc_label_rate=0.000
custom_ppo_update update=18 timesteps=36864 loss=0.689276 entropy=2.243914 adv_std=2.744072 awbc_label_rate=0.000
custom_ppo_update update=19 timesteps=38912 loss=1.648309 entropy=2.264571 adv_std=3.440850 awbc_label_rate=0.000
custom_ppo_update update=20 timesteps=40960 loss=1.148972 entropy=2.251308 adv_std=3.827170 awbc_label_rate=0.000
custom_ppo_update update=21 timesteps=43008 loss=0.988719 entropy=2.224777 adv_std=3.238653 awbc_label_rate=0.000
custom_ppo_update update=22 timesteps=45056 loss=0.717032 entropy=2.241114 adv_std=3.279141 awbc_label_rate=0.000
custom_ppo_update update=23 timesteps=47104 loss=1.063572 entropy=2.228648 adv_std=3.222866 awbc_label_rate=0.000
custom_ppo_update update=24 timesteps=49152 loss=0.900454 entropy=2.215191 adv_std=3.185520 awbc_label_rate=0.000
custom_ppo_update update=25 timesteps=51200 loss=0.908205 entropy=2.197897 adv_std=3.353529 awbc_label_rate=0.000
custom_ppo_update update=26 timesteps=53248 loss=0.941548 entropy=2.173216 adv_std=3.131958 awbc_label_rate=0.000
custom_ppo_update update=27 timesteps=55296 loss=0.759244 entropy=2.161945 adv_std=3.212971 awbc_label_rate=0.000
custom_ppo_update update=28 timesteps=57344 loss=0.954827 entropy=2.097407 adv_std=3.343546 awbc_label_rate=0.000
custom_ppo_update update=29 timesteps=59392 loss=0.545528 entropy=2.073209 adv_std=2.779744 awbc_label_rate=0.000
custom_ppo_update update=30 timesteps=61440 loss=0.639988 entropy=2.072545 adv_std=3.034235 awbc_label_rate=0.000
custom_ppo_update update=31 timesteps=63488 loss=0.680167 entropy=2.074732 adv_std=3.214919 awbc_label_rate=0.000
custom_ppo_update update=32 timesteps=65536 loss=0.855341 entropy=2.039426 adv_std=3.278497 awbc_label_rate=0.000
custom_ppo_update update=33 timesteps=67584 loss=0.475524 entropy=2.041655 adv_std=2.514374 awbc_label_rate=0.000
custom_ppo_update update=34 timesteps=69632 loss=0.805814 entropy=1.924990 adv_std=3.144148 awbc_label_rate=0.000
custom_ppo_update update=35 timesteps=71680 loss=1.154239 entropy=2.037268 adv_std=3.769351 awbc_label_rate=0.000
custom_ppo_update update=36 timesteps=73728 loss=0.946927 entropy=2.034496 adv_std=3.014852 awbc_label_rate=0.000
custom_ppo_update update=37 timesteps=75776 loss=0.771918 entropy=1.988698 adv_std=3.007063 awbc_label_rate=0.000
custom_ppo_update update=38 timesteps=77824 loss=0.699167 entropy=1.896916 adv_std=3.027658 awbc_label_rate=0.000
custom_ppo_update update=39 timesteps=79872 loss=0.511937 entropy=1.927385 adv_std=3.004474 awbc_label_rate=0.000
custom_ppo_update update=40 timesteps=81920 loss=0.512791 entropy=1.972315 adv_std=2.793734 awbc_label_rate=0.000
custom_ppo_update update=41 timesteps=83968 loss=0.454767 entropy=1.944937 adv_std=2.731257 awbc_label_rate=0.000
custom_ppo_update update=42 timesteps=86016 loss=0.349567 entropy=1.905841 adv_std=2.536463 awbc_label_rate=0.000
custom_ppo_update update=43 timesteps=88064 loss=0.577965 entropy=1.988927 adv_std=2.752193 awbc_label_rate=0.000
custom_ppo_update update=44 timesteps=90112 loss=0.928775 entropy=1.929806 adv_std=2.968899 awbc_label_rate=0.000
custom_ppo_update update=45 timesteps=92160 loss=0.680404 entropy=1.927438 adv_std=3.134956 awbc_label_rate=0.000
custom_ppo_update update=46 timesteps=94208 loss=0.519208 entropy=1.942991 adv_std=2.744541 awbc_label_rate=0.000
custom_ppo_update update=47 timesteps=96256 loss=0.663389 entropy=1.911008 adv_std=3.066512 awbc_label_rate=0.000
custom_ppo_update update=48 timesteps=98304 loss=0.508210 entropy=1.955302 adv_std=2.976377 awbc_label_rate=0.000
custom_ppo_update update=49 timesteps=100000 loss=0.494975 entropy=1.956625 adv_std=2.586200 awbc_label_rate=0.000
reports/v31_ablation_aligned/raw/A1_remove_one_v31_aligned/masked_only/budget1p70_seed47/v2_custom_ppo_metrics.csv
                   policy  steps  reward_mean  instant_mae  oracle_loss_mean  dtw_mean  power_mean  peak_power_max  event_rate  warmup_abort_count
  full_open_unconstrained   6144    -0.169780     1.675831          0.169778  1.621995    4.620000            6.28    0.446777                   0
feasible_static_projected   6144    -0.180633     2.861179          0.180632  2.746318    1.460000            1.95    0.446777                   0
              round_robin   6144    -0.211704     9.490566          0.191282  5.571753    1.555000            1.98    0.446777                1530
                      aoi   6144    -0.244944    23.328259          0.206529 10.122453    1.623031            2.33    0.446777                2880
               custom_ppo   6144    -0.210055    45.943203          0.209625 19.593800    1.572067            1.97    0.446777                   0
                   random   6144    -0.238320    18.855933          0.212358  9.006071    1.603340            2.33    0.446777                1932
reports/v31_ablation_aligned/raw/A1_remove_one_v31_aligned/masked_only/budget1p70_seed47/evaluation/v2_eval_overall.csv
                   policy  steps  weighted_normalized_mae      mae      rmse    smape  pearson      dtw  oracle_loss_mean  reward_mean  power_mean  power_max  peak_power_max  steady_violation_rate  peak_violation_rate  event_rate  warmup_abort_count  warmup_abort_rate  obs_reconstruction_mae  forecast_samples  forecast_weighted_mae_overall  forecast_raw_mae_overall  forecast_weighted_mae_event  forecast_weighted_mae_non_event  forecast_weighted_mae_low_temp  forecast_weighted_mae_normal
  full_open_unconstrained   6144                 0.071663 0.797214  2.707700 0.677717 0.919990 0.759122          0.169778    -0.169780    4.620000       4.62            6.28                    1.0                  1.0    0.446777                   0           0.000000                0.071663              6144                       0.169778                  1.936830                     0.179715                         0.124108                        0.137840                      0.122777
feasible_static_projected   6144                 0.246899 1.876608  4.422645 0.752266 0.942673 1.828957          0.180632    -0.180633    1.460000       1.46            1.95                    0.0                  0.0    0.446777                   0           0.000000                0.246899              6144                       0.180632                  1.956907                     0.191588                         0.130283                        0.151214                      0.130574
              round_robin   6144                 0.275017 2.076430  5.396846 0.758140 0.907807 1.953275          0.191282    -0.211704    1.555000       1.64            1.98                    0.0                  0.0    0.446777                1530           0.249023                0.275017              6144                       0.191282                  2.067315                     0.205370                         0.126540                        0.150087                      0.126002
                      aoi   6144                 0.159696 1.865546  9.315207 0.746446 0.880969 1.349463          0.206529    -0.244944    1.623031       1.70            2.33                    0.0                  0.0    0.446777                2880           0.468750                0.159696              6144                       0.206529                  2.353757                     0.221788                         0.136407                        0.159665                      0.138852
               custom_ppo   6144                 0.159232 1.505483  5.991134 0.743608 0.895333 1.117717          0.209625    -0.210055    1.572067       1.64            1.97                    0.0                  0.0    0.446777                   0           0.000000                0.159232              6144                       0.209625                  2.415265                     0.223409                         0.146283                        0.159967                      0.152069
                   random   6144                 0.175395 2.027195 11.133848 0.761687 0.861216 1.346734          0.212358    -0.238320    1.603340       1.70            2.33                    0.0                  0.0    0.446777                1932           0.314453                0.175395              6144                       0.212358                  2.597796                     0.226417                         0.147751                        0.161520                      0.160868
