custom_ppo_update update=1 timesteps=2048 loss=0.082147 entropy=2.383729 adv_std=0.536352 awbc_label_rate=0.000
custom_ppo_update update=2 timesteps=4096 loss=0.321957 entropy=2.377456 adv_std=1.391535 awbc_label_rate=0.000
custom_ppo_update update=3 timesteps=6144 loss=0.581237 entropy=2.369714 adv_std=1.856642 awbc_label_rate=0.000
custom_ppo_update update=4 timesteps=8192 loss=0.895943 entropy=2.367604 adv_std=2.271849 awbc_label_rate=0.000
custom_ppo_update update=5 timesteps=10240 loss=0.471733 entropy=2.359362 adv_std=2.188314 awbc_label_rate=0.000
custom_ppo_update update=6 timesteps=12288 loss=0.463354 entropy=2.338206 adv_std=2.180193 awbc_label_rate=0.000
custom_ppo_update update=7 timesteps=14336 loss=0.383950 entropy=2.323399 adv_std=2.380330 awbc_label_rate=0.000
custom_ppo_update update=8 timesteps=16384 loss=0.426350 entropy=2.317186 adv_std=2.605655 awbc_label_rate=0.000
custom_ppo_update update=9 timesteps=18432 loss=0.655534 entropy=2.317719 adv_std=2.612459 awbc_label_rate=0.000
custom_ppo_update update=10 timesteps=20480 loss=0.560308 entropy=2.303976 adv_std=2.712596 awbc_label_rate=0.000
custom_ppo_update update=11 timesteps=22528 loss=0.584198 entropy=2.288571 adv_std=2.727726 awbc_label_rate=0.000
custom_ppo_update update=12 timesteps=24576 loss=0.347779 entropy=2.242930 adv_std=2.440194 awbc_label_rate=0.000
custom_ppo_update update=13 timesteps=26624 loss=0.575230 entropy=2.262328 adv_std=2.860356 awbc_label_rate=0.000
custom_ppo_update update=14 timesteps=28672 loss=0.493679 entropy=2.226110 adv_std=2.728598 awbc_label_rate=0.000
custom_ppo_update update=15 timesteps=30720 loss=0.534478 entropy=2.251343 adv_std=2.663219 awbc_label_rate=0.000
custom_ppo_update update=16 timesteps=32768 loss=0.458165 entropy=2.186447 adv_std=2.326323 awbc_label_rate=0.000
custom_ppo_update update=17 timesteps=34816 loss=0.543428 entropy=2.227182 adv_std=3.155122 awbc_label_rate=0.000
custom_ppo_update update=18 timesteps=36864 loss=0.648827 entropy=2.200907 adv_std=2.776386 awbc_label_rate=0.000
custom_ppo_update update=19 timesteps=38912 loss=0.409439 entropy=2.134846 adv_std=2.310058 awbc_label_rate=0.000
custom_ppo_update update=20 timesteps=40960 loss=0.556246 entropy=2.178634 adv_std=2.710143 awbc_label_rate=0.000
custom_ppo_update update=21 timesteps=43008 loss=0.555609 entropy=2.152582 adv_std=2.769842 awbc_label_rate=0.000
custom_ppo_update update=22 timesteps=45056 loss=0.385392 entropy=2.133135 adv_std=2.531427 awbc_label_rate=0.000
custom_ppo_update update=23 timesteps=47104 loss=0.521308 entropy=2.185074 adv_std=2.610720 awbc_label_rate=0.000
custom_ppo_update update=24 timesteps=49152 loss=0.536335 entropy=2.068264 adv_std=2.769684 awbc_label_rate=0.000
custom_ppo_update update=25 timesteps=51200 loss=0.471075 entropy=2.072715 adv_std=2.718714 awbc_label_rate=0.000
custom_ppo_update update=26 timesteps=53248 loss=0.836699 entropy=2.091717 adv_std=3.374168 awbc_label_rate=0.000
custom_ppo_update update=27 timesteps=55296 loss=0.564442 entropy=2.027912 adv_std=2.890570 awbc_label_rate=0.000
custom_ppo_update update=28 timesteps=57344 loss=0.676948 entropy=2.073545 adv_std=3.001932 awbc_label_rate=0.000
custom_ppo_update update=29 timesteps=59392 loss=0.928874 entropy=2.073733 adv_std=3.147885 awbc_label_rate=0.000
custom_ppo_update update=30 timesteps=61440 loss=0.533561 entropy=2.034936 adv_std=3.112157 awbc_label_rate=0.000
custom_ppo_update update=31 timesteps=63488 loss=0.685208 entropy=2.073476 adv_std=2.844046 awbc_label_rate=0.000
custom_ppo_update update=32 timesteps=65536 loss=0.671279 entropy=1.989048 adv_std=2.559546 awbc_label_rate=0.000
custom_ppo_update update=33 timesteps=67584 loss=0.506967 entropy=2.005405 adv_std=2.733989 awbc_label_rate=0.000
custom_ppo_update update=34 timesteps=69632 loss=0.525559 entropy=1.988211 adv_std=3.088070 awbc_label_rate=0.000
custom_ppo_update update=35 timesteps=71680 loss=0.373741 entropy=1.931761 adv_std=2.358359 awbc_label_rate=0.000
custom_ppo_update update=36 timesteps=73728 loss=0.659170 entropy=1.988153 adv_std=3.089142 awbc_label_rate=0.000
custom_ppo_update update=37 timesteps=75776 loss=0.405382 entropy=1.967964 adv_std=2.512234 awbc_label_rate=0.000
custom_ppo_update update=38 timesteps=77824 loss=0.517991 entropy=1.965751 adv_std=2.915145 awbc_label_rate=0.000
custom_ppo_update update=39 timesteps=79872 loss=0.877187 entropy=1.981113 adv_std=3.428546 awbc_label_rate=0.000
custom_ppo_update update=40 timesteps=81920 loss=0.719763 entropy=1.977655 adv_std=3.205899 awbc_label_rate=0.000
custom_ppo_update update=41 timesteps=83968 loss=0.469038 entropy=2.001381 adv_std=2.687047 awbc_label_rate=0.000
custom_ppo_update update=42 timesteps=86016 loss=0.388571 entropy=1.971161 adv_std=2.416904 awbc_label_rate=0.000
custom_ppo_update update=43 timesteps=88064 loss=0.557926 entropy=1.945490 adv_std=2.794466 awbc_label_rate=0.000
custom_ppo_update update=44 timesteps=90112 loss=0.611745 entropy=1.942988 adv_std=3.132085 awbc_label_rate=0.000
custom_ppo_update update=45 timesteps=92160 loss=0.471901 entropy=1.895496 adv_std=2.787127 awbc_label_rate=0.000
custom_ppo_update update=46 timesteps=94208 loss=0.755327 entropy=1.904892 adv_std=3.009972 awbc_label_rate=0.000
custom_ppo_update update=47 timesteps=96256 loss=0.666889 entropy=1.872151 adv_std=2.888905 awbc_label_rate=0.000
custom_ppo_update update=48 timesteps=98304 loss=0.571279 entropy=1.835733 adv_std=2.748057 awbc_label_rate=0.000
custom_ppo_update update=49 timesteps=100000 loss=0.685156 entropy=1.868497 adv_std=3.300945 awbc_label_rate=0.000
reports/v31_ablation_aligned/raw/A1_remove_one_v31_aligned/no_awbc_oracle/budget1p70_seed44/v2_custom_ppo_metrics.csv
                   policy  steps  reward_mean  instant_mae  oracle_loss_mean  dtw_mean  power_mean  peak_power_max  event_rate  warmup_abort_count
  full_open_unconstrained   6144    -0.152086     1.671129          0.152085  1.632087    4.620000            6.28    0.402669                   0
feasible_static_projected   6144    -0.159980     2.782945          0.159979  2.680502    1.460000            1.95    0.402669                   0
              round_robin   6144    -0.185514    11.733168          0.165092  5.923856    1.555000            1.98    0.402669                1530
                      aoi   6144    -0.216213    27.436665          0.177798 11.338480    1.623031            2.33    0.402669                2880
                   random   6144    -0.212044    23.250757          0.187322  9.981687    1.601875            2.33    0.402669                1836
               custom_ppo   6144    -0.230634    78.494601          0.204065 48.230555    1.606901            2.33    0.402669                1978
reports/v31_ablation_aligned/raw/A1_remove_one_v31_aligned/no_awbc_oracle/budget1p70_seed44/evaluation/v2_eval_overall.csv
                   policy  steps  weighted_normalized_mae      mae      rmse    smape  pearson      dtw  oracle_loss_mean  reward_mean  power_mean  power_max  peak_power_max  steady_violation_rate  peak_violation_rate  event_rate  warmup_abort_count  warmup_abort_rate  obs_reconstruction_mae  forecast_samples  forecast_weighted_mae_overall  forecast_raw_mae_overall  forecast_weighted_mae_event  forecast_weighted_mae_non_event  forecast_weighted_mae_low_temp  forecast_weighted_mae_normal
  full_open_unconstrained   6144                 0.067781 0.800943  2.748866 0.718983 0.900087 0.774163          0.152085    -0.152086    4.620000       4.62            6.28                    1.0                  1.0    0.402669                   0           0.000000                0.067781              6144                       0.152085                  2.084899                     0.155922                         0.116886                        0.116602                      0.127326
feasible_static_projected   6144                 0.228892 1.778877  4.314012 0.794750 0.937501 1.743710          0.159979    -0.159980    1.460000       1.46            1.95                    0.0                  0.0    0.402669                   0           0.000000                0.228892              6144                       0.159979                  2.221124                     0.163935                         0.123702                        0.126498                      0.123636
              round_robin   6144                 0.247318 1.967219  5.144900 0.795538 0.912513 1.827648          0.165092    -0.185514    1.555000       1.64            1.98                    0.0                  0.0    0.402669                1530           0.249023                0.247318              6144                       0.165092                  2.244593                     0.169006                         0.129193                        0.133399                      0.128107
                      aoi   6144                 0.150457 2.404934 12.732274 0.791728 0.878528 1.523028          0.177798    -0.216213    1.623031       1.70            2.33                    0.0                  0.0    0.402669                2880           0.468750                0.150457              6144                       0.177798                  2.869301                     0.182429                         0.135328                        0.141259                      0.137957
                   random   6144                 0.167849 2.592932 15.894051 0.811629 0.848777 1.599662          0.187322    -0.212044    1.601875       1.70            2.33                    0.0                  0.0    0.402669                1836           0.298828                0.167849              6144                       0.187322                  3.329277                     0.192229                         0.142311                        0.147670                      0.143065
               custom_ppo   6144                 0.211160 2.532855 13.393033 0.843539 0.774195 1.768273          0.204065    -0.230634    1.606901       1.70            2.33                    0.0                  0.0    0.402669                1978           0.321940                0.211160              6144                       0.204065                  3.104627                     0.208523                         0.163172                        0.166110                      0.164611
