custom_ppo_update update=1 timesteps=2048 loss=0.346348 entropy=2.115362 adv_std=0.967730 awbc_label_rate=0.000
custom_ppo_update update=2 timesteps=4096 loss=0.594378 entropy=2.119242 adv_std=1.828087 awbc_label_rate=0.000
custom_ppo_update update=3 timesteps=6144 loss=0.846258 entropy=2.111953 adv_std=2.026251 awbc_label_rate=0.000
custom_ppo_update update=4 timesteps=8192 loss=1.058852 entropy=2.118367 adv_std=2.444680 awbc_label_rate=0.000
custom_ppo_update update=5 timesteps=10240 loss=0.620306 entropy=2.117677 adv_std=2.335221 awbc_label_rate=0.000
custom_ppo_update update=6 timesteps=12288 loss=0.701917 entropy=2.123796 adv_std=2.946596 awbc_label_rate=0.000
custom_ppo_update update=7 timesteps=14336 loss=0.625971 entropy=2.112622 adv_std=2.621869 awbc_label_rate=0.000
custom_ppo_update update=8 timesteps=16384 loss=0.671142 entropy=2.116098 adv_std=2.486321 awbc_label_rate=0.000
custom_ppo_update update=9 timesteps=18432 loss=1.232303 entropy=2.112183 adv_std=3.854211 awbc_label_rate=0.000
custom_ppo_update update=10 timesteps=20480 loss=0.587984 entropy=2.111745 adv_std=3.247683 awbc_label_rate=0.000
custom_ppo_update update=11 timesteps=22528 loss=0.966026 entropy=2.124422 adv_std=3.212588 awbc_label_rate=0.000
custom_ppo_update update=12 timesteps=24576 loss=0.667680 entropy=2.108157 adv_std=3.037642 awbc_label_rate=0.000
custom_ppo_update update=13 timesteps=26624 loss=0.796639 entropy=2.115178 adv_std=3.225914 awbc_label_rate=0.000
custom_ppo_update update=14 timesteps=28672 loss=0.604496 entropy=2.109616 adv_std=3.211784 awbc_label_rate=0.000
custom_ppo_update update=15 timesteps=30720 loss=0.844114 entropy=2.112677 adv_std=2.882284 awbc_label_rate=0.000
custom_ppo_update update=16 timesteps=32768 loss=0.451070 entropy=2.114248 adv_std=2.614188 awbc_label_rate=0.000
custom_ppo_update update=17 timesteps=34816 loss=0.827918 entropy=2.113889 adv_std=3.178289 awbc_label_rate=0.000
custom_ppo_update update=18 timesteps=36864 loss=0.429156 entropy=2.113843 adv_std=2.712499 awbc_label_rate=0.000
custom_ppo_update update=19 timesteps=38912 loss=0.406066 entropy=2.101456 adv_std=2.790068 awbc_label_rate=0.000
custom_ppo_update update=20 timesteps=40960 loss=0.419500 entropy=2.115522 adv_std=2.630322 awbc_label_rate=0.000
custom_ppo_update update=21 timesteps=43008 loss=0.712402 entropy=2.116601 adv_std=3.529387 awbc_label_rate=0.000
custom_ppo_update update=22 timesteps=45056 loss=0.431004 entropy=2.115149 adv_std=2.398123 awbc_label_rate=0.000
custom_ppo_update update=23 timesteps=47104 loss=0.398867 entropy=2.104428 adv_std=2.526551 awbc_label_rate=0.000
custom_ppo_update update=24 timesteps=49152 loss=0.438302 entropy=2.099414 adv_std=2.407762 awbc_label_rate=0.000
custom_ppo_update update=25 timesteps=51200 loss=0.505608 entropy=2.105502 adv_std=2.453466 awbc_label_rate=0.000
custom_ppo_update update=26 timesteps=53248 loss=0.542024 entropy=2.116226 adv_std=2.661300 awbc_label_rate=0.000
custom_ppo_update update=27 timesteps=55296 loss=0.625626 entropy=2.107360 adv_std=2.704303 awbc_label_rate=0.000
custom_ppo_update update=28 timesteps=57344 loss=0.575686 entropy=2.098890 adv_std=2.482608 awbc_label_rate=0.000
custom_ppo_update update=29 timesteps=59392 loss=0.826080 entropy=2.100835 adv_std=3.144711 awbc_label_rate=0.000
custom_ppo_update update=30 timesteps=61440 loss=0.362587 entropy=2.099142 adv_std=2.568103 awbc_label_rate=0.000
custom_ppo_update update=31 timesteps=63488 loss=0.728401 entropy=2.113874 adv_std=3.370730 awbc_label_rate=0.000
custom_ppo_update update=32 timesteps=65536 loss=0.466045 entropy=2.099523 adv_std=2.737251 awbc_label_rate=0.000
custom_ppo_update update=33 timesteps=67584 loss=0.352288 entropy=2.103854 adv_std=2.437789 awbc_label_rate=0.000
custom_ppo_update update=34 timesteps=69632 loss=0.454186 entropy=2.092804 adv_std=2.468606 awbc_label_rate=0.000
custom_ppo_update update=35 timesteps=71680 loss=0.360754 entropy=2.095904 adv_std=2.304349 awbc_label_rate=0.000
custom_ppo_update update=36 timesteps=73728 loss=0.562250 entropy=2.101776 adv_std=2.493518 awbc_label_rate=0.000
custom_ppo_update update=37 timesteps=75776 loss=0.651792 entropy=2.111786 adv_std=2.711480 awbc_label_rate=0.000
custom_ppo_update update=38 timesteps=77824 loss=0.719588 entropy=2.105092 adv_std=3.261315 awbc_label_rate=0.000
custom_ppo_update update=39 timesteps=79872 loss=0.558401 entropy=2.114804 adv_std=2.803535 awbc_label_rate=0.000
custom_ppo_update update=40 timesteps=81920 loss=0.685123 entropy=2.113158 adv_std=3.324939 awbc_label_rate=0.000
custom_ppo_update update=41 timesteps=83968 loss=0.499562 entropy=2.105278 adv_std=2.694007 awbc_label_rate=0.000
custom_ppo_update update=42 timesteps=86016 loss=0.693008 entropy=2.106965 adv_std=3.041297 awbc_label_rate=0.000
custom_ppo_update update=43 timesteps=88064 loss=0.485299 entropy=2.102258 adv_std=2.382523 awbc_label_rate=0.000
custom_ppo_update update=44 timesteps=90112 loss=0.469317 entropy=2.101513 adv_std=2.579641 awbc_label_rate=0.000
custom_ppo_update update=45 timesteps=92160 loss=0.780750 entropy=2.109849 adv_std=2.687656 awbc_label_rate=0.000
custom_ppo_update update=46 timesteps=94208 loss=0.494214 entropy=2.098598 adv_std=2.599857 awbc_label_rate=0.000
custom_ppo_update update=47 timesteps=96256 loss=0.840801 entropy=2.093899 adv_std=3.259559 awbc_label_rate=0.000
custom_ppo_update update=48 timesteps=98304 loss=0.743688 entropy=2.103860 adv_std=3.092750 awbc_label_rate=0.000
custom_ppo_update update=49 timesteps=100000 loss=0.918882 entropy=2.115010 adv_std=3.476980 awbc_label_rate=0.000
reports/v31_ablation_aligned/raw/A1_remove_one_v31_aligned/no_awbc/budget1p70_seed42/v2_custom_ppo_metrics.csv
                   policy  steps  reward_mean  instant_mae  oracle_loss_mean  dtw_mean  power_mean  peak_power_max  event_rate  warmup_abort_count
  full_open_unconstrained   6144    -0.142201     1.651890          0.142199  1.611176    4.620000            6.28    0.281738                   0
feasible_static_projected   6144    -0.162811     2.875996          0.162810  2.766387    1.460000            1.95    0.281738                   0
              round_robin   6144    -0.185217     8.014126          0.164795  4.871508    1.555000            1.98    0.281738                1530
               custom_ppo   6144    -0.189163     4.175043          0.176527  3.322685    1.552249            2.07    0.281738                 950
                   random   6144    -0.207445    14.161544          0.181887  6.942919    1.603320            2.33    0.281738                1902
                      aoi   6144    -0.231713    17.742501          0.197989  8.109821    1.622529            2.33    0.281738                2520
reports/v31_ablation_aligned/raw/A1_remove_one_v31_aligned/no_awbc/budget1p70_seed42/evaluation/v2_eval_overall.csv
                   policy  steps  weighted_normalized_mae      mae      rmse    smape  pearson      dtw  oracle_loss_mean  reward_mean  power_mean  power_max  peak_power_max  steady_violation_rate  peak_violation_rate  event_rate  warmup_abort_count  warmup_abort_rate  obs_reconstruction_mae  forecast_samples  forecast_weighted_mae_overall  forecast_raw_mae_overall  forecast_weighted_mae_event  forecast_weighted_mae_non_event  forecast_weighted_mae_low_temp  forecast_weighted_mae_normal
  full_open_unconstrained   6144                 0.064247 0.785416  2.721259 0.778653 0.898708 0.769587          0.142199    -0.142201    4.620000       4.62            6.28                    1.0                  1.0    0.281738                   0           0.000000                0.064247              6144                       0.142199                  1.842414                     0.150563                         0.112554                        0.117262                      0.121174
feasible_static_projected   6144                 0.241754 1.871853  4.569193 0.850586 0.929557 1.846283          0.162810    -0.162811    1.460000       1.46            1.95                    0.0                  0.0    0.281738                   0           0.000000                0.241754              6144                       0.162810                  1.991722                     0.171202                         0.133065                        0.124974                      0.148620
              round_robin   6144                 0.257567 2.060288  5.598071 0.851817 0.897150 1.987511          0.164795    -0.185217    1.555000       1.64            1.98                    0.0                  0.0    0.281738                1530           0.249023                0.257567              6144                       0.164795                  2.147551                     0.172772                         0.136521                        0.135740                      0.140868
               custom_ppo   6144                 0.132636 3.613853 24.549726 0.836189 0.874432 2.591820          0.176527    -0.189163    1.552249       1.62            2.07                    0.0                  0.0    0.281738                 950           0.154622                0.132636              6144                       0.176527                  4.087843                     0.183793                         0.150772                        0.143103                      0.168198
                   random   6144                 0.146054 2.203981 15.041418 0.841125 0.870052 1.470958          0.181887    -0.207445    1.603320       1.70            2.33                    0.0                  0.0    0.281738                1902           0.309570                0.146054              6144                       0.181887                  3.004169                     0.188594                         0.158113                        0.148386                      0.162152
                      aoi   6144                 0.150681 2.040612 11.756319 0.834888 0.851025 1.413702          0.197989    -0.231713    1.622529       1.70            2.33                    0.0                  0.0    0.281738                2520           0.410156                0.150681              6144                       0.197989                  2.616871                     0.206014                         0.169546                        0.150447                      0.184332
