custom_ppo_update update=1 timesteps=2048 loss=0.321703 entropy=2.385875 adv_std=0.546127 awbc_label_rate=0.250
custom_ppo_update update=2 timesteps=4096 loss=0.552045 entropy=2.379332 adv_std=1.394850 awbc_label_rate=0.250
custom_ppo_update update=3 timesteps=6144 loss=0.876035 entropy=2.366713 adv_std=1.845420 awbc_label_rate=0.250
custom_ppo_update update=4 timesteps=8192 loss=1.130091 entropy=2.349018 adv_std=2.286232 awbc_label_rate=0.250
custom_ppo_update update=5 timesteps=10240 loss=0.640896 entropy=2.328005 adv_std=2.099004 awbc_label_rate=0.250
custom_ppo_update update=6 timesteps=12288 loss=0.738959 entropy=2.329669 adv_std=2.292201 awbc_label_rate=0.250
custom_ppo_update update=7 timesteps=14336 loss=0.562616 entropy=2.320856 adv_std=2.214427 awbc_label_rate=0.250
custom_ppo_update update=8 timesteps=16384 loss=0.732908 entropy=2.311465 adv_std=2.606454 awbc_label_rate=0.250
custom_ppo_update update=9 timesteps=18432 loss=0.929228 entropy=2.296865 adv_std=2.813243 awbc_label_rate=0.250
custom_ppo_update update=10 timesteps=20480 loss=0.846213 entropy=2.283171 adv_std=2.823977 awbc_label_rate=0.250
custom_ppo_update update=11 timesteps=22528 loss=0.714827 entropy=2.254822 adv_std=2.714590 awbc_label_rate=0.250
custom_ppo_update update=12 timesteps=24576 loss=0.427458 entropy=2.219945 adv_std=2.163198 awbc_label_rate=0.250
custom_ppo_update update=13 timesteps=26624 loss=0.664061 entropy=2.180628 adv_std=3.033561 awbc_label_rate=0.250
custom_ppo_update update=14 timesteps=28672 loss=0.456979 entropy=2.158734 adv_std=2.406224 awbc_label_rate=0.250
custom_ppo_update update=15 timesteps=30720 loss=0.615195 entropy=2.162849 adv_std=2.540881 awbc_label_rate=0.250
custom_ppo_update update=16 timesteps=32768 loss=0.603916 entropy=2.069454 adv_std=2.356556 awbc_label_rate=0.250
custom_ppo_update update=17 timesteps=34816 loss=0.636496 entropy=2.094270 adv_std=2.681304 awbc_label_rate=0.250
custom_ppo_update update=18 timesteps=36864 loss=0.614888 entropy=2.095803 adv_std=2.495747 awbc_label_rate=0.250
custom_ppo_update update=19 timesteps=38912 loss=0.535094 entropy=1.999762 adv_std=2.177210 awbc_label_rate=0.250
custom_ppo_update update=20 timesteps=40960 loss=0.605323 entropy=1.994346 adv_std=2.616497 awbc_label_rate=0.250
custom_ppo_update update=21 timesteps=43008 loss=0.671445 entropy=1.977961 adv_std=2.455283 awbc_label_rate=0.250
custom_ppo_update update=22 timesteps=45056 loss=0.552747 entropy=1.954389 adv_std=2.378708 awbc_label_rate=0.250
custom_ppo_update update=23 timesteps=47104 loss=0.924326 entropy=2.007113 adv_std=2.591537 awbc_label_rate=0.250
custom_ppo_update update=24 timesteps=49152 loss=0.641589 entropy=1.965963 adv_std=2.670613 awbc_label_rate=0.250
custom_ppo_update update=25 timesteps=51200 loss=0.921287 entropy=1.955899 adv_std=3.058454 awbc_label_rate=0.250
custom_ppo_update update=26 timesteps=53248 loss=0.948256 entropy=1.934483 adv_std=3.146272 awbc_label_rate=0.250
custom_ppo_update update=27 timesteps=55296 loss=0.671206 entropy=1.929246 adv_std=2.882535 awbc_label_rate=0.250
custom_ppo_update update=28 timesteps=57344 loss=0.904500 entropy=1.949390 adv_std=2.913115 awbc_label_rate=0.250
custom_ppo_update update=29 timesteps=59392 loss=0.672736 entropy=1.935495 adv_std=2.736536 awbc_label_rate=0.250
custom_ppo_update update=30 timesteps=61440 loss=1.040906 entropy=1.904326 adv_std=3.290822 awbc_label_rate=0.250
custom_ppo_update update=31 timesteps=63488 loss=0.863670 entropy=1.918332 adv_std=2.859475 awbc_label_rate=0.250
custom_ppo_update update=32 timesteps=65536 loss=0.931448 entropy=1.924084 adv_std=2.491023 awbc_label_rate=0.250
custom_ppo_update update=33 timesteps=67584 loss=0.638758 entropy=1.995463 adv_std=2.416887 awbc_label_rate=0.250
custom_ppo_update update=34 timesteps=69632 loss=0.928130 entropy=1.868742 adv_std=3.300641 awbc_label_rate=0.250
custom_ppo_update update=35 timesteps=71680 loss=0.599235 entropy=1.937272 adv_std=2.530432 awbc_label_rate=0.250
custom_ppo_update update=36 timesteps=73728 loss=0.760157 entropy=1.953408 adv_std=3.230952 awbc_label_rate=0.250
custom_ppo_update update=37 timesteps=75776 loss=0.428217 entropy=1.950920 adv_std=2.136513 awbc_label_rate=0.250
custom_ppo_update update=38 timesteps=77824 loss=0.990084 entropy=2.029794 adv_std=6.050471 awbc_label_rate=0.250
custom_ppo_update update=39 timesteps=79872 loss=0.895811 entropy=2.024599 adv_std=3.375362 awbc_label_rate=0.250
custom_ppo_update update=40 timesteps=81920 loss=0.707326 entropy=1.889327 adv_std=2.570261 awbc_label_rate=0.250
custom_ppo_update update=41 timesteps=83968 loss=0.498795 entropy=1.902012 adv_std=2.618262 awbc_label_rate=0.250
custom_ppo_update update=42 timesteps=86016 loss=0.340613 entropy=1.766564 adv_std=1.843641 awbc_label_rate=0.250
custom_ppo_update update=43 timesteps=88064 loss=0.595099 entropy=1.777926 adv_std=2.435989 awbc_label_rate=0.250
custom_ppo_update update=44 timesteps=90112 loss=0.651190 entropy=1.811406 adv_std=2.782495 awbc_label_rate=0.250
custom_ppo_update update=45 timesteps=92160 loss=0.593394 entropy=1.860380 adv_std=2.530233 awbc_label_rate=0.250
custom_ppo_update update=46 timesteps=94208 loss=0.575144 entropy=1.768556 adv_std=2.606165 awbc_label_rate=0.250
custom_ppo_update update=47 timesteps=96256 loss=0.683681 entropy=1.819150 adv_std=2.555267 awbc_label_rate=0.250
custom_ppo_update update=48 timesteps=98304 loss=0.606132 entropy=1.867768 adv_std=2.401097 awbc_label_rate=0.250
custom_ppo_update update=49 timesteps=100000 loss=0.610660 entropy=1.808689 adv_std=2.796841 awbc_label_rate=0.250
reports/v31_ablation_aligned/raw/A2_staged_v31_aligned/D3_plus_awbc/budget1p70_seed44/v2_custom_ppo_metrics.csv
                   policy  steps  reward_mean  instant_mae  oracle_loss_mean  dtw_mean  power_mean  peak_power_max  event_rate  warmup_abort_count
  full_open_unconstrained   6144    -0.152469     1.671129          0.152467  1.632087    4.620000            6.28    0.402669                   0
feasible_static_projected   6144    -0.160949     2.782945          0.160948  2.680502    1.460000            1.95    0.402669                   0
              round_robin   6144    -0.186282    11.733168          0.165860  5.923856    1.555000            1.98    0.402669                1530
                      aoi   6144    -0.216719    27.436665          0.178304 11.338480    1.623031            2.33    0.402669                2880
                   random   6144    -0.212488    23.250757          0.187766  9.981687    1.601875            2.33    0.402669                1836
               custom_ppo   6144    -0.205573    52.899416          0.204773 25.584409    1.609694            2.33    0.402669                  44
reports/v31_ablation_aligned/raw/A2_staged_v31_aligned/D3_plus_awbc/budget1p70_seed44/evaluation/v2_eval_overall.csv
                   policy  steps  weighted_normalized_mae      mae      rmse    smape  pearson      dtw  oracle_loss_mean  reward_mean  power_mean  power_max  peak_power_max  steady_violation_rate  peak_violation_rate  event_rate  warmup_abort_count  warmup_abort_rate  obs_reconstruction_mae  forecast_samples  forecast_weighted_mae_overall  forecast_raw_mae_overall  forecast_weighted_mae_event  forecast_weighted_mae_non_event  forecast_weighted_mae_low_temp  forecast_weighted_mae_normal
  full_open_unconstrained   6144                 0.067781 0.800943  2.748866 0.718983 0.900087 0.774163          0.152467    -0.152469    4.620000       4.62            6.28                    1.0                  1.0    0.402669                   0           0.000000                0.067781              6144                       0.152467                  2.111506                     0.156376                         0.116612                        0.117244                      0.125198
feasible_static_projected   6144                 0.228892 1.778877  4.314012 0.794750 0.937501 1.743710          0.160948    -0.160949    1.460000       1.46            1.95                    0.0                  0.0    0.402669                   0           0.000000                0.228892              6144                       0.160948                  2.228409                     0.164902                         0.124677                        0.127675                      0.123004
              round_robin   6144                 0.247318 1.967219  5.144900 0.795538 0.912513 1.827648          0.165860    -0.186282    1.555000       1.64            1.98                    0.0                  0.0    0.402669                1530           0.249023                0.247318              6144                       0.165860                  2.266131                     0.169812                         0.129609                        0.134323                      0.127279
                      aoi   6144                 0.150457 2.404934 12.732274 0.791728 0.878528 1.523028          0.178304    -0.216719    1.623031       1.70            2.33                    0.0                  0.0    0.402669                2880           0.468750                0.150457              6144                       0.178304                  2.888175                     0.182960                         0.135600                        0.141336                      0.138050
                   random   6144                 0.167849 2.592932 15.894051 0.811629 0.848777 1.599662          0.187766    -0.212488    1.601875       1.70            2.33                    0.0                  0.0    0.402669                1836           0.298828                0.167849              6144                       0.187766                  3.356405                     0.192729                         0.142251                        0.147975                      0.141680
               custom_ppo   6144                 0.220504 1.901975  8.209504 0.817879 0.771743 1.595596          0.204773    -0.205573    1.609694       1.70            2.33                    0.0                  0.0    0.402669                  44           0.007161                0.220504              6144                       0.204773                  2.768264                     0.209616                         0.160356                        0.160704                      0.171948
