custom_ppo_update update=1 timesteps=2048 loss=0.847532 entropy=1.972242 adv_std=1.482726 awbc_label_rate=0.250
custom_ppo_update update=2 timesteps=4096 loss=0.738385 entropy=1.983225 adv_std=1.880399 awbc_label_rate=0.250
custom_ppo_update update=3 timesteps=6144 loss=1.270775 entropy=1.992136 adv_std=2.060589 awbc_label_rate=0.250
custom_ppo_update update=4 timesteps=8192 loss=0.926164 entropy=1.985898 adv_std=2.086193 awbc_label_rate=0.250
custom_ppo_update update=5 timesteps=10240 loss=0.749787 entropy=1.974932 adv_std=2.076131 awbc_label_rate=0.250
custom_ppo_update update=6 timesteps=12288 loss=0.853552 entropy=1.980765 adv_std=2.711602 awbc_label_rate=0.250
custom_ppo_update update=7 timesteps=14336 loss=0.585541 entropy=1.979756 adv_std=2.143999 awbc_label_rate=0.250
custom_ppo_update update=8 timesteps=16384 loss=0.872968 entropy=1.995029 adv_std=2.676637 awbc_label_rate=0.250
custom_ppo_update update=9 timesteps=18432 loss=1.101111 entropy=1.991640 adv_std=2.920344 awbc_label_rate=0.250
custom_ppo_update update=10 timesteps=20480 loss=0.674821 entropy=2.000449 adv_std=2.487658 awbc_label_rate=0.250
custom_ppo_update update=11 timesteps=22528 loss=1.008710 entropy=2.003296 adv_std=2.815222 awbc_label_rate=0.250
custom_ppo_update update=12 timesteps=24576 loss=1.085442 entropy=1.973100 adv_std=3.171242 awbc_label_rate=0.250
custom_ppo_update update=13 timesteps=26624 loss=1.204984 entropy=1.991410 adv_std=3.319356 awbc_label_rate=0.250
custom_ppo_update update=14 timesteps=28672 loss=1.344292 entropy=1.997413 adv_std=3.416628 awbc_label_rate=0.250
custom_ppo_update update=15 timesteps=30720 loss=1.381906 entropy=2.001255 adv_std=3.781794 awbc_label_rate=0.250
custom_ppo_update update=16 timesteps=32768 loss=1.139940 entropy=1.999477 adv_std=3.369911 awbc_label_rate=0.250
custom_ppo_update update=17 timesteps=34816 loss=1.244755 entropy=1.999634 adv_std=3.555964 awbc_label_rate=0.250
custom_ppo_update update=18 timesteps=36864 loss=1.273841 entropy=1.999828 adv_std=3.792160 awbc_label_rate=0.250
custom_ppo_update update=19 timesteps=38912 loss=1.475534 entropy=1.993854 adv_std=3.502505 awbc_label_rate=0.250
custom_ppo_update update=20 timesteps=40960 loss=1.344517 entropy=1.983130 adv_std=3.699299 awbc_label_rate=0.250
custom_ppo_update update=21 timesteps=43008 loss=1.474187 entropy=1.985728 adv_std=3.548101 awbc_label_rate=0.250
custom_ppo_update update=22 timesteps=45056 loss=1.124785 entropy=1.976277 adv_std=3.144179 awbc_label_rate=0.250
custom_ppo_update update=23 timesteps=47104 loss=1.169449 entropy=1.964388 adv_std=3.992675 awbc_label_rate=0.250
custom_ppo_update update=24 timesteps=49152 loss=0.754491 entropy=1.977500 adv_std=2.696893 awbc_label_rate=0.250
custom_ppo_update update=25 timesteps=51200 loss=1.392820 entropy=1.969237 adv_std=3.328769 awbc_label_rate=0.250
custom_ppo_update update=26 timesteps=53248 loss=1.120930 entropy=1.993258 adv_std=4.079399 awbc_label_rate=0.250
custom_ppo_update update=27 timesteps=55296 loss=0.836507 entropy=1.996001 adv_std=3.278967 awbc_label_rate=0.250
custom_ppo_update update=28 timesteps=57344 loss=1.198510 entropy=1.984769 adv_std=3.175571 awbc_label_rate=0.250
custom_ppo_update update=29 timesteps=59392 loss=0.925552 entropy=1.985432 adv_std=3.349417 awbc_label_rate=0.250
custom_ppo_update update=30 timesteps=61440 loss=1.046072 entropy=1.979697 adv_std=3.250850 awbc_label_rate=0.250
custom_ppo_update update=31 timesteps=63488 loss=1.040950 entropy=2.000985 adv_std=3.528732 awbc_label_rate=0.250
custom_ppo_update update=32 timesteps=65536 loss=1.269093 entropy=2.002390 adv_std=3.475483 awbc_label_rate=0.250
custom_ppo_update update=33 timesteps=67584 loss=1.410653 entropy=1.982381 adv_std=4.087866 awbc_label_rate=0.250
custom_ppo_update update=34 timesteps=69632 loss=0.987279 entropy=2.002566 adv_std=3.177114 awbc_label_rate=0.250
custom_ppo_update update=35 timesteps=71680 loss=0.711349 entropy=2.001262 adv_std=3.031327 awbc_label_rate=0.250
custom_ppo_update update=36 timesteps=73728 loss=1.054543 entropy=1.987176 adv_std=3.004133 awbc_label_rate=0.250
custom_ppo_update update=37 timesteps=75776 loss=1.078725 entropy=1.987256 adv_std=3.300913 awbc_label_rate=0.250
custom_ppo_update update=38 timesteps=77824 loss=0.959541 entropy=1.992630 adv_std=2.582254 awbc_label_rate=0.250
custom_ppo_update update=39 timesteps=79872 loss=0.822910 entropy=1.974284 adv_std=2.690850 awbc_label_rate=0.250
custom_ppo_update update=40 timesteps=81920 loss=1.080119 entropy=1.992481 adv_std=3.417052 awbc_label_rate=0.250
custom_ppo_update update=41 timesteps=83968 loss=0.724194 entropy=1.977764 adv_std=2.909909 awbc_label_rate=0.250
custom_ppo_update update=42 timesteps=86016 loss=1.139380 entropy=1.978498 adv_std=3.658342 awbc_label_rate=0.250
custom_ppo_update update=43 timesteps=88064 loss=1.113099 entropy=1.978481 adv_std=3.348025 awbc_label_rate=0.250
custom_ppo_update update=44 timesteps=90112 loss=0.887443 entropy=1.994930 adv_std=2.991040 awbc_label_rate=0.250
custom_ppo_update update=45 timesteps=92160 loss=0.787218 entropy=1.987447 adv_std=2.383412 awbc_label_rate=0.250
custom_ppo_update update=46 timesteps=94208 loss=0.795359 entropy=1.983567 adv_std=3.080516 awbc_label_rate=0.250
custom_ppo_update update=47 timesteps=96256 loss=0.882039 entropy=1.974380 adv_std=2.872784 awbc_label_rate=0.250
custom_ppo_update update=48 timesteps=98304 loss=0.907406 entropy=1.982237 adv_std=2.975756 awbc_label_rate=0.250
custom_ppo_update update=49 timesteps=100000 loss=0.904017 entropy=1.975895 adv_std=3.261268 awbc_label_rate=0.250
reports/v31_ablation_aligned/raw/A2_staged_v31_aligned/D4_plus_oracle_prior_full/budget1p70_seed46/v2_custom_ppo_metrics.csv
                   policy  steps  reward_mean  instant_mae  oracle_loss_mean  dtw_mean  power_mean  peak_power_max  event_rate  warmup_abort_count
  full_open_unconstrained   6144    -0.159145     1.648961          0.159143  1.615355    4.620000            6.28    0.342448                   0
feasible_static_projected   6144    -0.166099     2.849922          0.166098  2.751123    1.460000            1.95    0.342448                   0
               custom_ppo   6144    -0.175869     2.891978          0.169788  2.775762    1.522640            2.05    0.342448                 460
              round_robin   6144    -0.197541    10.933967          0.177119  6.131684    1.555000            1.98    0.342448                1530
                   random   6144    -0.224088    26.214098          0.198098 11.447144    1.605879            2.33    0.342448                1932
                      aoi   6144    -0.229539    29.686459          0.198161 12.564523    1.622279            2.33    0.342448                2340
reports/v31_ablation_aligned/raw/A2_staged_v31_aligned/D4_plus_oracle_prior_full/budget1p70_seed46/evaluation/v2_eval_overall.csv
                   policy  steps  weighted_normalized_mae      mae      rmse    smape  pearson      dtw  oracle_loss_mean  reward_mean  power_mean  power_max  peak_power_max  steady_violation_rate  peak_violation_rate  event_rate  warmup_abort_count  warmup_abort_rate  obs_reconstruction_mae  forecast_samples  forecast_weighted_mae_overall  forecast_raw_mae_overall  forecast_weighted_mae_event  forecast_weighted_mae_non_event  forecast_weighted_mae_low_temp  forecast_weighted_mae_normal
  full_open_unconstrained   6144                 0.065759 0.796695  2.744231 0.724273 0.908048 0.775357          0.159143    -0.159145    4.620000       4.62            6.28                    1.0                  1.0    0.342448                   0           0.000000                0.065759              6144                       0.159143                  2.126607                     0.166682                         0.114759                        0.135302                      0.099666
feasible_static_projected   6144                 0.242277 1.864975  4.435137 0.809333 0.936060 1.832704          0.166098    -0.166099    1.460000       1.46            1.95                    0.0                  0.0    0.342448                   0           0.000000                0.242277              6144                       0.166098                  2.234884                     0.173997                         0.119589                        0.142369                      0.114158
               custom_ppo   6144                 0.249769 1.918076  4.507434 0.814809 0.911314 1.861673          0.169788    -0.175869    1.522640       1.60            2.05                    0.0                  0.0    0.342448                 460           0.074870                0.249769              6144                       0.169788                  2.244810                     0.178534                         0.118290                        0.140772                      0.113101
              round_robin   6144                 0.264489 2.121410  5.736642 0.814151 0.901761 2.017724          0.177119    -0.197541    1.555000       1.64            1.98                    0.0                  0.0    0.342448                1530           0.249023                0.264489              6144                       0.177119                  2.362839                     0.186446                         0.122204                        0.144699                      0.113083
                   random   6144                 0.165159 2.525385 14.472154 0.819209 0.848749 1.584431          0.198098    -0.224088    1.605879       1.70            2.33                    0.0                  0.0    0.342448                1932           0.314453                0.165159              6144                       0.198098                  3.255817                     0.208557                         0.136515                        0.155011                      0.135349
                      aoi   6144                 0.168009 2.471082 11.774839 0.817905 0.833378 1.660458          0.198161    -0.229539    1.622279       1.70            2.33                    0.0                  0.0    0.342448                2340           0.380859                0.168009              6144                       0.198161                  2.823386                     0.210606                         0.124885                        0.149042                      0.125703
