custom_ppo_update update=1 timesteps=2048 loss=0.696302 entropy=2.128659 adv_std=1.546716 awbc_label_rate=0.250
custom_ppo_update update=2 timesteps=4096 loss=0.904004 entropy=2.136856 adv_std=1.687941 awbc_label_rate=0.250
custom_ppo_update update=3 timesteps=6144 loss=1.194496 entropy=2.146709 adv_std=2.568070 awbc_label_rate=0.250
custom_ppo_update update=4 timesteps=8192 loss=1.317916 entropy=2.141752 adv_std=2.579601 awbc_label_rate=0.250
custom_ppo_update update=5 timesteps=10240 loss=1.328635 entropy=2.150010 adv_std=3.095926 awbc_label_rate=0.250
custom_ppo_update update=6 timesteps=12288 loss=1.642639 entropy=2.155765 adv_std=3.006830 awbc_label_rate=0.250
custom_ppo_update update=7 timesteps=14336 loss=0.843419 entropy=2.154055 adv_std=2.883994 awbc_label_rate=0.250
custom_ppo_update update=8 timesteps=16384 loss=1.327010 entropy=2.148452 adv_std=3.397834 awbc_label_rate=0.250
custom_ppo_update update=9 timesteps=18432 loss=0.966898 entropy=2.158525 adv_std=3.009515 awbc_label_rate=0.250
custom_ppo_update update=10 timesteps=20480 loss=1.038434 entropy=2.169447 adv_std=3.061061 awbc_label_rate=0.250
custom_ppo_update update=11 timesteps=22528 loss=0.863896 entropy=2.173895 adv_std=2.992752 awbc_label_rate=0.250
custom_ppo_update update=12 timesteps=24576 loss=0.950206 entropy=2.155953 adv_std=2.972484 awbc_label_rate=0.250
custom_ppo_update update=13 timesteps=26624 loss=1.063201 entropy=2.150380 adv_std=2.939294 awbc_label_rate=0.250
custom_ppo_update update=14 timesteps=28672 loss=1.038218 entropy=2.153592 adv_std=2.938894 awbc_label_rate=0.250
custom_ppo_update update=15 timesteps=30720 loss=0.825378 entropy=2.164495 adv_std=3.426965 awbc_label_rate=0.250
custom_ppo_update update=16 timesteps=32768 loss=0.953297 entropy=2.160442 adv_std=2.946976 awbc_label_rate=0.250
custom_ppo_update update=17 timesteps=34816 loss=1.009286 entropy=2.162186 adv_std=3.575109 awbc_label_rate=0.250
custom_ppo_update update=18 timesteps=36864 loss=0.868934 entropy=2.162799 adv_std=2.987181 awbc_label_rate=0.250
custom_ppo_update update=19 timesteps=38912 loss=1.399684 entropy=2.152740 adv_std=3.526305 awbc_label_rate=0.250
custom_ppo_update update=20 timesteps=40960 loss=1.200387 entropy=2.155828 adv_std=3.638594 awbc_label_rate=0.250
custom_ppo_update update=21 timesteps=43008 loss=1.400328 entropy=2.155844 adv_std=3.813660 awbc_label_rate=0.250
custom_ppo_update update=22 timesteps=45056 loss=0.779930 entropy=2.164590 adv_std=2.846064 awbc_label_rate=0.250
custom_ppo_update update=23 timesteps=47104 loss=0.760161 entropy=2.156204 adv_std=2.942308 awbc_label_rate=0.250
custom_ppo_update update=24 timesteps=49152 loss=1.120082 entropy=2.154725 adv_std=3.418123 awbc_label_rate=0.250
custom_ppo_update update=25 timesteps=51200 loss=0.868677 entropy=2.160772 adv_std=3.024519 awbc_label_rate=0.250
custom_ppo_update update=26 timesteps=53248 loss=1.388168 entropy=2.143030 adv_std=3.201671 awbc_label_rate=0.250
custom_ppo_update update=27 timesteps=55296 loss=0.690191 entropy=2.141766 adv_std=2.725820 awbc_label_rate=0.250
custom_ppo_update update=28 timesteps=57344 loss=0.620231 entropy=2.157806 adv_std=2.390820 awbc_label_rate=0.250
custom_ppo_update update=29 timesteps=59392 loss=0.857241 entropy=2.156806 adv_std=2.855437 awbc_label_rate=0.250
custom_ppo_update update=30 timesteps=61440 loss=0.712571 entropy=2.166225 adv_std=2.648683 awbc_label_rate=0.250
custom_ppo_update update=31 timesteps=63488 loss=0.756852 entropy=2.146816 adv_std=2.599455 awbc_label_rate=0.250
custom_ppo_update update=32 timesteps=65536 loss=0.586491 entropy=2.145540 adv_std=2.448869 awbc_label_rate=0.250
custom_ppo_update update=33 timesteps=67584 loss=0.676667 entropy=2.144579 adv_std=2.420650 awbc_label_rate=0.250
custom_ppo_update update=34 timesteps=69632 loss=0.666661 entropy=2.138840 adv_std=2.577148 awbc_label_rate=0.250
custom_ppo_update update=35 timesteps=71680 loss=0.641063 entropy=2.137275 adv_std=2.552158 awbc_label_rate=0.250
custom_ppo_update update=36 timesteps=73728 loss=0.837959 entropy=2.144473 adv_std=3.017331 awbc_label_rate=0.250
custom_ppo_update update=37 timesteps=75776 loss=0.973785 entropy=2.156687 adv_std=2.763777 awbc_label_rate=0.250
custom_ppo_update update=38 timesteps=77824 loss=1.172955 entropy=2.149644 adv_std=3.513383 awbc_label_rate=0.250
custom_ppo_update update=39 timesteps=79872 loss=0.752200 entropy=2.143662 adv_std=2.850251 awbc_label_rate=0.250
custom_ppo_update update=40 timesteps=81920 loss=0.685442 entropy=2.141138 adv_std=2.684751 awbc_label_rate=0.250
custom_ppo_update update=41 timesteps=83968 loss=0.972009 entropy=2.134720 adv_std=2.679133 awbc_label_rate=0.250
custom_ppo_update update=42 timesteps=86016 loss=0.840735 entropy=2.138652 adv_std=2.777592 awbc_label_rate=0.250
custom_ppo_update update=43 timesteps=88064 loss=0.890373 entropy=2.143620 adv_std=3.013188 awbc_label_rate=0.250
custom_ppo_update update=44 timesteps=90112 loss=1.068665 entropy=2.153665 adv_std=3.428533 awbc_label_rate=0.250
custom_ppo_update update=45 timesteps=92160 loss=0.788266 entropy=2.149843 adv_std=3.130941 awbc_label_rate=0.250
custom_ppo_update update=46 timesteps=94208 loss=0.979336 entropy=2.151738 adv_std=3.384710 awbc_label_rate=0.250
custom_ppo_update update=47 timesteps=96256 loss=0.849925 entropy=2.150930 adv_std=3.050984 awbc_label_rate=0.250
custom_ppo_update update=48 timesteps=98304 loss=0.655046 entropy=2.152654 adv_std=2.679559 awbc_label_rate=0.250
custom_ppo_update update=49 timesteps=100000 loss=0.805275 entropy=2.158513 adv_std=2.648406 awbc_label_rate=0.250
reports/v31_ablation_aligned/raw/A2_staged_v31_aligned/D4_plus_oracle_prior_full/budget1p70_seed49/v2_custom_ppo_metrics.csv
                   policy  steps  reward_mean  instant_mae  oracle_loss_mean  dtw_mean  power_mean  peak_power_max  event_rate  warmup_abort_count
  full_open_unconstrained   6144    -0.135711     1.644108          0.135709  1.595139    4.620000            6.28    0.462077                   0
               custom_ppo   6144    -0.151118     2.864333          0.150449  2.640453    1.569437            2.12    0.462077                  45
              round_robin   6144    -0.172949     7.592685          0.152527  4.573866    1.555000            1.98    0.462077                1530
                      aoi   6144    -0.193778    17.385767          0.155363  8.132363    1.623031            2.33    0.462077                2880
feasible_static_projected   6144    -0.157780     2.823676          0.157780  2.712729    1.460000            1.95    0.462077                   0
                   random   6144    -0.191579    16.711713          0.164271  7.361109    1.606621            2.33    0.462077                2034
reports/v31_ablation_aligned/raw/A2_staged_v31_aligned/D4_plus_oracle_prior_full/budget1p70_seed49/evaluation/v2_eval_overall.csv
                   policy  steps  weighted_normalized_mae      mae      rmse    smape  pearson      dtw  oracle_loss_mean  reward_mean  power_mean  power_max  peak_power_max  steady_violation_rate  peak_violation_rate  event_rate  warmup_abort_count  warmup_abort_rate  obs_reconstruction_mae  forecast_samples  forecast_weighted_mae_overall  forecast_raw_mae_overall  forecast_weighted_mae_event  forecast_weighted_mae_non_event  forecast_weighted_mae_low_temp  forecast_weighted_mae_normal
  full_open_unconstrained   6144                 0.066213 0.774236  2.685731 0.749715 0.894204 0.748348          0.135709    -0.135711    4.620000       4.62            6.28                    1.0                  1.0    0.462077                   0           0.000000                0.066213              6144                       0.135709                  1.641690                     0.141836                         0.089335                        0.115242                      0.118229
               custom_ppo   6144                 0.211245 1.866672  5.551483 0.820687 0.769610 1.677978          0.150449    -0.151118    1.569437       1.66            2.12                    0.0                  0.0    0.462077                  45           0.007324                0.211245              6144                       0.150449                  1.885018                     0.157767                         0.095060                        0.125039                      0.114025
              round_robin   6144                 0.250603 1.935857  4.728517 0.812190 0.887035 1.843115          0.152527    -0.172949    1.555000       1.64            1.98                    0.0                  0.0    0.462077                1530           0.249023                0.250603              6144                       0.152527                  1.794809                     0.158993                         0.103586                        0.124902                      0.142248
                      aoi   6144                 0.128761 1.768003  8.369189 0.800573 0.871555 1.241887          0.155363    -0.193778    1.623031       1.70            2.33                    0.0                  0.0    0.462077                2880           0.468750                0.128761              6144                       0.155363                  2.026913                     0.161927                         0.105686                        0.121891                      0.145075
feasible_static_projected   6144                 0.237275 1.832348  4.473723 0.811476 0.914396 1.794769          0.157780    -0.157780    1.460000       1.46            1.95                    0.0                  0.0    0.462077                   0           0.000000                0.237275              6144                       0.157780                  1.760530                     0.165272                         0.101066                        0.138618                      0.120696
                   random   6144                 0.144344 1.984496 12.030781 0.811854 0.837606 1.275165          0.164271    -0.191579    1.606621       1.70            2.33                    0.0                  0.0    0.462077                2034           0.331055                0.144344              6144                       0.164271                  2.477960                     0.170559                         0.116675                        0.128563                      0.199513
