custom_ppo_update update=1 timesteps=2048 loss=0.556475 entropy=1.968904 adv_std=1.018703 awbc_label_rate=0.250
custom_ppo_update update=2 timesteps=4096 loss=0.687817 entropy=1.983391 adv_std=1.442104 awbc_label_rate=0.250
custom_ppo_update update=3 timesteps=6144 loss=0.635272 entropy=1.979426 adv_std=2.219380 awbc_label_rate=0.250
custom_ppo_update update=4 timesteps=8192 loss=1.112076 entropy=1.997189 adv_std=2.586352 awbc_label_rate=0.250
custom_ppo_update update=5 timesteps=10240 loss=0.847536 entropy=2.013412 adv_std=2.324551 awbc_label_rate=0.250
custom_ppo_update update=6 timesteps=12288 loss=1.013010 entropy=1.988074 adv_std=2.670395 awbc_label_rate=0.250
custom_ppo_update update=7 timesteps=14336 loss=1.085272 entropy=1.993186 adv_std=2.712362 awbc_label_rate=0.250
custom_ppo_update update=8 timesteps=16384 loss=1.320063 entropy=1.968912 adv_std=3.274177 awbc_label_rate=0.250
custom_ppo_update update=9 timesteps=18432 loss=1.021486 entropy=1.989885 adv_std=2.904467 awbc_label_rate=0.250
custom_ppo_update update=10 timesteps=20480 loss=1.013812 entropy=2.005779 adv_std=3.080444 awbc_label_rate=0.250
custom_ppo_update update=11 timesteps=22528 loss=0.940861 entropy=1.998595 adv_std=2.740914 awbc_label_rate=0.250
custom_ppo_update update=12 timesteps=24576 loss=1.135045 entropy=2.016256 adv_std=3.104454 awbc_label_rate=0.250
custom_ppo_update update=13 timesteps=26624 loss=0.836483 entropy=2.009501 adv_std=2.760261 awbc_label_rate=0.250
custom_ppo_update update=14 timesteps=28672 loss=0.912852 entropy=2.007068 adv_std=2.987217 awbc_label_rate=0.250
custom_ppo_update update=15 timesteps=30720 loss=1.246819 entropy=1.993709 adv_std=3.524176 awbc_label_rate=0.250
custom_ppo_update update=16 timesteps=32768 loss=1.195020 entropy=1.989370 adv_std=3.064617 awbc_label_rate=0.250
custom_ppo_update update=17 timesteps=34816 loss=0.965379 entropy=1.989144 adv_std=3.486280 awbc_label_rate=0.250
custom_ppo_update update=18 timesteps=36864 loss=0.780677 entropy=2.005111 adv_std=3.061149 awbc_label_rate=0.250
custom_ppo_update update=19 timesteps=38912 loss=0.911763 entropy=2.001767 adv_std=2.757349 awbc_label_rate=0.250
custom_ppo_update update=20 timesteps=40960 loss=0.923249 entropy=2.003680 adv_std=2.684709 awbc_label_rate=0.250
custom_ppo_update update=21 timesteps=43008 loss=0.681544 entropy=1.980288 adv_std=2.692093 awbc_label_rate=0.250
custom_ppo_update update=22 timesteps=45056 loss=0.657686 entropy=1.999394 adv_std=2.879308 awbc_label_rate=0.250
custom_ppo_update update=23 timesteps=47104 loss=0.775311 entropy=2.004219 adv_std=2.721459 awbc_label_rate=0.250
custom_ppo_update update=24 timesteps=49152 loss=1.133951 entropy=1.991516 adv_std=3.025928 awbc_label_rate=0.250
custom_ppo_update update=25 timesteps=51200 loss=1.109243 entropy=2.000651 adv_std=3.359658 awbc_label_rate=0.250
custom_ppo_update update=26 timesteps=53248 loss=1.296204 entropy=1.997913 adv_std=3.525348 awbc_label_rate=0.250
custom_ppo_update update=27 timesteps=55296 loss=1.243419 entropy=2.016545 adv_std=3.964055 awbc_label_rate=0.250
custom_ppo_update update=28 timesteps=57344 loss=1.333680 entropy=2.007506 adv_std=3.433041 awbc_label_rate=0.250
custom_ppo_update update=29 timesteps=59392 loss=1.547695 entropy=1.999617 adv_std=4.269038 awbc_label_rate=0.250
custom_ppo_update update=30 timesteps=61440 loss=1.095753 entropy=1.993270 adv_std=3.357746 awbc_label_rate=0.250
custom_ppo_update update=31 timesteps=63488 loss=1.257121 entropy=2.000889 adv_std=3.816891 awbc_label_rate=0.250
custom_ppo_update update=32 timesteps=65536 loss=1.026964 entropy=1.991510 adv_std=3.600472 awbc_label_rate=0.250
custom_ppo_update update=33 timesteps=67584 loss=1.108971 entropy=1.999793 adv_std=3.336340 awbc_label_rate=0.250
custom_ppo_update update=34 timesteps=69632 loss=1.192297 entropy=1.976920 adv_std=3.255358 awbc_label_rate=0.250
custom_ppo_update update=35 timesteps=71680 loss=0.697214 entropy=1.995814 adv_std=2.678697 awbc_label_rate=0.250
custom_ppo_update update=36 timesteps=73728 loss=1.202231 entropy=2.024984 adv_std=3.509493 awbc_label_rate=0.250
custom_ppo_update update=37 timesteps=75776 loss=0.886867 entropy=1.979080 adv_std=2.660022 awbc_label_rate=0.250
custom_ppo_update update=38 timesteps=77824 loss=0.967807 entropy=1.985444 adv_std=3.060591 awbc_label_rate=0.250
custom_ppo_update update=39 timesteps=79872 loss=0.993001 entropy=1.991872 adv_std=2.849478 awbc_label_rate=0.250
custom_ppo_update update=40 timesteps=81920 loss=1.515206 entropy=2.021834 adv_std=3.950423 awbc_label_rate=0.250
custom_ppo_update update=41 timesteps=83968 loss=0.797228 entropy=2.003294 adv_std=2.407978 awbc_label_rate=0.250
custom_ppo_update update=42 timesteps=86016 loss=0.870420 entropy=2.000655 adv_std=3.237293 awbc_label_rate=0.250
custom_ppo_update update=43 timesteps=88064 loss=0.841188 entropy=2.007504 adv_std=2.989815 awbc_label_rate=0.250
custom_ppo_update update=44 timesteps=90112 loss=1.092225 entropy=1.993643 adv_std=3.447256 awbc_label_rate=0.250
custom_ppo_update update=45 timesteps=92160 loss=0.899414 entropy=2.007617 adv_std=3.098762 awbc_label_rate=0.250
custom_ppo_update update=46 timesteps=94208 loss=0.827581 entropy=1.990630 adv_std=2.621648 awbc_label_rate=0.250
custom_ppo_update update=47 timesteps=96256 loss=0.892494 entropy=1.991846 adv_std=2.951345 awbc_label_rate=0.250
custom_ppo_update update=48 timesteps=98304 loss=0.946010 entropy=1.998706 adv_std=2.897770 awbc_label_rate=0.250
custom_ppo_update update=49 timesteps=100000 loss=0.815421 entropy=1.985265 adv_std=2.664760 awbc_label_rate=0.250
reports/v31_ablation_aligned/raw/A2_staged_v31_aligned/D4_plus_oracle_prior_full/budget1p70_seed45/v2_custom_ppo_metrics.csv
                   policy  steps  reward_mean  instant_mae  oracle_loss_mean  dtw_mean  power_mean  peak_power_max  event_rate  warmup_abort_count
  full_open_unconstrained   6144    -0.150570     1.655863          0.150568  1.614134    4.620000            6.28    0.294922                   0
feasible_static_projected   6144    -0.155592     2.696703          0.155592  2.598733    1.460000            1.95    0.294922                   0
               custom_ppo   6144    -0.164337     2.722856          0.161602  2.605410    1.539821            2.18    0.294922                 205
              round_robin   6144    -0.190459    12.279849          0.170037  6.257527    1.555000            1.98    0.294922                1530
                      aoi   6144    -0.221835    32.124893          0.195148 12.679895    1.621777            2.33    0.294922                1980
                   random   6144    -0.229517    29.634401          0.201165 11.809793    1.607090            2.33    0.294922                2112
reports/v31_ablation_aligned/raw/A2_staged_v31_aligned/D4_plus_oracle_prior_full/budget1p70_seed45/evaluation/v2_eval_overall.csv
                   policy  steps  weighted_normalized_mae      mae      rmse    smape  pearson      dtw  oracle_loss_mean  reward_mean  power_mean  power_max  peak_power_max  steady_violation_rate  peak_violation_rate  event_rate  warmup_abort_count  warmup_abort_rate  obs_reconstruction_mae  forecast_samples  forecast_weighted_mae_overall  forecast_raw_mae_overall  forecast_weighted_mae_event  forecast_weighted_mae_non_event  forecast_weighted_mae_low_temp  forecast_weighted_mae_normal
  full_open_unconstrained   6144                 0.065096 0.778106  2.683789 0.746673 0.910368 0.752175          0.150568    -0.150570    4.620000       4.62            6.28                    1.0                  1.0    0.294922                   0           0.000000                0.065096              6144                       0.150568                  2.076274                     0.155126                         0.121387                        0.138890                      0.118755
feasible_static_projected   6144                 0.209861 1.653637  3.951644 0.825676 0.935394 1.619808          0.155592    -0.155592    1.460000       1.46            1.95                    0.0                  0.0    0.294922                   0           0.000000                0.209861              6144                       0.155592                  2.111237                     0.160379                         0.124942                        0.144698                      0.123004
               custom_ppo   6144                 0.215275 1.687705  3.989400 0.833149 0.905514 1.628054          0.161602    -0.164337    1.539821       1.60            2.18                    0.0                  0.0    0.294922                 205           0.033366                0.215275              6144                       0.161602                  2.183297                     0.166854                         0.127976                        0.145266                      0.126645
              round_robin   6144                 0.232639 1.925147  5.665330 0.830767 0.898989 1.832496          0.170037    -0.190459    1.555000       1.64            1.98                    0.0                  0.0    0.294922                1530           0.249023                0.232639              6144                       0.170037                  2.305860                     0.175922                         0.132360                        0.154965                      0.131315
                      aoi   6144                 0.195173 2.535979 13.006656 0.835444 0.798021 1.703415          0.195148    -0.221835    1.621777       1.70            2.33                    0.0                  0.0    0.294922                1980           0.322266                0.195173              6144                       0.195148                  2.599799                     0.203136                         0.144006                        0.158999                      0.145019
                   random   6144                 0.157382 2.464586 15.090386 0.834611 0.856943 1.562259          0.201165    -0.229517    1.607090       1.70            2.33                    0.0                  0.0    0.294922                2112           0.343750                0.157382              6144                       0.201165                  3.102264                     0.209184                         0.149827                        0.166728                      0.149097
