custom_ppo_update update=1 timesteps=2048 loss=0.368531 entropy=1.968260 adv_std=0.477063 awbc_label_rate=0.250
custom_ppo_update update=2 timesteps=4096 loss=0.767357 entropy=1.987620 adv_std=1.554876 awbc_label_rate=0.250
custom_ppo_update update=3 timesteps=6144 loss=0.907688 entropy=1.985164 adv_std=1.842407 awbc_label_rate=0.250
custom_ppo_update update=4 timesteps=8192 loss=1.121340 entropy=1.980389 adv_std=2.293027 awbc_label_rate=0.250
custom_ppo_update update=5 timesteps=10240 loss=0.900559 entropy=1.994608 adv_std=2.399548 awbc_label_rate=0.250
custom_ppo_update update=6 timesteps=12288 loss=0.891860 entropy=2.019795 adv_std=2.432113 awbc_label_rate=0.250
custom_ppo_update update=7 timesteps=14336 loss=0.761395 entropy=2.030628 adv_std=2.518988 awbc_label_rate=0.250
custom_ppo_update update=8 timesteps=16384 loss=0.790301 entropy=2.029529 adv_std=2.491436 awbc_label_rate=0.250
custom_ppo_update update=9 timesteps=18432 loss=0.957305 entropy=2.027283 adv_std=2.607625 awbc_label_rate=0.250
custom_ppo_update update=10 timesteps=20480 loss=0.900663 entropy=2.030470 adv_std=2.838767 awbc_label_rate=0.250
custom_ppo_update update=11 timesteps=22528 loss=0.832461 entropy=2.046597 adv_std=2.830133 awbc_label_rate=0.250
custom_ppo_update update=12 timesteps=24576 loss=0.564716 entropy=2.019861 adv_std=2.286489 awbc_label_rate=0.250
custom_ppo_update update=13 timesteps=26624 loss=0.955497 entropy=2.029209 adv_std=2.870745 awbc_label_rate=0.250
custom_ppo_update update=14 timesteps=28672 loss=0.714378 entropy=2.025344 adv_std=3.166198 awbc_label_rate=0.250
custom_ppo_update update=15 timesteps=30720 loss=0.835238 entropy=2.018077 adv_std=2.688381 awbc_label_rate=0.250
custom_ppo_update update=16 timesteps=32768 loss=0.783858 entropy=2.012521 adv_std=2.778492 awbc_label_rate=0.250
custom_ppo_update update=17 timesteps=34816 loss=0.737492 entropy=2.017031 adv_std=3.009493 awbc_label_rate=0.250
custom_ppo_update update=18 timesteps=36864 loss=1.155010 entropy=2.026875 adv_std=3.054117 awbc_label_rate=0.250
custom_ppo_update update=19 timesteps=38912 loss=0.802862 entropy=2.027250 adv_std=2.590248 awbc_label_rate=0.250
custom_ppo_update update=20 timesteps=40960 loss=0.824711 entropy=1.989821 adv_std=3.199316 awbc_label_rate=0.250
custom_ppo_update update=21 timesteps=43008 loss=0.948207 entropy=2.008913 adv_std=2.726500 awbc_label_rate=0.250
custom_ppo_update update=22 timesteps=45056 loss=0.778380 entropy=2.013431 adv_std=2.778343 awbc_label_rate=0.250
custom_ppo_update update=23 timesteps=47104 loss=1.216720 entropy=2.027259 adv_std=2.830780 awbc_label_rate=0.250
custom_ppo_update update=24 timesteps=49152 loss=0.904445 entropy=2.017511 adv_std=2.990806 awbc_label_rate=0.250
custom_ppo_update update=25 timesteps=51200 loss=1.045979 entropy=2.037494 adv_std=3.427886 awbc_label_rate=0.250
custom_ppo_update update=26 timesteps=53248 loss=0.977011 entropy=2.021411 adv_std=3.388270 awbc_label_rate=0.250
custom_ppo_update update=27 timesteps=55296 loss=1.098688 entropy=1.990123 adv_std=3.383934 awbc_label_rate=0.250
custom_ppo_update update=28 timesteps=57344 loss=0.929171 entropy=1.992290 adv_std=3.155416 awbc_label_rate=0.250
custom_ppo_update update=29 timesteps=59392 loss=1.122714 entropy=2.006012 adv_std=3.192281 awbc_label_rate=0.250
custom_ppo_update update=30 timesteps=61440 loss=1.142954 entropy=2.007037 adv_std=3.647392 awbc_label_rate=0.250
custom_ppo_update update=31 timesteps=63488 loss=1.098777 entropy=2.035905 adv_std=3.210230 awbc_label_rate=0.250
custom_ppo_update update=32 timesteps=65536 loss=1.075337 entropy=2.017653 adv_std=2.775821 awbc_label_rate=0.250
custom_ppo_update update=33 timesteps=67584 loss=1.041657 entropy=2.018216 adv_std=3.147370 awbc_label_rate=0.250
custom_ppo_update update=34 timesteps=69632 loss=0.877118 entropy=1.988669 adv_std=3.241536 awbc_label_rate=0.250
custom_ppo_update update=35 timesteps=71680 loss=0.765445 entropy=2.019380 adv_std=2.573945 awbc_label_rate=0.250
custom_ppo_update update=36 timesteps=73728 loss=0.850726 entropy=2.005668 adv_std=3.201060 awbc_label_rate=0.250
custom_ppo_update update=37 timesteps=75776 loss=0.672749 entropy=2.009357 adv_std=2.490360 awbc_label_rate=0.250
custom_ppo_update update=38 timesteps=77824 loss=0.826491 entropy=2.002553 adv_std=2.983696 awbc_label_rate=0.250
custom_ppo_update update=39 timesteps=79872 loss=1.050759 entropy=2.037257 adv_std=3.402786 awbc_label_rate=0.250
custom_ppo_update update=40 timesteps=81920 loss=1.071579 entropy=2.009595 adv_std=3.129987 awbc_label_rate=0.250
custom_ppo_update update=41 timesteps=83968 loss=0.684600 entropy=2.005358 adv_std=2.950721 awbc_label_rate=0.250
custom_ppo_update update=42 timesteps=86016 loss=0.537891 entropy=1.997154 adv_std=2.174212 awbc_label_rate=0.250
custom_ppo_update update=43 timesteps=88064 loss=0.682337 entropy=1.998258 adv_std=2.536780 awbc_label_rate=0.250
custom_ppo_update update=44 timesteps=90112 loss=0.951691 entropy=2.011425 adv_std=3.038971 awbc_label_rate=0.250
custom_ppo_update update=45 timesteps=92160 loss=0.852952 entropy=2.031557 adv_std=2.736974 awbc_label_rate=0.250
custom_ppo_update update=46 timesteps=94208 loss=0.911528 entropy=1.984678 adv_std=2.954960 awbc_label_rate=0.250
custom_ppo_update update=47 timesteps=96256 loss=0.673844 entropy=2.014668 adv_std=2.716582 awbc_label_rate=0.250
custom_ppo_update update=48 timesteps=98304 loss=0.849061 entropy=2.027248 adv_std=2.553902 awbc_label_rate=0.250
custom_ppo_update update=49 timesteps=100000 loss=0.823315 entropy=2.030056 adv_std=2.890699 awbc_label_rate=0.250
reports/v31_ablation_aligned/raw/A2_staged_v31_aligned/D4_plus_oracle_prior_full/budget1p70_seed44/v2_custom_ppo_metrics.csv
                   policy  steps  reward_mean  instant_mae  oracle_loss_mean  dtw_mean  power_mean  peak_power_max  event_rate  warmup_abort_count
  full_open_unconstrained   6144    -0.152109     1.671129          0.152107  1.632087    4.620000            6.28    0.402669                   0
feasible_static_projected   6144    -0.160324     2.782945          0.160323  2.680502    1.460000            1.95    0.402669                   0
              round_robin   6144    -0.185901    11.733168          0.165479  5.923856    1.555000            1.98    0.402669                1530
               custom_ppo   6144    -0.169855     2.830317          0.168147  2.709825    1.530547            2.18    0.402669                 127
                      aoi   6144    -0.216744    27.436665          0.178330 11.338480    1.623031            2.33    0.402669                2880
                   random   6144    -0.212369    23.250757          0.187647  9.981687    1.601875            2.33    0.402669                1836
reports/v31_ablation_aligned/raw/A2_staged_v31_aligned/D4_plus_oracle_prior_full/budget1p70_seed44/evaluation/v2_eval_overall.csv
                   policy  steps  weighted_normalized_mae      mae      rmse    smape  pearson      dtw  oracle_loss_mean  reward_mean  power_mean  power_max  peak_power_max  steady_violation_rate  peak_violation_rate  event_rate  warmup_abort_count  warmup_abort_rate  obs_reconstruction_mae  forecast_samples  forecast_weighted_mae_overall  forecast_raw_mae_overall  forecast_weighted_mae_event  forecast_weighted_mae_non_event  forecast_weighted_mae_low_temp  forecast_weighted_mae_normal
  full_open_unconstrained   6144                 0.067781 0.800943  2.748866 0.718983 0.900087 0.774163          0.152107    -0.152109    4.620000       4.62            6.28                    1.0                  1.0    0.402669                   0           0.000000                0.067781              6144                       0.152107                  2.093694                     0.155990                         0.116494                        0.116902                      0.126921
feasible_static_projected   6144                 0.228892 1.778877  4.314012 0.794750 0.937501 1.743710          0.160323    -0.160324    1.460000       1.46            1.95                    0.0                  0.0    0.402669                   0           0.000000                0.228892              6144                       0.160323                  2.208611                     0.164240                         0.124398                        0.126639                      0.124147
              round_robin   6144                 0.247318 1.967219  5.144900 0.795538 0.912513 1.827648          0.165479    -0.185901    1.555000       1.64            1.98                    0.0                  0.0    0.402669                1530           0.249023                0.247318              6144                       0.165479                  2.249965                     0.169375                         0.129742                        0.133708                      0.128047
               custom_ppo   6144                 0.235198 1.822024  4.359190 0.800817 0.916120 1.757052          0.168147    -0.169855    1.530547       1.60            2.18                    0.0                  0.0    0.402669                 127           0.020671                0.235198              6144                       0.168147                  2.212975                     0.172638                         0.126961                        0.133065                      0.127718
                      aoi   6144                 0.150457 2.404934 12.732274 0.791728 0.878528 1.523028          0.178330    -0.216744    1.623031       1.70            2.33                    0.0                  0.0    0.402669                2880           0.468750                0.150457              6144                       0.178330                  2.879993                     0.183021                         0.135299                        0.141495                      0.137105
                   random   6144                 0.167849 2.592932 15.894051 0.811629 0.848777 1.599662          0.187647    -0.212369    1.601875       1.70            2.33                    0.0                  0.0    0.402669                1836           0.298828                0.167849              6144                       0.187647                  3.345592                     0.192548                         0.142697                        0.148151                      0.142247
