custom_ppo_update update=1 timesteps=2048 loss=0.661326 entropy=2.387843 adv_std=1.090266 awbc_label_rate=0.250
custom_ppo_update update=2 timesteps=4096 loss=0.807100 entropy=2.379229 adv_std=1.692951 awbc_label_rate=0.250
custom_ppo_update update=3 timesteps=6144 loss=0.899574 entropy=2.369559 adv_std=2.018191 awbc_label_rate=0.250
custom_ppo_update update=4 timesteps=8192 loss=0.848638 entropy=2.349617 adv_std=2.265682 awbc_label_rate=0.250
custom_ppo_update update=5 timesteps=10240 loss=0.667817 entropy=2.341525 adv_std=2.013222 awbc_label_rate=0.250
custom_ppo_update update=6 timesteps=12288 loss=0.629262 entropy=2.330021 adv_std=2.712107 awbc_label_rate=0.250
custom_ppo_update update=7 timesteps=14336 loss=0.768153 entropy=2.316372 adv_std=2.611994 awbc_label_rate=0.250
custom_ppo_update update=8 timesteps=16384 loss=0.870156 entropy=2.297041 adv_std=2.278462 awbc_label_rate=0.250
custom_ppo_update update=9 timesteps=18432 loss=0.888849 entropy=2.280032 adv_std=3.050889 awbc_label_rate=0.250
custom_ppo_update update=10 timesteps=20480 loss=0.751422 entropy=2.268248 adv_std=2.951342 awbc_label_rate=0.250
custom_ppo_update update=11 timesteps=22528 loss=1.233721 entropy=2.241346 adv_std=2.776695 awbc_label_rate=0.250
custom_ppo_update update=12 timesteps=24576 loss=0.823264 entropy=2.230125 adv_std=2.917337 awbc_label_rate=0.250
custom_ppo_update update=13 timesteps=26624 loss=0.875839 entropy=2.230154 adv_std=3.171869 awbc_label_rate=0.250
custom_ppo_update update=14 timesteps=28672 loss=0.766039 entropy=2.199745 adv_std=2.945988 awbc_label_rate=0.250
custom_ppo_update update=15 timesteps=30720 loss=0.760543 entropy=2.209772 adv_std=2.678989 awbc_label_rate=0.250
custom_ppo_update update=16 timesteps=32768 loss=0.572965 entropy=2.183869 adv_std=2.413098 awbc_label_rate=0.250
custom_ppo_update update=17 timesteps=34816 loss=0.829383 entropy=2.174535 adv_std=2.785754 awbc_label_rate=0.250
custom_ppo_update update=18 timesteps=36864 loss=0.582191 entropy=2.136435 adv_std=2.481648 awbc_label_rate=0.250
custom_ppo_update update=19 timesteps=38912 loss=0.601217 entropy=2.133302 adv_std=2.657797 awbc_label_rate=0.250
custom_ppo_update update=20 timesteps=40960 loss=0.620312 entropy=2.079587 adv_std=2.548837 awbc_label_rate=0.250
custom_ppo_update update=21 timesteps=43008 loss=0.760798 entropy=2.085787 adv_std=3.063850 awbc_label_rate=0.250
custom_ppo_update update=22 timesteps=45056 loss=0.578403 entropy=1.976181 adv_std=2.514736 awbc_label_rate=0.250
custom_ppo_update update=23 timesteps=47104 loss=0.509333 entropy=2.023326 adv_std=2.399720 awbc_label_rate=0.250
custom_ppo_update update=24 timesteps=49152 loss=0.605229 entropy=2.011220 adv_std=2.477755 awbc_label_rate=0.250
custom_ppo_update update=25 timesteps=51200 loss=0.538701 entropy=1.968013 adv_std=2.201884 awbc_label_rate=0.250
custom_ppo_update update=26 timesteps=53248 loss=0.913591 entropy=1.981708 adv_std=3.026085 awbc_label_rate=0.250
custom_ppo_update update=27 timesteps=55296 loss=0.727617 entropy=1.950533 adv_std=2.757674 awbc_label_rate=0.250
custom_ppo_update update=28 timesteps=57344 loss=0.584451 entropy=1.927451 adv_std=2.375593 awbc_label_rate=0.250
custom_ppo_update update=29 timesteps=59392 loss=0.766188 entropy=1.913640 adv_std=3.212397 awbc_label_rate=0.250
custom_ppo_update update=30 timesteps=61440 loss=0.441428 entropy=1.933080 adv_std=2.342500 awbc_label_rate=0.250
custom_ppo_update update=31 timesteps=63488 loss=0.597023 entropy=2.008511 adv_std=2.787539 awbc_label_rate=0.250
custom_ppo_update update=32 timesteps=65536 loss=0.445114 entropy=1.918825 adv_std=2.237962 awbc_label_rate=0.250
custom_ppo_update update=33 timesteps=67584 loss=0.466715 entropy=1.902640 adv_std=2.321360 awbc_label_rate=0.250
custom_ppo_update update=34 timesteps=69632 loss=0.377482 entropy=1.870796 adv_std=2.020035 awbc_label_rate=0.250
custom_ppo_update update=35 timesteps=71680 loss=0.427678 entropy=1.891867 adv_std=1.929041 awbc_label_rate=0.250
custom_ppo_update update=36 timesteps=73728 loss=0.523413 entropy=1.908016 adv_std=2.115962 awbc_label_rate=0.250
custom_ppo_update update=37 timesteps=75776 loss=0.519529 entropy=1.890462 adv_std=2.432503 awbc_label_rate=0.250
custom_ppo_update update=38 timesteps=77824 loss=0.421965 entropy=1.902560 adv_std=2.236256 awbc_label_rate=0.250
custom_ppo_update update=39 timesteps=79872 loss=0.439534 entropy=1.915002 adv_std=2.165527 awbc_label_rate=0.250
custom_ppo_update update=40 timesteps=81920 loss=0.566414 entropy=1.941616 adv_std=2.498460 awbc_label_rate=0.250
custom_ppo_update update=41 timesteps=83968 loss=0.656553 entropy=1.884724 adv_std=2.801624 awbc_label_rate=0.250
custom_ppo_update update=42 timesteps=86016 loss=0.568470 entropy=1.899081 adv_std=2.616962 awbc_label_rate=0.250
custom_ppo_update update=43 timesteps=88064 loss=0.662774 entropy=1.736084 adv_std=2.375941 awbc_label_rate=0.250
custom_ppo_update update=44 timesteps=90112 loss=0.548160 entropy=1.851964 adv_std=2.240523 awbc_label_rate=0.250
custom_ppo_update update=45 timesteps=92160 loss=0.586067 entropy=1.825977 adv_std=2.364706 awbc_label_rate=0.250
custom_ppo_update update=46 timesteps=94208 loss=0.511962 entropy=1.786918 adv_std=2.230148 awbc_label_rate=0.250
custom_ppo_update update=47 timesteps=96256 loss=0.689348 entropy=1.728806 adv_std=2.891251 awbc_label_rate=0.250
custom_ppo_update update=48 timesteps=98304 loss=0.857671 entropy=1.907754 adv_std=3.001139 awbc_label_rate=0.250
custom_ppo_update update=49 timesteps=100000 loss=0.723523 entropy=1.819249 adv_std=2.806354 awbc_label_rate=0.250
reports/v31_ablation_aligned/raw/A2_staged_v31_aligned/D3_plus_awbc/budget1p70_seed42/v2_custom_ppo_metrics.csv
                   policy  steps  reward_mean  instant_mae  oracle_loss_mean  dtw_mean  power_mean  peak_power_max  event_rate  warmup_abort_count
  full_open_unconstrained   6144    -0.143337     1.651890          0.143335  1.611176    4.620000            6.28    0.281738                   0
               custom_ppo   6144    -0.162693     4.005837          0.161932  2.838359    1.587829            2.33    0.281738                  42
feasible_static_projected   6144    -0.162949     2.875996          0.162948  2.766387    1.460000            1.95    0.281738                   0
              round_robin   6144    -0.185436     8.014126          0.165014  4.871508    1.555000            1.98    0.281738                1530
                   random   6144    -0.207886    14.161544          0.182328  6.942919    1.603320            2.33    0.281738                1902
                      aoi   6144    -0.232524    17.742501          0.198800  8.109821    1.622529            2.33    0.281738                2520
reports/v31_ablation_aligned/raw/A2_staged_v31_aligned/D3_plus_awbc/budget1p70_seed42/evaluation/v2_eval_overall.csv
                   policy  steps  weighted_normalized_mae      mae      rmse    smape  pearson      dtw  oracle_loss_mean  reward_mean  power_mean  power_max  peak_power_max  steady_violation_rate  peak_violation_rate  event_rate  warmup_abort_count  warmup_abort_rate  obs_reconstruction_mae  forecast_samples  forecast_weighted_mae_overall  forecast_raw_mae_overall  forecast_weighted_mae_event  forecast_weighted_mae_non_event  forecast_weighted_mae_low_temp  forecast_weighted_mae_normal
  full_open_unconstrained   6144                 0.064247 0.785416  2.721259 0.778653 0.898708 0.769587          0.143335    -0.143337    4.620000       4.62            6.28                    1.0                  1.0    0.281738                   0           0.000000                0.064247              6144                       0.143335                  1.857030                     0.151718                         0.113622                        0.118448                      0.121942
               custom_ppo   6144                 0.175988 1.344640  3.708104 0.845390 0.796526 1.172225          0.161932    -0.162693    1.587829       1.70            2.33                    0.0                  0.0    0.281738                  42           0.006836                0.175988              6144                       0.161932                  2.091584                     0.172296                         0.125196                        0.133914                      0.132795
feasible_static_projected   6144                 0.241754 1.871853  4.569193 0.850586 0.929557 1.846283          0.162948    -0.162949    1.460000       1.46            1.95                    0.0                  0.0    0.281738                   0           0.000000                0.241754              6144                       0.162948                  2.002997                     0.171298                         0.133353                        0.125328                      0.148597
              round_robin   6144                 0.257567 2.060288  5.598071 0.851817 0.897150 1.987511          0.165014    -0.185436    1.555000       1.64            1.98                    0.0                  0.0    0.281738                1530           0.249023                0.257567              6144                       0.165014                  2.184439                     0.173041                         0.136563                        0.136445                      0.140293
                   random   6144                 0.146054 2.203981 15.041418 0.841125 0.870052 1.470958          0.182328    -0.207886    1.603320       1.70            2.33                    0.0                  0.0    0.281738                1902           0.309570                0.146054              6144                       0.182328                  3.044300                     0.189229                         0.157871                        0.148651                      0.161240
                      aoi   6144                 0.150681 2.040612 11.756319 0.834888 0.851025 1.413702          0.198800    -0.232524    1.622529       1.70            2.33                    0.0                  0.0    0.281738                2520           0.410156                0.150681              6144                       0.198800                  2.672488                     0.207526                         0.167873                        0.150666                      0.181853
