custom_ppo_update update=1 timesteps=2048 loss=0.935691 entropy=2.389809 adv_std=1.637592 awbc_label_rate=0.250
custom_ppo_update update=2 timesteps=4096 loss=0.799852 entropy=2.381045 adv_std=1.872462 awbc_label_rate=0.250
custom_ppo_update update=3 timesteps=6144 loss=1.076686 entropy=2.367853 adv_std=1.959546 awbc_label_rate=0.250
custom_ppo_update update=4 timesteps=8192 loss=0.900288 entropy=2.347582 adv_std=2.243006 awbc_label_rate=0.250
custom_ppo_update update=5 timesteps=10240 loss=0.770063 entropy=2.333442 adv_std=2.333926 awbc_label_rate=0.250
custom_ppo_update update=6 timesteps=12288 loss=0.769214 entropy=2.323972 adv_std=2.416909 awbc_label_rate=0.250
custom_ppo_update update=7 timesteps=14336 loss=0.625267 entropy=2.299357 adv_std=2.179578 awbc_label_rate=0.250
custom_ppo_update update=8 timesteps=16384 loss=0.894528 entropy=2.283406 adv_std=2.939813 awbc_label_rate=0.250
custom_ppo_update update=9 timesteps=18432 loss=0.899745 entropy=2.252222 adv_std=2.730274 awbc_label_rate=0.250
custom_ppo_update update=10 timesteps=20480 loss=0.614595 entropy=2.230288 adv_std=2.491957 awbc_label_rate=0.250
custom_ppo_update update=11 timesteps=22528 loss=1.033520 entropy=2.209809 adv_std=2.798581 awbc_label_rate=0.250
custom_ppo_update update=12 timesteps=24576 loss=1.376787 entropy=2.200320 adv_std=3.244341 awbc_label_rate=0.250
custom_ppo_update update=13 timesteps=26624 loss=1.399791 entropy=2.192557 adv_std=3.468194 awbc_label_rate=0.250
custom_ppo_update update=14 timesteps=28672 loss=1.203653 entropy=2.163313 adv_std=3.324178 awbc_label_rate=0.250
custom_ppo_update update=15 timesteps=30720 loss=1.256804 entropy=2.179919 adv_std=3.263844 awbc_label_rate=0.250
custom_ppo_update update=16 timesteps=32768 loss=0.744372 entropy=2.133970 adv_std=3.254455 awbc_label_rate=0.250
custom_ppo_update update=17 timesteps=34816 loss=0.970690 entropy=2.113881 adv_std=3.274290 awbc_label_rate=0.250
custom_ppo_update update=18 timesteps=36864 loss=1.230392 entropy=2.088757 adv_std=3.700271 awbc_label_rate=0.250
custom_ppo_update update=19 timesteps=38912 loss=1.601620 entropy=2.100502 adv_std=3.550890 awbc_label_rate=0.250
custom_ppo_update update=20 timesteps=40960 loss=1.387367 entropy=2.094877 adv_std=3.852633 awbc_label_rate=0.250
custom_ppo_update update=21 timesteps=43008 loss=1.329908 entropy=2.005519 adv_std=3.405168 awbc_label_rate=0.250
custom_ppo_update update=22 timesteps=45056 loss=0.741050 entropy=2.021458 adv_std=3.126902 awbc_label_rate=0.250
custom_ppo_update update=23 timesteps=47104 loss=1.108170 entropy=2.020370 adv_std=3.229445 awbc_label_rate=0.250
custom_ppo_update update=24 timesteps=49152 loss=0.653855 entropy=1.960374 adv_std=2.739694 awbc_label_rate=0.250
custom_ppo_update update=25 timesteps=51200 loss=1.166965 entropy=1.973383 adv_std=3.070050 awbc_label_rate=0.250
custom_ppo_update update=26 timesteps=53248 loss=0.956873 entropy=1.999917 adv_std=3.923152 awbc_label_rate=0.250
custom_ppo_update update=27 timesteps=55296 loss=0.825637 entropy=2.002710 adv_std=3.651370 awbc_label_rate=0.250
custom_ppo_update update=28 timesteps=57344 loss=1.205866 entropy=1.963389 adv_std=3.248079 awbc_label_rate=0.250
custom_ppo_update update=29 timesteps=59392 loss=0.787616 entropy=1.892479 adv_std=3.261548 awbc_label_rate=0.250
custom_ppo_update update=30 timesteps=61440 loss=0.960308 entropy=1.974623 adv_std=3.366895 awbc_label_rate=0.250
custom_ppo_update update=31 timesteps=63488 loss=0.625623 entropy=1.943204 adv_std=3.212187 awbc_label_rate=0.250
custom_ppo_update update=32 timesteps=65536 loss=0.801727 entropy=1.902307 adv_std=3.049732 awbc_label_rate=0.250
custom_ppo_update update=33 timesteps=67584 loss=0.729354 entropy=1.894505 adv_std=3.154622 awbc_label_rate=0.250
custom_ppo_update update=34 timesteps=69632 loss=0.669183 entropy=1.879655 adv_std=2.693050 awbc_label_rate=0.250
custom_ppo_update update=35 timesteps=71680 loss=0.594754 entropy=1.879188 adv_std=2.767779 awbc_label_rate=0.250
custom_ppo_update update=36 timesteps=73728 loss=0.697675 entropy=1.932617 adv_std=2.966637 awbc_label_rate=0.250
custom_ppo_update update=37 timesteps=75776 loss=0.672784 entropy=1.871430 adv_std=3.006167 awbc_label_rate=0.250
custom_ppo_update update=38 timesteps=77824 loss=0.742424 entropy=1.864095 adv_std=2.371300 awbc_label_rate=0.250
custom_ppo_update update=39 timesteps=79872 loss=0.567131 entropy=1.829913 adv_std=2.514464 awbc_label_rate=0.250
custom_ppo_update update=40 timesteps=81920 loss=0.929135 entropy=1.888617 adv_std=3.187941 awbc_label_rate=0.250
custom_ppo_update update=41 timesteps=83968 loss=0.562181 entropy=1.844364 adv_std=2.787628 awbc_label_rate=0.250
custom_ppo_update update=42 timesteps=86016 loss=0.789404 entropy=1.915384 adv_std=2.960142 awbc_label_rate=0.250
custom_ppo_update update=43 timesteps=88064 loss=0.866959 entropy=1.899812 adv_std=2.858562 awbc_label_rate=0.250
custom_ppo_update update=44 timesteps=90112 loss=0.603573 entropy=1.873383 adv_std=2.648448 awbc_label_rate=0.250
custom_ppo_update update=45 timesteps=92160 loss=0.865855 entropy=1.835128 adv_std=2.808505 awbc_label_rate=0.250
custom_ppo_update update=46 timesteps=94208 loss=0.673698 entropy=1.760756 adv_std=2.942767 awbc_label_rate=0.250
custom_ppo_update update=47 timesteps=96256 loss=0.789309 entropy=1.873005 adv_std=3.155207 awbc_label_rate=0.250
custom_ppo_update update=48 timesteps=98304 loss=0.964567 entropy=1.766858 adv_std=3.110499 awbc_label_rate=0.250
custom_ppo_update update=49 timesteps=100000 loss=0.759572 entropy=1.813222 adv_std=3.200320 awbc_label_rate=0.250
reports/v31_ablation_aligned/raw/A2_staged_v31_aligned/D3_plus_awbc/budget1p70_seed46/v2_custom_ppo_metrics.csv
                   policy  steps  reward_mean  instant_mae  oracle_loss_mean  dtw_mean  power_mean  peak_power_max  event_rate  warmup_abort_count
  full_open_unconstrained   6144    -0.159730     1.648961          0.159728  1.615355    4.620000            6.28    0.342448                   0
feasible_static_projected   6144    -0.166092     2.849922          0.166091  2.751123    1.460000            1.95    0.342448                   0
              round_robin   6144    -0.198742    10.933967          0.178320  6.131684    1.555000            1.98    0.342448                1530
               custom_ppo   6144    -0.179902     5.386847          0.179125  3.584522    1.567236            2.33    0.342448                  45
                   random   6144    -0.224824    26.214098          0.198835 11.447144    1.605879            2.33    0.342448                1932
                      aoi   6144    -0.230255    29.686459          0.198877 12.564523    1.622279            2.33    0.342448                2340
reports/v31_ablation_aligned/raw/A2_staged_v31_aligned/D3_plus_awbc/budget1p70_seed46/evaluation/v2_eval_overall.csv
                   policy  steps  weighted_normalized_mae      mae      rmse    smape  pearson      dtw  oracle_loss_mean  reward_mean  power_mean  power_max  peak_power_max  steady_violation_rate  peak_violation_rate  event_rate  warmup_abort_count  warmup_abort_rate  obs_reconstruction_mae  forecast_samples  forecast_weighted_mae_overall  forecast_raw_mae_overall  forecast_weighted_mae_event  forecast_weighted_mae_non_event  forecast_weighted_mae_low_temp  forecast_weighted_mae_normal
  full_open_unconstrained   6144                 0.065759 0.796695  2.744231 0.724273 0.908048 0.775357          0.159728    -0.159730    4.620000       4.62            6.28                    1.0                  1.0    0.342448                   0           0.000000                0.065759              6144                       0.159728                  2.126485                     0.167166                         0.115933                        0.135571                      0.100300
feasible_static_projected   6144                 0.242277 1.864975  4.435137 0.809333 0.936060 1.832704          0.166091    -0.166092    1.460000       1.46            1.95                    0.0                  0.0    0.342448                   0           0.000000                0.242277              6144                       0.166091                  2.211228                     0.174039                         0.119291                        0.142348                      0.113475
              round_robin   6144                 0.264489 2.121410  5.736642 0.814151 0.901761 2.017724          0.178320    -0.198742    1.555000       1.64            1.98                    0.0                  0.0    0.342448                1530           0.249023                0.264489              6144                       0.178320                  2.363625                     0.187868                         0.122105                        0.145633                      0.112166
               custom_ppo   6144                 0.188669 1.517070  4.107407 0.806491 0.812819 1.326722          0.179125    -0.179902    1.567236       1.70            2.33                    0.0                  0.0    0.342448                  45           0.007324                0.188669              6144                       0.179125                  2.367836                     0.186809                         0.133885                        0.152039                      0.113181
                   random   6144                 0.165159 2.525385 14.472154 0.819209 0.848749 1.584431          0.198835    -0.224824    1.605879       1.70            2.33                    0.0                  0.0    0.342448                1932           0.314453                0.165159              6144                       0.198835                  3.270810                     0.209360                         0.136865                        0.155443                      0.135004
                      aoi   6144                 0.168009 2.471082 11.774839 0.817905 0.833378 1.660458          0.198877    -0.230255    1.622279       1.70            2.33                    0.0                  0.0    0.342448                2340           0.380859                0.168009              6144                       0.198877                  2.844128                     0.211386                         0.125225                        0.149560                      0.125000
