custom_ppo_update update=1 timesteps=2048 loss=0.464320 entropy=2.386488 adv_std=1.459796 awbc_label_rate=0.000
custom_ppo_update update=2 timesteps=4096 loss=0.361967 entropy=2.379072 adv_std=1.701841 awbc_label_rate=0.000
custom_ppo_update update=3 timesteps=6144 loss=0.665405 entropy=2.367299 adv_std=1.721992 awbc_label_rate=0.000
custom_ppo_update update=4 timesteps=8192 loss=1.041342 entropy=2.363724 adv_std=2.705641 awbc_label_rate=0.000
custom_ppo_update update=5 timesteps=10240 loss=1.088148 entropy=2.366264 adv_std=2.682351 awbc_label_rate=0.000
custom_ppo_update update=6 timesteps=12288 loss=0.835940 entropy=2.359402 adv_std=2.967303 awbc_label_rate=0.000
custom_ppo_update update=7 timesteps=14336 loss=0.732420 entropy=2.349572 adv_std=2.778757 awbc_label_rate=0.000
custom_ppo_update update=8 timesteps=16384 loss=0.757226 entropy=2.341796 adv_std=2.741117 awbc_label_rate=0.000
custom_ppo_update update=9 timesteps=18432 loss=0.819771 entropy=2.322806 adv_std=3.373865 awbc_label_rate=0.000
custom_ppo_update update=10 timesteps=20480 loss=0.990120 entropy=2.323179 adv_std=3.334639 awbc_label_rate=0.000
custom_ppo_update update=11 timesteps=22528 loss=1.278462 entropy=2.316548 adv_std=3.876549 awbc_label_rate=0.000
custom_ppo_update update=12 timesteps=24576 loss=1.355182 entropy=2.305712 adv_std=3.560729 awbc_label_rate=0.000
custom_ppo_update update=13 timesteps=26624 loss=0.687285 entropy=2.303743 adv_std=3.334635 awbc_label_rate=0.000
custom_ppo_update update=14 timesteps=28672 loss=0.985674 entropy=2.306985 adv_std=3.266226 awbc_label_rate=0.000
custom_ppo_update update=15 timesteps=30720 loss=0.722313 entropy=2.276105 adv_std=3.410670 awbc_label_rate=0.000
custom_ppo_update update=16 timesteps=32768 loss=1.182069 entropy=2.271674 adv_std=3.871888 awbc_label_rate=0.000
custom_ppo_update update=17 timesteps=34816 loss=0.818912 entropy=2.275605 adv_std=3.267447 awbc_label_rate=0.000
custom_ppo_update update=18 timesteps=36864 loss=0.959224 entropy=2.251804 adv_std=3.436275 awbc_label_rate=0.000
custom_ppo_update update=19 timesteps=38912 loss=0.623472 entropy=2.235854 adv_std=3.129666 awbc_label_rate=0.000
custom_ppo_update update=20 timesteps=40960 loss=0.674969 entropy=2.239593 adv_std=3.092185 awbc_label_rate=0.000
custom_ppo_update update=21 timesteps=43008 loss=0.561079 entropy=2.225554 adv_std=2.909041 awbc_label_rate=0.000
custom_ppo_update update=22 timesteps=45056 loss=0.586557 entropy=2.228507 adv_std=2.918323 awbc_label_rate=0.000
custom_ppo_update update=23 timesteps=47104 loss=0.916900 entropy=2.221342 adv_std=3.554995 awbc_label_rate=0.000
custom_ppo_update update=24 timesteps=49152 loss=0.576602 entropy=2.202083 adv_std=3.045291 awbc_label_rate=0.000
custom_ppo_update update=25 timesteps=51200 loss=0.599181 entropy=2.186545 adv_std=2.970850 awbc_label_rate=0.000
custom_ppo_update update=26 timesteps=53248 loss=0.715359 entropy=2.187231 adv_std=2.842954 awbc_label_rate=0.000
custom_ppo_update update=27 timesteps=55296 loss=0.593528 entropy=2.178838 adv_std=2.874092 awbc_label_rate=0.000
custom_ppo_update update=28 timesteps=57344 loss=0.582916 entropy=2.181597 adv_std=3.243964 awbc_label_rate=0.000
custom_ppo_update update=29 timesteps=59392 loss=0.670884 entropy=2.148432 adv_std=3.055924 awbc_label_rate=0.000
custom_ppo_update update=30 timesteps=61440 loss=0.677415 entropy=2.151284 adv_std=2.789518 awbc_label_rate=0.000
custom_ppo_update update=31 timesteps=63488 loss=0.718928 entropy=2.121170 adv_std=3.509552 awbc_label_rate=0.000
custom_ppo_update update=32 timesteps=65536 loss=0.704151 entropy=2.127894 adv_std=2.909868 awbc_label_rate=0.000
custom_ppo_update update=33 timesteps=67584 loss=0.863217 entropy=2.096152 adv_std=3.347943 awbc_label_rate=0.000
custom_ppo_update update=34 timesteps=69632 loss=0.877520 entropy=2.068820 adv_std=3.536662 awbc_label_rate=0.000
custom_ppo_update update=35 timesteps=71680 loss=0.603415 entropy=2.102636 adv_std=2.927332 awbc_label_rate=0.000
custom_ppo_update update=36 timesteps=73728 loss=0.753769 entropy=2.108699 adv_std=2.928428 awbc_label_rate=0.000
custom_ppo_update update=37 timesteps=75776 loss=0.700339 entropy=2.054065 adv_std=2.828488 awbc_label_rate=0.000
custom_ppo_update update=38 timesteps=77824 loss=0.347109 entropy=2.104957 adv_std=2.691763 awbc_label_rate=0.000
custom_ppo_update update=39 timesteps=79872 loss=0.467114 entropy=2.045152 adv_std=2.811522 awbc_label_rate=0.000
custom_ppo_update update=40 timesteps=81920 loss=0.489458 entropy=2.030906 adv_std=3.028420 awbc_label_rate=0.000
custom_ppo_update update=41 timesteps=83968 loss=0.625698 entropy=2.072436 adv_std=3.062138 awbc_label_rate=0.000
custom_ppo_update update=42 timesteps=86016 loss=0.506997 entropy=2.019658 adv_std=2.328132 awbc_label_rate=0.000
custom_ppo_update update=43 timesteps=88064 loss=0.905997 entropy=2.054054 adv_std=3.310798 awbc_label_rate=0.000
custom_ppo_update update=44 timesteps=90112 loss=0.379348 entropy=1.948346 adv_std=2.555029 awbc_label_rate=0.000
custom_ppo_update update=45 timesteps=92160 loss=1.095286 entropy=2.068613 adv_std=3.181682 awbc_label_rate=0.000
custom_ppo_update update=46 timesteps=94208 loss=0.531584 entropy=1.991820 adv_std=3.168436 awbc_label_rate=0.000
custom_ppo_update update=47 timesteps=96256 loss=0.726127 entropy=2.029235 adv_std=3.234259 awbc_label_rate=0.000
custom_ppo_update update=48 timesteps=98304 loss=0.424827 entropy=1.951242 adv_std=2.550478 awbc_label_rate=0.000
custom_ppo_update update=49 timesteps=100000 loss=0.628364 entropy=2.016647 adv_std=2.932634 awbc_label_rate=0.000
reports/v31_ablation_aligned/raw/A2_staged_v31_aligned/D2_plus_event_critic/budget1p70_seed48/v2_custom_ppo_metrics.csv
                   policy  steps  reward_mean  instant_mae  oracle_loss_mean  dtw_mean  power_mean  peak_power_max  event_rate  warmup_abort_count
  full_open_unconstrained   6144    -0.146698     1.650129          0.146696  1.607705    4.620000            6.28    0.427897                   0
feasible_static_projected   6144    -0.154618     2.938921          0.154617  2.839613    1.460000            1.95    0.427897                   0
              round_robin   6144    -0.186855     8.711665          0.166433  5.071763    1.555000            1.98    0.427897                1530
                   random   6144    -0.206065    19.373400          0.179937  8.503455    1.604883            2.33    0.427897                1944
               custom_ppo   6144    -0.197326    19.921851          0.181809  8.408120    1.557376            2.33    0.427897                1145
                      aoi   6144    -0.217583    20.381528          0.183859  8.775460    1.622529            2.33    0.427897                2520
reports/v31_ablation_aligned/raw/A2_staged_v31_aligned/D2_plus_event_critic/budget1p70_seed48/evaluation/v2_eval_overall.csv
                   policy  steps  weighted_normalized_mae      mae      rmse    smape  pearson      dtw  oracle_loss_mean  reward_mean  power_mean  power_max  peak_power_max  steady_violation_rate  peak_violation_rate  event_rate  warmup_abort_count  warmup_abort_rate  obs_reconstruction_mae  forecast_samples  forecast_weighted_mae_overall  forecast_raw_mae_overall  forecast_weighted_mae_event  forecast_weighted_mae_non_event  forecast_weighted_mae_low_temp  forecast_weighted_mae_normal
  full_open_unconstrained   6144                 0.065446 0.791432  2.720734 0.732746 0.900536 0.770078          0.146696    -0.146698    4.620000       4.62            6.28                    1.0                  1.0    0.427897                   0           0.000000                0.065446              6144                       0.146696                  1.863658                     0.156779                         0.093048                        0.113108                      0.094767
feasible_static_projected   6144                 0.260038 1.985003  4.809548 0.800971 0.931678 1.953527          0.154617    -0.154618    1.460000       1.46            1.95                    0.0                  0.0    0.427897                   0           0.000000                0.260038              6144                       0.154617                  2.037991                     0.164591                         0.101546                        0.119768                      0.108215
              round_robin   6144                 0.278876 2.156739  5.566271 0.806508 0.897823 2.062749          0.166433    -0.186855    1.555000       1.64            1.98                    0.0                  0.0    0.427897                1530           0.249023                0.278876              6144                       0.166433                  2.123624                     0.177566                         0.107192                        0.128967                      0.115038
                   random   6144                 0.148933 2.020925 11.333339 0.801384 0.863574 1.344515          0.179937    -0.206065    1.604883       1.70            2.33                    0.0                  0.0    0.427897                1944           0.316406                0.148933              6144                       0.179937                  2.643606                     0.191633                         0.117702                        0.136362                      0.123865
               custom_ppo   6144                 0.200117 1.917440  8.565887 0.813571 0.751624 1.497190          0.181809    -0.197326    1.557376       1.70            2.33                    0.0                  0.0    0.427897                1145           0.186361                0.200117              6144                       0.181809                  2.437520                     0.193794                         0.118040                        0.141181                      0.119052
                      aoi   6144                 0.169816 2.014675  9.289376 0.795561 0.830296 1.387228          0.183859    -0.217583    1.622529       1.70            2.33                    0.0                  0.0    0.427897                2520           0.410156                0.169816              6144                       0.183859                  2.285678                     0.196955                         0.114179                        0.131225                      0.123868
