custom_ppo_update update=1 timesteps=2048 loss=0.414624 entropy=2.385443 adv_std=1.442852 awbc_label_rate=0.000
custom_ppo_update update=2 timesteps=4096 loss=0.338017 entropy=2.380246 adv_std=1.257162 awbc_label_rate=0.000
custom_ppo_update update=3 timesteps=6144 loss=0.934033 entropy=2.369134 adv_std=2.594529 awbc_label_rate=0.000
custom_ppo_update update=4 timesteps=8192 loss=0.852495 entropy=2.363718 adv_std=2.735840 awbc_label_rate=0.000
custom_ppo_update update=5 timesteps=10240 loss=0.729412 entropy=2.356647 adv_std=2.295993 awbc_label_rate=0.000
custom_ppo_update update=6 timesteps=12288 loss=0.834618 entropy=2.354360 adv_std=2.803582 awbc_label_rate=0.000
custom_ppo_update update=7 timesteps=14336 loss=0.589029 entropy=2.345456 adv_std=2.457776 awbc_label_rate=0.000
custom_ppo_update update=8 timesteps=16384 loss=0.764054 entropy=2.331998 adv_std=2.428486 awbc_label_rate=0.000
custom_ppo_update update=9 timesteps=18432 loss=0.665917 entropy=2.330839 adv_std=3.187347 awbc_label_rate=0.000
custom_ppo_update update=10 timesteps=20480 loss=0.783545 entropy=2.316226 adv_std=2.855879 awbc_label_rate=0.000
custom_ppo_update update=11 timesteps=22528 loss=0.436009 entropy=2.298482 adv_std=2.262162 awbc_label_rate=0.000
custom_ppo_update update=12 timesteps=24576 loss=0.631453 entropy=2.276124 adv_std=2.812096 awbc_label_rate=0.000
custom_ppo_update update=13 timesteps=26624 loss=0.555451 entropy=2.273966 adv_std=2.799900 awbc_label_rate=0.000
custom_ppo_update update=14 timesteps=28672 loss=0.576837 entropy=2.257691 adv_std=2.798774 awbc_label_rate=0.000
custom_ppo_update update=15 timesteps=30720 loss=1.337158 entropy=2.251132 adv_std=3.755951 awbc_label_rate=0.000
custom_ppo_update update=16 timesteps=32768 loss=0.626720 entropy=2.238118 adv_std=2.967471 awbc_label_rate=0.000
custom_ppo_update update=17 timesteps=34816 loss=0.598645 entropy=2.198211 adv_std=2.629971 awbc_label_rate=0.000
custom_ppo_update update=18 timesteps=36864 loss=0.642927 entropy=2.174529 adv_std=3.179278 awbc_label_rate=0.000
custom_ppo_update update=19 timesteps=38912 loss=0.583279 entropy=2.205201 adv_std=2.794631 awbc_label_rate=0.000
custom_ppo_update update=20 timesteps=40960 loss=0.691007 entropy=2.151512 adv_std=2.979342 awbc_label_rate=0.000
custom_ppo_update update=21 timesteps=43008 loss=0.642525 entropy=2.169797 adv_std=2.842077 awbc_label_rate=0.000
custom_ppo_update update=22 timesteps=45056 loss=0.672043 entropy=2.159588 adv_std=3.098526 awbc_label_rate=0.000
custom_ppo_update update=23 timesteps=47104 loss=0.402569 entropy=2.142364 adv_std=2.484617 awbc_label_rate=0.000
custom_ppo_update update=24 timesteps=49152 loss=0.658598 entropy=2.132414 adv_std=2.914967 awbc_label_rate=0.000
custom_ppo_update update=25 timesteps=51200 loss=0.442540 entropy=2.092569 adv_std=2.599487 awbc_label_rate=0.000
custom_ppo_update update=26 timesteps=53248 loss=0.531789 entropy=2.132521 adv_std=2.706993 awbc_label_rate=0.000
custom_ppo_update update=27 timesteps=55296 loss=0.585765 entropy=2.080810 adv_std=2.131710 awbc_label_rate=0.000
custom_ppo_update update=28 timesteps=57344 loss=0.641234 entropy=2.113359 adv_std=3.161280 awbc_label_rate=0.000
custom_ppo_update update=29 timesteps=59392 loss=0.750367 entropy=2.096316 adv_std=3.307554 awbc_label_rate=0.000
custom_ppo_update update=30 timesteps=61440 loss=0.409589 entropy=2.048568 adv_std=2.975019 awbc_label_rate=0.000
custom_ppo_update update=31 timesteps=63488 loss=0.302538 entropy=2.022128 adv_std=2.348119 awbc_label_rate=0.000
custom_ppo_update update=32 timesteps=65536 loss=0.899168 entropy=2.095719 adv_std=3.538214 awbc_label_rate=0.000
custom_ppo_update update=33 timesteps=67584 loss=0.584251 entropy=2.021683 adv_std=3.206264 awbc_label_rate=0.000
custom_ppo_update update=34 timesteps=69632 loss=0.334833 entropy=2.052121 adv_std=2.225469 awbc_label_rate=0.000
custom_ppo_update update=35 timesteps=71680 loss=0.415071 entropy=2.008469 adv_std=2.891994 awbc_label_rate=0.000
custom_ppo_update update=36 timesteps=73728 loss=0.625424 entropy=2.027171 adv_std=3.143931 awbc_label_rate=0.000
custom_ppo_update update=37 timesteps=75776 loss=0.557759 entropy=2.019597 adv_std=2.564492 awbc_label_rate=0.000
custom_ppo_update update=38 timesteps=77824 loss=0.360944 entropy=2.004849 adv_std=2.046928 awbc_label_rate=0.000
custom_ppo_update update=39 timesteps=79872 loss=0.557223 entropy=2.007149 adv_std=2.567596 awbc_label_rate=0.000
custom_ppo_update update=40 timesteps=81920 loss=0.637850 entropy=2.011802 adv_std=2.970777 awbc_label_rate=0.000
custom_ppo_update update=41 timesteps=83968 loss=0.554933 entropy=1.999075 adv_std=2.914151 awbc_label_rate=0.000
custom_ppo_update update=42 timesteps=86016 loss=0.634568 entropy=1.964029 adv_std=2.729557 awbc_label_rate=0.000
custom_ppo_update update=43 timesteps=88064 loss=0.422699 entropy=1.971493 adv_std=2.835418 awbc_label_rate=0.000
custom_ppo_update update=44 timesteps=90112 loss=0.717106 entropy=1.954977 adv_std=2.728082 awbc_label_rate=0.000
custom_ppo_update update=45 timesteps=92160 loss=0.745915 entropy=1.974899 adv_std=3.276711 awbc_label_rate=0.000
custom_ppo_update update=46 timesteps=94208 loss=0.621044 entropy=1.992683 adv_std=2.951890 awbc_label_rate=0.000
custom_ppo_update update=47 timesteps=96256 loss=0.508824 entropy=1.918760 adv_std=2.896074 awbc_label_rate=0.000
custom_ppo_update update=48 timesteps=98304 loss=0.590718 entropy=1.893664 adv_std=2.818675 awbc_label_rate=0.000
custom_ppo_update update=49 timesteps=100000 loss=0.350415 entropy=1.931060 adv_std=2.442326 awbc_label_rate=0.000
reports/v31_ablation_aligned/raw/A2_staged_v31_aligned/D2_plus_event_critic/budget1p70_seed50/v2_custom_ppo_metrics.csv
                   policy  steps  reward_mean  instant_mae  oracle_loss_mean  dtw_mean  power_mean  peak_power_max  event_rate  warmup_abort_count
feasible_static_projected   6144    -0.148479     2.652667          0.148478  2.547184    1.460000            1.95    0.374023                   0
  full_open_unconstrained   6144    -0.149926     1.655831          0.149924  1.609975    4.620000            6.28    0.374023                   0
              round_robin   6144    -0.180467    13.078233          0.160045  6.592605    1.555000            1.98    0.374023                1530
               custom_ppo   6144    -0.189036    24.004871          0.180335 10.557225    1.550898            2.33    0.374023                 628
                   random   6144    -0.219388    27.626443          0.191518 10.664855    1.607402            2.33    0.374023                2076
                      aoi   6144    -0.235105    31.561824          0.199036 13.884760    1.622780            2.33    0.374023                2700
reports/v31_ablation_aligned/raw/A2_staged_v31_aligned/D2_plus_event_critic/budget1p70_seed50/evaluation/v2_eval_overall.csv
                   policy  steps  weighted_normalized_mae      mae     rmse    smape  pearson      dtw  oracle_loss_mean  reward_mean  power_mean  power_max  peak_power_max  steady_violation_rate  peak_violation_rate  event_rate  warmup_abort_count  warmup_abort_rate  obs_reconstruction_mae  forecast_samples  forecast_weighted_mae_overall  forecast_raw_mae_overall  forecast_weighted_mae_event  forecast_weighted_mae_non_event  forecast_weighted_mae_low_temp  forecast_weighted_mae_normal
feasible_static_projected   6144                 0.202882 1.602212 3.920187 0.808231 0.929577 1.558819          0.148478    -0.148479    1.460000       1.46            1.95                    0.0                  0.0    0.374023                   0           0.000000                0.202882              6144                       0.148478                  1.792359                     0.150856                         0.114874                        0.113362                      0.146794
  full_open_unconstrained   6144                 0.065529 0.784097 2.699978 0.737359 0.898651 0.747445          0.149924    -0.149926    4.620000       4.62            6.28                    1.0                  1.0    0.374023                   0           0.000000                0.065529              6144                       0.149924                  1.790956                     0.152523                         0.113205                        0.114136                      0.136277
              round_robin   6144                 0.221263 1.742827 4.440798 0.809118 0.894781 1.634594          0.160045    -0.180467    1.555000       1.64            1.98                    0.0                  0.0    0.374023                1530           0.249023                0.221263              6144                       0.160045                  1.850556                     0.162646                         0.123283                        0.119145                      0.153407
               custom_ppo   6144                 0.134451 1.665411 8.183958 0.824069 0.886273 1.177506          0.180335    -0.189036    1.550898       1.70            2.33                    0.0                  0.0    0.374023                 628           0.102214                0.134451              6144                       0.180335                  2.415871                     0.184054                         0.127778                        0.130977                      0.178488
                   random   6144                 0.145764 1.802246 8.940984 0.820860 0.857744 1.225165          0.191518    -0.219388    1.607402       1.70            2.33                    0.0                  0.0    0.374023                2076           0.337891                0.145764              6144                       0.191517                  2.452949                     0.195379                         0.136942                        0.140269                      0.183704
                      aoi   6144                 0.148316 1.770367 7.912985 0.809357 0.855692 1.216108          0.199036    -0.235105    1.622780       1.70            2.33                    0.0                  0.0    0.374023                2700           0.439453                0.148316              6144                       0.199036                  2.255916                     0.203188                         0.140353                        0.142841                      0.216300
