custom_ppo_update update=1 timesteps=2048 loss=0.653900 entropy=2.382168 adv_std=1.424727 awbc_label_rate=0.250
custom_ppo_update update=2 timesteps=4096 loss=0.818887 entropy=2.367402 adv_std=1.660296 awbc_label_rate=0.250
custom_ppo_update update=3 timesteps=6144 loss=1.041365 entropy=2.357532 adv_std=2.276448 awbc_label_rate=0.250
custom_ppo_update update=4 timesteps=8192 loss=0.986059 entropy=2.336658 adv_std=2.220020 awbc_label_rate=0.250
custom_ppo_update update=5 timesteps=10240 loss=1.642102 entropy=2.330441 adv_std=3.109877 awbc_label_rate=0.250
custom_ppo_update update=6 timesteps=12288 loss=1.554658 entropy=2.322423 adv_std=3.302433 awbc_label_rate=0.250
custom_ppo_update update=7 timesteps=14336 loss=0.786830 entropy=2.317185 adv_std=2.879061 awbc_label_rate=0.250
custom_ppo_update update=8 timesteps=16384 loss=1.163292 entropy=2.301840 adv_std=3.309774 awbc_label_rate=0.250
custom_ppo_update update=9 timesteps=18432 loss=0.902052 entropy=2.258815 adv_std=2.913300 awbc_label_rate=0.250
custom_ppo_update update=10 timesteps=20480 loss=0.822453 entropy=2.247007 adv_std=2.903097 awbc_label_rate=0.250
custom_ppo_update update=11 timesteps=22528 loss=0.765921 entropy=2.222256 adv_std=2.845050 awbc_label_rate=0.250
custom_ppo_update update=12 timesteps=24576 loss=0.844663 entropy=2.187347 adv_std=2.738952 awbc_label_rate=0.250
custom_ppo_update update=13 timesteps=26624 loss=1.113865 entropy=2.128564 adv_std=3.048492 awbc_label_rate=0.250
custom_ppo_update update=14 timesteps=28672 loss=0.778414 entropy=2.123931 adv_std=2.598623 awbc_label_rate=0.250
custom_ppo_update update=15 timesteps=30720 loss=0.796236 entropy=2.130966 adv_std=3.240072 awbc_label_rate=0.250
custom_ppo_update update=16 timesteps=32768 loss=0.786379 entropy=2.113812 adv_std=2.856277 awbc_label_rate=0.250
custom_ppo_update update=17 timesteps=34816 loss=1.064212 entropy=2.130562 adv_std=3.688728 awbc_label_rate=0.250
custom_ppo_update update=18 timesteps=36864 loss=0.738151 entropy=2.074454 adv_std=2.978727 awbc_label_rate=0.250
custom_ppo_update update=19 timesteps=38912 loss=0.983896 entropy=2.064944 adv_std=3.108828 awbc_label_rate=0.250
custom_ppo_update update=20 timesteps=40960 loss=0.863754 entropy=2.042156 adv_std=3.369963 awbc_label_rate=0.250
custom_ppo_update update=21 timesteps=43008 loss=0.843123 entropy=2.058241 adv_std=3.470406 awbc_label_rate=0.250
custom_ppo_update update=22 timesteps=45056 loss=0.576457 entropy=2.007443 adv_std=2.476303 awbc_label_rate=0.250
custom_ppo_update update=23 timesteps=47104 loss=0.614175 entropy=2.050226 adv_std=2.621042 awbc_label_rate=0.250
custom_ppo_update update=24 timesteps=49152 loss=0.929818 entropy=2.020346 adv_std=3.415946 awbc_label_rate=0.250
custom_ppo_update update=25 timesteps=51200 loss=0.580985 entropy=2.019163 adv_std=2.600782 awbc_label_rate=0.250
custom_ppo_update update=26 timesteps=53248 loss=0.837133 entropy=2.068847 adv_std=3.426518 awbc_label_rate=0.250
custom_ppo_update update=27 timesteps=55296 loss=0.467756 entropy=1.946067 adv_std=2.206134 awbc_label_rate=0.250
custom_ppo_update update=28 timesteps=57344 loss=0.420023 entropy=1.895861 adv_std=2.251106 awbc_label_rate=0.250
custom_ppo_update update=29 timesteps=59392 loss=0.546741 entropy=1.907277 adv_std=2.736134 awbc_label_rate=0.250
custom_ppo_update update=30 timesteps=61440 loss=0.480864 entropy=1.958619 adv_std=2.515175 awbc_label_rate=0.250
custom_ppo_update update=31 timesteps=63488 loss=0.490240 entropy=1.966697 adv_std=2.171699 awbc_label_rate=0.250
custom_ppo_update update=32 timesteps=65536 loss=0.391749 entropy=1.917544 adv_std=2.213839 awbc_label_rate=0.250
custom_ppo_update update=33 timesteps=67584 loss=0.507676 entropy=1.864299 adv_std=2.323324 awbc_label_rate=0.250
custom_ppo_update update=34 timesteps=69632 loss=0.493910 entropy=1.880439 adv_std=2.349814 awbc_label_rate=0.250
custom_ppo_update update=35 timesteps=71680 loss=0.510856 entropy=1.835315 adv_std=2.255953 awbc_label_rate=0.250
custom_ppo_update update=36 timesteps=73728 loss=0.612152 entropy=1.875938 adv_std=2.714184 awbc_label_rate=0.250
custom_ppo_update update=37 timesteps=75776 loss=0.686190 entropy=1.869293 adv_std=2.667148 awbc_label_rate=0.250
custom_ppo_update update=38 timesteps=77824 loss=0.599451 entropy=1.904409 adv_std=2.818973 awbc_label_rate=0.250
custom_ppo_update update=39 timesteps=79872 loss=0.455374 entropy=1.948430 adv_std=2.296701 awbc_label_rate=0.250
custom_ppo_update update=40 timesteps=81920 loss=0.415101 entropy=1.923954 adv_std=2.329423 awbc_label_rate=0.250
custom_ppo_update update=41 timesteps=83968 loss=0.666208 entropy=1.817129 adv_std=2.544474 awbc_label_rate=0.250
custom_ppo_update update=42 timesteps=86016 loss=0.670012 entropy=1.908212 adv_std=2.889671 awbc_label_rate=0.250
custom_ppo_update update=43 timesteps=88064 loss=0.596578 entropy=1.845820 adv_std=2.907044 awbc_label_rate=0.250
custom_ppo_update update=44 timesteps=90112 loss=0.704806 entropy=1.908960 adv_std=2.863845 awbc_label_rate=0.250
custom_ppo_update update=45 timesteps=92160 loss=0.614558 entropy=1.802885 adv_std=2.750156 awbc_label_rate=0.250
custom_ppo_update update=46 timesteps=94208 loss=0.656959 entropy=1.780127 adv_std=2.722224 awbc_label_rate=0.250
custom_ppo_update update=47 timesteps=96256 loss=0.697385 entropy=1.802156 adv_std=2.667940 awbc_label_rate=0.250
custom_ppo_update update=48 timesteps=98304 loss=0.426855 entropy=1.730287 adv_std=2.432786 awbc_label_rate=0.250
custom_ppo_update update=49 timesteps=100000 loss=0.612724 entropy=1.760474 adv_std=2.451581 awbc_label_rate=0.250
reports/v31_ablation_aligned/raw/A2_staged_v31_aligned/D3_plus_awbc/budget1p70_seed49/v2_custom_ppo_metrics.csv
                   policy  steps  reward_mean  instant_mae  oracle_loss_mean  dtw_mean  power_mean  peak_power_max  event_rate  warmup_abort_count
  full_open_unconstrained   6144    -0.135972     1.644108          0.135970  1.595139    4.620000            6.28    0.462077                   0
              round_robin   6144    -0.172459     7.592685          0.152037  4.573866    1.555000            1.98    0.462077                1530
                      aoi   6144    -0.192728    17.385767          0.154314  8.132363    1.623031            2.33    0.462077                2880
               custom_ppo   6144    -0.156622     5.803440          0.156252  3.718772    1.597360            2.33    0.462077                  15
feasible_static_projected   6144    -0.158162     2.823676          0.158161  2.712729    1.460000            1.95    0.462077                   0
                   random   6144    -0.190626    16.711713          0.163317  7.361109    1.606621            2.33    0.462077                2034
reports/v31_ablation_aligned/raw/A2_staged_v31_aligned/D3_plus_awbc/budget1p70_seed49/evaluation/v2_eval_overall.csv
                   policy  steps  weighted_normalized_mae      mae      rmse    smape  pearson      dtw  oracle_loss_mean  reward_mean  power_mean  power_max  peak_power_max  steady_violation_rate  peak_violation_rate  event_rate  warmup_abort_count  warmup_abort_rate  obs_reconstruction_mae  forecast_samples  forecast_weighted_mae_overall  forecast_raw_mae_overall  forecast_weighted_mae_event  forecast_weighted_mae_non_event  forecast_weighted_mae_low_temp  forecast_weighted_mae_normal
  full_open_unconstrained   6144                 0.066213 0.774236  2.685731 0.749715 0.894204 0.748348          0.135970    -0.135972    4.620000       4.62            6.28                    1.0                  1.0    0.462077                   0           0.000000                0.066213              6144                       0.135970                  1.631541                     0.142127                         0.089365                        0.115840                      0.117175
              round_robin   6144                 0.250603 1.935857  4.728517 0.812190 0.887035 1.843115          0.152037    -0.172459    1.555000       1.64            1.98                    0.0                  0.0    0.462077                1530           0.249023                0.250603              6144                       0.152037                  1.792118                     0.158464                         0.103395                        0.124675                      0.140932
                      aoi   6144                 0.128761 1.768003  8.369189 0.800573 0.871555 1.241887          0.154314    -0.192728    1.623031       1.70            2.33                    0.0                  0.0    0.462077                2880           0.468750                0.128761              6144                       0.154314                  2.019752                     0.160895                         0.104503                        0.121344                      0.143098
               custom_ppo   6144                 0.183451 1.407063  3.706116 0.824042 0.765322 1.159792          0.156252    -0.156622    1.597360       1.70            2.33                    0.0                  0.0    0.462077                  15           0.002441                0.183451              6144                       0.156252                  1.830439                     0.164784                         0.091673                        0.126566                      0.118486
feasible_static_projected   6144                 0.237275 1.832348  4.473723 0.811476 0.914396 1.794769          0.158161    -0.158162    1.460000       1.46            1.95                    0.0                  0.0    0.462077                   0           0.000000                0.237275              6144                       0.158161                  1.763219                     0.165606                         0.101809                        0.138860                      0.120984
                   random   6144                 0.144344 1.984496 12.030781 0.811854 0.837606 1.275165          0.163317    -0.190626    1.606621       1.70            2.33                    0.0                  0.0    0.462077                2034           0.331055                0.144344              6144                       0.163317                  2.474962                     0.169508                         0.116460                        0.128154                      0.199776
