custom_ppo_update update=1 timesteps=2048 loss=0.760959 entropy=2.382467 adv_std=1.448111 awbc_label_rate=0.250
custom_ppo_update update=2 timesteps=4096 loss=0.751346 entropy=2.375365 adv_std=1.591625 awbc_label_rate=0.250
custom_ppo_update update=3 timesteps=6144 loss=1.197675 entropy=2.367109 adv_std=2.118168 awbc_label_rate=0.250
custom_ppo_update update=4 timesteps=8192 loss=0.657951 entropy=2.350688 adv_std=1.734767 awbc_label_rate=0.250
custom_ppo_update update=5 timesteps=10240 loss=0.506657 entropy=2.320671 adv_std=1.459497 awbc_label_rate=0.250
custom_ppo_update update=6 timesteps=12288 loss=0.651364 entropy=2.299904 adv_std=2.220882 awbc_label_rate=0.250
custom_ppo_update update=7 timesteps=14336 loss=0.709842 entropy=2.283232 adv_std=2.327892 awbc_label_rate=0.250
custom_ppo_update update=8 timesteps=16384 loss=0.818012 entropy=2.275152 adv_std=2.508517 awbc_label_rate=0.250
custom_ppo_update update=9 timesteps=18432 loss=0.414218 entropy=2.233305 adv_std=2.195569 awbc_label_rate=0.250
custom_ppo_update update=10 timesteps=20480 loss=0.643563 entropy=2.203662 adv_std=2.108673 awbc_label_rate=0.250
custom_ppo_update update=11 timesteps=22528 loss=0.504328 entropy=2.200677 adv_std=2.259192 awbc_label_rate=0.250
custom_ppo_update update=12 timesteps=24576 loss=0.683989 entropy=2.198550 adv_std=2.717807 awbc_label_rate=0.250
custom_ppo_update update=13 timesteps=26624 loss=0.704085 entropy=2.114657 adv_std=2.871419 awbc_label_rate=0.250
custom_ppo_update update=14 timesteps=28672 loss=0.508763 entropy=2.090346 adv_std=2.497427 awbc_label_rate=0.250
custom_ppo_update update=15 timesteps=30720 loss=0.754504 entropy=2.102034 adv_std=2.444923 awbc_label_rate=0.250
custom_ppo_update update=16 timesteps=32768 loss=0.701803 entropy=2.080022 adv_std=2.832461 awbc_label_rate=0.250
custom_ppo_update update=17 timesteps=34816 loss=0.666452 entropy=2.045327 adv_std=2.912039 awbc_label_rate=0.250
custom_ppo_update update=18 timesteps=36864 loss=0.743376 entropy=2.092637 adv_std=2.556893 awbc_label_rate=0.250
custom_ppo_update update=19 timesteps=38912 loss=0.731147 entropy=2.033252 adv_std=2.785614 awbc_label_rate=0.250
custom_ppo_update update=20 timesteps=40960 loss=0.583204 entropy=2.031436 adv_std=2.798647 awbc_label_rate=0.250
custom_ppo_update update=21 timesteps=43008 loss=0.560356 entropy=1.992821 adv_std=2.403544 awbc_label_rate=0.250
custom_ppo_update update=22 timesteps=45056 loss=0.551123 entropy=1.987258 adv_std=2.448899 awbc_label_rate=0.250
custom_ppo_update update=23 timesteps=47104 loss=0.929460 entropy=2.032205 adv_std=3.038621 awbc_label_rate=0.250
custom_ppo_update update=24 timesteps=49152 loss=0.707593 entropy=2.005058 adv_std=2.486348 awbc_label_rate=0.250
custom_ppo_update update=25 timesteps=51200 loss=0.727828 entropy=2.056132 adv_std=2.705692 awbc_label_rate=0.250
custom_ppo_update update=26 timesteps=53248 loss=0.648701 entropy=2.019337 adv_std=2.792597 awbc_label_rate=0.250
custom_ppo_update update=27 timesteps=55296 loss=0.587708 entropy=1.969146 adv_std=2.453852 awbc_label_rate=0.250
custom_ppo_update update=28 timesteps=57344 loss=0.931193 entropy=2.003613 adv_std=3.360885 awbc_label_rate=0.250
custom_ppo_update update=29 timesteps=59392 loss=0.739054 entropy=1.927881 adv_std=3.056693 awbc_label_rate=0.250
custom_ppo_update update=30 timesteps=61440 loss=0.654597 entropy=1.946154 adv_std=3.022426 awbc_label_rate=0.250
custom_ppo_update update=31 timesteps=63488 loss=0.830223 entropy=1.960441 adv_std=2.775576 awbc_label_rate=0.250
custom_ppo_update update=32 timesteps=65536 loss=0.726882 entropy=1.902621 adv_std=2.957383 awbc_label_rate=0.250
custom_ppo_update update=33 timesteps=67584 loss=0.973257 entropy=1.913104 adv_std=2.995879 awbc_label_rate=0.250
custom_ppo_update update=34 timesteps=69632 loss=0.634400 entropy=1.947400 adv_std=2.630850 awbc_label_rate=0.250
custom_ppo_update update=35 timesteps=71680 loss=0.747071 entropy=1.893432 adv_std=3.181743 awbc_label_rate=0.250
custom_ppo_update update=36 timesteps=73728 loss=0.572367 entropy=1.927465 adv_std=2.546804 awbc_label_rate=0.250
custom_ppo_update update=37 timesteps=75776 loss=0.700032 entropy=1.964209 adv_std=2.718337 awbc_label_rate=0.250
custom_ppo_update update=38 timesteps=77824 loss=0.694691 entropy=1.940321 adv_std=2.645817 awbc_label_rate=0.250
custom_ppo_update update=39 timesteps=79872 loss=0.545674 entropy=1.879352 adv_std=2.804428 awbc_label_rate=0.250
custom_ppo_update update=40 timesteps=81920 loss=0.574494 entropy=1.864091 adv_std=2.793500 awbc_label_rate=0.250
custom_ppo_update update=41 timesteps=83968 loss=0.417773 entropy=1.866611 adv_std=2.349418 awbc_label_rate=0.250
custom_ppo_update update=42 timesteps=86016 loss=0.499751 entropy=1.878520 adv_std=2.448613 awbc_label_rate=0.250
custom_ppo_update update=43 timesteps=88064 loss=0.583234 entropy=1.823112 adv_std=2.404745 awbc_label_rate=0.250
custom_ppo_update update=44 timesteps=90112 loss=0.533001 entropy=1.836440 adv_std=2.509053 awbc_label_rate=0.250
custom_ppo_update update=45 timesteps=92160 loss=0.432993 entropy=1.806356 adv_std=1.985179 awbc_label_rate=0.250
custom_ppo_update update=46 timesteps=94208 loss=0.483246 entropy=1.879373 adv_std=2.146806 awbc_label_rate=0.250
custom_ppo_update update=47 timesteps=96256 loss=0.476031 entropy=1.854530 adv_std=2.063093 awbc_label_rate=0.250
custom_ppo_update update=48 timesteps=98304 loss=0.938012 entropy=1.882540 adv_std=3.191349 awbc_label_rate=0.250
custom_ppo_update update=49 timesteps=100000 loss=0.459263 entropy=1.812967 adv_std=2.405459 awbc_label_rate=0.250
reports/v31_ablation_aligned/raw/A2_staged_v31_aligned/D3_plus_awbc/budget1p70_seed41/v2_custom_ppo_metrics.csv
                   policy  steps  reward_mean  instant_mae  oracle_loss_mean  dtw_mean  power_mean  peak_power_max  event_rate  warmup_abort_count
  full_open_unconstrained   6144    -0.128315     1.656428          0.128313  1.618296    4.620000            6.28    0.408529                   0
feasible_static_projected   6144    -0.140589     3.022895          0.140588  2.924569    1.460000            1.95    0.408529                   0
              round_robin   6144    -0.164517     7.730503          0.144095  4.730799    1.555000            1.98    0.408529                1530
                      aoi   6144    -0.182534    16.814526          0.151156  7.481091    1.622279            2.33    0.408529                2340
               custom_ppo   6144    -0.154053     3.066715          0.153646  2.685176    1.603887            2.25    0.408529                  16
                   random   6144    -0.181444    15.456530          0.155307  7.422235    1.604590            2.33    0.408529                1944
reports/v31_ablation_aligned/raw/A2_staged_v31_aligned/D3_plus_awbc/budget1p70_seed41/evaluation/v2_eval_overall.csv
                   policy  steps  weighted_normalized_mae      mae      rmse    smape  pearson      dtw  oracle_loss_mean  reward_mean  power_mean  power_max  peak_power_max  steady_violation_rate  peak_violation_rate  event_rate  warmup_abort_count  warmup_abort_rate  obs_reconstruction_mae  forecast_samples  forecast_weighted_mae_overall  forecast_raw_mae_overall  forecast_weighted_mae_event  forecast_weighted_mae_non_event  forecast_weighted_mae_low_temp  forecast_weighted_mae_normal
  full_open_unconstrained   6144                 0.064595 0.778572  2.685088 0.764535 0.893711 0.764333          0.128313    -0.128315    4.620000       4.62            6.28                    1.0                  1.0    0.408529                   0           0.000000                0.064595              6144                       0.128313                  1.850755                     0.130084                         0.116714                        0.098711                      0.168180
feasible_static_projected   6144                 0.270068 2.067749  4.934574 0.836617 0.929282 2.043764          0.140588    -0.140589    1.460000       1.46            1.95                    0.0                  0.0    0.408529                   0           0.000000                0.270068              6144                       0.140588                  2.073399                     0.142560                         0.127675                        0.108707                      0.187243
              round_robin   6144                 0.287710 2.177399  5.164354 0.836838 0.899869 2.103882          0.144095    -0.164517    1.555000       1.64            1.98                    0.0                  0.0    0.408529                1530           0.249023                0.287710              6144                       0.144095                  2.101870                     0.146231                         0.130106                        0.113124                      0.179129
                      aoi   6144                 0.138110 1.910036 10.822586 0.822500 0.843890 1.395233          0.151156    -0.182534    1.622279       1.70            2.33                    0.0                  0.0    0.408529                2340           0.380859                0.138110              6144                       0.151156                  2.726275                     0.153526                         0.135634                        0.121992                      0.150128
               custom_ppo   6144                 0.221999 1.723064  5.760288 0.843246 0.780347 1.536823          0.153646    -0.154053    1.603887       1.70            2.25                    0.0                  0.0    0.408529                  16           0.002604                0.221999              6144                       0.153646                  2.300481                     0.156426                         0.135445                        0.131788                      0.161361
                   random   6144                 0.146690 1.890846 11.291753 0.829154 0.850457 1.299916          0.155307    -0.181444    1.604590       1.70            2.33                    0.0                  0.0    0.408529                1944           0.316406                0.146690              6144                       0.155307                  2.901818                     0.156980                         0.144351                        0.126083                      0.178660
