custom_ppo_update update=1 timesteps=2048 loss=0.661670 entropy=2.123523 adv_std=1.026414 awbc_label_rate=0.250
custom_ppo_update update=2 timesteps=4096 loss=0.937299 entropy=2.131808 adv_std=1.856488 awbc_label_rate=0.250
custom_ppo_update update=3 timesteps=6144 loss=1.110372 entropy=2.128686 adv_std=2.133507 awbc_label_rate=0.250
custom_ppo_update update=4 timesteps=8192 loss=1.327009 entropy=2.137142 adv_std=2.612412 awbc_label_rate=0.250
custom_ppo_update update=5 timesteps=10240 loss=0.831394 entropy=2.141556 adv_std=2.362748 awbc_label_rate=0.250
custom_ppo_update update=6 timesteps=12288 loss=0.856564 entropy=2.149636 adv_std=2.853752 awbc_label_rate=0.250
custom_ppo_update update=7 timesteps=14336 loss=1.048218 entropy=2.145161 adv_std=2.996986 awbc_label_rate=0.250
custom_ppo_update update=8 timesteps=16384 loss=1.035213 entropy=2.149553 adv_std=2.412184 awbc_label_rate=0.250
custom_ppo_update update=9 timesteps=18432 loss=1.100334 entropy=2.149699 adv_std=3.511108 awbc_label_rate=0.250
custom_ppo_update update=10 timesteps=20480 loss=0.827473 entropy=2.152285 adv_std=3.000554 awbc_label_rate=0.250
custom_ppo_update update=11 timesteps=22528 loss=1.281924 entropy=2.154577 adv_std=2.920509 awbc_label_rate=0.250
custom_ppo_update update=12 timesteps=24576 loss=1.017040 entropy=2.150947 adv_std=3.043171 awbc_label_rate=0.250
custom_ppo_update update=13 timesteps=26624 loss=0.788673 entropy=2.155601 adv_std=2.863765 awbc_label_rate=0.250
custom_ppo_update update=14 timesteps=28672 loss=0.762589 entropy=2.143522 adv_std=2.951579 awbc_label_rate=0.250
custom_ppo_update update=15 timesteps=30720 loss=0.853430 entropy=2.151428 adv_std=3.004526 awbc_label_rate=0.250
custom_ppo_update update=16 timesteps=32768 loss=0.671304 entropy=2.145085 adv_std=2.619828 awbc_label_rate=0.250
custom_ppo_update update=17 timesteps=34816 loss=0.807443 entropy=2.152362 adv_std=2.833654 awbc_label_rate=0.250
custom_ppo_update update=18 timesteps=36864 loss=0.573894 entropy=2.139204 adv_std=2.544406 awbc_label_rate=0.250
custom_ppo_update update=19 timesteps=38912 loss=0.571740 entropy=2.145753 adv_std=2.600843 awbc_label_rate=0.250
custom_ppo_update update=20 timesteps=40960 loss=0.715002 entropy=2.141146 adv_std=2.541227 awbc_label_rate=0.250
custom_ppo_update update=21 timesteps=43008 loss=1.029084 entropy=2.148220 adv_std=3.356933 awbc_label_rate=0.250
custom_ppo_update update=22 timesteps=45056 loss=0.695020 entropy=2.146060 adv_std=2.653265 awbc_label_rate=0.250
custom_ppo_update update=23 timesteps=47104 loss=0.661175 entropy=2.135349 adv_std=2.745323 awbc_label_rate=0.250
custom_ppo_update update=24 timesteps=49152 loss=0.693622 entropy=2.141730 adv_std=2.560364 awbc_label_rate=0.250
custom_ppo_update update=25 timesteps=51200 loss=0.676845 entropy=2.143363 adv_std=2.492525 awbc_label_rate=0.250
custom_ppo_update update=26 timesteps=53248 loss=0.749307 entropy=2.140915 adv_std=2.757106 awbc_label_rate=0.250
custom_ppo_update update=27 timesteps=55296 loss=0.745159 entropy=2.124410 adv_std=2.524159 awbc_label_rate=0.250
custom_ppo_update update=28 timesteps=57344 loss=0.909867 entropy=2.131247 adv_std=2.633990 awbc_label_rate=0.250
custom_ppo_update update=29 timesteps=59392 loss=1.014218 entropy=2.125864 adv_std=3.042829 awbc_label_rate=0.250
custom_ppo_update update=30 timesteps=61440 loss=0.615707 entropy=2.127928 adv_std=2.491812 awbc_label_rate=0.250
custom_ppo_update update=31 timesteps=63488 loss=0.887851 entropy=2.144535 adv_std=3.016540 awbc_label_rate=0.250
custom_ppo_update update=32 timesteps=65536 loss=0.726658 entropy=2.126986 adv_std=2.968373 awbc_label_rate=0.250
custom_ppo_update update=33 timesteps=67584 loss=0.521242 entropy=2.140400 adv_std=2.242126 awbc_label_rate=0.250
custom_ppo_update update=34 timesteps=69632 loss=0.716778 entropy=2.129295 adv_std=2.492366 awbc_label_rate=0.250
custom_ppo_update update=35 timesteps=71680 loss=0.598594 entropy=2.135819 adv_std=2.136567 awbc_label_rate=0.250
custom_ppo_update update=36 timesteps=73728 loss=0.612793 entropy=2.147572 adv_std=2.144743 awbc_label_rate=0.250
custom_ppo_update update=37 timesteps=75776 loss=0.979308 entropy=2.143768 adv_std=2.847446 awbc_label_rate=0.250
custom_ppo_update update=38 timesteps=77824 loss=0.647356 entropy=2.137939 adv_std=2.941504 awbc_label_rate=0.250
custom_ppo_update update=39 timesteps=79872 loss=0.754219 entropy=2.141403 adv_std=2.714682 awbc_label_rate=0.250
custom_ppo_update update=40 timesteps=81920 loss=0.887599 entropy=2.138092 adv_std=2.740381 awbc_label_rate=0.250
custom_ppo_update update=41 timesteps=83968 loss=0.992818 entropy=2.134984 adv_std=2.788684 awbc_label_rate=0.250
custom_ppo_update update=42 timesteps=86016 loss=0.838929 entropy=2.148112 adv_std=2.769271 awbc_label_rate=0.250
custom_ppo_update update=43 timesteps=88064 loss=0.759335 entropy=2.123621 adv_std=2.572858 awbc_label_rate=0.250
custom_ppo_update update=44 timesteps=90112 loss=0.640288 entropy=2.137838 adv_std=2.590476 awbc_label_rate=0.250
custom_ppo_update update=45 timesteps=92160 loss=0.844742 entropy=2.148480 adv_std=2.486116 awbc_label_rate=0.250
custom_ppo_update update=46 timesteps=94208 loss=0.809713 entropy=2.146257 adv_std=2.580058 awbc_label_rate=0.250
custom_ppo_update update=47 timesteps=96256 loss=1.046674 entropy=2.129888 adv_std=3.311765 awbc_label_rate=0.250
custom_ppo_update update=48 timesteps=98304 loss=1.245326 entropy=2.131257 adv_std=3.474170 awbc_label_rate=0.250
custom_ppo_update update=49 timesteps=100000 loss=1.165174 entropy=2.129658 adv_std=3.210632 awbc_label_rate=0.250
reports/v31_ablation_aligned/raw/A2_staged_v31_aligned/D4_plus_oracle_prior_full/budget1p70_seed42/v2_custom_ppo_metrics.csv
                   policy  steps  reward_mean  instant_mae  oracle_loss_mean  dtw_mean  power_mean  peak_power_max  event_rate  warmup_abort_count
  full_open_unconstrained   6144    -0.142657     1.651890          0.142655  1.611176    4.620000            6.28    0.281738                   0
feasible_static_projected   6144    -0.162817     2.875996          0.162817  2.766387    1.460000            1.95    0.281738                   0
              round_robin   6144    -0.185537     8.014126          0.165115  4.871508    1.555000            1.98    0.281738                1530
               custom_ppo   6144    -0.173311     3.553176          0.172174  2.797340    1.575124            2.07    0.281738                  72
                   random   6144    -0.208574    14.161544          0.183016  6.942919    1.603320            2.33    0.281738                1902
                      aoi   6144    -0.233240    17.742501          0.199516  8.109821    1.622529            2.33    0.281738                2520
reports/v31_ablation_aligned/raw/A2_staged_v31_aligned/D4_plus_oracle_prior_full/budget1p70_seed42/evaluation/v2_eval_overall.csv
                   policy  steps  weighted_normalized_mae      mae      rmse    smape  pearson      dtw  oracle_loss_mean  reward_mean  power_mean  power_max  peak_power_max  steady_violation_rate  peak_violation_rate  event_rate  warmup_abort_count  warmup_abort_rate  obs_reconstruction_mae  forecast_samples  forecast_weighted_mae_overall  forecast_raw_mae_overall  forecast_weighted_mae_event  forecast_weighted_mae_non_event  forecast_weighted_mae_low_temp  forecast_weighted_mae_normal
  full_open_unconstrained   6144                 0.064247 0.785416  2.721259 0.778653 0.898708 0.769587          0.142655    -0.142657    4.620000       4.62            6.28                    1.0                  1.0    0.281738                   0           0.000000                0.064247              6144                       0.142655                  1.831724                     0.151181                         0.112438                        0.117731                      0.120363
feasible_static_projected   6144                 0.241754 1.871853  4.569193 0.850586 0.929557 1.846283          0.162817    -0.162817    1.460000       1.46            1.95                    0.0                  0.0    0.281738                   0           0.000000                0.241754              6144                       0.162817                  1.978322                     0.171077                         0.133540                        0.125064                      0.148936
              round_robin   6144                 0.257567 2.060288  5.598071 0.851817 0.897150 1.987511          0.165115    -0.185537    1.555000       1.64            1.98                    0.0                  0.0    0.281738                1530           0.249023                0.257567              6144                       0.165115                  2.162702                     0.173060                         0.136953                        0.135873                      0.140512
               custom_ppo   6144                 0.121451 2.798977 19.827626 0.829910 0.900888 1.897784          0.172174    -0.173311    1.575124       1.62            2.07                    0.0                  0.0    0.281738                  72           0.011719                0.121451              6144                       0.172174                  3.436331                     0.181316                         0.139770                        0.142513                      0.152913
                   random   6144                 0.146054 2.203981 15.041418 0.841125 0.870052 1.470958          0.183016    -0.208574    1.603320       1.70            2.33                    0.0                  0.0    0.281738                1902           0.309570                0.146054              6144                       0.183016                  3.005526                     0.190277                         0.157283                        0.148977                      0.160892
                      aoi   6144                 0.150681 2.040612 11.756319 0.834888 0.851025 1.413702          0.199516    -0.233240    1.622529       1.70            2.33                    0.0                  0.0    0.281738                2520           0.410156                0.150681              6144                       0.199516                  2.612115                     0.208521                         0.167600                        0.150652                      0.182129
