custom_ppo_update update=1 timesteps=2048 loss=0.552012 entropy=1.988527 adv_std=1.352648 awbc_label_rate=0.250
custom_ppo_update update=2 timesteps=4096 loss=0.589128 entropy=2.001172 adv_std=1.159214 awbc_label_rate=0.250
custom_ppo_update update=3 timesteps=6144 loss=0.997934 entropy=2.004822 adv_std=2.794656 awbc_label_rate=0.250
custom_ppo_update update=4 timesteps=8192 loss=0.957786 entropy=2.014572 adv_std=2.448315 awbc_label_rate=0.250
custom_ppo_update update=5 timesteps=10240 loss=0.909225 entropy=2.039994 adv_std=1.933169 awbc_label_rate=0.250
custom_ppo_update update=6 timesteps=12288 loss=0.937360 entropy=2.034055 adv_std=2.503567 awbc_label_rate=0.250
custom_ppo_update update=7 timesteps=14336 loss=0.688592 entropy=2.009691 adv_std=2.365228 awbc_label_rate=0.250
custom_ppo_update update=8 timesteps=16384 loss=0.912452 entropy=2.005078 adv_std=2.479079 awbc_label_rate=0.250
custom_ppo_update update=9 timesteps=18432 loss=0.874186 entropy=2.021170 adv_std=2.931602 awbc_label_rate=0.250
custom_ppo_update update=10 timesteps=20480 loss=0.868962 entropy=2.020481 adv_std=2.648917 awbc_label_rate=0.250
custom_ppo_update update=11 timesteps=22528 loss=0.673318 entropy=2.030019 adv_std=2.277276 awbc_label_rate=0.250
custom_ppo_update update=12 timesteps=24576 loss=0.677619 entropy=2.020152 adv_std=2.491262 awbc_label_rate=0.250
custom_ppo_update update=13 timesteps=26624 loss=0.745611 entropy=2.016620 adv_std=2.778441 awbc_label_rate=0.250
custom_ppo_update update=14 timesteps=28672 loss=1.051814 entropy=1.992904 adv_std=3.192187 awbc_label_rate=0.250
custom_ppo_update update=15 timesteps=30720 loss=1.165317 entropy=2.018765 adv_std=3.254605 awbc_label_rate=0.250
custom_ppo_update update=16 timesteps=32768 loss=0.821190 entropy=2.017850 adv_std=2.780210 awbc_label_rate=0.250
custom_ppo_update update=17 timesteps=34816 loss=1.052399 entropy=2.037273 adv_std=2.713327 awbc_label_rate=0.250
custom_ppo_update update=18 timesteps=36864 loss=1.059964 entropy=2.010382 adv_std=3.171607 awbc_label_rate=0.250
custom_ppo_update update=19 timesteps=38912 loss=1.026110 entropy=2.020823 adv_std=2.921815 awbc_label_rate=0.250
custom_ppo_update update=20 timesteps=40960 loss=1.149125 entropy=2.022884 adv_std=3.146407 awbc_label_rate=0.250
custom_ppo_update update=21 timesteps=43008 loss=0.813381 entropy=2.014054 adv_std=2.922706 awbc_label_rate=0.250
custom_ppo_update update=22 timesteps=45056 loss=0.743592 entropy=2.017244 adv_std=2.655874 awbc_label_rate=0.250
custom_ppo_update update=23 timesteps=47104 loss=0.751434 entropy=2.026707 adv_std=2.393669 awbc_label_rate=0.250
custom_ppo_update update=24 timesteps=49152 loss=0.660525 entropy=2.023816 adv_std=2.515460 awbc_label_rate=0.250
custom_ppo_update update=25 timesteps=51200 loss=0.684577 entropy=2.019563 adv_std=2.419871 awbc_label_rate=0.250
custom_ppo_update update=26 timesteps=53248 loss=0.825201 entropy=2.020972 adv_std=2.560631 awbc_label_rate=0.250
custom_ppo_update update=27 timesteps=55296 loss=0.824584 entropy=2.023898 adv_std=2.254161 awbc_label_rate=0.250
custom_ppo_update update=28 timesteps=57344 loss=0.929267 entropy=2.024921 adv_std=3.483678 awbc_label_rate=0.250
custom_ppo_update update=29 timesteps=59392 loss=1.195389 entropy=2.036468 adv_std=3.480320 awbc_label_rate=0.250
custom_ppo_update update=30 timesteps=61440 loss=0.790187 entropy=2.041542 adv_std=3.243973 awbc_label_rate=0.250
custom_ppo_update update=31 timesteps=63488 loss=0.697829 entropy=2.021858 adv_std=2.589745 awbc_label_rate=0.250
custom_ppo_update update=32 timesteps=65536 loss=1.167570 entropy=2.020750 adv_std=3.404523 awbc_label_rate=0.250
custom_ppo_update update=33 timesteps=67584 loss=1.010328 entropy=2.030050 adv_std=3.189175 awbc_label_rate=0.250
custom_ppo_update update=34 timesteps=69632 loss=0.558701 entropy=2.019552 adv_std=2.396771 awbc_label_rate=0.250
custom_ppo_update update=35 timesteps=71680 loss=0.600944 entropy=2.023561 adv_std=2.742588 awbc_label_rate=0.250
custom_ppo_update update=36 timesteps=73728 loss=0.953119 entropy=2.019978 adv_std=3.438825 awbc_label_rate=0.250
custom_ppo_update update=37 timesteps=75776 loss=0.950709 entropy=2.012589 adv_std=2.865665 awbc_label_rate=0.250
custom_ppo_update update=38 timesteps=77824 loss=0.774475 entropy=2.014230 adv_std=2.466752 awbc_label_rate=0.250
custom_ppo_update update=39 timesteps=79872 loss=0.959671 entropy=1.990696 adv_std=2.852973 awbc_label_rate=0.250
custom_ppo_update update=40 timesteps=81920 loss=0.974349 entropy=2.023746 adv_std=3.245734 awbc_label_rate=0.250
custom_ppo_update update=41 timesteps=83968 loss=0.969284 entropy=2.030375 adv_std=3.099564 awbc_label_rate=0.250
custom_ppo_update update=42 timesteps=86016 loss=0.948003 entropy=2.030615 adv_std=2.873448 awbc_label_rate=0.250
custom_ppo_update update=43 timesteps=88064 loss=0.675068 entropy=2.009229 adv_std=2.759994 awbc_label_rate=0.250
custom_ppo_update update=44 timesteps=90112 loss=0.982745 entropy=2.014219 adv_std=2.853861 awbc_label_rate=0.250
custom_ppo_update update=45 timesteps=92160 loss=0.988279 entropy=2.001256 adv_std=3.554821 awbc_label_rate=0.250
custom_ppo_update update=46 timesteps=94208 loss=0.876563 entropy=2.003564 adv_std=3.056136 awbc_label_rate=0.250
custom_ppo_update update=47 timesteps=96256 loss=1.021421 entropy=2.015246 adv_std=3.390579 awbc_label_rate=0.250
custom_ppo_update update=48 timesteps=98304 loss=0.907674 entropy=2.001360 adv_std=3.196569 awbc_label_rate=0.250
custom_ppo_update update=49 timesteps=100000 loss=0.656658 entropy=2.005448 adv_std=2.853135 awbc_label_rate=0.250
reports/v31_ablation_aligned/raw/A2_staged_v31_aligned/D4_plus_oracle_prior_full/budget1p70_seed50/v2_custom_ppo_metrics.csv
                   policy  steps  reward_mean  instant_mae  oracle_loss_mean  dtw_mean  power_mean  peak_power_max  event_rate  warmup_abort_count
feasible_static_projected   6144    -0.146980     2.652667          0.146979  2.547184    1.460000            1.95    0.374023                   0
  full_open_unconstrained   6144    -0.149231     1.655831          0.149229  1.609975    4.620000            6.28    0.374023                   0
               custom_ppo   6144    -0.150035     2.692201          0.149483  2.568568    1.517520            1.98    0.374023                  40
              round_robin   6144    -0.180140    13.078233          0.159718  6.592605    1.555000            1.98    0.374023                1530
                   random   6144    -0.217518    27.626443          0.189648 10.664855    1.607402            2.33    0.374023                2076
                      aoi   6144    -0.233050    31.561824          0.196980 13.884760    1.622780            2.33    0.374023                2700
reports/v31_ablation_aligned/raw/A2_staged_v31_aligned/D4_plus_oracle_prior_full/budget1p70_seed50/evaluation/v2_eval_overall.csv
                   policy  steps  weighted_normalized_mae      mae     rmse    smape  pearson      dtw  oracle_loss_mean  reward_mean  power_mean  power_max  peak_power_max  steady_violation_rate  peak_violation_rate  event_rate  warmup_abort_count  warmup_abort_rate  obs_reconstruction_mae  forecast_samples  forecast_weighted_mae_overall  forecast_raw_mae_overall  forecast_weighted_mae_event  forecast_weighted_mae_non_event  forecast_weighted_mae_low_temp  forecast_weighted_mae_normal
feasible_static_projected   6144                 0.202882 1.602212 3.920187 0.808231 0.929577 1.558819          0.146979    -0.146980    1.460000       1.46            1.95                    0.0                  0.0    0.374023                   0           0.000000                0.202882              6144                       0.146979                  1.776419                     0.149222                         0.115271                        0.112401                      0.143917
  full_open_unconstrained   6144                 0.065529 0.784097 2.699978 0.737359 0.898651 0.747445          0.149229    -0.149231    4.620000       4.62            6.28                    1.0                  1.0    0.374023                   0           0.000000                0.065529              6144                       0.149229                  1.790505                     0.151742                         0.113727                        0.113802                      0.136885
               custom_ppo   6144                 0.205644 1.640358 3.985272 0.813153 0.908641 1.574892          0.149483    -0.150035    1.517520       1.64            1.98                    0.0                  0.0    0.374023                  40           0.006510                0.205644              6144                       0.149483                  1.777357                     0.151828                         0.116345                        0.112679                      0.145507
              round_robin   6144                 0.221263 1.742827 4.440798 0.809118 0.894781 1.634594          0.159718    -0.180140    1.555000       1.64            1.98                    0.0                  0.0    0.374023                1530           0.249023                0.221263              6144                       0.159718                  1.853662                     0.162265                         0.123724                        0.118804                      0.152571
                   random   6144                 0.145764 1.802246 8.940984 0.820860 0.857744 1.225165          0.189648    -0.217518    1.607402       1.70            2.33                    0.0                  0.0    0.374023                2076           0.337891                0.145764              6144                       0.189648                  2.448485                     0.193396                         0.136669                        0.138565                      0.183787
                      aoi   6144                 0.148316 1.770367 7.912985 0.809357 0.855692 1.216108          0.196980    -0.233050    1.622780       1.70            2.33                    0.0                  0.0    0.374023                2700           0.439453                0.148316              6144                       0.196980                  2.264609                     0.200874                         0.141953                        0.141136                      0.217270
