custom_ppo_update update=1 timesteps=2048 loss=1.068811 entropy=2.064632 adv_std=1.888494 awbc_label_rate=0.250
custom_ppo_update update=2 timesteps=4096 loss=0.893474 entropy=2.063352 adv_std=1.841396 awbc_label_rate=0.250
custom_ppo_update update=3 timesteps=6144 loss=1.040772 entropy=2.076768 adv_std=1.909605 awbc_label_rate=0.250
custom_ppo_update update=4 timesteps=8192 loss=1.221815 entropy=2.093707 adv_std=2.308922 awbc_label_rate=0.250
custom_ppo_update update=5 timesteps=10240 loss=1.491700 entropy=2.099701 adv_std=2.610724 awbc_label_rate=0.250
custom_ppo_update update=6 timesteps=12288 loss=0.848467 entropy=2.097718 adv_std=2.540547 awbc_label_rate=0.250
custom_ppo_update update=7 timesteps=14336 loss=1.018625 entropy=2.086634 adv_std=2.891680 awbc_label_rate=0.250
custom_ppo_update update=8 timesteps=16384 loss=0.833226 entropy=2.099648 adv_std=2.723963 awbc_label_rate=0.250
custom_ppo_update update=9 timesteps=18432 loss=1.166162 entropy=2.090794 adv_std=3.093028 awbc_label_rate=0.250
custom_ppo_update update=10 timesteps=20480 loss=0.999547 entropy=2.099813 adv_std=2.816686 awbc_label_rate=0.250
custom_ppo_update update=11 timesteps=22528 loss=0.874076 entropy=2.086620 adv_std=2.536688 awbc_label_rate=0.250
custom_ppo_update update=12 timesteps=24576 loss=0.989244 entropy=2.087106 adv_std=2.982023 awbc_label_rate=0.250
custom_ppo_update update=13 timesteps=26624 loss=0.806710 entropy=2.078015 adv_std=2.842585 awbc_label_rate=0.250
custom_ppo_update update=14 timesteps=28672 loss=1.184777 entropy=2.100140 adv_std=2.745203 awbc_label_rate=0.250
custom_ppo_update update=15 timesteps=30720 loss=0.869291 entropy=2.103475 adv_std=3.009796 awbc_label_rate=0.250
custom_ppo_update update=16 timesteps=32768 loss=0.814459 entropy=2.102416 adv_std=2.927285 awbc_label_rate=0.250
custom_ppo_update update=17 timesteps=34816 loss=0.870633 entropy=2.095343 adv_std=2.826547 awbc_label_rate=0.250
custom_ppo_update update=18 timesteps=36864 loss=0.928312 entropy=2.083168 adv_std=2.780060 awbc_label_rate=0.250
custom_ppo_update update=19 timesteps=38912 loss=1.181954 entropy=2.095703 adv_std=3.083793 awbc_label_rate=0.250
custom_ppo_update update=20 timesteps=40960 loss=1.167837 entropy=2.083369 adv_std=3.217381 awbc_label_rate=0.250
custom_ppo_update update=21 timesteps=43008 loss=1.235422 entropy=2.085360 adv_std=3.384876 awbc_label_rate=0.250
custom_ppo_update update=22 timesteps=45056 loss=1.755480 entropy=2.089124 adv_std=3.707422 awbc_label_rate=0.250
custom_ppo_update update=23 timesteps=47104 loss=1.164031 entropy=2.098081 adv_std=3.419975 awbc_label_rate=0.250
custom_ppo_update update=24 timesteps=49152 loss=1.049385 entropy=2.095581 adv_std=3.424469 awbc_label_rate=0.250
custom_ppo_update update=25 timesteps=51200 loss=1.251204 entropy=2.097759 adv_std=3.411191 awbc_label_rate=0.250
custom_ppo_update update=26 timesteps=53248 loss=1.204508 entropy=2.098241 adv_std=3.783395 awbc_label_rate=0.250
custom_ppo_update update=27 timesteps=55296 loss=0.726889 entropy=2.098665 adv_std=2.968797 awbc_label_rate=0.250
custom_ppo_update update=28 timesteps=57344 loss=0.727736 entropy=2.085280 adv_std=3.311835 awbc_label_rate=0.250
custom_ppo_update update=29 timesteps=59392 loss=0.823138 entropy=2.083583 adv_std=2.955214 awbc_label_rate=0.250
custom_ppo_update update=30 timesteps=61440 loss=0.635253 entropy=2.090945 adv_std=2.679954 awbc_label_rate=0.250
custom_ppo_update update=31 timesteps=63488 loss=0.765587 entropy=2.080497 adv_std=2.720599 awbc_label_rate=0.250
custom_ppo_update update=32 timesteps=65536 loss=0.744337 entropy=2.087958 adv_std=2.776423 awbc_label_rate=0.250
custom_ppo_update update=33 timesteps=67584 loss=0.846522 entropy=2.082012 adv_std=2.661082 awbc_label_rate=0.250
custom_ppo_update update=34 timesteps=69632 loss=0.881164 entropy=2.088054 adv_std=3.057910 awbc_label_rate=0.250
custom_ppo_update update=35 timesteps=71680 loss=1.306637 entropy=2.104623 adv_std=2.830281 awbc_label_rate=0.250
custom_ppo_update update=36 timesteps=73728 loss=0.994796 entropy=2.086584 adv_std=3.183153 awbc_label_rate=0.250
custom_ppo_update update=37 timesteps=75776 loss=0.657146 entropy=2.082009 adv_std=2.371274 awbc_label_rate=0.250
custom_ppo_update update=38 timesteps=77824 loss=0.713398 entropy=2.087858 adv_std=2.592176 awbc_label_rate=0.250
custom_ppo_update update=39 timesteps=79872 loss=0.676656 entropy=2.081201 adv_std=2.695062 awbc_label_rate=0.250
custom_ppo_update update=40 timesteps=81920 loss=1.093195 entropy=2.101780 adv_std=2.992934 awbc_label_rate=0.250
custom_ppo_update update=41 timesteps=83968 loss=1.592271 entropy=2.103171 adv_std=3.704004 awbc_label_rate=0.250
custom_ppo_update update=42 timesteps=86016 loss=0.846128 entropy=2.086405 adv_std=3.012195 awbc_label_rate=0.250
custom_ppo_update update=43 timesteps=88064 loss=0.851419 entropy=2.087331 adv_std=2.909075 awbc_label_rate=0.250
custom_ppo_update update=44 timesteps=90112 loss=0.924857 entropy=2.081712 adv_std=2.730031 awbc_label_rate=0.250
custom_ppo_update update=45 timesteps=92160 loss=0.738415 entropy=2.086504 adv_std=2.798789 awbc_label_rate=0.250
custom_ppo_update update=46 timesteps=94208 loss=0.902249 entropy=2.074344 adv_std=2.943230 awbc_label_rate=0.250
custom_ppo_update update=47 timesteps=96256 loss=0.803380 entropy=2.082028 adv_std=2.580942 awbc_label_rate=0.250
custom_ppo_update update=48 timesteps=98304 loss=0.851005 entropy=2.075303 adv_std=2.510025 awbc_label_rate=0.250
custom_ppo_update update=49 timesteps=100000 loss=0.723476 entropy=2.082333 adv_std=2.317700 awbc_label_rate=0.250
reports/v31_ablation_aligned/raw/A2_staged_v31_aligned/D4_plus_oracle_prior_full/budget1p70_seed43/v2_custom_ppo_metrics.csv
                   policy  steps  reward_mean  instant_mae  oracle_loss_mean  dtw_mean  power_mean  peak_power_max  event_rate  warmup_abort_count
  full_open_unconstrained   6144    -0.160180     1.650386          0.160178  1.605024    4.620000            6.28    0.352702                   0
               custom_ppo   6144    -0.170359     2.677877          0.168277  2.279135    1.537503            2.07    0.352702                 146
feasible_static_projected   6144    -0.173407     2.803499          0.173407  2.697166    1.460000            1.95    0.352702                   0
              round_robin   6144    -0.203578     9.367867          0.183156  5.212417    1.555000            1.98    0.352702                1530
                      aoi   6144    -0.219275    23.122137          0.183206  9.884176    1.622780            2.33    0.352702                2700
                   random   6144    -0.215887    20.115153          0.190537  8.904403    1.603066            2.33    0.352702                1884
reports/v31_ablation_aligned/raw/A2_staged_v31_aligned/D4_plus_oracle_prior_full/budget1p70_seed43/evaluation/v2_eval_overall.csv
                   policy  steps  weighted_normalized_mae      mae      rmse    smape  pearson      dtw  oracle_loss_mean  reward_mean  power_mean  power_max  peak_power_max  steady_violation_rate  peak_violation_rate  event_rate  warmup_abort_count  warmup_abort_rate  obs_reconstruction_mae  forecast_samples  forecast_weighted_mae_overall  forecast_raw_mae_overall  forecast_weighted_mae_event  forecast_weighted_mae_non_event  forecast_weighted_mae_low_temp  forecast_weighted_mae_normal
  full_open_unconstrained   6144                 0.065856 0.790941  2.724093 0.726462 0.907555 0.767387          0.160178    -0.160180    4.620000       4.62            6.28                    1.0                  1.0    0.352702                   0           0.000000                0.065856              6144                       0.160178                  2.503028                     0.172323                         0.118368                        0.128763                      0.120919
               custom_ppo   6144                 0.141574 1.635799  8.273512 0.778352 0.914922 1.216719          0.168277    -0.170359    1.537503       1.62            2.07                    0.0                  0.0    0.352702                 146           0.023763                0.141574              6144                       0.168277                  2.892296                     0.180728                         0.125414                        0.137627                      0.122625
feasible_static_projected   6144                 0.230691 1.792221  4.279747 0.793600 0.931630 1.761022          0.173407    -0.173407    1.460000       1.46            1.95                    0.0                  0.0    0.352702                   0           0.000000                0.230691              6144                       0.173407                  2.560579                     0.182723                         0.141335                        0.155326                      0.119122
              round_robin   6144                 0.250575 2.098810  5.994935 0.796027 0.903665 1.943822          0.183156    -0.203578    1.555000       1.64            1.98                    0.0                  0.0    0.352702                1530           0.249023                0.250575              6144                       0.183156                  2.691230                     0.192371                         0.151433                        0.159081                      0.134162
                      aoi   6144                 0.141356 2.701406 13.582981 0.785910 0.883553 1.719292          0.183206    -0.219275    1.622780       1.70            2.33                    0.0                  0.0    0.352702                2700           0.439453                0.141356              6144                       0.183206                  3.237435                     0.193589                         0.147463                        0.146408                      0.144270
                   random   6144                 0.157833 2.796395 16.616963 0.798122 0.858038 1.715627          0.190537    -0.215887    1.603066       1.70            2.33                    0.0                  0.0    0.352702                1884           0.306641                0.157833              6144                       0.190537                  3.804806                     0.201444                         0.152989                        0.149770                      0.154883
