custom_ppo_update update=1 timesteps=2048 loss=0.946432 entropy=2.391291 adv_std=1.526508 awbc_label_rate=0.250
custom_ppo_update update=2 timesteps=4096 loss=0.931723 entropy=2.385651 adv_std=1.823961 awbc_label_rate=0.250
custom_ppo_update update=3 timesteps=6144 loss=1.070316 entropy=2.375511 adv_std=2.051142 awbc_label_rate=0.250
custom_ppo_update update=4 timesteps=8192 loss=1.231517 entropy=2.366921 adv_std=2.502815 awbc_label_rate=0.250
custom_ppo_update update=5 timesteps=10240 loss=1.242282 entropy=2.358660 adv_std=2.540976 awbc_label_rate=0.250
custom_ppo_update update=6 timesteps=12288 loss=0.829846 entropy=2.344417 adv_std=2.925340 awbc_label_rate=0.250
custom_ppo_update update=7 timesteps=14336 loss=0.876674 entropy=2.327017 adv_std=2.991828 awbc_label_rate=0.250
custom_ppo_update update=8 timesteps=16384 loss=0.555199 entropy=2.310034 adv_std=2.091049 awbc_label_rate=0.250
custom_ppo_update update=9 timesteps=18432 loss=1.114016 entropy=2.290699 adv_std=3.036794 awbc_label_rate=0.250
custom_ppo_update update=10 timesteps=20480 loss=0.731314 entropy=2.275168 adv_std=2.602003 awbc_label_rate=0.250
custom_ppo_update update=11 timesteps=22528 loss=0.782094 entropy=2.229417 adv_std=2.305998 awbc_label_rate=0.250
custom_ppo_update update=12 timesteps=24576 loss=0.957565 entropy=2.215610 adv_std=2.918924 awbc_label_rate=0.250
custom_ppo_update update=13 timesteps=26624 loss=0.601701 entropy=2.195847 adv_std=2.519686 awbc_label_rate=0.250
custom_ppo_update update=14 timesteps=28672 loss=0.633223 entropy=2.160146 adv_std=2.351579 awbc_label_rate=0.250
custom_ppo_update update=15 timesteps=30720 loss=0.576642 entropy=2.150616 adv_std=2.634161 awbc_label_rate=0.250
custom_ppo_update update=16 timesteps=32768 loss=0.573640 entropy=2.096107 adv_std=2.499922 awbc_label_rate=0.250
custom_ppo_update update=17 timesteps=34816 loss=0.650410 entropy=2.087900 adv_std=2.644523 awbc_label_rate=0.250
custom_ppo_update update=18 timesteps=36864 loss=0.580901 entropy=2.032654 adv_std=2.265445 awbc_label_rate=0.250
custom_ppo_update update=19 timesteps=38912 loss=1.038362 entropy=2.080693 adv_std=3.253063 awbc_label_rate=0.250
custom_ppo_update update=20 timesteps=40960 loss=0.873712 entropy=2.046083 adv_std=3.262268 awbc_label_rate=0.250
custom_ppo_update update=21 timesteps=43008 loss=0.872177 entropy=2.050230 adv_std=3.141791 awbc_label_rate=0.250
custom_ppo_update update=22 timesteps=45056 loss=1.308333 entropy=2.083835 adv_std=3.281245 awbc_label_rate=0.250
custom_ppo_update update=23 timesteps=47104 loss=0.730194 entropy=2.022669 adv_std=2.926758 awbc_label_rate=0.250
custom_ppo_update update=24 timesteps=49152 loss=0.759393 entropy=1.994159 adv_std=3.258592 awbc_label_rate=0.250
custom_ppo_update update=25 timesteps=51200 loss=0.725184 entropy=2.021691 adv_std=3.033767 awbc_label_rate=0.250
custom_ppo_update update=26 timesteps=53248 loss=0.640384 entropy=1.973334 adv_std=2.858974 awbc_label_rate=0.250
custom_ppo_update update=27 timesteps=55296 loss=0.563421 entropy=1.980651 adv_std=2.746839 awbc_label_rate=0.250
custom_ppo_update update=28 timesteps=57344 loss=0.596764 entropy=1.947605 adv_std=2.835952 awbc_label_rate=0.250
custom_ppo_update update=29 timesteps=59392 loss=0.560434 entropy=1.932637 adv_std=2.477667 awbc_label_rate=0.250
custom_ppo_update update=30 timesteps=61440 loss=0.497658 entropy=1.909510 adv_std=2.190964 awbc_label_rate=0.250
custom_ppo_update update=31 timesteps=63488 loss=0.555292 entropy=1.845427 adv_std=2.432501 awbc_label_rate=0.250
custom_ppo_update update=32 timesteps=65536 loss=0.542104 entropy=1.894710 adv_std=2.716396 awbc_label_rate=0.250
custom_ppo_update update=33 timesteps=67584 loss=0.609122 entropy=1.851735 adv_std=2.391956 awbc_label_rate=0.250
custom_ppo_update update=34 timesteps=69632 loss=0.719875 entropy=1.849220 adv_std=2.850082 awbc_label_rate=0.250
custom_ppo_update update=35 timesteps=71680 loss=0.609797 entropy=1.888540 adv_std=2.511049 awbc_label_rate=0.250
custom_ppo_update update=36 timesteps=73728 loss=0.569308 entropy=1.933533 adv_std=2.697119 awbc_label_rate=0.250
custom_ppo_update update=37 timesteps=75776 loss=0.439320 entropy=1.894614 adv_std=2.027495 awbc_label_rate=0.250
custom_ppo_update update=38 timesteps=77824 loss=0.402719 entropy=1.807247 adv_std=2.117439 awbc_label_rate=0.250
custom_ppo_update update=39 timesteps=79872 loss=0.463624 entropy=1.757721 adv_std=2.379791 awbc_label_rate=0.250
custom_ppo_update update=40 timesteps=81920 loss=0.835226 entropy=1.912378 adv_std=2.815279 awbc_label_rate=0.250
custom_ppo_update update=41 timesteps=83968 loss=0.689220 entropy=1.911277 adv_std=2.996215 awbc_label_rate=0.250
custom_ppo_update update=42 timesteps=86016 loss=0.489527 entropy=1.783178 adv_std=1.980606 awbc_label_rate=0.250
custom_ppo_update update=43 timesteps=88064 loss=0.512819 entropy=1.855420 adv_std=2.470509 awbc_label_rate=0.250
custom_ppo_update update=44 timesteps=90112 loss=0.545985 entropy=1.738773 adv_std=2.409511 awbc_label_rate=0.250
custom_ppo_update update=45 timesteps=92160 loss=0.388317 entropy=1.807605 adv_std=2.155903 awbc_label_rate=0.250
custom_ppo_update update=46 timesteps=94208 loss=0.783789 entropy=1.815933 adv_std=2.704968 awbc_label_rate=0.250
custom_ppo_update update=47 timesteps=96256 loss=0.558349 entropy=1.828815 adv_std=2.403163 awbc_label_rate=0.250
custom_ppo_update update=48 timesteps=98304 loss=0.521289 entropy=1.749944 adv_std=2.401698 awbc_label_rate=0.250
custom_ppo_update update=49 timesteps=100000 loss=0.571084 entropy=1.784439 adv_std=2.701128 awbc_label_rate=0.250
reports/v31_ablation_aligned/raw/A2_staged_v31_aligned/D3_plus_awbc/budget1p70_seed43/v2_custom_ppo_metrics.csv
                   policy  steps  reward_mean  instant_mae  oracle_loss_mean  dtw_mean  power_mean  peak_power_max  event_rate  warmup_abort_count
  full_open_unconstrained   6144    -0.160653     1.650386          0.160651  1.605024    4.620000            6.28    0.352702                   0
feasible_static_projected   6144    -0.172350     2.803499          0.172349  2.697166    1.460000            1.95    0.352702                   0
               custom_ppo   6144    -0.177614     4.210480          0.176917  2.833221    1.573506            2.33    0.352702                  36
              round_robin   6144    -0.202295     9.367867          0.181873  5.212417    1.555000            1.98    0.352702                1530
                      aoi   6144    -0.218966    23.122137          0.182897  9.884176    1.622780            2.33    0.352702                2700
                   random   6144    -0.216297    20.115153          0.190947  8.904403    1.603066            2.33    0.352702                1884
reports/v31_ablation_aligned/raw/A2_staged_v31_aligned/D3_plus_awbc/budget1p70_seed43/evaluation/v2_eval_overall.csv
                   policy  steps  weighted_normalized_mae      mae      rmse    smape  pearson      dtw  oracle_loss_mean  reward_mean  power_mean  power_max  peak_power_max  steady_violation_rate  peak_violation_rate  event_rate  warmup_abort_count  warmup_abort_rate  obs_reconstruction_mae  forecast_samples  forecast_weighted_mae_overall  forecast_raw_mae_overall  forecast_weighted_mae_event  forecast_weighted_mae_non_event  forecast_weighted_mae_low_temp  forecast_weighted_mae_normal
  full_open_unconstrained   6144                 0.065856 0.790941  2.724093 0.726462 0.907555 0.767387          0.160651    -0.160653    4.620000       4.62            6.28                    1.0                  1.0    0.352702                   0           0.000000                0.065856              6144                       0.160651                  2.458242                     0.173343                         0.116959                        0.129156                      0.120295
feasible_static_projected   6144                 0.230691 1.792221  4.279747 0.793600 0.931630 1.761022          0.172349    -0.172350    1.460000       1.46            1.95                    0.0                  0.0    0.352702                   0           0.000000                0.230691              6144                       0.172349                  2.520624                     0.182554                         0.137221                        0.153173                      0.117531
               custom_ppo   6144                 0.145093 1.350162  4.459558 0.786788 0.825426 1.124150          0.176917    -0.177614    1.573506       1.70            2.33                    0.0                  0.0    0.352702                  36           0.005859                0.145093              6144                       0.176917                  2.621574                     0.190553                         0.129972                        0.143322                      0.124426
              round_robin   6144                 0.250575 2.098810  5.994935 0.796027 0.903665 1.943822          0.181873    -0.202295    1.555000       1.64            1.98                    0.0                  0.0    0.352702                1530           0.249023                0.250575              6144                       0.181873                  2.648389                     0.191476                         0.148814                        0.156682                      0.134857
                      aoi   6144                 0.141356 2.701406 13.582981 0.785910 0.883553 1.719292          0.182897    -0.218966    1.622780       1.70            2.33                    0.0                  0.0    0.352702                2700           0.439453                0.141356              6144                       0.182897                  3.257093                     0.193263                         0.147212                        0.146849                      0.143507
                   random   6144                 0.157833 2.796395 16.616963 0.798122 0.858038 1.715627          0.190947    -0.216297    1.603066       1.70            2.33                    0.0                  0.0    0.352702                1884           0.306641                0.157833              6144                       0.190947                  3.803229                     0.202047                         0.152733                        0.150595                      0.154623
