custom_ppo_update update=1 timesteps=2048 loss=0.250460 entropy=2.388394 adv_std=0.869407 awbc_label_rate=0.000
custom_ppo_update update=2 timesteps=4096 loss=0.400191 entropy=2.375539 adv_std=1.286006 awbc_label_rate=0.000
custom_ppo_update update=3 timesteps=6144 loss=0.439808 entropy=2.365188 adv_std=2.111572 awbc_label_rate=0.000
custom_ppo_update update=4 timesteps=8192 loss=0.838111 entropy=2.347514 adv_std=2.448403 awbc_label_rate=0.000
custom_ppo_update update=5 timesteps=10240 loss=0.609858 entropy=2.353035 adv_std=2.285026 awbc_label_rate=0.000
custom_ppo_update update=6 timesteps=12288 loss=0.640284 entropy=2.351185 adv_std=2.791279 awbc_label_rate=0.000
custom_ppo_update update=7 timesteps=14336 loss=0.833514 entropy=2.353199 adv_std=2.844188 awbc_label_rate=0.000
custom_ppo_update update=8 timesteps=16384 loss=1.253495 entropy=2.347342 adv_std=3.516141 awbc_label_rate=0.000
custom_ppo_update update=9 timesteps=18432 loss=0.850842 entropy=2.332432 adv_std=2.980766 awbc_label_rate=0.000
custom_ppo_update update=10 timesteps=20480 loss=0.710710 entropy=2.323143 adv_std=2.854919 awbc_label_rate=0.000
custom_ppo_update update=11 timesteps=22528 loss=0.832847 entropy=2.317355 adv_std=2.975475 awbc_label_rate=0.000
custom_ppo_update update=12 timesteps=24576 loss=0.794413 entropy=2.297654 adv_std=3.258303 awbc_label_rate=0.000
custom_ppo_update update=13 timesteps=26624 loss=0.737065 entropy=2.303677 adv_std=2.995388 awbc_label_rate=0.000
custom_ppo_update update=14 timesteps=28672 loss=0.628348 entropy=2.298164 adv_std=3.201735 awbc_label_rate=0.000
custom_ppo_update update=15 timesteps=30720 loss=1.145268 entropy=2.285316 adv_std=3.688839 awbc_label_rate=0.000
custom_ppo_update update=16 timesteps=32768 loss=1.048343 entropy=2.285332 adv_std=3.403577 awbc_label_rate=0.000
custom_ppo_update update=17 timesteps=34816 loss=0.936527 entropy=2.262430 adv_std=3.510785 awbc_label_rate=0.000
custom_ppo_update update=18 timesteps=36864 loss=0.809298 entropy=2.271115 adv_std=3.025976 awbc_label_rate=0.000
custom_ppo_update update=19 timesteps=38912 loss=0.588505 entropy=2.247635 adv_std=2.948770 awbc_label_rate=0.000
custom_ppo_update update=20 timesteps=40960 loss=0.801179 entropy=2.266134 adv_std=2.689116 awbc_label_rate=0.000
custom_ppo_update update=21 timesteps=43008 loss=0.417947 entropy=2.235386 adv_std=2.628358 awbc_label_rate=0.000
custom_ppo_update update=22 timesteps=45056 loss=0.633172 entropy=2.224170 adv_std=3.028931 awbc_label_rate=0.000
custom_ppo_update update=23 timesteps=47104 loss=0.659271 entropy=2.188546 adv_std=3.003079 awbc_label_rate=0.000
custom_ppo_update update=24 timesteps=49152 loss=0.919840 entropy=2.194682 adv_std=3.114085 awbc_label_rate=0.000
custom_ppo_update update=25 timesteps=51200 loss=0.951835 entropy=2.185350 adv_std=3.139472 awbc_label_rate=0.000
custom_ppo_update update=26 timesteps=53248 loss=1.032291 entropy=2.167934 adv_std=3.854343 awbc_label_rate=0.000
custom_ppo_update update=27 timesteps=55296 loss=0.856695 entropy=2.156117 adv_std=3.392285 awbc_label_rate=0.000
custom_ppo_update update=28 timesteps=57344 loss=0.803207 entropy=2.159190 adv_std=3.118869 awbc_label_rate=0.000
custom_ppo_update update=29 timesteps=59392 loss=0.854030 entropy=2.146430 adv_std=3.465643 awbc_label_rate=0.000
custom_ppo_update update=30 timesteps=61440 loss=0.738153 entropy=2.158581 adv_std=3.164729 awbc_label_rate=0.000
custom_ppo_update update=31 timesteps=63488 loss=1.181947 entropy=2.166101 adv_std=4.170865 awbc_label_rate=0.000
custom_ppo_update update=32 timesteps=65536 loss=0.673792 entropy=2.142245 adv_std=3.391076 awbc_label_rate=0.000
custom_ppo_update update=33 timesteps=67584 loss=0.802382 entropy=2.129534 adv_std=3.133101 awbc_label_rate=0.000
custom_ppo_update update=34 timesteps=69632 loss=0.734841 entropy=2.127644 adv_std=2.941323 awbc_label_rate=0.000
custom_ppo_update update=35 timesteps=71680 loss=0.525260 entropy=2.106924 adv_std=2.694961 awbc_label_rate=0.000
custom_ppo_update update=36 timesteps=73728 loss=0.703342 entropy=2.090673 adv_std=3.132338 awbc_label_rate=0.000
custom_ppo_update update=37 timesteps=75776 loss=0.823737 entropy=2.077932 adv_std=3.064046 awbc_label_rate=0.000
custom_ppo_update update=38 timesteps=77824 loss=0.918521 entropy=2.089924 adv_std=3.553419 awbc_label_rate=0.000
custom_ppo_update update=39 timesteps=79872 loss=0.767744 entropy=2.118636 adv_std=2.888123 awbc_label_rate=0.000
custom_ppo_update update=40 timesteps=81920 loss=1.176027 entropy=2.087873 adv_std=4.531789 awbc_label_rate=0.000
custom_ppo_update update=41 timesteps=83968 loss=0.491072 entropy=2.068210 adv_std=2.610771 awbc_label_rate=0.000
custom_ppo_update update=42 timesteps=86016 loss=0.428292 entropy=2.093573 adv_std=2.988268 awbc_label_rate=0.000
custom_ppo_update update=43 timesteps=88064 loss=0.789243 entropy=2.116359 adv_std=3.153808 awbc_label_rate=0.000
custom_ppo_update update=44 timesteps=90112 loss=0.735234 entropy=2.051795 adv_std=3.073444 awbc_label_rate=0.000
custom_ppo_update update=45 timesteps=92160 loss=0.414065 entropy=2.052546 adv_std=2.881627 awbc_label_rate=0.000
custom_ppo_update update=46 timesteps=94208 loss=0.602714 entropy=2.031825 adv_std=2.754341 awbc_label_rate=0.000
custom_ppo_update update=47 timesteps=96256 loss=0.580608 entropy=2.014856 adv_std=2.721205 awbc_label_rate=0.000
custom_ppo_update update=48 timesteps=98304 loss=0.399551 entropy=2.003750 adv_std=2.548267 awbc_label_rate=0.000
custom_ppo_update update=49 timesteps=100000 loss=0.525197 entropy=1.993862 adv_std=2.755040 awbc_label_rate=0.000
reports/v31_ablation_aligned/raw/A2_staged_v31_aligned/D2_plus_event_critic/budget1p70_seed45/v2_custom_ppo_metrics.csv
                   policy  steps  reward_mean  instant_mae  oracle_loss_mean  dtw_mean  power_mean  peak_power_max  event_rate  warmup_abort_count
  full_open_unconstrained   6144    -0.150866     1.655863          0.150864  1.614134    4.620000            6.28    0.294922                   0
feasible_static_projected   6144    -0.155534     2.696703          0.155533  2.598733    1.460000            1.95    0.294922                   0
              round_robin   6144    -0.190615    12.279849          0.170193  6.257527    1.555000            1.98    0.294922                1530
               custom_ppo   6144    -0.205244    18.652151          0.190971  8.277773    1.557806            2.33    0.294922                1048
                      aoi   6144    -0.222310    32.124893          0.195623 12.679895    1.621777            2.33    0.294922                1980
                   random   6144    -0.230359    29.634401          0.202008 11.809793    1.607090            2.33    0.294922                2112
reports/v31_ablation_aligned/raw/A2_staged_v31_aligned/D2_plus_event_critic/budget1p70_seed45/evaluation/v2_eval_overall.csv
                   policy  steps  weighted_normalized_mae      mae      rmse    smape  pearson      dtw  oracle_loss_mean  reward_mean  power_mean  power_max  peak_power_max  steady_violation_rate  peak_violation_rate  event_rate  warmup_abort_count  warmup_abort_rate  obs_reconstruction_mae  forecast_samples  forecast_weighted_mae_overall  forecast_raw_mae_overall  forecast_weighted_mae_event  forecast_weighted_mae_non_event  forecast_weighted_mae_low_temp  forecast_weighted_mae_normal
  full_open_unconstrained   6144                 0.065096 0.778106  2.683789 0.746673 0.910368 0.752175          0.150864    -0.150866    4.620000       4.62            6.28                    1.0                  1.0    0.294922                   0           0.000000                0.065096              6144                       0.150864                  2.087974                     0.155462                         0.121426                        0.138817                      0.119707
feasible_static_projected   6144                 0.209861 1.653637  3.951644 0.825676 0.935394 1.619808          0.155533    -0.155534    1.460000       1.46            1.95                    0.0                  0.0    0.294922                   0           0.000000                0.209861              6144                       0.155533                  2.112505                     0.160315                         0.124921                        0.144072                      0.123914
              round_robin   6144                 0.232639 1.925147  5.665330 0.830767 0.898989 1.832496          0.170193    -0.190615    1.555000       1.64            1.98                    0.0                  0.0    0.294922                1530           0.249023                0.232639              6144                       0.170193                  2.300003                     0.176106                         0.132334                        0.153765                      0.132199
               custom_ppo   6144                 0.139401 2.071292 12.490829 0.834872 0.786962 1.454773          0.190971    -0.205244    1.557806       1.70            2.33                    0.0                  0.0    0.294922                1048           0.170573                0.139401              6144                       0.190971                  2.851757                     0.198305                         0.144013                        0.157773                      0.146477
                      aoi   6144                 0.195173 2.535979 13.006656 0.835444 0.798021 1.703415          0.195623    -0.222310    1.621777       1.70            2.33                    0.0                  0.0    0.294922                1980           0.322266                0.195173              6144                       0.195623                  2.615353                     0.203763                         0.143505                        0.159202                      0.144093
                   random   6144                 0.157382 2.464586 15.090386 0.834611 0.856943 1.562259          0.202008    -0.230359    1.607090       1.70            2.33                    0.0                  0.0    0.294922                2112           0.343750                0.157382              6144                       0.202008                  3.102619                     0.210059                         0.150457                        0.166892                      0.150147
