custom_ppo_update update=1 timesteps=2048 loss=0.410724 entropy=2.390823 adv_std=1.065720 awbc_label_rate=0.000
custom_ppo_update update=2 timesteps=4096 loss=0.603879 entropy=2.384425 adv_std=1.735448 awbc_label_rate=0.000
custom_ppo_update update=3 timesteps=6144 loss=0.661990 entropy=2.376933 adv_std=1.968909 awbc_label_rate=0.000
custom_ppo_update update=4 timesteps=8192 loss=0.579972 entropy=2.369177 adv_std=2.363511 awbc_label_rate=0.000
custom_ppo_update update=5 timesteps=10240 loss=0.427776 entropy=2.366899 adv_std=1.977196 awbc_label_rate=0.000
custom_ppo_update update=6 timesteps=12288 loss=0.401232 entropy=2.354985 adv_std=2.576290 awbc_label_rate=0.000
custom_ppo_update update=7 timesteps=14336 loss=0.576975 entropy=2.346051 adv_std=2.733535 awbc_label_rate=0.000
custom_ppo_update update=8 timesteps=16384 loss=0.728253 entropy=2.339534 adv_std=2.421964 awbc_label_rate=0.000
custom_ppo_update update=9 timesteps=18432 loss=0.902767 entropy=2.329626 adv_std=3.263081 awbc_label_rate=0.000
custom_ppo_update update=10 timesteps=20480 loss=0.463488 entropy=2.307241 adv_std=3.074744 awbc_label_rate=0.000
custom_ppo_update update=11 timesteps=22528 loss=1.030972 entropy=2.319484 adv_std=2.809446 awbc_label_rate=0.000
custom_ppo_update update=12 timesteps=24576 loss=0.687583 entropy=2.267631 adv_std=3.174008 awbc_label_rate=0.000
custom_ppo_update update=13 timesteps=26624 loss=0.506712 entropy=2.275016 adv_std=2.980650 awbc_label_rate=0.000
custom_ppo_update update=14 timesteps=28672 loss=0.557874 entropy=2.260393 adv_std=2.961436 awbc_label_rate=0.000
custom_ppo_update update=15 timesteps=30720 loss=0.668029 entropy=2.271661 adv_std=2.679875 awbc_label_rate=0.000
custom_ppo_update update=16 timesteps=32768 loss=0.493643 entropy=2.293935 adv_std=2.728300 awbc_label_rate=0.000
custom_ppo_update update=17 timesteps=34816 loss=0.610956 entropy=2.273509 adv_std=2.910774 awbc_label_rate=0.000
custom_ppo_update update=18 timesteps=36864 loss=0.445761 entropy=2.288206 adv_std=2.660288 awbc_label_rate=0.000
custom_ppo_update update=19 timesteps=38912 loss=0.436681 entropy=2.246789 adv_std=2.825938 awbc_label_rate=0.000
custom_ppo_update update=20 timesteps=40960 loss=0.502470 entropy=2.244788 adv_std=2.685904 awbc_label_rate=0.000
custom_ppo_update update=21 timesteps=43008 loss=0.572078 entropy=2.243225 adv_std=2.850936 awbc_label_rate=0.000
custom_ppo_update update=22 timesteps=45056 loss=0.387020 entropy=2.196516 adv_std=2.274681 awbc_label_rate=0.000
custom_ppo_update update=23 timesteps=47104 loss=0.328525 entropy=2.197084 adv_std=2.614623 awbc_label_rate=0.000
custom_ppo_update update=24 timesteps=49152 loss=0.351470 entropy=2.177013 adv_std=2.662836 awbc_label_rate=0.000
custom_ppo_update update=25 timesteps=51200 loss=0.393198 entropy=2.160816 adv_std=2.400405 awbc_label_rate=0.000
custom_ppo_update update=26 timesteps=53248 loss=0.524592 entropy=2.121667 adv_std=2.876064 awbc_label_rate=0.000
custom_ppo_update update=27 timesteps=55296 loss=0.391635 entropy=2.150123 adv_std=2.602414 awbc_label_rate=0.000
custom_ppo_update update=28 timesteps=57344 loss=0.434085 entropy=2.152882 adv_std=2.485956 awbc_label_rate=0.000
custom_ppo_update update=29 timesteps=59392 loss=0.605760 entropy=2.142937 adv_std=2.973857 awbc_label_rate=0.000
custom_ppo_update update=30 timesteps=61440 loss=0.353791 entropy=2.120701 adv_std=2.575898 awbc_label_rate=0.000
custom_ppo_update update=31 timesteps=63488 loss=0.565299 entropy=2.132795 adv_std=2.947480 awbc_label_rate=0.000
custom_ppo_update update=32 timesteps=65536 loss=0.499060 entropy=2.123064 adv_std=2.852874 awbc_label_rate=0.000
custom_ppo_update update=33 timesteps=67584 loss=0.356602 entropy=2.128846 adv_std=2.362629 awbc_label_rate=0.000
custom_ppo_update update=34 timesteps=69632 loss=0.331976 entropy=2.111203 adv_std=2.491947 awbc_label_rate=0.000
custom_ppo_update update=35 timesteps=71680 loss=0.317115 entropy=2.116239 adv_std=2.163683 awbc_label_rate=0.000
custom_ppo_update update=36 timesteps=73728 loss=0.478317 entropy=2.077257 adv_std=2.440815 awbc_label_rate=0.000
custom_ppo_update update=37 timesteps=75776 loss=0.428001 entropy=2.040264 adv_std=2.575777 awbc_label_rate=0.000
custom_ppo_update update=38 timesteps=77824 loss=0.503573 entropy=2.059033 adv_std=3.095707 awbc_label_rate=0.000
custom_ppo_update update=39 timesteps=79872 loss=0.440292 entropy=2.051791 adv_std=2.835559 awbc_label_rate=0.000
custom_ppo_update update=40 timesteps=81920 loss=0.445537 entropy=2.043668 adv_std=2.729466 awbc_label_rate=0.000
custom_ppo_update update=41 timesteps=83968 loss=0.546237 entropy=1.985213 adv_std=2.872807 awbc_label_rate=0.000
custom_ppo_update update=42 timesteps=86016 loss=0.453879 entropy=1.989564 adv_std=2.665414 awbc_label_rate=0.000
custom_ppo_update update=43 timesteps=88064 loss=0.395743 entropy=2.086785 adv_std=2.298897 awbc_label_rate=0.000
custom_ppo_update update=44 timesteps=90112 loss=0.443600 entropy=1.971497 adv_std=2.609790 awbc_label_rate=0.000
custom_ppo_update update=45 timesteps=92160 loss=0.437865 entropy=1.976495 adv_std=2.410213 awbc_label_rate=0.000
custom_ppo_update update=46 timesteps=94208 loss=0.347870 entropy=1.959291 adv_std=2.472536 awbc_label_rate=0.000
custom_ppo_update update=47 timesteps=96256 loss=0.590480 entropy=2.056580 adv_std=3.065977 awbc_label_rate=0.000
custom_ppo_update update=48 timesteps=98304 loss=0.921637 entropy=1.921322 adv_std=3.207198 awbc_label_rate=0.000
custom_ppo_update update=49 timesteps=100000 loss=0.882950 entropy=1.985473 adv_std=3.045709 awbc_label_rate=0.000
reports/v31_ablation_aligned/raw/A2_staged_v31_aligned/D2_plus_event_critic/budget1p70_seed42/v2_custom_ppo_metrics.csv
                   policy  steps  reward_mean  instant_mae  oracle_loss_mean  dtw_mean  power_mean  peak_power_max  event_rate  warmup_abort_count
  full_open_unconstrained   6144    -0.141654     1.651890          0.141652  1.611176    4.620000            6.28    0.281738                   0
feasible_static_projected   6144    -0.160933     2.875996          0.160933  2.766387    1.460000            1.95    0.281738                   0
              round_robin   6144    -0.184918     8.014126          0.164496  4.871508    1.555000            1.98    0.281738                1530
                   random   6144    -0.208839    14.161544          0.183281  6.942919    1.603320            2.33    0.281738                1902
               custom_ppo   6144    -0.201556    28.456855          0.184450 10.977672    1.603838            2.33    0.281738                1268
                      aoi   6144    -0.234014    17.742501          0.200290  8.109821    1.622529            2.33    0.281738                2520
reports/v31_ablation_aligned/raw/A2_staged_v31_aligned/D2_plus_event_critic/budget1p70_seed42/evaluation/v2_eval_overall.csv
                   policy  steps  weighted_normalized_mae      mae      rmse    smape  pearson      dtw  oracle_loss_mean  reward_mean  power_mean  power_max  peak_power_max  steady_violation_rate  peak_violation_rate  event_rate  warmup_abort_count  warmup_abort_rate  obs_reconstruction_mae  forecast_samples  forecast_weighted_mae_overall  forecast_raw_mae_overall  forecast_weighted_mae_event  forecast_weighted_mae_non_event  forecast_weighted_mae_low_temp  forecast_weighted_mae_normal
  full_open_unconstrained   6144                 0.064247 0.785416  2.721259 0.778653 0.898708 0.769587          0.141652    -0.141654    4.620000       4.62            6.28                    1.0                  1.0    0.281738                   0           0.000000                0.064247              6144                       0.141652                  1.848779                     0.149915                         0.112368                        0.116304                      0.120193
feasible_static_projected   6144                 0.241754 1.871853  4.569193 0.850586 0.929557 1.846283          0.160933    -0.160933    1.460000       1.46            1.95                    0.0                  0.0    0.281738                   0           0.000000                0.241754              6144                       0.160933                  1.982352                     0.169341                         0.131131                        0.124524                      0.144162
              round_robin   6144                 0.257567 2.060288  5.598071 0.851817 0.897150 1.987511          0.164496    -0.184918    1.555000       1.64            1.98                    0.0                  0.0    0.281738                1530           0.249023                0.257567              6144                       0.164496                  2.141996                     0.172605                         0.135753                        0.135175                      0.140294
                   random   6144                 0.146054 2.203981 15.041418 0.841125 0.870052 1.470958          0.183281    -0.208839    1.603320       1.70            2.33                    0.0                  0.0    0.281738                1902           0.309570                0.146054              6144                       0.183281                  3.000810                     0.190104                         0.159095                        0.149210                      0.162908
               custom_ppo   6144                 0.149863 2.352777 15.748941 0.861838 0.736893 1.477544          0.184450    -0.201556    1.603838       1.70            2.33                    0.0                  0.0    0.281738                1268           0.206380                0.149863              6144                       0.184450                  3.162963                     0.194208                         0.149863                        0.144564                      0.162703
                      aoi   6144                 0.150681 2.040612 11.756319 0.834888 0.851025 1.413702          0.200290    -0.234014    1.622529       1.70            2.33                    0.0                  0.0    0.281738                2520           0.410156                0.150681              6144                       0.200290                  2.601118                     0.208783                         0.170188                        0.151332                      0.185179
