custom_ppo_update update=1 timesteps=2048 loss=0.490286 entropy=2.389149 adv_std=0.872715 awbc_label_rate=0.250
custom_ppo_update update=2 timesteps=4096 loss=0.678341 entropy=2.376784 adv_std=1.317582 awbc_label_rate=0.250
custom_ppo_update update=3 timesteps=6144 loss=0.724184 entropy=2.364339 adv_std=2.149117 awbc_label_rate=0.250
custom_ppo_update update=4 timesteps=8192 loss=1.327108 entropy=2.353063 adv_std=2.594374 awbc_label_rate=0.250
custom_ppo_update update=5 timesteps=10240 loss=0.862612 entropy=2.351220 adv_std=2.336512 awbc_label_rate=0.250
custom_ppo_update update=6 timesteps=12288 loss=1.176514 entropy=2.335516 adv_std=2.840856 awbc_label_rate=0.250
custom_ppo_update update=7 timesteps=14336 loss=1.141591 entropy=2.335770 adv_std=2.736906 awbc_label_rate=0.250
custom_ppo_update update=8 timesteps=16384 loss=1.171035 entropy=2.318085 adv_std=3.252063 awbc_label_rate=0.250
custom_ppo_update update=9 timesteps=18432 loss=0.814630 entropy=2.307276 adv_std=2.663207 awbc_label_rate=0.250
custom_ppo_update update=10 timesteps=20480 loss=0.998928 entropy=2.289394 adv_std=3.157371 awbc_label_rate=0.250
custom_ppo_update update=11 timesteps=22528 loss=0.956753 entropy=2.272628 adv_std=2.923783 awbc_label_rate=0.250
custom_ppo_update update=12 timesteps=24576 loss=1.034808 entropy=2.266758 adv_std=3.240973 awbc_label_rate=0.250
custom_ppo_update update=13 timesteps=26624 loss=0.810644 entropy=2.231859 adv_std=3.104203 awbc_label_rate=0.250
custom_ppo_update update=14 timesteps=28672 loss=0.876189 entropy=2.232784 adv_std=3.015376 awbc_label_rate=0.250
custom_ppo_update update=15 timesteps=30720 loss=1.140076 entropy=2.206614 adv_std=3.575906 awbc_label_rate=0.250
custom_ppo_update update=16 timesteps=32768 loss=0.879039 entropy=2.177607 adv_std=3.024441 awbc_label_rate=0.250
custom_ppo_update update=17 timesteps=34816 loss=0.859182 entropy=2.093131 adv_std=3.316424 awbc_label_rate=0.250
custom_ppo_update update=18 timesteps=36864 loss=0.688407 entropy=2.084841 adv_std=2.931735 awbc_label_rate=0.250
custom_ppo_update update=19 timesteps=38912 loss=0.819614 entropy=2.069664 adv_std=2.754739 awbc_label_rate=0.250
custom_ppo_update update=20 timesteps=40960 loss=0.604006 entropy=2.091144 adv_std=2.599500 awbc_label_rate=0.250
custom_ppo_update update=21 timesteps=43008 loss=0.802095 entropy=2.043176 adv_std=3.049084 awbc_label_rate=0.250
custom_ppo_update update=22 timesteps=45056 loss=0.772758 entropy=2.051850 adv_std=2.995888 awbc_label_rate=0.250
custom_ppo_update update=23 timesteps=47104 loss=0.542373 entropy=2.036192 adv_std=2.562052 awbc_label_rate=0.250
custom_ppo_update update=24 timesteps=49152 loss=0.700986 entropy=2.038226 adv_std=2.822694 awbc_label_rate=0.250
custom_ppo_update update=25 timesteps=51200 loss=0.650510 entropy=2.044915 adv_std=2.728142 awbc_label_rate=0.250
custom_ppo_update update=26 timesteps=53248 loss=0.983585 entropy=2.038660 adv_std=3.144091 awbc_label_rate=0.250
custom_ppo_update update=27 timesteps=55296 loss=0.662404 entropy=2.016608 adv_std=2.878226 awbc_label_rate=0.250
custom_ppo_update update=28 timesteps=57344 loss=0.868209 entropy=2.007996 adv_std=2.920381 awbc_label_rate=0.250
custom_ppo_update update=29 timesteps=59392 loss=0.937372 entropy=2.015214 adv_std=2.993484 awbc_label_rate=0.250
custom_ppo_update update=30 timesteps=61440 loss=0.628866 entropy=1.889976 adv_std=2.739305 awbc_label_rate=0.250
custom_ppo_update update=31 timesteps=63488 loss=0.904960 entropy=1.994499 adv_std=3.373571 awbc_label_rate=0.250
custom_ppo_update update=32 timesteps=65536 loss=0.961194 entropy=1.968198 adv_std=3.306109 awbc_label_rate=0.250
custom_ppo_update update=33 timesteps=67584 loss=0.806046 entropy=1.898558 adv_std=2.919267 awbc_label_rate=0.250
custom_ppo_update update=34 timesteps=69632 loss=0.802234 entropy=1.939770 adv_std=2.663512 awbc_label_rate=0.250
custom_ppo_update update=35 timesteps=71680 loss=0.691527 entropy=1.910203 adv_std=2.944887 awbc_label_rate=0.250
custom_ppo_update update=36 timesteps=73728 loss=0.916044 entropy=1.927770 adv_std=3.289697 awbc_label_rate=0.250
custom_ppo_update update=37 timesteps=75776 loss=0.573098 entropy=1.820276 adv_std=2.381161 awbc_label_rate=0.250
custom_ppo_update update=38 timesteps=77824 loss=0.779499 entropy=1.967847 adv_std=3.052616 awbc_label_rate=0.250
custom_ppo_update update=39 timesteps=79872 loss=0.830294 entropy=1.990249 adv_std=2.697944 awbc_label_rate=0.250
custom_ppo_update update=40 timesteps=81920 loss=0.944075 entropy=1.968551 adv_std=3.504355 awbc_label_rate=0.250
custom_ppo_update update=41 timesteps=83968 loss=0.629514 entropy=1.937281 adv_std=2.256263 awbc_label_rate=0.250
custom_ppo_update update=42 timesteps=86016 loss=0.574641 entropy=1.952719 adv_std=2.690706 awbc_label_rate=0.250
custom_ppo_update update=43 timesteps=88064 loss=0.860486 entropy=1.975078 adv_std=2.875365 awbc_label_rate=0.250
custom_ppo_update update=44 timesteps=90112 loss=0.694414 entropy=1.961704 adv_std=2.867662 awbc_label_rate=0.250
custom_ppo_update update=45 timesteps=92160 loss=0.619404 entropy=1.933091 adv_std=2.755836 awbc_label_rate=0.250
custom_ppo_update update=46 timesteps=94208 loss=0.597300 entropy=1.930563 adv_std=2.691847 awbc_label_rate=0.250
custom_ppo_update update=47 timesteps=96256 loss=0.663361 entropy=1.880555 adv_std=2.765988 awbc_label_rate=0.250
custom_ppo_update update=48 timesteps=98304 loss=0.672337 entropy=1.889239 adv_std=2.548831 awbc_label_rate=0.250
custom_ppo_update update=49 timesteps=100000 loss=0.599083 entropy=1.904689 adv_std=2.902720 awbc_label_rate=0.250
reports/v31_ablation_aligned/raw/A2_staged_v31_aligned/D3_plus_awbc/budget1p70_seed45/v2_custom_ppo_metrics.csv
                   policy  steps  reward_mean  instant_mae  oracle_loss_mean  dtw_mean  power_mean  peak_power_max  event_rate  warmup_abort_count
  full_open_unconstrained   6144    -0.150532     1.655863          0.150530  1.614134    4.620000            6.28    0.294922                   0
feasible_static_projected   6144    -0.156166     2.696703          0.156166  2.598733    1.460000            1.95    0.294922                   0
              round_robin   6144    -0.190956    12.279849          0.170534  6.257527    1.555000            1.98    0.294922                1530
               custom_ppo   6144    -0.175491     5.402071          0.174190  3.216634    1.596934            2.33    0.294922                  79
                      aoi   6144    -0.220682    32.124893          0.193994 12.679895    1.621777            2.33    0.294922                1980
                   random   6144    -0.227992    29.634401          0.199640 11.809793    1.607090            2.33    0.294922                2112
reports/v31_ablation_aligned/raw/A2_staged_v31_aligned/D3_plus_awbc/budget1p70_seed45/evaluation/v2_eval_overall.csv
                   policy  steps  weighted_normalized_mae      mae      rmse    smape  pearson      dtw  oracle_loss_mean  reward_mean  power_mean  power_max  peak_power_max  steady_violation_rate  peak_violation_rate  event_rate  warmup_abort_count  warmup_abort_rate  obs_reconstruction_mae  forecast_samples  forecast_weighted_mae_overall  forecast_raw_mae_overall  forecast_weighted_mae_event  forecast_weighted_mae_non_event  forecast_weighted_mae_low_temp  forecast_weighted_mae_normal
  full_open_unconstrained   6144                 0.065096 0.778106  2.683789 0.746673 0.910368 0.752175          0.150530    -0.150532    4.620000       4.62            6.28                    1.0                  1.0    0.294922                   0           0.000000                0.065096              6144                       0.150530                  2.084088                     0.155195                         0.120661                        0.139337                      0.117626
feasible_static_projected   6144                 0.209861 1.653637  3.951644 0.825676 0.935394 1.619808          0.156166    -0.156166    1.460000       1.46            1.95                    0.0                  0.0    0.294922                   0           0.000000                0.209861              6144                       0.156166                  2.126738                     0.160848                         0.126188                        0.144717                      0.124418
              round_robin   6144                 0.232639 1.925147  5.665330 0.830767 0.898989 1.832496          0.170534    -0.190956    1.555000       1.64            1.98                    0.0                  0.0    0.294922                1530           0.249023                0.232639              6144                       0.170534                  2.314342                     0.176232                         0.134055                        0.154597                      0.133353
               custom_ppo   6144                 0.126878 1.536051  8.369941 0.823650 0.821620 1.100347          0.174190    -0.175491    1.596934       1.70            2.33                    0.0                  0.0    0.294922                  79           0.012858                0.126878              6144                       0.174190                  2.606342                     0.181246                         0.129015                        0.151515                      0.127000
                      aoi   6144                 0.195173 2.535979 13.006656 0.835444 0.798021 1.703415          0.193994    -0.220682    1.621777       1.70            2.33                    0.0                  0.0    0.294922                1980           0.322266                0.195173              6144                       0.193994                  2.617596                     0.201820                         0.143891                        0.159498                      0.144045
                   random   6144                 0.157382 2.464586 15.090386 0.834611 0.856943 1.562259          0.199640    -0.227992    1.607090       1.70            2.33                    0.0                  0.0    0.294922                2112           0.343750                0.157382              6144                       0.199640                  3.105292                     0.207499                         0.149326                        0.166749                      0.147337
