custom_ppo_update update=1 timesteps=2048 loss=0.709431 entropy=2.391133 adv_std=1.513602 awbc_label_rate=0.000
custom_ppo_update update=2 timesteps=4096 loss=0.792600 entropy=2.378850 adv_std=1.961453 awbc_label_rate=0.000
custom_ppo_update update=3 timesteps=6144 loss=0.916183 entropy=2.368173 adv_std=2.055951 awbc_label_rate=0.000
custom_ppo_update update=4 timesteps=8192 loss=0.664444 entropy=2.367577 adv_std=2.239096 awbc_label_rate=0.000
custom_ppo_update update=5 timesteps=10240 loss=1.128409 entropy=2.350219 adv_std=2.774494 awbc_label_rate=0.000
custom_ppo_update update=6 timesteps=12288 loss=0.566379 entropy=2.346350 adv_std=2.359665 awbc_label_rate=0.000
custom_ppo_update update=7 timesteps=14336 loss=0.703476 entropy=2.343785 adv_std=2.715763 awbc_label_rate=0.000
custom_ppo_update update=8 timesteps=16384 loss=0.393190 entropy=2.336912 adv_std=2.210202 awbc_label_rate=0.000
custom_ppo_update update=9 timesteps=18432 loss=0.801211 entropy=2.337548 adv_std=2.868985 awbc_label_rate=0.000
custom_ppo_update update=10 timesteps=20480 loss=0.579199 entropy=2.322358 adv_std=2.572203 awbc_label_rate=0.000
custom_ppo_update update=11 timesteps=22528 loss=0.685257 entropy=2.321855 adv_std=2.538146 awbc_label_rate=0.000
custom_ppo_update update=12 timesteps=24576 loss=0.766220 entropy=2.322355 adv_std=3.000461 awbc_label_rate=0.000
custom_ppo_update update=13 timesteps=26624 loss=0.466908 entropy=2.295001 adv_std=2.852508 awbc_label_rate=0.000
custom_ppo_update update=14 timesteps=28672 loss=0.961417 entropy=2.297623 adv_std=2.472872 awbc_label_rate=0.000
custom_ppo_update update=15 timesteps=30720 loss=0.768514 entropy=2.300300 adv_std=2.814240 awbc_label_rate=0.000
custom_ppo_update update=16 timesteps=32768 loss=0.617107 entropy=2.295757 adv_std=2.942218 awbc_label_rate=0.000
custom_ppo_update update=17 timesteps=34816 loss=0.690157 entropy=2.270988 adv_std=2.799747 awbc_label_rate=0.000
custom_ppo_update update=18 timesteps=36864 loss=0.741465 entropy=2.281752 adv_std=2.675055 awbc_label_rate=0.000
custom_ppo_update update=19 timesteps=38912 loss=0.937909 entropy=2.276171 adv_std=3.281064 awbc_label_rate=0.000
custom_ppo_update update=20 timesteps=40960 loss=0.795627 entropy=2.223858 adv_std=3.282985 awbc_label_rate=0.000
custom_ppo_update update=21 timesteps=43008 loss=0.885759 entropy=2.225317 adv_std=3.409845 awbc_label_rate=0.000
custom_ppo_update update=22 timesteps=45056 loss=1.414019 entropy=2.218405 adv_std=3.785662 awbc_label_rate=0.000
custom_ppo_update update=23 timesteps=47104 loss=0.884070 entropy=2.189435 adv_std=3.197811 awbc_label_rate=0.000
custom_ppo_update update=24 timesteps=49152 loss=0.824566 entropy=2.202554 adv_std=3.538469 awbc_label_rate=0.000
custom_ppo_update update=25 timesteps=51200 loss=0.877222 entropy=2.222445 adv_std=3.378620 awbc_label_rate=0.000
custom_ppo_update update=26 timesteps=53248 loss=0.723427 entropy=2.181357 adv_std=3.434973 awbc_label_rate=0.000
custom_ppo_update update=27 timesteps=55296 loss=0.471962 entropy=2.184543 adv_std=2.796258 awbc_label_rate=0.000
custom_ppo_update update=28 timesteps=57344 loss=0.492139 entropy=2.176887 adv_std=3.176911 awbc_label_rate=0.000
custom_ppo_update update=29 timesteps=59392 loss=0.624785 entropy=2.146044 adv_std=2.983636 awbc_label_rate=0.000
custom_ppo_update update=30 timesteps=61440 loss=0.499681 entropy=2.144541 adv_std=2.884320 awbc_label_rate=0.000
custom_ppo_update update=31 timesteps=63488 loss=0.442471 entropy=2.150053 adv_std=2.763127 awbc_label_rate=0.000
custom_ppo_update update=32 timesteps=65536 loss=0.566932 entropy=2.138382 adv_std=3.098993 awbc_label_rate=0.000
custom_ppo_update update=33 timesteps=67584 loss=0.628254 entropy=2.130576 adv_std=2.809000 awbc_label_rate=0.000
custom_ppo_update update=34 timesteps=69632 loss=0.561156 entropy=2.114730 adv_std=2.815423 awbc_label_rate=0.000
custom_ppo_update update=35 timesteps=71680 loss=0.760395 entropy=2.105898 adv_std=2.662589 awbc_label_rate=0.000
custom_ppo_update update=36 timesteps=73728 loss=0.601108 entropy=2.101403 adv_std=3.068774 awbc_label_rate=0.000
custom_ppo_update update=37 timesteps=75776 loss=0.534386 entropy=2.102321 adv_std=2.666821 awbc_label_rate=0.000
custom_ppo_update update=38 timesteps=77824 loss=0.384451 entropy=2.103218 adv_std=2.296597 awbc_label_rate=0.000
custom_ppo_update update=39 timesteps=79872 loss=0.306333 entropy=2.054941 adv_std=2.575805 awbc_label_rate=0.000
custom_ppo_update update=40 timesteps=81920 loss=1.000648 entropy=2.060653 adv_std=3.373293 awbc_label_rate=0.000
custom_ppo_update update=41 timesteps=83968 loss=1.219216 entropy=2.035683 adv_std=3.932178 awbc_label_rate=0.000
custom_ppo_update update=42 timesteps=86016 loss=0.540441 entropy=1.999608 adv_std=2.759459 awbc_label_rate=0.000
custom_ppo_update update=43 timesteps=88064 loss=0.603487 entropy=1.988493 adv_std=2.635467 awbc_label_rate=0.000
custom_ppo_update update=44 timesteps=90112 loss=0.662614 entropy=2.007979 adv_std=2.856844 awbc_label_rate=0.000
custom_ppo_update update=45 timesteps=92160 loss=0.623077 entropy=1.989581 adv_std=3.223704 awbc_label_rate=0.000
custom_ppo_update update=46 timesteps=94208 loss=0.629858 entropy=1.977515 adv_std=3.077236 awbc_label_rate=0.000
custom_ppo_update update=47 timesteps=96256 loss=0.583685 entropy=1.937733 adv_std=2.867403 awbc_label_rate=0.000
custom_ppo_update update=48 timesteps=98304 loss=0.556920 entropy=1.962824 adv_std=2.707715 awbc_label_rate=0.000
custom_ppo_update update=49 timesteps=100000 loss=0.428711 entropy=1.933430 adv_std=2.502525 awbc_label_rate=0.000
reports/v31_ablation_aligned/raw/A2_staged_v31_aligned/D1_masked_actor_action_embedding/budget1p70_seed43/v2_custom_ppo_metrics.csv
                   policy  steps  reward_mean  instant_mae  oracle_loss_mean  dtw_mean  power_mean  peak_power_max  event_rate  warmup_abort_count
  full_open_unconstrained   6144    -0.159284     1.650386          0.159282  1.605024    4.620000            6.28    0.352702                   0
feasible_static_projected   6144    -0.172806     2.803499          0.172806  2.697166    1.460000            1.95    0.352702                   0
              round_robin   6144    -0.201871     9.367867          0.181449  5.212417    1.555000            1.98    0.352702                1530
                      aoi   6144    -0.218253    23.122137          0.182183  9.884176    1.622780            2.33    0.352702                2700
               custom_ppo   6144    -0.194877    19.383610          0.185873 11.200519    1.594378            2.33    0.352702                 656
                   random   6144    -0.215027    20.115153          0.189676  8.904403    1.603066            2.33    0.352702                1884
reports/v31_ablation_aligned/raw/A2_staged_v31_aligned/D1_masked_actor_action_embedding/budget1p70_seed43/evaluation/v2_eval_overall.csv
                   policy  steps  weighted_normalized_mae      mae      rmse    smape  pearson      dtw  oracle_loss_mean  reward_mean  power_mean  power_max  peak_power_max  steady_violation_rate  peak_violation_rate  event_rate  warmup_abort_count  warmup_abort_rate  obs_reconstruction_mae  forecast_samples  forecast_weighted_mae_overall  forecast_raw_mae_overall  forecast_weighted_mae_event  forecast_weighted_mae_non_event  forecast_weighted_mae_low_temp  forecast_weighted_mae_normal
  full_open_unconstrained   6144                 0.065856 0.790941  2.724093 0.726462 0.907555 0.767387          0.159282    -0.159284    4.620000       4.62            6.28                    1.0                  1.0    0.352702                   0           0.000000                0.065856              6144                       0.159282                  2.478503                     0.171741                         0.116390                        0.128781                      0.117076
feasible_static_projected   6144                 0.230691 1.792221  4.279747 0.793600 0.931630 1.761022          0.172806    -0.172806    1.460000       1.46            1.95                    0.0                  0.0    0.352702                   0           0.000000                0.230691              6144                       0.172806                  2.555525                     0.182231                         0.140359                        0.154810                      0.117706
              round_robin   6144                 0.250575 2.098810  5.994935 0.796027 0.903665 1.943822          0.181449    -0.201871    1.555000       1.64            1.98                    0.0                  0.0    0.352702                1530           0.249023                0.250575              6144                       0.181449                  2.661584                     0.191102                         0.148217                        0.157294                      0.131048
                      aoi   6144                 0.141356 2.701406 13.582981 0.785910 0.883553 1.719292          0.182183    -0.218253    1.622780       1.70            2.33                    0.0                  0.0    0.352702                2700           0.439453                0.141356              6144                       0.182183                  3.221953                     0.192869                         0.145398                        0.145939                      0.141280
               custom_ppo   6144                 0.172458 2.316580 13.788146 0.807760 0.782906 1.580699          0.185873    -0.194877    1.594378       1.70            2.33                    0.0                  0.0    0.352702                 656           0.106771                0.172458              6144                       0.185873                  3.414763                     0.194479                         0.156246                        0.147494                      0.160650
                   random   6144                 0.157833 2.796395 16.616963 0.798122 0.858038 1.715627          0.189676    -0.215027    1.603066       1.70            2.33                    0.0                  0.0    0.352702                1884           0.306641                0.157833              6144                       0.189676                  3.797298                     0.200797                         0.151393                        0.149409                      0.152260
