custom_ppo_update update=1 timesteps=2048 loss=0.698980 entropy=2.391146 adv_std=1.625260 awbc_label_rate=0.000
custom_ppo_update update=2 timesteps=4096 loss=0.527892 entropy=2.380613 adv_std=1.803217 awbc_label_rate=0.000
custom_ppo_update update=3 timesteps=6144 loss=0.919176 entropy=2.372955 adv_std=2.230453 awbc_label_rate=0.000
custom_ppo_update update=4 timesteps=8192 loss=0.604855 entropy=2.363513 adv_std=2.197345 awbc_label_rate=0.000
custom_ppo_update update=5 timesteps=10240 loss=0.487562 entropy=2.342962 adv_std=2.201637 awbc_label_rate=0.000
custom_ppo_update update=6 timesteps=12288 loss=0.581878 entropy=2.302076 adv_std=2.534615 awbc_label_rate=0.000
custom_ppo_update update=7 timesteps=14336 loss=0.383191 entropy=2.301033 adv_std=2.180261 awbc_label_rate=0.000
custom_ppo_update update=8 timesteps=16384 loss=0.589171 entropy=2.287616 adv_std=2.567876 awbc_label_rate=0.000
custom_ppo_update update=9 timesteps=18432 loss=0.842628 entropy=2.305763 adv_std=3.043553 awbc_label_rate=0.000
custom_ppo_update update=10 timesteps=20480 loss=0.454504 entropy=2.213558 adv_std=2.553294 awbc_label_rate=0.000
custom_ppo_update update=11 timesteps=22528 loss=0.748531 entropy=2.231478 adv_std=2.887855 awbc_label_rate=0.000
custom_ppo_update update=12 timesteps=24576 loss=0.910420 entropy=2.282308 adv_std=3.026655 awbc_label_rate=0.000
custom_ppo_update update=13 timesteps=26624 loss=0.977513 entropy=2.272140 adv_std=3.000262 awbc_label_rate=0.000
custom_ppo_update update=14 timesteps=28672 loss=1.108314 entropy=2.249536 adv_std=3.334374 awbc_label_rate=0.000
custom_ppo_update update=15 timesteps=30720 loss=1.245673 entropy=2.279680 adv_std=3.568063 awbc_label_rate=0.000
custom_ppo_update update=16 timesteps=32768 loss=0.842914 entropy=2.200299 adv_std=3.336033 awbc_label_rate=0.000
custom_ppo_update update=17 timesteps=34816 loss=0.773252 entropy=2.238774 adv_std=3.059320 awbc_label_rate=0.000
custom_ppo_update update=18 timesteps=36864 loss=1.024536 entropy=2.214084 adv_std=3.525022 awbc_label_rate=0.000
custom_ppo_update update=19 timesteps=38912 loss=1.133539 entropy=2.086967 adv_std=3.381850 awbc_label_rate=0.000
custom_ppo_update update=20 timesteps=40960 loss=0.922943 entropy=2.188945 adv_std=3.554216 awbc_label_rate=0.000
custom_ppo_update update=21 timesteps=43008 loss=0.907284 entropy=2.206940 adv_std=3.178214 awbc_label_rate=0.000
custom_ppo_update update=22 timesteps=45056 loss=0.829185 entropy=2.125674 adv_std=3.281741 awbc_label_rate=0.000
custom_ppo_update update=23 timesteps=47104 loss=0.870094 entropy=2.185899 adv_std=3.585953 awbc_label_rate=0.000
custom_ppo_update update=24 timesteps=49152 loss=0.448880 entropy=2.123866 adv_std=2.788406 awbc_label_rate=0.000
custom_ppo_update update=25 timesteps=51200 loss=1.214527 entropy=1.982315 adv_std=3.205281 awbc_label_rate=0.000
custom_ppo_update update=26 timesteps=53248 loss=0.764176 entropy=2.149938 adv_std=3.577106 awbc_label_rate=0.000
custom_ppo_update update=27 timesteps=55296 loss=0.706237 entropy=2.146775 adv_std=3.375309 awbc_label_rate=0.000
custom_ppo_update update=28 timesteps=57344 loss=1.052364 entropy=2.126662 adv_std=3.455646 awbc_label_rate=0.000
custom_ppo_update update=29 timesteps=59392 loss=0.776136 entropy=2.136995 adv_std=3.449658 awbc_label_rate=0.000
custom_ppo_update update=30 timesteps=61440 loss=0.687693 entropy=2.127609 adv_std=3.091822 awbc_label_rate=0.000
custom_ppo_update update=31 timesteps=63488 loss=0.514190 entropy=2.004023 adv_std=2.933798 awbc_label_rate=0.000
custom_ppo_update update=32 timesteps=65536 loss=0.481715 entropy=2.050548 adv_std=2.767209 awbc_label_rate=0.000
custom_ppo_update update=33 timesteps=67584 loss=1.269977 entropy=2.036277 adv_std=4.404842 awbc_label_rate=0.000
custom_ppo_update update=34 timesteps=69632 loss=0.609063 entropy=2.001306 adv_std=3.050381 awbc_label_rate=0.000
custom_ppo_update update=35 timesteps=71680 loss=0.607888 entropy=1.934989 adv_std=3.017105 awbc_label_rate=0.000
custom_ppo_update update=36 timesteps=73728 loss=0.928458 entropy=2.017985 adv_std=3.139400 awbc_label_rate=0.000
custom_ppo_update update=37 timesteps=75776 loss=0.864234 entropy=2.012200 adv_std=3.359268 awbc_label_rate=0.000
custom_ppo_update update=38 timesteps=77824 loss=0.575952 entropy=1.989729 adv_std=2.453366 awbc_label_rate=0.000
custom_ppo_update update=39 timesteps=79872 loss=0.530018 entropy=1.997897 adv_std=2.798824 awbc_label_rate=0.000
custom_ppo_update update=40 timesteps=81920 loss=0.762051 entropy=2.013505 adv_std=3.381029 awbc_label_rate=0.000
custom_ppo_update update=41 timesteps=83968 loss=0.466918 entropy=1.962946 adv_std=2.863431 awbc_label_rate=0.000
custom_ppo_update update=42 timesteps=86016 loss=0.770653 entropy=1.931757 adv_std=3.402108 awbc_label_rate=0.000
custom_ppo_update update=43 timesteps=88064 loss=0.781071 entropy=1.958100 adv_std=2.998014 awbc_label_rate=0.000
custom_ppo_update update=44 timesteps=90112 loss=0.574908 entropy=1.947543 adv_std=2.925009 awbc_label_rate=0.000
custom_ppo_update update=45 timesteps=92160 loss=0.561647 entropy=1.896186 adv_std=2.621274 awbc_label_rate=0.000
custom_ppo_update update=46 timesteps=94208 loss=0.515247 entropy=1.913622 adv_std=2.802413 awbc_label_rate=0.000
custom_ppo_update update=47 timesteps=96256 loss=0.920252 entropy=1.952647 adv_std=3.209595 awbc_label_rate=0.000
custom_ppo_update update=48 timesteps=98304 loss=0.973719 entropy=1.917142 adv_std=3.753948 awbc_label_rate=0.000
custom_ppo_update update=49 timesteps=100000 loss=0.743243 entropy=1.941036 adv_std=3.271882 awbc_label_rate=0.000
reports/v31_ablation_aligned/raw/A2_staged_v31_aligned/D2_plus_event_critic/budget1p70_seed46/v2_custom_ppo_metrics.csv
                   policy  steps  reward_mean  instant_mae  oracle_loss_mean  dtw_mean  power_mean  peak_power_max  event_rate  warmup_abort_count
  full_open_unconstrained   6144    -0.160088     1.648961          0.160086  1.615355    4.620000            6.28    0.342448                   0
feasible_static_projected   6144    -0.166882     2.849922          0.166881  2.751123    1.460000            1.95    0.342448                   0
              round_robin   6144    -0.198925    10.933967          0.178502  6.131684    1.555000            1.98    0.342448                1530
                      aoi   6144    -0.229966    29.686459          0.198588 12.564523    1.622279            2.33    0.342448                2340
                   random   6144    -0.225181    26.214098          0.199192 11.447144    1.605879            2.33    0.342448                1932
               custom_ppo   6144    -0.221562    28.289916          0.202615 12.142030    1.598783            2.33    0.342448                1401
reports/v31_ablation_aligned/raw/A2_staged_v31_aligned/D2_plus_event_critic/budget1p70_seed46/evaluation/v2_eval_overall.csv
                   policy  steps  weighted_normalized_mae      mae      rmse    smape  pearson      dtw  oracle_loss_mean  reward_mean  power_mean  power_max  peak_power_max  steady_violation_rate  peak_violation_rate  event_rate  warmup_abort_count  warmup_abort_rate  obs_reconstruction_mae  forecast_samples  forecast_weighted_mae_overall  forecast_raw_mae_overall  forecast_weighted_mae_event  forecast_weighted_mae_non_event  forecast_weighted_mae_low_temp  forecast_weighted_mae_normal
  full_open_unconstrained   6144                 0.065759 0.796695  2.744231 0.724273 0.908048 0.775357          0.160086    -0.160088    4.620000       4.62            6.28                    1.0                  1.0    0.342448                   0           0.000000                0.065759              6144                       0.160086                  2.136467                     0.167842                         0.114415                        0.136312                      0.099370
feasible_static_projected   6144                 0.242277 1.864975  4.435137 0.809333 0.936060 1.832704          0.166881    -0.166882    1.460000       1.46            1.95                    0.0                  0.0    0.342448                   0           0.000000                0.242277              6144                       0.166881                  2.237226                     0.174878                         0.119798                        0.143951                      0.113095
              round_robin   6144                 0.264489 2.121410  5.736642 0.814151 0.901761 2.017724          0.178502    -0.198925    1.555000       1.64            1.98                    0.0                  0.0    0.342448                1530           0.249023                0.264489              6144                       0.178502                  2.372295                     0.187982                         0.122689                        0.146726                      0.112655
                      aoi   6144                 0.168009 2.471082 11.774839 0.817905 0.833378 1.660458          0.198588    -0.229966    1.622279       1.70            2.33                    0.0                  0.0    0.342448                2340           0.380859                0.168009              6144                       0.198588                  2.832153                     0.210940                         0.125861                        0.150274                      0.125638
                   random   6144                 0.165159 2.525385 14.472154 0.819209 0.848749 1.584431          0.199192    -0.225181    1.605879       1.70            2.33                    0.0                  0.0    0.342448                1932           0.314453                0.165159              6144                       0.199192                  3.267268                     0.209700                         0.137323                        0.156366                      0.135377
               custom_ppo   6144                 0.158438 3.556453 22.370833 0.832218 0.743484 1.942500          0.202615    -0.221562    1.598783       1.70            2.33                    0.0                  0.0    0.342448                1401           0.228027                0.158438              6144                       0.202615                  4.183990                     0.211718                         0.149020                        0.163993                      0.146438
