custom_ppo_update update=1 timesteps=2048 loss=0.083188 entropy=2.384157 adv_std=0.539361 awbc_label_rate=0.000
custom_ppo_update update=2 timesteps=4096 loss=0.349368 entropy=2.377202 adv_std=1.482306 awbc_label_rate=0.000
custom_ppo_update update=3 timesteps=6144 loss=0.653228 entropy=2.370865 adv_std=1.907835 awbc_label_rate=0.000
custom_ppo_update update=4 timesteps=8192 loss=0.659613 entropy=2.368451 adv_std=2.134889 awbc_label_rate=0.000
custom_ppo_update update=5 timesteps=10240 loss=0.397442 entropy=2.357395 adv_std=2.072472 awbc_label_rate=0.000
custom_ppo_update update=6 timesteps=12288 loss=0.641801 entropy=2.341565 adv_std=2.348015 awbc_label_rate=0.000
custom_ppo_update update=7 timesteps=14336 loss=0.386099 entropy=2.343857 adv_std=2.393549 awbc_label_rate=0.000
custom_ppo_update update=8 timesteps=16384 loss=0.474157 entropy=2.353502 adv_std=2.603079 awbc_label_rate=0.000
custom_ppo_update update=9 timesteps=18432 loss=0.748821 entropy=2.341048 adv_std=2.735679 awbc_label_rate=0.000
custom_ppo_update update=10 timesteps=20480 loss=0.645825 entropy=2.331408 adv_std=2.763309 awbc_label_rate=0.000
custom_ppo_update update=11 timesteps=22528 loss=0.575361 entropy=2.318366 adv_std=2.772714 awbc_label_rate=0.000
custom_ppo_update update=12 timesteps=24576 loss=0.283287 entropy=2.295897 adv_std=2.309433 awbc_label_rate=0.000
custom_ppo_update update=13 timesteps=26624 loss=0.503288 entropy=2.270223 adv_std=2.798191 awbc_label_rate=0.000
custom_ppo_update update=14 timesteps=28672 loss=0.375863 entropy=2.283471 adv_std=2.580511 awbc_label_rate=0.000
custom_ppo_update update=15 timesteps=30720 loss=0.557703 entropy=2.271359 adv_std=2.822329 awbc_label_rate=0.000
custom_ppo_update update=16 timesteps=32768 loss=0.409347 entropy=2.247149 adv_std=2.336430 awbc_label_rate=0.000
custom_ppo_update update=17 timesteps=34816 loss=0.501579 entropy=2.236210 adv_std=2.800213 awbc_label_rate=0.000
custom_ppo_update update=18 timesteps=36864 loss=0.492597 entropy=2.202194 adv_std=2.639989 awbc_label_rate=0.000
custom_ppo_update update=19 timesteps=38912 loss=0.357732 entropy=2.156004 adv_std=2.397632 awbc_label_rate=0.000
custom_ppo_update update=20 timesteps=40960 loss=0.509766 entropy=2.234233 adv_std=2.852552 awbc_label_rate=0.000
custom_ppo_update update=21 timesteps=43008 loss=0.403012 entropy=2.209924 adv_std=2.513492 awbc_label_rate=0.000
custom_ppo_update update=22 timesteps=45056 loss=0.300493 entropy=2.175035 adv_std=2.215964 awbc_label_rate=0.000
custom_ppo_update update=23 timesteps=47104 loss=0.618872 entropy=2.115757 adv_std=2.536265 awbc_label_rate=0.000
custom_ppo_update update=24 timesteps=49152 loss=0.649717 entropy=2.149482 adv_std=2.730329 awbc_label_rate=0.000
custom_ppo_update update=25 timesteps=51200 loss=0.609629 entropy=2.094217 adv_std=3.076178 awbc_label_rate=0.000
custom_ppo_update update=26 timesteps=53248 loss=0.637870 entropy=2.096301 adv_std=3.068304 awbc_label_rate=0.000
custom_ppo_update update=27 timesteps=55296 loss=0.608425 entropy=2.047411 adv_std=2.999458 awbc_label_rate=0.000
custom_ppo_update update=28 timesteps=57344 loss=0.583242 entropy=2.006743 adv_std=2.939823 awbc_label_rate=0.000
custom_ppo_update update=29 timesteps=59392 loss=0.631284 entropy=2.031293 adv_std=3.003611 awbc_label_rate=0.000
custom_ppo_update update=30 timesteps=61440 loss=0.777497 entropy=1.987581 adv_std=3.355088 awbc_label_rate=0.000
custom_ppo_update update=31 timesteps=63488 loss=0.649498 entropy=2.017350 adv_std=2.938549 awbc_label_rate=0.000
custom_ppo_update update=32 timesteps=65536 loss=0.667172 entropy=1.864966 adv_std=2.434389 awbc_label_rate=0.000
custom_ppo_update update=33 timesteps=67584 loss=0.481280 entropy=1.992639 adv_std=2.710422 awbc_label_rate=0.000
custom_ppo_update update=34 timesteps=69632 loss=0.576373 entropy=2.073544 adv_std=3.166997 awbc_label_rate=0.000
custom_ppo_update update=35 timesteps=71680 loss=0.316574 entropy=1.991888 adv_std=2.224966 awbc_label_rate=0.000
custom_ppo_update update=36 timesteps=73728 loss=0.642716 entropy=2.141714 adv_std=3.136801 awbc_label_rate=0.000
custom_ppo_update update=37 timesteps=75776 loss=0.309571 entropy=2.014914 adv_std=2.443034 awbc_label_rate=0.000
custom_ppo_update update=38 timesteps=77824 loss=0.518707 entropy=1.939537 adv_std=2.847885 awbc_label_rate=0.000
custom_ppo_update update=39 timesteps=79872 loss=0.830657 entropy=1.985562 adv_std=3.538182 awbc_label_rate=0.000
custom_ppo_update update=40 timesteps=81920 loss=0.536085 entropy=1.898599 adv_std=3.090608 awbc_label_rate=0.000
custom_ppo_update update=41 timesteps=83968 loss=0.339583 entropy=2.034932 adv_std=2.610559 awbc_label_rate=0.000
custom_ppo_update update=42 timesteps=86016 loss=0.344942 entropy=1.881248 adv_std=2.413511 awbc_label_rate=0.000
custom_ppo_update update=43 timesteps=88064 loss=0.518958 entropy=1.988207 adv_std=2.632020 awbc_label_rate=0.000
custom_ppo_update update=44 timesteps=90112 loss=0.545943 entropy=2.000971 adv_std=2.840747 awbc_label_rate=0.000
custom_ppo_update update=45 timesteps=92160 loss=0.762874 entropy=2.004176 adv_std=2.950862 awbc_label_rate=0.000
custom_ppo_update update=46 timesteps=94208 loss=0.723609 entropy=1.862319 adv_std=2.819613 awbc_label_rate=0.000
custom_ppo_update update=47 timesteps=96256 loss=0.813773 entropy=1.907657 adv_std=2.986370 awbc_label_rate=0.000
custom_ppo_update update=48 timesteps=98304 loss=0.541890 entropy=1.918643 adv_std=2.584818 awbc_label_rate=0.000
custom_ppo_update update=49 timesteps=100000 loss=0.843654 entropy=1.937843 adv_std=3.238507 awbc_label_rate=0.000
reports/v31_ablation_aligned/raw/A2_staged_v31_aligned/D2_plus_event_critic/budget1p70_seed44/v2_custom_ppo_metrics.csv
                   policy  steps  reward_mean  instant_mae  oracle_loss_mean  dtw_mean  power_mean  peak_power_max  event_rate  warmup_abort_count
  full_open_unconstrained   6144    -0.152115     1.671129          0.152113  1.632087    4.620000            6.28    0.402669                   0
feasible_static_projected   6144    -0.160296     2.782945          0.160295  2.680502    1.460000            1.95    0.402669                   0
              round_robin   6144    -0.186074    11.733168          0.165652  5.923856    1.555000            1.98    0.402669                1530
                      aoi   6144    -0.216982    27.436665          0.178568 11.338480    1.623031            2.33    0.402669                2880
                   random   6144    -0.212943    23.250757          0.188221  9.981687    1.601875            2.33    0.402669                1836
               custom_ppo   6144    -0.225806    80.955752          0.212700 44.155998    1.611286            2.33    0.402669                 955
reports/v31_ablation_aligned/raw/A2_staged_v31_aligned/D2_plus_event_critic/budget1p70_seed44/evaluation/v2_eval_overall.csv
                   policy  steps  weighted_normalized_mae      mae      rmse    smape  pearson      dtw  oracle_loss_mean  reward_mean  power_mean  power_max  peak_power_max  steady_violation_rate  peak_violation_rate  event_rate  warmup_abort_count  warmup_abort_rate  obs_reconstruction_mae  forecast_samples  forecast_weighted_mae_overall  forecast_raw_mae_overall  forecast_weighted_mae_event  forecast_weighted_mae_non_event  forecast_weighted_mae_low_temp  forecast_weighted_mae_normal
  full_open_unconstrained   6144                 0.067781 0.800943  2.748866 0.718983 0.900087 0.774163          0.152113    -0.152115    4.620000       4.62            6.28                    1.0                  1.0    0.402669                   0           0.000000                0.067781              6144                       0.152113                  2.079277                     0.155930                         0.117106                        0.117405                      0.127205
feasible_static_projected   6144                 0.228892 1.778877  4.314012 0.794750 0.937501 1.743710          0.160295    -0.160296    1.460000       1.46            1.95                    0.0                  0.0    0.402669                   0           0.000000                0.228892              6144                       0.160295                  2.206352                     0.164246                         0.124051                        0.126959                      0.121786
              round_robin   6144                 0.247318 1.967219  5.144900 0.795538 0.912513 1.827648          0.165652    -0.186074    1.555000       1.64            1.98                    0.0                  0.0    0.402669                1530           0.249023                0.247318              6144                       0.165652                  2.263868                     0.169546                         0.129934                        0.134001                      0.127530
                      aoi   6144                 0.150457 2.404934 12.732274 0.791728 0.878528 1.523028          0.178568    -0.216982    1.623031       1.70            2.33                    0.0                  0.0    0.402669                2880           0.468750                0.150457              6144                       0.178567                  2.883999                     0.183340                         0.134790                        0.141896                      0.137621
                   random   6144                 0.167849 2.592932 15.894051 0.811629 0.848777 1.599662          0.188221    -0.212943    1.601875       1.70            2.33                    0.0                  0.0    0.402669                1836           0.298828                0.167849              6144                       0.188221                  3.350830                     0.193248                         0.142116                        0.148549                      0.141751
               custom_ppo   6144                 0.197013 3.007468 17.778884 0.823995 0.814071 1.917308          0.212700    -0.225806    1.611286       1.70            2.33                    0.0                  0.0    0.402669                 955           0.155436                0.197013              6144                       0.212700                  3.650909                     0.212002                         0.219100                        0.158710                      0.326232
