custom_ppo_update update=1 timesteps=2048 loss=0.681382 entropy=2.390950 adv_std=1.506919 awbc_label_rate=0.000
custom_ppo_update update=2 timesteps=4096 loss=0.740439 entropy=2.379443 adv_std=1.906084 awbc_label_rate=0.000
custom_ppo_update update=3 timesteps=6144 loss=0.824914 entropy=2.370065 adv_std=2.087215 awbc_label_rate=0.000
custom_ppo_update update=4 timesteps=8192 loss=0.739853 entropy=2.362537 adv_std=2.454859 awbc_label_rate=0.000
custom_ppo_update update=5 timesteps=10240 loss=1.188163 entropy=2.350995 adv_std=2.857722 awbc_label_rate=0.000
custom_ppo_update update=6 timesteps=12288 loss=0.672566 entropy=2.335684 adv_std=2.610039 awbc_label_rate=0.000
custom_ppo_update update=7 timesteps=14336 loss=0.681239 entropy=2.324540 adv_std=2.798824 awbc_label_rate=0.000
custom_ppo_update update=8 timesteps=16384 loss=0.360095 entropy=2.317326 adv_std=2.231105 awbc_label_rate=0.000
custom_ppo_update update=9 timesteps=18432 loss=1.017226 entropy=2.306307 adv_std=2.998716 awbc_label_rate=0.000
custom_ppo_update update=10 timesteps=20480 loss=0.529679 entropy=2.289633 adv_std=2.482882 awbc_label_rate=0.000
custom_ppo_update update=11 timesteps=22528 loss=0.478928 entropy=2.292343 adv_std=2.448128 awbc_label_rate=0.000
custom_ppo_update update=12 timesteps=24576 loss=0.710300 entropy=2.261644 adv_std=2.890068 awbc_label_rate=0.000
custom_ppo_update update=13 timesteps=26624 loss=0.438787 entropy=2.234233 adv_std=2.799971 awbc_label_rate=0.000
custom_ppo_update update=14 timesteps=28672 loss=0.543918 entropy=2.233099 adv_std=2.406367 awbc_label_rate=0.000
custom_ppo_update update=15 timesteps=30720 loss=0.520129 entropy=2.218039 adv_std=2.774884 awbc_label_rate=0.000
custom_ppo_update update=16 timesteps=32768 loss=0.532180 entropy=2.218341 adv_std=2.710082 awbc_label_rate=0.000
custom_ppo_update update=17 timesteps=34816 loss=0.503225 entropy=2.155281 adv_std=2.670952 awbc_label_rate=0.000
custom_ppo_update update=18 timesteps=36864 loss=0.579805 entropy=2.168496 adv_std=2.530584 awbc_label_rate=0.000
custom_ppo_update update=19 timesteps=38912 loss=0.816799 entropy=2.102422 adv_std=3.227929 awbc_label_rate=0.000
custom_ppo_update update=20 timesteps=40960 loss=0.765092 entropy=2.118491 adv_std=3.028807 awbc_label_rate=0.000
custom_ppo_update update=21 timesteps=43008 loss=0.892048 entropy=2.112468 adv_std=3.211959 awbc_label_rate=0.000
custom_ppo_update update=22 timesteps=45056 loss=1.065740 entropy=2.115795 adv_std=3.200112 awbc_label_rate=0.000
custom_ppo_update update=23 timesteps=47104 loss=0.739160 entropy=2.008291 adv_std=2.898854 awbc_label_rate=0.000
custom_ppo_update update=24 timesteps=49152 loss=0.738540 entropy=2.066384 adv_std=3.358801 awbc_label_rate=0.000
custom_ppo_update update=25 timesteps=51200 loss=0.747320 entropy=2.050897 adv_std=3.272626 awbc_label_rate=0.000
custom_ppo_update update=26 timesteps=53248 loss=0.769487 entropy=2.028472 adv_std=3.039965 awbc_label_rate=0.000
custom_ppo_update update=27 timesteps=55296 loss=0.448421 entropy=2.053055 adv_std=2.889352 awbc_label_rate=0.000
custom_ppo_update update=28 timesteps=57344 loss=0.429789 entropy=2.051443 adv_std=3.009701 awbc_label_rate=0.000
custom_ppo_update update=29 timesteps=59392 loss=0.518788 entropy=1.960484 adv_std=2.532727 awbc_label_rate=0.000
custom_ppo_update update=30 timesteps=61440 loss=0.323229 entropy=1.999193 adv_std=2.478953 awbc_label_rate=0.000
custom_ppo_update update=31 timesteps=63488 loss=0.530308 entropy=2.031993 adv_std=2.752310 awbc_label_rate=0.000
custom_ppo_update update=32 timesteps=65536 loss=0.552092 entropy=2.032699 adv_std=2.958042 awbc_label_rate=0.000
custom_ppo_update update=33 timesteps=67584 loss=0.552077 entropy=2.037104 adv_std=2.620718 awbc_label_rate=0.000
custom_ppo_update update=34 timesteps=69632 loss=0.590631 entropy=1.988065 adv_std=2.671523 awbc_label_rate=0.000
custom_ppo_update update=35 timesteps=71680 loss=0.718739 entropy=1.997944 adv_std=2.940455 awbc_label_rate=0.000
custom_ppo_update update=36 timesteps=73728 loss=0.489576 entropy=2.059244 adv_std=2.864573 awbc_label_rate=0.000
custom_ppo_update update=37 timesteps=75776 loss=0.358278 entropy=1.987415 adv_std=2.364432 awbc_label_rate=0.000
custom_ppo_update update=38 timesteps=77824 loss=0.362879 entropy=2.007001 adv_std=2.312182 awbc_label_rate=0.000
custom_ppo_update update=39 timesteps=79872 loss=0.349485 entropy=2.012905 adv_std=2.520887 awbc_label_rate=0.000
custom_ppo_update update=40 timesteps=81920 loss=0.669093 entropy=2.008590 adv_std=3.166657 awbc_label_rate=0.000
custom_ppo_update update=41 timesteps=83968 loss=0.750348 entropy=1.983058 adv_std=3.041240 awbc_label_rate=0.000
custom_ppo_update update=42 timesteps=86016 loss=0.416080 entropy=1.966333 adv_std=2.355327 awbc_label_rate=0.000
custom_ppo_update update=43 timesteps=88064 loss=0.406762 entropy=1.997975 adv_std=2.561927 awbc_label_rate=0.000
custom_ppo_update update=44 timesteps=90112 loss=0.344176 entropy=1.984368 adv_std=2.445653 awbc_label_rate=0.000
custom_ppo_update update=45 timesteps=92160 loss=0.407920 entropy=1.961726 adv_std=2.530836 awbc_label_rate=0.000
custom_ppo_update update=46 timesteps=94208 loss=0.559436 entropy=1.977564 adv_std=2.618641 awbc_label_rate=0.000
custom_ppo_update update=47 timesteps=96256 loss=0.531339 entropy=1.970904 adv_std=2.694082 awbc_label_rate=0.000
custom_ppo_update update=48 timesteps=98304 loss=0.519003 entropy=1.921985 adv_std=2.632313 awbc_label_rate=0.000
custom_ppo_update update=49 timesteps=100000 loss=0.461753 entropy=1.902396 adv_std=2.150663 awbc_label_rate=0.000
reports/v31_ablation_aligned/raw/A2_staged_v31_aligned/D2_plus_event_critic/budget1p70_seed43/v2_custom_ppo_metrics.csv
                   policy  steps  reward_mean  instant_mae  oracle_loss_mean  dtw_mean  power_mean  peak_power_max  event_rate  warmup_abort_count
  full_open_unconstrained   6144    -0.159787     1.650386          0.159785  1.605024    4.620000            6.28    0.352702                   0
feasible_static_projected   6144    -0.173342     2.803499          0.173341  2.697166    1.460000            1.95    0.352702                   0
              round_robin   6144    -0.202133     9.367867          0.181711  5.212417    1.555000            1.98    0.352702                1530
                      aoi   6144    -0.218109    23.122137          0.182039  9.884176    1.622780            2.33    0.352702                2700
               custom_ppo   6144    -0.197027    35.964711          0.189013 11.051909    1.569798            2.33    0.352702                 577
                   random   6144    -0.215063    20.115153          0.189713  8.904403    1.603066            2.33    0.352702                1884
reports/v31_ablation_aligned/raw/A2_staged_v31_aligned/D2_plus_event_critic/budget1p70_seed43/evaluation/v2_eval_overall.csv
                   policy  steps  weighted_normalized_mae      mae      rmse    smape  pearson      dtw  oracle_loss_mean  reward_mean  power_mean  power_max  peak_power_max  steady_violation_rate  peak_violation_rate  event_rate  warmup_abort_count  warmup_abort_rate  obs_reconstruction_mae  forecast_samples  forecast_weighted_mae_overall  forecast_raw_mae_overall  forecast_weighted_mae_event  forecast_weighted_mae_non_event  forecast_weighted_mae_low_temp  forecast_weighted_mae_normal
  full_open_unconstrained   6144                 0.065856 0.790941  2.724093 0.726462 0.907555 0.767387          0.159785    -0.159787    4.620000       4.62            6.28                    1.0                  1.0    0.352702                   0           0.000000                0.065856              6144                       0.159785                  2.453694                     0.172144                         0.117237                        0.128030                      0.120297
feasible_static_projected   6144                 0.230691 1.792221  4.279747 0.793600 0.931630 1.761022          0.173341    -0.173342    1.460000       1.46            1.95                    0.0                  0.0    0.352702                   0           0.000000                0.230691              6144                       0.173341                  2.545290                     0.183303                         0.139050                        0.154954                      0.119037
              round_robin   6144                 0.250575 2.098810  5.994935 0.796027 0.903665 1.943822          0.181711    -0.202133    1.555000       1.64            1.98                    0.0                  0.0    0.352702                1530           0.249023                0.250575              6144                       0.181711                  2.664771                     0.191412                         0.148316                        0.157455                      0.133873
                      aoi   6144                 0.141356 2.701406 13.582981 0.785910 0.883553 1.719292          0.182039    -0.218109    1.622780       1.70            2.33                    0.0                  0.0    0.352702                2700           0.439453                0.141356              6144                       0.182039                  3.229885                     0.192493                         0.146053                        0.146033                      0.142721
               custom_ppo   6144                 0.143662 3.260430 20.003742 0.799624 0.865335 2.026720          0.189013    -0.197027    1.569798       1.70            2.33                    0.0                  0.0    0.352702                 577           0.093913                0.143662              6144                       0.189013                  4.150442                     0.199438                         0.153125                        0.152182                      0.162634
                   random   6144                 0.157833 2.796395 16.616963 0.798122 0.858038 1.715627          0.189713    -0.215063    1.603066       1.70            2.33                    0.0                  0.0    0.352702                1884           0.306641                0.157833              6144                       0.189713                  3.797816                     0.200754                         0.151704                        0.149498                      0.153726
