custom_ppo_update update=1 timesteps=2048 loss=0.537313 entropy=2.386241 adv_std=1.440373 awbc_label_rate=0.000
custom_ppo_update update=2 timesteps=4096 loss=0.485792 entropy=2.380287 adv_std=1.546587 awbc_label_rate=0.000
custom_ppo_update update=3 timesteps=6144 loss=0.914239 entropy=2.369383 adv_std=1.961100 awbc_label_rate=0.000
custom_ppo_update update=4 timesteps=8192 loss=0.411961 entropy=2.362488 adv_std=1.772761 awbc_label_rate=0.000
custom_ppo_update update=5 timesteps=10240 loss=0.274481 entropy=2.343857 adv_std=1.519229 awbc_label_rate=0.000
custom_ppo_update update=6 timesteps=12288 loss=0.449422 entropy=2.346045 adv_std=2.275129 awbc_label_rate=0.000
custom_ppo_update update=7 timesteps=14336 loss=0.440949 entropy=2.339628 adv_std=2.360782 awbc_label_rate=0.000
custom_ppo_update update=8 timesteps=16384 loss=0.505290 entropy=2.336141 adv_std=2.333678 awbc_label_rate=0.000
custom_ppo_update update=9 timesteps=18432 loss=0.232579 entropy=2.317143 adv_std=2.008112 awbc_label_rate=0.000
custom_ppo_update update=10 timesteps=20480 loss=0.372335 entropy=2.304280 adv_std=2.182797 awbc_label_rate=0.000
custom_ppo_update update=11 timesteps=22528 loss=0.293895 entropy=2.296492 adv_std=2.165297 awbc_label_rate=0.000
custom_ppo_update update=12 timesteps=24576 loss=0.327774 entropy=2.290470 adv_std=2.268611 awbc_label_rate=0.000
custom_ppo_update update=13 timesteps=26624 loss=0.481681 entropy=2.265572 adv_std=2.717025 awbc_label_rate=0.000
custom_ppo_update update=14 timesteps=28672 loss=0.537474 entropy=2.284694 adv_std=2.361294 awbc_label_rate=0.000
custom_ppo_update update=15 timesteps=30720 loss=0.654217 entropy=2.275301 adv_std=2.565057 awbc_label_rate=0.000
custom_ppo_update update=16 timesteps=32768 loss=0.846267 entropy=2.257221 adv_std=3.190527 awbc_label_rate=0.000
custom_ppo_update update=17 timesteps=34816 loss=0.705617 entropy=2.265911 adv_std=3.198085 awbc_label_rate=0.000
custom_ppo_update update=18 timesteps=36864 loss=0.676191 entropy=2.241327 adv_std=2.877458 awbc_label_rate=0.000
custom_ppo_update update=19 timesteps=38912 loss=0.626807 entropy=2.249399 adv_std=2.724760 awbc_label_rate=0.000
custom_ppo_update update=20 timesteps=40960 loss=0.445248 entropy=2.234885 adv_std=2.705993 awbc_label_rate=0.000
custom_ppo_update update=21 timesteps=43008 loss=0.436018 entropy=2.213679 adv_std=2.596010 awbc_label_rate=0.000
custom_ppo_update update=22 timesteps=45056 loss=0.363470 entropy=2.187574 adv_std=2.273034 awbc_label_rate=0.000
custom_ppo_update update=23 timesteps=47104 loss=1.230481 entropy=2.177397 adv_std=3.060465 awbc_label_rate=0.000
custom_ppo_update update=24 timesteps=49152 loss=0.739174 entropy=2.176313 adv_std=3.014243 awbc_label_rate=0.000
custom_ppo_update update=25 timesteps=51200 loss=0.579863 entropy=2.183439 adv_std=2.757025 awbc_label_rate=0.000
custom_ppo_update update=26 timesteps=53248 loss=0.628866 entropy=2.161687 adv_std=3.000721 awbc_label_rate=0.000
custom_ppo_update update=27 timesteps=55296 loss=0.504866 entropy=2.120440 adv_std=2.395451 awbc_label_rate=0.000
custom_ppo_update update=28 timesteps=57344 loss=1.022932 entropy=2.180878 adv_std=3.418211 awbc_label_rate=0.000
custom_ppo_update update=29 timesteps=59392 loss=0.704086 entropy=2.160113 adv_std=3.130435 awbc_label_rate=0.000
custom_ppo_update update=30 timesteps=61440 loss=0.568306 entropy=2.157009 adv_std=3.292418 awbc_label_rate=0.000
custom_ppo_update update=31 timesteps=63488 loss=0.846972 entropy=2.104780 adv_std=2.803176 awbc_label_rate=0.000
custom_ppo_update update=32 timesteps=65536 loss=0.792094 entropy=2.138975 adv_std=3.154779 awbc_label_rate=0.000
custom_ppo_update update=33 timesteps=67584 loss=0.831135 entropy=2.132855 adv_std=3.358046 awbc_label_rate=0.000
custom_ppo_update update=34 timesteps=69632 loss=0.571813 entropy=2.108580 adv_std=2.734481 awbc_label_rate=0.000
custom_ppo_update update=35 timesteps=71680 loss=0.733117 entropy=2.093603 adv_std=3.302625 awbc_label_rate=0.000
custom_ppo_update update=36 timesteps=73728 loss=0.533281 entropy=2.090143 adv_std=2.446654 awbc_label_rate=0.000
custom_ppo_update update=37 timesteps=75776 loss=0.574684 entropy=2.082570 adv_std=2.709552 awbc_label_rate=0.000
custom_ppo_update update=38 timesteps=77824 loss=0.446093 entropy=2.065928 adv_std=2.883235 awbc_label_rate=0.000
custom_ppo_update update=39 timesteps=79872 loss=0.371211 entropy=2.071253 adv_std=2.821118 awbc_label_rate=0.000
custom_ppo_update update=40 timesteps=81920 loss=0.637248 entropy=2.044845 adv_std=3.022348 awbc_label_rate=0.000
custom_ppo_update update=41 timesteps=83968 loss=0.395534 entropy=2.052089 adv_std=2.659366 awbc_label_rate=0.000
custom_ppo_update update=42 timesteps=86016 loss=0.514252 entropy=2.060402 adv_std=2.869683 awbc_label_rate=0.000
custom_ppo_update update=43 timesteps=88064 loss=0.564580 entropy=2.031324 adv_std=2.572739 awbc_label_rate=0.000
custom_ppo_update update=44 timesteps=90112 loss=0.390679 entropy=2.005343 adv_std=2.553362 awbc_label_rate=0.000
custom_ppo_update update=45 timesteps=92160 loss=0.492906 entropy=2.002386 adv_std=2.354111 awbc_label_rate=0.000
custom_ppo_update update=46 timesteps=94208 loss=0.479394 entropy=1.993724 adv_std=2.488754 awbc_label_rate=0.000
custom_ppo_update update=47 timesteps=96256 loss=0.389887 entropy=1.986066 adv_std=2.297991 awbc_label_rate=0.000
custom_ppo_update update=48 timesteps=98304 loss=1.058435 entropy=1.993387 adv_std=3.394460 awbc_label_rate=0.000
custom_ppo_update update=49 timesteps=100000 loss=0.442083 entropy=1.965105 adv_std=2.682804 awbc_label_rate=0.000
reports/v31_ablation_aligned/raw/A2_staged_v31_aligned/D2_plus_event_critic/budget1p70_seed41/v2_custom_ppo_metrics.csv
                   policy  steps  reward_mean  instant_mae  oracle_loss_mean  dtw_mean  power_mean  peak_power_max  event_rate  warmup_abort_count
  full_open_unconstrained   6144    -0.129109     1.656428          0.129107  1.618296    4.620000            6.28    0.408529                   0
feasible_static_projected   6144    -0.140492     3.022895          0.140491  2.924569    1.460000            1.95    0.408529                   0
              round_robin   6144    -0.164139     7.730503          0.143717  4.730799    1.555000            1.98    0.408529                1530
                      aoi   6144    -0.182120    16.814526          0.150742  7.481091    1.622279            2.33    0.408529                2340
                   random   6144    -0.181777    15.456530          0.155640  7.422235    1.604590            2.33    0.408529                1944
               custom_ppo   6144    -0.176665    14.194850          0.163199  8.662824    1.552637            2.33    0.408529                 997
reports/v31_ablation_aligned/raw/A2_staged_v31_aligned/D2_plus_event_critic/budget1p70_seed41/evaluation/v2_eval_overall.csv
                   policy  steps  weighted_normalized_mae      mae      rmse    smape  pearson      dtw  oracle_loss_mean  reward_mean  power_mean  power_max  peak_power_max  steady_violation_rate  peak_violation_rate  event_rate  warmup_abort_count  warmup_abort_rate  obs_reconstruction_mae  forecast_samples  forecast_weighted_mae_overall  forecast_raw_mae_overall  forecast_weighted_mae_event  forecast_weighted_mae_non_event  forecast_weighted_mae_low_temp  forecast_weighted_mae_normal
  full_open_unconstrained   6144                 0.064595 0.778572  2.685088 0.764535 0.893711 0.764333          0.129107    -0.129109    4.620000       4.62            6.28                    1.0                  1.0    0.408529                   0           0.000000                0.064595              6144                       0.129107                  1.858135                     0.130748                         0.118363                        0.099081                      0.172740
feasible_static_projected   6144                 0.270068 2.067749  4.934574 0.836617 0.929282 2.043764          0.140491    -0.140492    1.460000       1.46            1.95                    0.0                  0.0    0.408529                   0           0.000000                0.270068              6144                       0.140491                  2.022409                     0.142428                         0.127808                        0.108462                      0.192657
              round_robin   6144                 0.287710 2.177399  5.164354 0.836838 0.899869 2.103882          0.143717    -0.164139    1.555000       1.64            1.98                    0.0                  0.0    0.408529                1530           0.249023                0.287710              6144                       0.143717                  2.082579                     0.145865                         0.129651                        0.112575                      0.181436
                      aoi   6144                 0.138110 1.910036 10.822586 0.822500 0.843890 1.395233          0.150742    -0.182120    1.622279       1.70            2.33                    0.0                  0.0    0.408529                2340           0.380859                0.138110              6144                       0.150742                  2.684216                     0.152858                         0.136886                        0.121362                      0.151443
                   random   6144                 0.146690 1.890846 11.291753 0.829154 0.850457 1.299916          0.155640    -0.181777    1.604590       1.70            2.33                    0.0                  0.0    0.408529                1944           0.316406                0.146690              6144                       0.155640                  2.877065                     0.157084                         0.146185                        0.126374                      0.181382
               custom_ppo   6144                 0.203154 1.725488  6.177887 0.843694 0.811911 1.410643          0.163199    -0.176665    1.552637       1.70            2.33                    0.0                  0.0    0.408529                 997           0.162272                0.203154              6144                       0.163199                  2.474489                     0.160039                         0.183895                        0.141362                      0.157042
