custom_ppo_update update=1 timesteps=2048 loss=0.444437 entropy=2.386300 adv_std=1.440766 awbc_label_rate=0.000
custom_ppo_update update=2 timesteps=4096 loss=0.433507 entropy=2.379532 adv_std=1.836351 awbc_label_rate=0.000
custom_ppo_update update=3 timesteps=6144 loss=0.615347 entropy=2.368853 adv_std=1.709404 awbc_label_rate=0.000
custom_ppo_update update=4 timesteps=8192 loss=1.042982 entropy=2.367384 adv_std=2.956320 awbc_label_rate=0.000
custom_ppo_update update=5 timesteps=10240 loss=1.295683 entropy=2.366758 adv_std=2.856388 awbc_label_rate=0.000
custom_ppo_update update=6 timesteps=12288 loss=0.843531 entropy=2.357120 adv_std=2.797965 awbc_label_rate=0.000
custom_ppo_update update=7 timesteps=14336 loss=0.879922 entropy=2.336223 adv_std=2.976726 awbc_label_rate=0.000
custom_ppo_update update=8 timesteps=16384 loss=0.896596 entropy=2.322781 adv_std=3.049432 awbc_label_rate=0.000
custom_ppo_update update=9 timesteps=18432 loss=1.079057 entropy=2.322636 adv_std=3.454833 awbc_label_rate=0.000
custom_ppo_update update=10 timesteps=20480 loss=1.103176 entropy=2.296797 adv_std=3.151039 awbc_label_rate=0.000
custom_ppo_update update=11 timesteps=22528 loss=1.003669 entropy=2.295739 adv_std=3.511435 awbc_label_rate=0.000
custom_ppo_update update=12 timesteps=24576 loss=0.853099 entropy=2.263577 adv_std=2.885720 awbc_label_rate=0.000
custom_ppo_update update=13 timesteps=26624 loss=0.780508 entropy=2.291507 adv_std=3.414102 awbc_label_rate=0.000
custom_ppo_update update=14 timesteps=28672 loss=0.970845 entropy=2.275708 adv_std=3.637421 awbc_label_rate=0.000
custom_ppo_update update=15 timesteps=30720 loss=0.756016 entropy=2.227547 adv_std=3.477235 awbc_label_rate=0.000
custom_ppo_update update=16 timesteps=32768 loss=0.951942 entropy=2.245710 adv_std=3.614902 awbc_label_rate=0.000
custom_ppo_update update=17 timesteps=34816 loss=1.021064 entropy=2.254462 adv_std=3.189191 awbc_label_rate=0.000
custom_ppo_update update=18 timesteps=36864 loss=1.042913 entropy=2.209199 adv_std=3.591873 awbc_label_rate=0.000
custom_ppo_update update=19 timesteps=38912 loss=0.641786 entropy=2.212971 adv_std=3.466850 awbc_label_rate=0.000
custom_ppo_update update=20 timesteps=40960 loss=0.948898 entropy=2.196302 adv_std=3.230484 awbc_label_rate=0.000
custom_ppo_update update=21 timesteps=43008 loss=0.701126 entropy=2.187121 adv_std=3.411292 awbc_label_rate=0.000
custom_ppo_update update=22 timesteps=45056 loss=0.830598 entropy=2.190850 adv_std=3.325312 awbc_label_rate=0.000
custom_ppo_update update=23 timesteps=47104 loss=0.825058 entropy=2.179476 adv_std=3.701599 awbc_label_rate=0.000
custom_ppo_update update=24 timesteps=49152 loss=0.683772 entropy=2.139215 adv_std=3.311788 awbc_label_rate=0.000
custom_ppo_update update=25 timesteps=51200 loss=0.714645 entropy=2.138099 adv_std=3.342604 awbc_label_rate=0.000
custom_ppo_update update=26 timesteps=53248 loss=0.593525 entropy=2.125532 adv_std=2.887147 awbc_label_rate=0.000
custom_ppo_update update=27 timesteps=55296 loss=0.443355 entropy=2.106037 adv_std=2.753791 awbc_label_rate=0.000
custom_ppo_update update=28 timesteps=57344 loss=0.802425 entropy=2.104638 adv_std=3.547717 awbc_label_rate=0.000
custom_ppo_update update=29 timesteps=59392 loss=0.820960 entropy=2.100347 adv_std=3.162395 awbc_label_rate=0.000
custom_ppo_update update=30 timesteps=61440 loss=0.825389 entropy=2.081919 adv_std=3.212240 awbc_label_rate=0.000
custom_ppo_update update=31 timesteps=63488 loss=0.644100 entropy=2.071755 adv_std=3.761925 awbc_label_rate=0.000
custom_ppo_update update=32 timesteps=65536 loss=0.621130 entropy=2.001539 adv_std=2.996197 awbc_label_rate=0.000
custom_ppo_update update=33 timesteps=67584 loss=0.778185 entropy=2.095006 adv_std=3.029077 awbc_label_rate=0.000
custom_ppo_update update=34 timesteps=69632 loss=1.060436 entropy=2.090861 adv_std=3.747061 awbc_label_rate=0.000
custom_ppo_update update=35 timesteps=71680 loss=0.671529 entropy=2.033763 adv_std=3.138722 awbc_label_rate=0.000
custom_ppo_update update=36 timesteps=73728 loss=0.542521 entropy=2.064125 adv_std=2.906573 awbc_label_rate=0.000
custom_ppo_update update=37 timesteps=75776 loss=0.567266 entropy=2.024061 adv_std=2.825930 awbc_label_rate=0.000
custom_ppo_update update=38 timesteps=77824 loss=0.697965 entropy=2.044501 adv_std=3.397806 awbc_label_rate=0.000
custom_ppo_update update=39 timesteps=79872 loss=0.487809 entropy=1.951182 adv_std=2.886101 awbc_label_rate=0.000
custom_ppo_update update=40 timesteps=81920 loss=0.415739 entropy=1.988331 adv_std=3.105091 awbc_label_rate=0.000
custom_ppo_update update=41 timesteps=83968 loss=0.586848 entropy=2.028825 adv_std=2.983030 awbc_label_rate=0.000
custom_ppo_update update=42 timesteps=86016 loss=0.395396 entropy=1.934374 adv_std=2.250529 awbc_label_rate=0.000
custom_ppo_update update=43 timesteps=88064 loss=0.897232 entropy=1.993058 adv_std=3.422355 awbc_label_rate=0.000
custom_ppo_update update=44 timesteps=90112 loss=0.357076 entropy=1.916450 adv_std=2.688138 awbc_label_rate=0.000
custom_ppo_update update=45 timesteps=92160 loss=1.119088 entropy=1.976758 adv_std=3.041181 awbc_label_rate=0.000
custom_ppo_update update=46 timesteps=94208 loss=0.736857 entropy=1.966386 adv_std=3.342836 awbc_label_rate=0.000
custom_ppo_update update=47 timesteps=96256 loss=0.741963 entropy=1.942348 adv_std=2.994070 awbc_label_rate=0.000
custom_ppo_update update=48 timesteps=98304 loss=0.438974 entropy=1.859591 adv_std=2.694982 awbc_label_rate=0.000
custom_ppo_update update=49 timesteps=100000 loss=0.512439 entropy=1.880155 adv_std=2.946449 awbc_label_rate=0.000
reports/v31_ablation_aligned/raw/A2_staged_v31_aligned/D1_masked_actor_action_embedding/budget1p70_seed48/v2_custom_ppo_metrics.csv
                   policy  steps  reward_mean  instant_mae  oracle_loss_mean  dtw_mean  power_mean  peak_power_max  event_rate  warmup_abort_count
  full_open_unconstrained   6144    -0.145917     1.650129          0.145915  1.607705    4.620000            6.28    0.427897                   0
feasible_static_projected   6144    -0.154488     2.938921          0.154487  2.839613    1.460000            1.95    0.427897                   0
              round_robin   6144    -0.186823     8.711665          0.166401  5.071763    1.555000            1.98    0.427897                1530
                   random   6144    -0.205672    19.373400          0.179544  8.503455    1.604883            2.33    0.427897                1944
                      aoi   6144    -0.216748    20.381528          0.183025  8.775460    1.622529            2.33    0.427897                2520
               custom_ppo   6144    -0.210559    50.890074          0.188250 35.298582    1.603115            2.33    0.427897                1673
reports/v31_ablation_aligned/raw/A2_staged_v31_aligned/D1_masked_actor_action_embedding/budget1p70_seed48/evaluation/v2_eval_overall.csv
                   policy  steps  weighted_normalized_mae      mae      rmse    smape  pearson      dtw  oracle_loss_mean  reward_mean  power_mean  power_max  peak_power_max  steady_violation_rate  peak_violation_rate  event_rate  warmup_abort_count  warmup_abort_rate  obs_reconstruction_mae  forecast_samples  forecast_weighted_mae_overall  forecast_raw_mae_overall  forecast_weighted_mae_event  forecast_weighted_mae_non_event  forecast_weighted_mae_low_temp  forecast_weighted_mae_normal
  full_open_unconstrained   6144                 0.065446 0.791432  2.720734 0.732746 0.900536 0.770078          0.145915    -0.145917    4.620000       4.62            6.28                    1.0                  1.0    0.427897                   0           0.000000                0.065446              6144                       0.145915                  1.857345                     0.155973                         0.092396                        0.112006                      0.094075
feasible_static_projected   6144                 0.260038 1.985003  4.809548 0.800971 0.931678 1.953527          0.154487    -0.154488    1.460000       1.46            1.95                    0.0                  0.0    0.427897                   0           0.000000                0.260038              6144                       0.154487                  2.039735                     0.164391                         0.101790                        0.120070                      0.107798
              round_robin   6144                 0.278876 2.156739  5.566271 0.806508 0.897823 2.062749          0.166401    -0.186823    1.555000       1.64            1.98                    0.0                  0.0    0.427897                1530           0.249023                0.278876              6144                       0.166401                  2.120689                     0.177350                         0.108138                        0.129098                      0.114367
                   random   6144                 0.148933 2.020925 11.333339 0.801384 0.863574 1.344515          0.179544    -0.205672    1.604883       1.70            2.33                    0.0                  0.0    0.427897                1944           0.316406                0.148933              6144                       0.179544                  2.643193                     0.191092                         0.118098                        0.136021                      0.124379
                      aoi   6144                 0.169816 2.014675  9.289376 0.795561 0.830296 1.387228          0.183025    -0.216748    1.622529       1.70            2.33                    0.0                  0.0    0.427897                2520           0.410156                0.169816              6144                       0.183025                  2.277312                     0.196076                         0.113579                        0.130136                      0.123612
               custom_ppo   6144                 0.184942 2.275832 13.231881 0.848629 0.713815 1.561518          0.188250    -0.210559    1.603115       1.70            2.33                    0.0                  0.0    0.427897                1673           0.272298                0.184942              6144                       0.188250                  2.932169                     0.199814                         0.126718                        0.145877                      0.129104
