custom_ppo_update update=1 timesteps=2048 loss=0.643598 entropy=2.113274 adv_std=0.994559 awbc_label_rate=0.250
custom_ppo_update update=2 timesteps=4096 loss=0.823316 entropy=2.123337 adv_std=1.815079 awbc_label_rate=0.250
custom_ppo_update update=3 timesteps=6144 loss=1.113617 entropy=2.118904 adv_std=2.049298 awbc_label_rate=0.250
custom_ppo_update update=4 timesteps=8192 loss=1.117869 entropy=2.126594 adv_std=2.612912 awbc_label_rate=0.250
custom_ppo_update update=5 timesteps=10240 loss=0.796885 entropy=2.129384 adv_std=2.308667 awbc_label_rate=0.250
custom_ppo_update update=6 timesteps=12288 loss=0.857900 entropy=2.130712 adv_std=2.793403 awbc_label_rate=0.250
custom_ppo_update update=7 timesteps=14336 loss=0.830816 entropy=2.130694 adv_std=2.545364 awbc_label_rate=0.250
custom_ppo_update update=8 timesteps=16384 loss=0.969179 entropy=2.131397 adv_std=2.208524 awbc_label_rate=0.250
custom_ppo_update update=9 timesteps=18432 loss=1.123123 entropy=2.127173 adv_std=3.524139 awbc_label_rate=0.250
custom_ppo_update update=10 timesteps=20480 loss=0.938528 entropy=2.130400 adv_std=3.486937 awbc_label_rate=0.250
custom_ppo_update update=11 timesteps=22528 loss=1.422315 entropy=2.127673 adv_std=3.145123 awbc_label_rate=0.250
custom_ppo_update update=12 timesteps=24576 loss=1.066076 entropy=2.130742 adv_std=3.192559 awbc_label_rate=0.250
custom_ppo_update update=13 timesteps=26624 loss=0.841485 entropy=2.134411 adv_std=3.276886 awbc_label_rate=0.250
custom_ppo_update update=14 timesteps=28672 loss=0.785249 entropy=2.128825 adv_std=2.865464 awbc_label_rate=0.250
custom_ppo_update update=15 timesteps=30720 loss=0.963451 entropy=2.125542 adv_std=2.944255 awbc_label_rate=0.250
custom_ppo_update update=16 timesteps=32768 loss=0.723905 entropy=2.118806 adv_std=2.799576 awbc_label_rate=0.250
custom_ppo_update update=17 timesteps=34816 loss=0.918498 entropy=2.125261 adv_std=3.199592 awbc_label_rate=0.250
custom_ppo_update update=18 timesteps=36864 loss=0.925206 entropy=2.119742 adv_std=2.890514 awbc_label_rate=0.250
custom_ppo_update update=19 timesteps=38912 loss=0.643597 entropy=2.125147 adv_std=3.003694 awbc_label_rate=0.250
custom_ppo_update update=20 timesteps=40960 loss=0.642584 entropy=2.122147 adv_std=2.722116 awbc_label_rate=0.250
custom_ppo_update update=21 timesteps=43008 loss=0.809409 entropy=2.126423 adv_std=3.079974 awbc_label_rate=0.250
custom_ppo_update update=22 timesteps=45056 loss=0.596733 entropy=2.120589 adv_std=2.397701 awbc_label_rate=0.250
custom_ppo_update update=23 timesteps=47104 loss=0.573260 entropy=2.118498 adv_std=2.414892 awbc_label_rate=0.250
custom_ppo_update update=24 timesteps=49152 loss=0.603929 entropy=2.122067 adv_std=2.386435 awbc_label_rate=0.250
custom_ppo_update update=25 timesteps=51200 loss=0.576996 entropy=2.124937 adv_std=2.262161 awbc_label_rate=0.250
custom_ppo_update update=26 timesteps=53248 loss=0.797364 entropy=2.130116 adv_std=2.776623 awbc_label_rate=0.250
custom_ppo_update update=27 timesteps=55296 loss=0.703610 entropy=2.121863 adv_std=2.702790 awbc_label_rate=0.250
custom_ppo_update update=28 timesteps=57344 loss=0.813523 entropy=2.121782 adv_std=2.516139 awbc_label_rate=0.250
custom_ppo_update update=29 timesteps=59392 loss=1.054655 entropy=2.118069 adv_std=2.843914 awbc_label_rate=0.250
custom_ppo_update update=30 timesteps=61440 loss=0.613933 entropy=2.118157 adv_std=2.457357 awbc_label_rate=0.250
custom_ppo_update update=31 timesteps=63488 loss=0.968360 entropy=2.131387 adv_std=3.025360 awbc_label_rate=0.250
custom_ppo_update update=32 timesteps=65536 loss=0.693178 entropy=2.117176 adv_std=2.560529 awbc_label_rate=0.250
custom_ppo_update update=33 timesteps=67584 loss=0.599515 entropy=2.123399 adv_std=2.450606 awbc_label_rate=0.250
custom_ppo_update update=34 timesteps=69632 loss=0.591462 entropy=2.114048 adv_std=2.287367 awbc_label_rate=0.250
custom_ppo_update update=35 timesteps=71680 loss=0.604385 entropy=2.122898 adv_std=2.416586 awbc_label_rate=0.250
custom_ppo_update update=36 timesteps=73728 loss=0.711525 entropy=2.123330 adv_std=2.308924 awbc_label_rate=0.250
custom_ppo_update update=37 timesteps=75776 loss=0.820873 entropy=2.126264 adv_std=2.745471 awbc_label_rate=0.250
custom_ppo_update update=38 timesteps=77824 loss=0.792015 entropy=2.126224 adv_std=2.920144 awbc_label_rate=0.250
custom_ppo_update update=39 timesteps=79872 loss=0.756500 entropy=2.124950 adv_std=2.658971 awbc_label_rate=0.250
custom_ppo_update update=40 timesteps=81920 loss=0.840657 entropy=2.126037 adv_std=2.959535 awbc_label_rate=0.250
custom_ppo_update update=41 timesteps=83968 loss=0.834997 entropy=2.131811 adv_std=2.652639 awbc_label_rate=0.250
custom_ppo_update update=42 timesteps=86016 loss=0.764728 entropy=2.119181 adv_std=3.014557 awbc_label_rate=0.250
custom_ppo_update update=43 timesteps=88064 loss=0.837408 entropy=2.116526 adv_std=2.582759 awbc_label_rate=0.250
custom_ppo_update update=44 timesteps=90112 loss=0.843430 entropy=2.116715 adv_std=2.752090 awbc_label_rate=0.250
custom_ppo_update update=45 timesteps=92160 loss=0.877091 entropy=2.127393 adv_std=2.601975 awbc_label_rate=0.250
custom_ppo_update update=46 timesteps=94208 loss=0.876924 entropy=2.117410 adv_std=2.880703 awbc_label_rate=0.250
custom_ppo_update update=47 timesteps=96256 loss=0.968521 entropy=2.116796 adv_std=3.171468 awbc_label_rate=0.250
custom_ppo_update update=48 timesteps=98304 loss=1.212412 entropy=2.124861 adv_std=3.286546 awbc_label_rate=0.250
custom_ppo_update update=49 timesteps=100000 loss=1.249621 entropy=2.128056 adv_std=3.302360 awbc_label_rate=0.250
reports/v31_ablation_aligned/raw/H1_hyperparam_v31_aligned/awbc0p10_kl2p00/budget1p70_seed42/v2_custom_ppo_metrics.csv
                   policy  steps  reward_mean  instant_mae  oracle_loss_mean  dtw_mean  power_mean  peak_power_max  event_rate  warmup_abort_count
  full_open_unconstrained   6144    -0.143299     1.651890          0.143297  1.611176    4.620000            6.28    0.281738                   0
              round_robin   6144    -0.186499     8.014126          0.166076  4.871508    1.555000            1.98    0.281738                1530
feasible_static_projected   6144    -0.166204     2.875996          0.166203  2.766387    1.460000            1.95    0.281738                   0
               custom_ppo   6144    -0.183291     5.377153          0.181759  4.383697    1.597611            2.07    0.281738                 109
                   random   6144    -0.207595    14.161544          0.182037  6.942919    1.603320            2.33    0.281738                1902
                      aoi   6144    -0.231355    17.742501          0.197631  8.109821    1.622529            2.33    0.281738                2520
reports/v31_ablation_aligned/raw/H1_hyperparam_v31_aligned/awbc0p10_kl2p00/budget1p70_seed42/evaluation/v2_eval_overall.csv
                   policy  steps  weighted_normalized_mae      mae      rmse    smape  pearson      dtw  oracle_loss_mean  reward_mean  power_mean  power_max  peak_power_max  steady_violation_rate  peak_violation_rate  event_rate  warmup_abort_count  warmup_abort_rate  obs_reconstruction_mae  forecast_samples  forecast_weighted_mae_overall  forecast_raw_mae_overall  forecast_weighted_mae_event  forecast_weighted_mae_non_event  forecast_weighted_mae_low_temp  forecast_weighted_mae_normal
  full_open_unconstrained   6144                 0.064247 0.785416  2.721259 0.778653 0.898708 0.769587          0.143297    -0.143299    4.620000       4.62            6.28                    1.0                  1.0    0.281738                   0           0.000000                0.064247              6144                       0.143297                  1.869241                     0.151626                         0.113776                        0.118955                      0.121352
              round_robin   6144                 0.257567 2.060288  5.598071 0.851817 0.897150 1.987511          0.166076    -0.186499    1.555000       1.64            1.98                    0.0                  0.0    0.281738                1530           0.249023                0.257567              6144                       0.166076                  2.181661                     0.174154                         0.137448                        0.136330                      0.141339
feasible_static_projected   6144                 0.241754 1.871853  4.569193 0.850586 0.929557 1.846283          0.166203    -0.166204    1.460000       1.46            1.95                    0.0                  0.0    0.281738                   0           0.000000                0.241754              6144                       0.166203                  2.001214                     0.174822                         0.135655                        0.126424                      0.152571
               custom_ppo   6144                 0.115706 5.217599 34.928577 0.835753 0.862670 4.007985          0.181759    -0.183291    1.597611       1.62            2.07                    0.0                  0.0    0.281738                 109           0.017741                0.115706              6144                       0.181759                  4.976007                     0.188017                         0.159579                        0.154808                      0.162046
                   random   6144                 0.146054 2.203981 15.041418 0.841125 0.870052 1.470958          0.182037    -0.207595    1.603320       1.70            2.33                    0.0                  0.0    0.281738                1902           0.309570                0.146054              6144                       0.182037                  3.019228                     0.188932                         0.157602                        0.148867                      0.159510
                      aoi   6144                 0.150681 2.040612 11.756319 0.834888 0.851025 1.413702          0.197631    -0.231355    1.622529       1.70            2.33                    0.0                  0.0    0.281738                2520           0.410156                0.150681              6144                       0.197631                  2.617878                     0.206326                         0.166813                        0.150928                      0.179042
