custom_ppo_update update=1 timesteps=2048 loss=0.655805 entropy=1.962375 adv_std=1.309611 awbc_label_rate=0.250
custom_ppo_update update=2 timesteps=4096 loss=0.771878 entropy=1.976279 adv_std=1.597393 awbc_label_rate=0.250
custom_ppo_update update=3 timesteps=6144 loss=1.343548 entropy=1.980065 adv_std=2.050121 awbc_label_rate=0.250
custom_ppo_update update=4 timesteps=8192 loss=0.760389 entropy=1.972312 adv_std=1.847379 awbc_label_rate=0.250
custom_ppo_update update=5 timesteps=10240 loss=0.588639 entropy=1.983874 adv_std=1.519058 awbc_label_rate=0.250
custom_ppo_update update=6 timesteps=12288 loss=0.597156 entropy=1.985753 adv_std=2.117325 awbc_label_rate=0.250
custom_ppo_update update=7 timesteps=14336 loss=0.720484 entropy=1.974147 adv_std=2.132822 awbc_label_rate=0.250
custom_ppo_update update=8 timesteps=16384 loss=0.672327 entropy=1.971528 adv_std=2.067266 awbc_label_rate=0.250
custom_ppo_update update=9 timesteps=18432 loss=0.603823 entropy=1.987642 adv_std=2.306942 awbc_label_rate=0.250
custom_ppo_update update=10 timesteps=20480 loss=0.636977 entropy=1.990279 adv_std=2.110100 awbc_label_rate=0.250
custom_ppo_update update=11 timesteps=22528 loss=0.688114 entropy=1.988992 adv_std=2.321773 awbc_label_rate=0.250
custom_ppo_update update=12 timesteps=24576 loss=0.715538 entropy=1.973257 adv_std=2.435726 awbc_label_rate=0.250
custom_ppo_update update=13 timesteps=26624 loss=0.724879 entropy=1.980448 adv_std=2.624909 awbc_label_rate=0.250
custom_ppo_update update=14 timesteps=28672 loss=0.960521 entropy=1.986941 adv_std=2.659247 awbc_label_rate=0.250
custom_ppo_update update=15 timesteps=30720 loss=1.079011 entropy=1.983051 adv_std=2.923849 awbc_label_rate=0.250
custom_ppo_update update=16 timesteps=32768 loss=1.348915 entropy=1.982502 adv_std=3.286756 awbc_label_rate=0.250
custom_ppo_update update=17 timesteps=34816 loss=0.882400 entropy=1.990241 adv_std=3.317738 awbc_label_rate=0.250
custom_ppo_update update=18 timesteps=36864 loss=1.167589 entropy=1.983434 adv_std=3.251136 awbc_label_rate=0.250
custom_ppo_update update=19 timesteps=38912 loss=0.987140 entropy=1.988066 adv_std=2.844321 awbc_label_rate=0.250
custom_ppo_update update=20 timesteps=40960 loss=0.869533 entropy=1.994280 adv_std=2.926116 awbc_label_rate=0.250
custom_ppo_update update=21 timesteps=43008 loss=0.790696 entropy=1.983129 adv_std=2.806262 awbc_label_rate=0.250
custom_ppo_update update=22 timesteps=45056 loss=0.964556 entropy=1.979431 adv_std=2.764817 awbc_label_rate=0.250
custom_ppo_update update=23 timesteps=47104 loss=1.416172 entropy=1.988535 adv_std=3.166006 awbc_label_rate=0.250
custom_ppo_update update=24 timesteps=49152 loss=1.102822 entropy=1.985684 adv_std=3.127042 awbc_label_rate=0.250
custom_ppo_update update=25 timesteps=51200 loss=1.108985 entropy=1.982562 adv_std=3.017761 awbc_label_rate=0.250
custom_ppo_update update=26 timesteps=53248 loss=0.953902 entropy=1.975606 adv_std=3.314961 awbc_label_rate=0.250
custom_ppo_update update=27 timesteps=55296 loss=0.738929 entropy=1.986543 adv_std=2.537815 awbc_label_rate=0.250
custom_ppo_update update=28 timesteps=57344 loss=1.308179 entropy=1.987455 adv_std=3.704847 awbc_label_rate=0.250
custom_ppo_update update=29 timesteps=59392 loss=1.240934 entropy=1.986073 adv_std=3.458708 awbc_label_rate=0.250
custom_ppo_update update=30 timesteps=61440 loss=0.714336 entropy=1.991182 adv_std=3.093938 awbc_label_rate=0.250
custom_ppo_update update=31 timesteps=63488 loss=0.988250 entropy=1.977291 adv_std=2.913747 awbc_label_rate=0.250
custom_ppo_update update=32 timesteps=65536 loss=1.028840 entropy=1.987027 adv_std=3.407299 awbc_label_rate=0.250
custom_ppo_update update=33 timesteps=67584 loss=0.932558 entropy=1.964758 adv_std=3.299624 awbc_label_rate=0.250
custom_ppo_update update=34 timesteps=69632 loss=0.719204 entropy=1.980183 adv_std=2.813602 awbc_label_rate=0.250
custom_ppo_update update=35 timesteps=71680 loss=0.801782 entropy=1.975612 adv_std=2.762180 awbc_label_rate=0.250
custom_ppo_update update=36 timesteps=73728 loss=0.744838 entropy=1.977143 adv_std=2.515320 awbc_label_rate=0.250
custom_ppo_update update=37 timesteps=75776 loss=0.834601 entropy=1.979266 adv_std=2.903174 awbc_label_rate=0.250
custom_ppo_update update=38 timesteps=77824 loss=0.951396 entropy=1.975905 adv_std=3.261351 awbc_label_rate=0.250
custom_ppo_update update=39 timesteps=79872 loss=0.670382 entropy=1.987935 adv_std=2.672278 awbc_label_rate=0.250
custom_ppo_update update=40 timesteps=81920 loss=0.742567 entropy=1.976302 adv_std=2.762791 awbc_label_rate=0.250
custom_ppo_update update=41 timesteps=83968 loss=0.785904 entropy=1.985680 adv_std=2.776761 awbc_label_rate=0.250
custom_ppo_update update=42 timesteps=86016 loss=0.760122 entropy=1.976801 adv_std=2.646493 awbc_label_rate=0.250
custom_ppo_update update=43 timesteps=88064 loss=0.693051 entropy=1.972245 adv_std=2.529095 awbc_label_rate=0.250
custom_ppo_update update=44 timesteps=90112 loss=0.775555 entropy=1.969375 adv_std=2.800905 awbc_label_rate=0.250
custom_ppo_update update=45 timesteps=92160 loss=0.799174 entropy=1.972485 adv_std=2.524402 awbc_label_rate=0.250
custom_ppo_update update=46 timesteps=94208 loss=0.815473 entropy=1.974467 adv_std=2.631605 awbc_label_rate=0.250
custom_ppo_update update=47 timesteps=96256 loss=0.619303 entropy=1.966995 adv_std=2.284893 awbc_label_rate=0.250
custom_ppo_update update=48 timesteps=98304 loss=1.925056 entropy=1.971328 adv_std=3.497754 awbc_label_rate=0.250
custom_ppo_update update=49 timesteps=100000 loss=0.585163 entropy=1.975096 adv_std=2.402793 awbc_label_rate=0.250
reports/v31_ablation_aligned/raw/H1_hyperparam_v31_aligned/awbc0p10_kl2p00/budget1p70_seed41/v2_custom_ppo_metrics.csv
                   policy  steps  reward_mean  instant_mae  oracle_loss_mean  dtw_mean  power_mean  peak_power_max  event_rate  warmup_abort_count
  full_open_unconstrained   6144    -0.128871     1.656428          0.128869  1.618296    4.620000            6.28    0.408529                   0
               custom_ppo   6144    -0.139447     3.033283          0.138757  2.920343    1.572201            1.95    0.408529                  51
feasible_static_projected   6144    -0.140078     3.022895          0.140077  2.924569    1.460000            1.95    0.408529                   0
              round_robin   6144    -0.163892     7.730503          0.143470  4.730799    1.555000            1.98    0.408529                1530
                      aoi   6144    -0.183173    16.814526          0.151795  7.481091    1.622279            2.33    0.408529                2340
                   random   6144    -0.182257    15.456530          0.156121  7.422235    1.604590            2.33    0.408529                1944
reports/v31_ablation_aligned/raw/H1_hyperparam_v31_aligned/awbc0p10_kl2p00/budget1p70_seed41/evaluation/v2_eval_overall.csv
                   policy  steps  weighted_normalized_mae      mae      rmse    smape  pearson      dtw  oracle_loss_mean  reward_mean  power_mean  power_max  peak_power_max  steady_violation_rate  peak_violation_rate  event_rate  warmup_abort_count  warmup_abort_rate  obs_reconstruction_mae  forecast_samples  forecast_weighted_mae_overall  forecast_raw_mae_overall  forecast_weighted_mae_event  forecast_weighted_mae_non_event  forecast_weighted_mae_low_temp  forecast_weighted_mae_normal
  full_open_unconstrained   6144                 0.064595 0.778572  2.685088 0.764535 0.893711 0.764333          0.128869    -0.128871    4.620000       4.62            6.28                    1.0                  1.0    0.408529                   0           0.000000                0.064595              6144                       0.128869                  1.864549                     0.130520                         0.118057                        0.099338                      0.169670
               custom_ppo   6144                 0.255186 2.094883  4.978367 0.839152 0.927243 2.055842          0.138757    -0.139447    1.572201       1.60            1.95                    0.0                  0.0    0.408529                  51           0.008301                0.255186              6144                       0.138757                  2.002410                     0.141368                         0.121662                        0.106832                      0.173865
feasible_static_projected   6144                 0.270068 2.067749  4.934574 0.836617 0.929282 2.043764          0.140077    -0.140078    1.460000       1.46            1.95                    0.0                  0.0    0.408529                   0           0.000000                0.270068              6144                       0.140077                  2.048769                     0.141992                         0.127539                        0.108559                      0.187996
              round_robin   6144                 0.287710 2.177399  5.164354 0.836838 0.899869 2.103882          0.143470    -0.163892    1.555000       1.64            1.98                    0.0                  0.0    0.408529                1530           0.249023                0.287710              6144                       0.143470                  2.109228                     0.145453                         0.130485                        0.113308                      0.177442
                      aoi   6144                 0.138110 1.910036 10.822586 0.822500 0.843890 1.395233          0.151795    -0.183173    1.622279       1.70            2.33                    0.0                  0.0    0.408529                2340           0.380859                0.138110              6144                       0.151795                  2.836732                     0.153938                         0.137761                        0.123361                      0.149569
                   random   6144                 0.146690 1.890846 11.291753 0.829154 0.850457 1.299916          0.156121    -0.182257    1.604590       1.70            2.33                    0.0                  0.0    0.408529                1944           0.316406                0.146690              6144                       0.156120                  2.992038                     0.157595                         0.146467                        0.127141                      0.178937
