custom_ppo_update update=1 timesteps=2048 loss=0.872962 entropy=2.116545 adv_std=0.931612 awbc_label_rate=0.250
custom_ppo_update update=2 timesteps=4096 loss=1.072547 entropy=2.120299 adv_std=1.720454 awbc_label_rate=0.250
custom_ppo_update update=3 timesteps=6144 loss=1.268187 entropy=2.128327 adv_std=2.067291 awbc_label_rate=0.250
custom_ppo_update update=4 timesteps=8192 loss=1.589270 entropy=2.139809 adv_std=2.514689 awbc_label_rate=0.250
custom_ppo_update update=5 timesteps=10240 loss=0.926829 entropy=2.140677 adv_std=2.159896 awbc_label_rate=0.250
custom_ppo_update update=6 timesteps=12288 loss=1.160555 entropy=2.151930 adv_std=3.013377 awbc_label_rate=0.250
custom_ppo_update update=7 timesteps=14336 loss=1.201534 entropy=2.155759 adv_std=2.790775 awbc_label_rate=0.250
custom_ppo_update update=8 timesteps=16384 loss=1.181763 entropy=2.150004 adv_std=2.346125 awbc_label_rate=0.250
custom_ppo_update update=9 timesteps=18432 loss=1.271581 entropy=2.157540 adv_std=3.028852 awbc_label_rate=0.250
custom_ppo_update update=10 timesteps=20480 loss=0.886579 entropy=2.138045 adv_std=2.480704 awbc_label_rate=0.250
custom_ppo_update update=11 timesteps=22528 loss=1.084160 entropy=2.159827 adv_std=2.788647 awbc_label_rate=0.250
custom_ppo_update update=12 timesteps=24576 loss=1.041308 entropy=2.156636 adv_std=2.790585 awbc_label_rate=0.250
custom_ppo_update update=13 timesteps=26624 loss=1.140630 entropy=2.165341 adv_std=3.137865 awbc_label_rate=0.250
custom_ppo_update update=14 timesteps=28672 loss=0.988188 entropy=2.141123 adv_std=2.764332 awbc_label_rate=0.250
custom_ppo_update update=15 timesteps=30720 loss=1.072135 entropy=2.143274 adv_std=2.742896 awbc_label_rate=0.250
custom_ppo_update update=16 timesteps=32768 loss=0.864573 entropy=2.122408 adv_std=2.554415 awbc_label_rate=0.250
custom_ppo_update update=17 timesteps=34816 loss=1.164157 entropy=2.129471 adv_std=3.222841 awbc_label_rate=0.250
custom_ppo_update update=18 timesteps=36864 loss=0.797702 entropy=2.137253 adv_std=2.424772 awbc_label_rate=0.250
custom_ppo_update update=19 timesteps=38912 loss=0.861090 entropy=2.145794 adv_std=2.558318 awbc_label_rate=0.250
custom_ppo_update update=20 timesteps=40960 loss=0.970391 entropy=2.139275 adv_std=2.439185 awbc_label_rate=0.250
custom_ppo_update update=21 timesteps=43008 loss=1.194939 entropy=2.144416 adv_std=3.199851 awbc_label_rate=0.250
custom_ppo_update update=22 timesteps=45056 loss=0.848623 entropy=2.145781 adv_std=2.490547 awbc_label_rate=0.250
custom_ppo_update update=23 timesteps=47104 loss=0.844797 entropy=2.130841 adv_std=2.831453 awbc_label_rate=0.250
custom_ppo_update update=24 timesteps=49152 loss=0.918259 entropy=2.139243 adv_std=2.544864 awbc_label_rate=0.250
custom_ppo_update update=25 timesteps=51200 loss=0.914325 entropy=2.145197 adv_std=2.311567 awbc_label_rate=0.250
custom_ppo_update update=26 timesteps=53248 loss=0.966526 entropy=2.147792 adv_std=2.591334 awbc_label_rate=0.250
custom_ppo_update update=27 timesteps=55296 loss=1.083079 entropy=2.126684 adv_std=2.866357 awbc_label_rate=0.250
custom_ppo_update update=28 timesteps=57344 loss=1.102391 entropy=2.131353 adv_std=2.522561 awbc_label_rate=0.250
custom_ppo_update update=29 timesteps=59392 loss=1.092383 entropy=2.141491 adv_std=2.956669 awbc_label_rate=0.250
custom_ppo_update update=30 timesteps=61440 loss=0.768742 entropy=2.132680 adv_std=2.248136 awbc_label_rate=0.250
custom_ppo_update update=31 timesteps=63488 loss=1.049362 entropy=2.127485 adv_std=2.927157 awbc_label_rate=0.250
custom_ppo_update update=32 timesteps=65536 loss=0.833924 entropy=2.118586 adv_std=2.806098 awbc_label_rate=0.250
custom_ppo_update update=33 timesteps=67584 loss=0.804621 entropy=2.128858 adv_std=2.470792 awbc_label_rate=0.250
custom_ppo_update update=34 timesteps=69632 loss=0.908652 entropy=2.121486 adv_std=2.334466 awbc_label_rate=0.250
custom_ppo_update update=35 timesteps=71680 loss=0.824177 entropy=2.123530 adv_std=2.275981 awbc_label_rate=0.250
custom_ppo_update update=36 timesteps=73728 loss=1.013489 entropy=2.141177 adv_std=2.424297 awbc_label_rate=0.250
custom_ppo_update update=37 timesteps=75776 loss=1.249252 entropy=2.150101 adv_std=2.925618 awbc_label_rate=0.250
custom_ppo_update update=38 timesteps=77824 loss=0.904881 entropy=2.136292 adv_std=2.883037 awbc_label_rate=0.250
custom_ppo_update update=39 timesteps=79872 loss=0.948797 entropy=2.129666 adv_std=2.602906 awbc_label_rate=0.250
custom_ppo_update update=40 timesteps=81920 loss=0.938551 entropy=2.128982 adv_std=2.915741 awbc_label_rate=0.250
custom_ppo_update update=41 timesteps=83968 loss=1.040536 entropy=2.137627 adv_std=2.651460 awbc_label_rate=0.250
custom_ppo_update update=42 timesteps=86016 loss=1.082530 entropy=2.127539 adv_std=3.076852 awbc_label_rate=0.250
custom_ppo_update update=43 timesteps=88064 loss=0.876393 entropy=2.128526 adv_std=2.213459 awbc_label_rate=0.250
custom_ppo_update update=44 timesteps=90112 loss=1.009014 entropy=2.124278 adv_std=2.489824 awbc_label_rate=0.250
custom_ppo_update update=45 timesteps=92160 loss=0.932943 entropy=2.138019 adv_std=2.316050 awbc_label_rate=0.250
custom_ppo_update update=46 timesteps=94208 loss=0.942507 entropy=2.132892 adv_std=2.589481 awbc_label_rate=0.250
custom_ppo_update update=47 timesteps=96256 loss=1.220343 entropy=2.127523 adv_std=3.087840 awbc_label_rate=0.250
custom_ppo_update update=48 timesteps=98304 loss=1.374248 entropy=2.140987 adv_std=3.426115 awbc_label_rate=0.250
custom_ppo_update update=49 timesteps=100000 loss=1.393400 entropy=2.140923 adv_std=2.990553 awbc_label_rate=0.250
reports/v31_ablation_aligned/raw/H1_hyperparam_v31_aligned/awbc0p20_kl1p00/budget1p70_seed42/v2_custom_ppo_metrics.csv
                   policy  steps  reward_mean  instant_mae  oracle_loss_mean  dtw_mean  power_mean  peak_power_max  event_rate  warmup_abort_count
  full_open_unconstrained   6144    -0.140884     1.651890          0.140882  1.611176    4.620000            6.28    0.281738                   0
feasible_static_projected   6144    -0.161546     2.875996          0.161545  2.766387    1.460000            1.95    0.281738                   0
              round_robin   6144    -0.184679     8.014126          0.164257  4.871508    1.555000            1.98    0.281738                1530
               custom_ppo   6144    -0.168347     2.915431          0.167499  2.462192    1.579417            2.07    0.281738                  45
                   random   6144    -0.207636    14.161544          0.182078  6.942919    1.603320            2.33    0.281738                1902
                      aoi   6144    -0.231301    17.742501          0.197577  8.109821    1.622529            2.33    0.281738                2520
reports/v31_ablation_aligned/raw/H1_hyperparam_v31_aligned/awbc0p20_kl1p00/budget1p70_seed42/evaluation/v2_eval_overall.csv
                   policy  steps  weighted_normalized_mae      mae      rmse    smape  pearson      dtw  oracle_loss_mean  reward_mean  power_mean  power_max  peak_power_max  steady_violation_rate  peak_violation_rate  event_rate  warmup_abort_count  warmup_abort_rate  obs_reconstruction_mae  forecast_samples  forecast_weighted_mae_overall  forecast_raw_mae_overall  forecast_weighted_mae_event  forecast_weighted_mae_non_event  forecast_weighted_mae_low_temp  forecast_weighted_mae_normal
  full_open_unconstrained   6144                 0.064247 0.785416  2.721259 0.778653 0.898708 0.769587          0.140882    -0.140884    4.620000       4.62            6.28                    1.0                  1.0    0.281738                   0           0.000000                0.064247              6144                       0.140882                  1.824383                     0.149448                         0.110521                        0.115768                      0.118959
feasible_static_projected   6144                 0.241754 1.871853  4.569193 0.850586 0.929557 1.846283          0.161545    -0.161546    1.460000       1.46            1.95                    0.0                  0.0    0.281738                   0           0.000000                0.241754              6144                       0.161545                  1.958858                     0.170022                         0.131498                        0.123506                      0.146273
              round_robin   6144                 0.257567 2.060288  5.598071 0.851817 0.897150 1.987511          0.164257    -0.184679    1.555000       1.64            1.98                    0.0                  0.0    0.281738                1530           0.249023                0.257567              6144                       0.164257                  2.149176                     0.172170                         0.136210                        0.134835                      0.141100
               custom_ppo   6144                 0.164141 1.934435  9.602098 0.837290 0.892863 1.449704          0.167499    -0.168347    1.579417       1.62            2.07                    0.0                  0.0    0.281738                  45           0.007324                0.164141              6144                       0.167499                  2.422723                     0.178961                         0.126873                        0.129428                      0.136430
                   random   6144                 0.146054 2.203981 15.041418 0.841125 0.870052 1.470958          0.182078    -0.207636    1.603320       1.70            2.33                    0.0                  0.0    0.281738                1902           0.309570                0.146054              6144                       0.182078                  3.033226                     0.188823                         0.158171                        0.148355                      0.160383
                      aoi   6144                 0.150681 2.040612 11.756319 0.834888 0.851025 1.413702          0.197577    -0.231301    1.622529       1.70            2.33                    0.0                  0.0    0.281738                2520           0.410156                0.150681              6144                       0.197577                  2.653921                     0.205683                         0.168849                        0.149838                      0.182363
