custom_ppo_update update=1 timesteps=2048 loss=0.497355 entropy=2.121078 adv_std=0.968398 awbc_label_rate=0.250
custom_ppo_update update=2 timesteps=4096 loss=0.691200 entropy=2.127506 adv_std=1.804323 awbc_label_rate=0.250
custom_ppo_update update=3 timesteps=6144 loss=0.946065 entropy=2.125285 adv_std=2.105933 awbc_label_rate=0.250
custom_ppo_update update=4 timesteps=8192 loss=0.842235 entropy=2.129402 adv_std=2.566696 awbc_label_rate=0.250
custom_ppo_update update=5 timesteps=10240 loss=0.569493 entropy=2.129791 adv_std=2.205612 awbc_label_rate=0.250
custom_ppo_update update=6 timesteps=12288 loss=0.726101 entropy=2.130086 adv_std=2.771541 awbc_label_rate=0.250
custom_ppo_update update=7 timesteps=14336 loss=0.869250 entropy=2.126622 adv_std=2.594157 awbc_label_rate=0.250
custom_ppo_update update=8 timesteps=16384 loss=0.886277 entropy=2.130513 adv_std=2.527517 awbc_label_rate=0.250
custom_ppo_update update=9 timesteps=18432 loss=1.056107 entropy=2.123447 adv_std=3.275806 awbc_label_rate=0.250
custom_ppo_update update=10 timesteps=20480 loss=0.670088 entropy=2.128106 adv_std=2.877812 awbc_label_rate=0.250
custom_ppo_update update=11 timesteps=22528 loss=0.945894 entropy=2.131734 adv_std=2.869651 awbc_label_rate=0.250
custom_ppo_update update=12 timesteps=24576 loss=0.874286 entropy=2.129716 adv_std=3.052940 awbc_label_rate=0.250
custom_ppo_update update=13 timesteps=26624 loss=0.846964 entropy=2.137487 adv_std=3.174132 awbc_label_rate=0.250
custom_ppo_update update=14 timesteps=28672 loss=0.651802 entropy=2.128479 adv_std=3.153541 awbc_label_rate=0.250
custom_ppo_update update=15 timesteps=30720 loss=0.951930 entropy=2.132491 adv_std=2.794244 awbc_label_rate=0.250
custom_ppo_update update=16 timesteps=32768 loss=0.697791 entropy=2.122740 adv_std=2.824418 awbc_label_rate=0.250
custom_ppo_update update=17 timesteps=34816 loss=0.880565 entropy=2.127993 adv_std=3.418468 awbc_label_rate=0.250
custom_ppo_update update=18 timesteps=36864 loss=0.546657 entropy=2.126494 adv_std=2.637986 awbc_label_rate=0.250
custom_ppo_update update=19 timesteps=38912 loss=0.533681 entropy=2.126383 adv_std=2.600889 awbc_label_rate=0.250
custom_ppo_update update=20 timesteps=40960 loss=0.485654 entropy=2.131471 adv_std=2.472560 awbc_label_rate=0.250
custom_ppo_update update=21 timesteps=43008 loss=0.656006 entropy=2.131094 adv_std=2.980354 awbc_label_rate=0.250
custom_ppo_update update=22 timesteps=45056 loss=0.614898 entropy=2.130204 adv_std=2.438300 awbc_label_rate=0.250
custom_ppo_update update=23 timesteps=47104 loss=0.453663 entropy=2.125300 adv_std=2.423732 awbc_label_rate=0.250
custom_ppo_update update=24 timesteps=49152 loss=0.571705 entropy=2.124637 adv_std=2.618315 awbc_label_rate=0.250
custom_ppo_update update=25 timesteps=51200 loss=0.560761 entropy=2.122523 adv_std=2.371211 awbc_label_rate=0.250
custom_ppo_update update=26 timesteps=53248 loss=0.665185 entropy=2.132099 adv_std=2.852424 awbc_label_rate=0.250
custom_ppo_update update=27 timesteps=55296 loss=0.783023 entropy=2.130126 adv_std=2.855416 awbc_label_rate=0.250
custom_ppo_update update=28 timesteps=57344 loss=0.726626 entropy=2.123605 adv_std=2.633281 awbc_label_rate=0.250
custom_ppo_update update=29 timesteps=59392 loss=0.662070 entropy=2.124073 adv_std=2.953872 awbc_label_rate=0.250
custom_ppo_update update=30 timesteps=61440 loss=0.473874 entropy=2.121966 adv_std=2.416394 awbc_label_rate=0.250
custom_ppo_update update=31 timesteps=63488 loss=0.951123 entropy=2.127924 adv_std=3.124346 awbc_label_rate=0.250
custom_ppo_update update=32 timesteps=65536 loss=0.607918 entropy=2.119368 adv_std=2.671438 awbc_label_rate=0.250
custom_ppo_update update=33 timesteps=67584 loss=0.432286 entropy=2.127657 adv_std=2.496203 awbc_label_rate=0.250
custom_ppo_update update=34 timesteps=69632 loss=0.562273 entropy=2.122585 adv_std=2.682559 awbc_label_rate=0.250
custom_ppo_update update=35 timesteps=71680 loss=0.469237 entropy=2.126137 adv_std=2.382561 awbc_label_rate=0.250
custom_ppo_update update=36 timesteps=73728 loss=0.682629 entropy=2.132605 adv_std=2.420451 awbc_label_rate=0.250
custom_ppo_update update=37 timesteps=75776 loss=0.793384 entropy=2.131691 adv_std=2.727879 awbc_label_rate=0.250
custom_ppo_update update=38 timesteps=77824 loss=0.642168 entropy=2.124806 adv_std=2.980605 awbc_label_rate=0.250
custom_ppo_update update=39 timesteps=79872 loss=0.739792 entropy=2.126774 adv_std=2.873753 awbc_label_rate=0.250
custom_ppo_update update=40 timesteps=81920 loss=0.641360 entropy=2.126575 adv_std=2.975911 awbc_label_rate=0.250
custom_ppo_update update=41 timesteps=83968 loss=0.723588 entropy=2.122469 adv_std=3.048898 awbc_label_rate=0.250
custom_ppo_update update=42 timesteps=86016 loss=0.703243 entropy=2.128169 adv_std=2.959062 awbc_label_rate=0.250
custom_ppo_update update=43 timesteps=88064 loss=0.639157 entropy=2.122405 adv_std=2.444095 awbc_label_rate=0.250
custom_ppo_update update=44 timesteps=90112 loss=0.645002 entropy=2.116453 adv_std=2.584275 awbc_label_rate=0.250
custom_ppo_update update=45 timesteps=92160 loss=0.571968 entropy=2.121368 adv_std=2.446070 awbc_label_rate=0.250
custom_ppo_update update=46 timesteps=94208 loss=0.652571 entropy=2.124873 adv_std=2.380005 awbc_label_rate=0.250
custom_ppo_update update=47 timesteps=96256 loss=0.973233 entropy=2.122728 adv_std=3.412956 awbc_label_rate=0.250
custom_ppo_update update=48 timesteps=98304 loss=1.070935 entropy=2.124576 adv_std=3.357237 awbc_label_rate=0.250
custom_ppo_update update=49 timesteps=100000 loss=1.222171 entropy=2.126160 adv_std=3.553684 awbc_label_rate=0.250
reports/v31_ablation_aligned/raw/H1_hyperparam_v31_aligned/awbc0p05_kl2p00/budget1p70_seed42/v2_custom_ppo_metrics.csv
                   policy  steps  reward_mean  instant_mae  oracle_loss_mean  dtw_mean  power_mean  peak_power_max  event_rate  warmup_abort_count
  full_open_unconstrained   6144    -0.141646     1.651890          0.141645  1.611176    4.620000            6.28    0.281738                   0
feasible_static_projected   6144    -0.163468     2.875996          0.163467  2.766387    1.460000            1.95    0.281738                   0
              round_robin   6144    -0.185553     8.014126          0.165131  4.871508    1.555000            1.98    0.281738                1530
               custom_ppo   6144    -0.177051     4.345553          0.175399  3.386327    1.593128            2.07    0.281738                 117
                   random   6144    -0.208716    14.161544          0.183158  6.942919    1.603320            2.33    0.281738                1902
                      aoi   6144    -0.233697    17.742501          0.199973  8.109821    1.622529            2.33    0.281738                2520
reports/v31_ablation_aligned/raw/H1_hyperparam_v31_aligned/awbc0p05_kl2p00/budget1p70_seed42/evaluation/v2_eval_overall.csv
                   policy  steps  weighted_normalized_mae      mae      rmse    smape  pearson      dtw  oracle_loss_mean  reward_mean  power_mean  power_max  peak_power_max  steady_violation_rate  peak_violation_rate  event_rate  warmup_abort_count  warmup_abort_rate  obs_reconstruction_mae  forecast_samples  forecast_weighted_mae_overall  forecast_raw_mae_overall  forecast_weighted_mae_event  forecast_weighted_mae_non_event  forecast_weighted_mae_low_temp  forecast_weighted_mae_normal
  full_open_unconstrained   6144                 0.064247 0.785416  2.721259 0.778653 0.898708 0.769587          0.141645    -0.141646    4.620000       4.62            6.28                    1.0                  1.0    0.281738                   0           0.000000                0.064247              6144                       0.141645                  1.840382                     0.150285                         0.111019                        0.116860                      0.118920
feasible_static_projected   6144                 0.241754 1.871853  4.569193 0.850586 0.929557 1.846283          0.163467    -0.163468    1.460000       1.46            1.95                    0.0                  0.0    0.281738                   0           0.000000                0.241754              6144                       0.163467                  1.965513                     0.172206                         0.132491                        0.124226                      0.148842
              round_robin   6144                 0.257567 2.060288  5.598071 0.851817 0.897150 1.987511          0.165131    -0.185553    1.555000       1.64            1.98                    0.0                  0.0    0.281738                1530           0.249023                0.257567              6144                       0.165131                  2.162373                     0.173174                         0.136624                        0.135421                      0.141547
               custom_ppo   6144                 0.106753 3.840357 26.744615 0.836738 0.879022 2.676128          0.175399    -0.177051    1.593128       1.62            2.07                    0.0                  0.0    0.281738                 117           0.019043                0.106753              6144                       0.175399                  4.332537                     0.182955                         0.148619                        0.145823                      0.157282
                   random   6144                 0.146054 2.203981 15.041418 0.841125 0.870052 1.470958          0.183158    -0.208716    1.603320       1.70            2.33                    0.0                  0.0    0.281738                1902           0.309570                0.146054              6144                       0.183158                  3.002911                     0.190124                         0.158468                        0.148983                      0.161853
                      aoi   6144                 0.150681 2.040612 11.756319 0.834888 0.851025 1.413702          0.199973    -0.233697    1.622529       1.70            2.33                    0.0                  0.0    0.281738                2520           0.410156                0.150681              6144                       0.199973                  2.614423                     0.208647                         0.169231                        0.151257                      0.184453
