custom_ppo_update update=1 timesteps=2048 loss=0.385343 entropy=1.971402 adv_std=0.859031 awbc_label_rate=0.250
custom_ppo_update update=2 timesteps=4096 loss=0.555762 entropy=1.970148 adv_std=1.463499 awbc_label_rate=0.250
custom_ppo_update update=3 timesteps=6144 loss=0.605405 entropy=1.973164 adv_std=2.158501 awbc_label_rate=0.250
custom_ppo_update update=4 timesteps=8192 loss=1.094546 entropy=1.987873 adv_std=2.471985 awbc_label_rate=0.250
custom_ppo_update update=5 timesteps=10240 loss=0.712647 entropy=1.994687 adv_std=2.302130 awbc_label_rate=0.250
custom_ppo_update update=6 timesteps=12288 loss=0.884761 entropy=1.989364 adv_std=2.707730 awbc_label_rate=0.250
custom_ppo_update update=7 timesteps=14336 loss=0.943309 entropy=1.986616 adv_std=2.712325 awbc_label_rate=0.250
custom_ppo_update update=8 timesteps=16384 loss=0.975898 entropy=1.980135 adv_std=3.150272 awbc_label_rate=0.250
custom_ppo_update update=9 timesteps=18432 loss=0.848868 entropy=1.981031 adv_std=2.803420 awbc_label_rate=0.250
custom_ppo_update update=10 timesteps=20480 loss=0.941142 entropy=1.995442 adv_std=2.950942 awbc_label_rate=0.250
custom_ppo_update update=11 timesteps=22528 loss=0.882517 entropy=2.004665 adv_std=2.798328 awbc_label_rate=0.250
custom_ppo_update update=12 timesteps=24576 loss=0.996314 entropy=2.003406 adv_std=3.313452 awbc_label_rate=0.250
custom_ppo_update update=13 timesteps=26624 loss=0.574118 entropy=1.999851 adv_std=2.496351 awbc_label_rate=0.250
custom_ppo_update update=14 timesteps=28672 loss=0.928107 entropy=2.017535 adv_std=3.231582 awbc_label_rate=0.250
custom_ppo_update update=15 timesteps=30720 loss=1.059316 entropy=1.999907 adv_std=3.547824 awbc_label_rate=0.250
custom_ppo_update update=16 timesteps=32768 loss=1.353148 entropy=1.988577 adv_std=3.336750 awbc_label_rate=0.250
custom_ppo_update update=17 timesteps=34816 loss=0.835168 entropy=1.988370 adv_std=3.223491 awbc_label_rate=0.250
custom_ppo_update update=18 timesteps=36864 loss=0.887730 entropy=1.994973 adv_std=2.981108 awbc_label_rate=0.250
custom_ppo_update update=19 timesteps=38912 loss=0.748575 entropy=1.993557 adv_std=2.960575 awbc_label_rate=0.250
custom_ppo_update update=20 timesteps=40960 loss=0.923692 entropy=1.987752 adv_std=2.537645 awbc_label_rate=0.250
custom_ppo_update update=21 timesteps=43008 loss=0.673929 entropy=1.986030 adv_std=3.057593 awbc_label_rate=0.250
custom_ppo_update update=22 timesteps=45056 loss=0.643073 entropy=1.980503 adv_std=3.020926 awbc_label_rate=0.250
custom_ppo_update update=23 timesteps=47104 loss=0.773339 entropy=1.974020 adv_std=3.109001 awbc_label_rate=0.250
custom_ppo_update update=24 timesteps=49152 loss=0.966581 entropy=1.975495 adv_std=3.181073 awbc_label_rate=0.250
custom_ppo_update update=25 timesteps=51200 loss=0.872146 entropy=1.978688 adv_std=3.238270 awbc_label_rate=0.250
custom_ppo_update update=26 timesteps=53248 loss=0.932219 entropy=1.969078 adv_std=3.628223 awbc_label_rate=0.250
custom_ppo_update update=27 timesteps=55296 loss=0.726546 entropy=1.981890 adv_std=3.236342 awbc_label_rate=0.250
custom_ppo_update update=28 timesteps=57344 loss=1.145801 entropy=1.981119 adv_std=3.443819 awbc_label_rate=0.250
custom_ppo_update update=29 timesteps=59392 loss=1.288056 entropy=1.975615 adv_std=3.732597 awbc_label_rate=0.250
custom_ppo_update update=30 timesteps=61440 loss=0.789325 entropy=1.984139 adv_std=3.133798 awbc_label_rate=0.250
custom_ppo_update update=31 timesteps=63488 loss=1.183081 entropy=1.983245 adv_std=3.845500 awbc_label_rate=0.250
custom_ppo_update update=32 timesteps=65536 loss=0.947740 entropy=1.979240 adv_std=3.856591 awbc_label_rate=0.250
custom_ppo_update update=33 timesteps=67584 loss=0.898401 entropy=1.988164 adv_std=3.082099 awbc_label_rate=0.250
custom_ppo_update update=34 timesteps=69632 loss=0.800796 entropy=1.984831 adv_std=3.051724 awbc_label_rate=0.250
custom_ppo_update update=35 timesteps=71680 loss=0.535298 entropy=1.996137 adv_std=2.548311 awbc_label_rate=0.250
custom_ppo_update update=36 timesteps=73728 loss=0.885145 entropy=1.998235 adv_std=3.251723 awbc_label_rate=0.250
custom_ppo_update update=37 timesteps=75776 loss=0.753490 entropy=1.980097 adv_std=2.585867 awbc_label_rate=0.250
custom_ppo_update update=38 timesteps=77824 loss=0.940200 entropy=1.981648 adv_std=3.348818 awbc_label_rate=0.250
custom_ppo_update update=39 timesteps=79872 loss=0.992006 entropy=1.990565 adv_std=2.794006 awbc_label_rate=0.250
custom_ppo_update update=40 timesteps=81920 loss=1.529480 entropy=1.988817 adv_std=4.208922 awbc_label_rate=0.250
custom_ppo_update update=41 timesteps=83968 loss=0.811392 entropy=1.980153 adv_std=2.919962 awbc_label_rate=0.250
custom_ppo_update update=42 timesteps=86016 loss=0.656712 entropy=1.985594 adv_std=2.964465 awbc_label_rate=0.250
custom_ppo_update update=43 timesteps=88064 loss=0.984519 entropy=1.987258 adv_std=3.104885 awbc_label_rate=0.250
custom_ppo_update update=44 timesteps=90112 loss=1.225394 entropy=1.977131 adv_std=3.581482 awbc_label_rate=0.250
custom_ppo_update update=45 timesteps=92160 loss=0.779679 entropy=1.996174 adv_std=3.316936 awbc_label_rate=0.250
custom_ppo_update update=46 timesteps=94208 loss=0.922552 entropy=1.974697 adv_std=3.028417 awbc_label_rate=0.250
custom_ppo_update update=47 timesteps=96256 loss=0.867015 entropy=1.987490 adv_std=3.178254 awbc_label_rate=0.250
custom_ppo_update update=48 timesteps=98304 loss=0.928900 entropy=1.986830 adv_std=3.213872 awbc_label_rate=0.250
custom_ppo_update update=49 timesteps=100000 loss=0.723824 entropy=1.979213 adv_std=2.891275 awbc_label_rate=0.250
reports/v31_ablation_aligned/raw/H1_hyperparam_v31_aligned/awbc0p05_kl1p00/budget1p70_seed45/v2_custom_ppo_metrics.csv
                   policy  steps  reward_mean  instant_mae  oracle_loss_mean  dtw_mean  power_mean  peak_power_max  event_rate  warmup_abort_count
  full_open_unconstrained   6144    -0.150658     1.655863          0.150656  1.614134    4.620000            6.28    0.294922                   0
feasible_static_projected   6144    -0.155775     2.696703          0.155775  2.598733    1.460000            1.95    0.294922                   0
               custom_ppo   6144    -0.168258     2.738669          0.162053  2.615134    1.542513            2.18    0.294922                 469
              round_robin   6144    -0.190781    12.279849          0.170358  6.257527    1.555000            1.98    0.294922                1530
                      aoi   6144    -0.220984    32.124893          0.194297 12.679895    1.621777            2.33    0.294922                1980
                   random   6144    -0.229047    29.634401          0.200695 11.809793    1.607090            2.33    0.294922                2112
reports/v31_ablation_aligned/raw/H1_hyperparam_v31_aligned/awbc0p05_kl1p00/budget1p70_seed45/evaluation/v2_eval_overall.csv
                   policy  steps  weighted_normalized_mae      mae      rmse    smape  pearson      dtw  oracle_loss_mean  reward_mean  power_mean  power_max  peak_power_max  steady_violation_rate  peak_violation_rate  event_rate  warmup_abort_count  warmup_abort_rate  obs_reconstruction_mae  forecast_samples  forecast_weighted_mae_overall  forecast_raw_mae_overall  forecast_weighted_mae_event  forecast_weighted_mae_non_event  forecast_weighted_mae_low_temp  forecast_weighted_mae_normal
  full_open_unconstrained   6144                 0.065096 0.778106  2.683789 0.746673 0.910368 0.752175          0.150656    -0.150658    4.620000       4.62            6.28                    1.0                  1.0    0.294922                   0           0.000000                0.065096              6144                       0.150656                  2.073991                     0.155190                         0.121627                        0.139572                      0.118872
feasible_static_projected   6144                 0.209861 1.653637  3.951644 0.825676 0.935394 1.619808          0.155775    -0.155775    1.460000       1.46            1.95                    0.0                  0.0    0.294922                   0           0.000000                0.209861              6144                       0.155775                  2.111570                     0.160507                         0.125479                        0.145123                      0.123781
               custom_ppo   6144                 0.216611 1.704879  4.024906 0.835387 0.899030 1.641040          0.162053    -0.168258    1.542513       1.62            2.18                    0.0                  0.0    0.294922                 469           0.076335                0.216611              6144                       0.162053                  2.174071                     0.167327                         0.128285                        0.145594                      0.128606
              round_robin   6144                 0.232639 1.925147  5.665330 0.830767 0.898989 1.832496          0.170358    -0.190781    1.555000       1.64            1.98                    0.0                  0.0    0.294922                1530           0.249023                0.232639              6144                       0.170358                  2.302993                     0.176191                         0.133017                        0.154983                      0.131891
                      aoi   6144                 0.195173 2.535979 13.006656 0.835444 0.798021 1.703415          0.194297    -0.220984    1.621777       1.70            2.33                    0.0                  0.0    0.294922                1980           0.322266                0.195173              6144                       0.194297                  2.587347                     0.202239                         0.143451                        0.159435                      0.143613
                   random   6144                 0.157382 2.464586 15.090386 0.834611 0.856943 1.562259          0.200695    -0.229047    1.607090       1.70            2.33                    0.0                  0.0    0.294922                2112           0.343750                0.157382              6144                       0.200695                  3.092887                     0.208574                         0.150250                        0.167254                      0.149240
