custom_ppo_update update=1 timesteps=2048 loss=0.233015 entropy=1.958905 adv_std=0.489762 awbc_label_rate=0.250
custom_ppo_update update=2 timesteps=4096 loss=0.615764 entropy=1.981172 adv_std=1.543368 awbc_label_rate=0.250
custom_ppo_update update=3 timesteps=6144 loss=0.767797 entropy=1.976698 adv_std=1.894439 awbc_label_rate=0.250
custom_ppo_update update=4 timesteps=8192 loss=1.094111 entropy=1.972136 adv_std=2.489173 awbc_label_rate=0.250
custom_ppo_update update=5 timesteps=10240 loss=0.785114 entropy=1.981061 adv_std=2.428374 awbc_label_rate=0.250
custom_ppo_update update=6 timesteps=12288 loss=0.904584 entropy=2.006901 adv_std=2.641971 awbc_label_rate=0.250
custom_ppo_update update=7 timesteps=14336 loss=0.686508 entropy=2.010323 adv_std=2.603678 awbc_label_rate=0.250
custom_ppo_update update=8 timesteps=16384 loss=0.739386 entropy=2.009755 adv_std=2.738780 awbc_label_rate=0.250
custom_ppo_update update=9 timesteps=18432 loss=0.852507 entropy=2.001055 adv_std=2.750878 awbc_label_rate=0.250
custom_ppo_update update=10 timesteps=20480 loss=0.651276 entropy=2.006552 adv_std=2.654891 awbc_label_rate=0.250
custom_ppo_update update=11 timesteps=22528 loss=0.746554 entropy=2.007667 adv_std=2.933141 awbc_label_rate=0.250
custom_ppo_update update=12 timesteps=24576 loss=0.373170 entropy=2.000308 adv_std=2.179176 awbc_label_rate=0.250
custom_ppo_update update=13 timesteps=26624 loss=0.898381 entropy=2.003085 adv_std=3.109880 awbc_label_rate=0.250
custom_ppo_update update=14 timesteps=28672 loss=0.668444 entropy=2.010810 adv_std=2.871765 awbc_label_rate=0.250
custom_ppo_update update=15 timesteps=30720 loss=0.767913 entropy=2.015474 adv_std=2.828391 awbc_label_rate=0.250
custom_ppo_update update=16 timesteps=32768 loss=0.597061 entropy=2.006864 adv_std=2.600967 awbc_label_rate=0.250
custom_ppo_update update=17 timesteps=34816 loss=0.764030 entropy=1.999278 adv_std=3.289653 awbc_label_rate=0.250
custom_ppo_update update=18 timesteps=36864 loss=0.938569 entropy=2.018155 adv_std=3.047047 awbc_label_rate=0.250
custom_ppo_update update=19 timesteps=38912 loss=0.714071 entropy=2.000171 adv_std=2.579534 awbc_label_rate=0.250
custom_ppo_update update=20 timesteps=40960 loss=0.771375 entropy=1.986254 adv_std=3.165007 awbc_label_rate=0.250
custom_ppo_update update=21 timesteps=43008 loss=0.677773 entropy=1.993943 adv_std=2.813591 awbc_label_rate=0.250
custom_ppo_update update=22 timesteps=45056 loss=0.588362 entropy=2.007093 adv_std=2.852106 awbc_label_rate=0.250
custom_ppo_update update=23 timesteps=47104 loss=1.018029 entropy=2.008449 adv_std=2.797259 awbc_label_rate=0.250
custom_ppo_update update=24 timesteps=49152 loss=0.785577 entropy=1.996955 adv_std=3.096907 awbc_label_rate=0.250
custom_ppo_update update=25 timesteps=51200 loss=0.914283 entropy=2.011267 adv_std=3.568939 awbc_label_rate=0.250
custom_ppo_update update=26 timesteps=53248 loss=1.037126 entropy=2.010132 adv_std=3.437958 awbc_label_rate=0.250
custom_ppo_update update=27 timesteps=55296 loss=1.032229 entropy=1.994191 adv_std=3.370671 awbc_label_rate=0.250
custom_ppo_update update=28 timesteps=57344 loss=0.787663 entropy=1.992805 adv_std=3.034414 awbc_label_rate=0.250
custom_ppo_update update=29 timesteps=59392 loss=0.641132 entropy=1.988007 adv_std=3.059821 awbc_label_rate=0.250
custom_ppo_update update=30 timesteps=61440 loss=0.889138 entropy=1.983441 adv_std=3.681464 awbc_label_rate=0.250
custom_ppo_update update=31 timesteps=63488 loss=0.955264 entropy=2.009513 adv_std=3.287769 awbc_label_rate=0.250
custom_ppo_update update=32 timesteps=65536 loss=0.799938 entropy=1.990369 adv_std=2.501462 awbc_label_rate=0.250
custom_ppo_update update=33 timesteps=67584 loss=0.952115 entropy=1.992114 adv_std=3.057394 awbc_label_rate=0.250
custom_ppo_update update=34 timesteps=69632 loss=0.830861 entropy=1.983889 adv_std=3.279412 awbc_label_rate=0.250
custom_ppo_update update=35 timesteps=71680 loss=0.664304 entropy=2.006191 adv_std=2.640736 awbc_label_rate=0.250
custom_ppo_update update=36 timesteps=73728 loss=0.694902 entropy=1.994153 adv_std=3.088674 awbc_label_rate=0.250
custom_ppo_update update=37 timesteps=75776 loss=0.596562 entropy=1.989422 adv_std=2.664073 awbc_label_rate=0.250
custom_ppo_update update=38 timesteps=77824 loss=0.761492 entropy=1.985873 adv_std=3.058083 awbc_label_rate=0.250
custom_ppo_update update=39 timesteps=79872 loss=0.995836 entropy=2.008435 adv_std=3.717689 awbc_label_rate=0.250
custom_ppo_update update=40 timesteps=81920 loss=1.164090 entropy=1.994368 adv_std=3.059914 awbc_label_rate=0.250
custom_ppo_update update=41 timesteps=83968 loss=0.697615 entropy=2.004123 adv_std=3.253325 awbc_label_rate=0.250
custom_ppo_update update=42 timesteps=86016 loss=0.516202 entropy=2.004481 adv_std=2.417089 awbc_label_rate=0.250
custom_ppo_update update=43 timesteps=88064 loss=0.803133 entropy=1.992088 adv_std=2.790621 awbc_label_rate=0.250
custom_ppo_update update=44 timesteps=90112 loss=0.587791 entropy=1.984439 adv_std=2.896250 awbc_label_rate=0.250
custom_ppo_update update=45 timesteps=92160 loss=0.513351 entropy=2.004993 adv_std=2.662509 awbc_label_rate=0.250
custom_ppo_update update=46 timesteps=94208 loss=1.167518 entropy=1.975655 adv_std=3.034243 awbc_label_rate=0.250
custom_ppo_update update=47 timesteps=96256 loss=0.861579 entropy=1.984546 adv_std=3.085109 awbc_label_rate=0.250
custom_ppo_update update=48 timesteps=98304 loss=0.661055 entropy=2.006632 adv_std=2.748071 awbc_label_rate=0.250
custom_ppo_update update=49 timesteps=100000 loss=0.780368 entropy=2.001986 adv_std=2.955720 awbc_label_rate=0.250
reports/v31_ablation_aligned/raw/H1_hyperparam_v31_aligned/awbc0p05_kl1p00/budget1p70_seed44/v2_custom_ppo_metrics.csv
                   policy  steps  reward_mean  instant_mae  oracle_loss_mean  dtw_mean  power_mean  peak_power_max  event_rate  warmup_abort_count
  full_open_unconstrained   6144    -0.152117     1.671129          0.152115  1.632087    4.620000            6.28    0.402669                   0
feasible_static_projected   6144    -0.160130     2.782945          0.160129  2.680502    1.460000            1.95    0.402669                   0
              round_robin   6144    -0.186074    11.733168          0.165652  5.923856    1.555000            1.98    0.402669                1530
               custom_ppo   6144    -0.170183     2.805005          0.166150  2.693297    1.539137            2.18    0.402669                 304
                      aoi   6144    -0.216216    27.436665          0.177802 11.338480    1.623031            2.33    0.402669                2880
                   random   6144    -0.212495    23.250757          0.187773  9.981687    1.601875            2.33    0.402669                1836
reports/v31_ablation_aligned/raw/H1_hyperparam_v31_aligned/awbc0p05_kl1p00/budget1p70_seed44/evaluation/v2_eval_overall.csv
                   policy  steps  weighted_normalized_mae      mae      rmse    smape  pearson      dtw  oracle_loss_mean  reward_mean  power_mean  power_max  peak_power_max  steady_violation_rate  peak_violation_rate  event_rate  warmup_abort_count  warmup_abort_rate  obs_reconstruction_mae  forecast_samples  forecast_weighted_mae_overall  forecast_raw_mae_overall  forecast_weighted_mae_event  forecast_weighted_mae_non_event  forecast_weighted_mae_low_temp  forecast_weighted_mae_normal
  full_open_unconstrained   6144                 0.067781 0.800943  2.748866 0.718983 0.900087 0.774163          0.152115    -0.152117    4.620000       4.62            6.28                    1.0                  1.0    0.402669                   0           0.000000                0.067781              6144                       0.152115                  2.092300                     0.155935                         0.117074                        0.116761                      0.126267
feasible_static_projected   6144                 0.228892 1.778877  4.314012 0.794750 0.937501 1.743710          0.160129    -0.160130    1.460000       1.46            1.95                    0.0                  0.0    0.402669                   0           0.000000                0.228892              6144                       0.160129                  2.211658                     0.164083                         0.123862                        0.126694                      0.123409
              round_robin   6144                 0.247318 1.967219  5.144900 0.795538 0.912513 1.827648          0.165652    -0.186074    1.555000       1.64            1.98                    0.0                  0.0    0.402669                1530           0.249023                0.247318              6144                       0.165652                  2.252341                     0.169533                         0.130054                        0.133962                      0.129051
               custom_ppo   6144                 0.232220 1.807257  4.340657 0.799981 0.920571 1.750491          0.166150    -0.170183    1.539137       1.60            2.18                    0.0                  0.0    0.402669                 304           0.049479                0.232220              6144                       0.166150                  2.224311                     0.170592                         0.125411                        0.131393                      0.127642
                      aoi   6144                 0.150457 2.404934 12.732274 0.791728 0.878528 1.523028          0.177802    -0.216216    1.623031       1.70            2.33                    0.0                  0.0    0.402669                2880           0.468750                0.150457              6144                       0.177802                  2.872247                     0.182341                         0.136168                        0.140766                      0.137701
                   random   6144                 0.167849 2.592932 15.894051 0.811629 0.848777 1.599662          0.187773    -0.212495    1.601875       1.70            2.33                    0.0                  0.0    0.402669                1836           0.298828                0.167849              6144                       0.187773                  3.349995                     0.192710                         0.142493                        0.147654                      0.142438
