custom_ppo_update update=1 timesteps=2048 loss=0.632095 entropy=1.953606 adv_std=1.321976 awbc_label_rate=0.250
custom_ppo_update update=2 timesteps=4096 loss=0.771644 entropy=1.975560 adv_std=1.709666 awbc_label_rate=0.250
custom_ppo_update update=3 timesteps=6144 loss=1.048949 entropy=1.977509 adv_std=1.929952 awbc_label_rate=0.250
custom_ppo_update update=4 timesteps=8192 loss=0.639851 entropy=1.985084 adv_std=1.707796 awbc_label_rate=0.250
custom_ppo_update update=5 timesteps=10240 loss=0.600196 entropy=1.979220 adv_std=1.480544 awbc_label_rate=0.250
custom_ppo_update update=6 timesteps=12288 loss=0.681327 entropy=1.988484 adv_std=2.241806 awbc_label_rate=0.250
custom_ppo_update update=7 timesteps=14336 loss=0.935019 entropy=1.975037 adv_std=2.470789 awbc_label_rate=0.250
custom_ppo_update update=8 timesteps=16384 loss=0.644309 entropy=1.986187 adv_std=2.131909 awbc_label_rate=0.250
custom_ppo_update update=9 timesteps=18432 loss=0.544332 entropy=1.997313 adv_std=2.312065 awbc_label_rate=0.250
custom_ppo_update update=10 timesteps=20480 loss=0.588564 entropy=2.021455 adv_std=2.042612 awbc_label_rate=0.250
custom_ppo_update update=11 timesteps=22528 loss=0.548510 entropy=2.030691 adv_std=2.216641 awbc_label_rate=0.250
custom_ppo_update update=12 timesteps=24576 loss=0.521155 entropy=2.003203 adv_std=2.205729 awbc_label_rate=0.250
custom_ppo_update update=13 timesteps=26624 loss=0.722178 entropy=2.000490 adv_std=2.626922 awbc_label_rate=0.250
custom_ppo_update update=14 timesteps=28672 loss=0.924684 entropy=2.035238 adv_std=2.395060 awbc_label_rate=0.250
custom_ppo_update update=15 timesteps=30720 loss=0.856019 entropy=2.041246 adv_std=2.444033 awbc_label_rate=0.250
custom_ppo_update update=16 timesteps=32768 loss=1.399883 entropy=2.032504 adv_std=3.162724 awbc_label_rate=0.250
custom_ppo_update update=17 timesteps=34816 loss=0.983627 entropy=2.017918 adv_std=3.301221 awbc_label_rate=0.250
custom_ppo_update update=18 timesteps=36864 loss=1.078797 entropy=2.049639 adv_std=3.135586 awbc_label_rate=0.250
custom_ppo_update update=19 timesteps=38912 loss=1.042160 entropy=2.014775 adv_std=2.933939 awbc_label_rate=0.250
custom_ppo_update update=20 timesteps=40960 loss=0.844827 entropy=2.023534 adv_std=3.056092 awbc_label_rate=0.250
custom_ppo_update update=21 timesteps=43008 loss=0.713033 entropy=1.989369 adv_std=2.760602 awbc_label_rate=0.250
custom_ppo_update update=22 timesteps=45056 loss=0.746488 entropy=2.002907 adv_std=2.687626 awbc_label_rate=0.250
custom_ppo_update update=23 timesteps=47104 loss=1.455746 entropy=2.019050 adv_std=3.142489 awbc_label_rate=0.250
custom_ppo_update update=24 timesteps=49152 loss=0.725959 entropy=1.999998 adv_std=2.637172 awbc_label_rate=0.250
custom_ppo_update update=25 timesteps=51200 loss=1.068647 entropy=2.019670 adv_std=2.671520 awbc_label_rate=0.250
custom_ppo_update update=26 timesteps=53248 loss=0.902150 entropy=1.990808 adv_std=3.077474 awbc_label_rate=0.250
custom_ppo_update update=27 timesteps=55296 loss=0.672480 entropy=1.998573 adv_std=2.380974 awbc_label_rate=0.250
custom_ppo_update update=28 timesteps=57344 loss=1.297378 entropy=2.035891 adv_std=3.754260 awbc_label_rate=0.250
custom_ppo_update update=29 timesteps=59392 loss=0.820954 entropy=2.018759 adv_std=3.070887 awbc_label_rate=0.250
custom_ppo_update update=30 timesteps=61440 loss=0.719121 entropy=2.029969 adv_std=2.906972 awbc_label_rate=0.250
custom_ppo_update update=31 timesteps=63488 loss=1.031513 entropy=2.019651 adv_std=2.805692 awbc_label_rate=0.250
custom_ppo_update update=32 timesteps=65536 loss=1.034274 entropy=2.014802 adv_std=3.580048 awbc_label_rate=0.250
custom_ppo_update update=33 timesteps=67584 loss=0.952106 entropy=1.999121 adv_std=2.981272 awbc_label_rate=0.250
custom_ppo_update update=34 timesteps=69632 loss=0.743362 entropy=2.001316 adv_std=2.544489 awbc_label_rate=0.250
custom_ppo_update update=35 timesteps=71680 loss=0.961342 entropy=2.005510 adv_std=2.897219 awbc_label_rate=0.250
custom_ppo_update update=36 timesteps=73728 loss=0.838538 entropy=2.015275 adv_std=2.928283 awbc_label_rate=0.250
custom_ppo_update update=37 timesteps=75776 loss=0.736680 entropy=2.022793 adv_std=2.787989 awbc_label_rate=0.250
custom_ppo_update update=38 timesteps=77824 loss=0.831241 entropy=2.011983 adv_std=3.056040 awbc_label_rate=0.250
custom_ppo_update update=39 timesteps=79872 loss=0.638991 entropy=1.995353 adv_std=2.756885 awbc_label_rate=0.250
custom_ppo_update update=40 timesteps=81920 loss=0.832751 entropy=1.990137 adv_std=3.231833 awbc_label_rate=0.250
custom_ppo_update update=41 timesteps=83968 loss=0.604581 entropy=2.000935 adv_std=2.335203 awbc_label_rate=0.250
custom_ppo_update update=42 timesteps=86016 loss=0.648149 entropy=1.985839 adv_std=2.677566 awbc_label_rate=0.250
custom_ppo_update update=43 timesteps=88064 loss=0.700994 entropy=2.009046 adv_std=2.333892 awbc_label_rate=0.250
custom_ppo_update update=44 timesteps=90112 loss=0.566111 entropy=1.981355 adv_std=2.280387 awbc_label_rate=0.250
custom_ppo_update update=45 timesteps=92160 loss=0.565677 entropy=1.985515 adv_std=2.146342 awbc_label_rate=0.250
custom_ppo_update update=46 timesteps=94208 loss=0.683735 entropy=2.003872 adv_std=2.542267 awbc_label_rate=0.250
custom_ppo_update update=47 timesteps=96256 loss=0.633558 entropy=1.986934 adv_std=2.054364 awbc_label_rate=0.250
custom_ppo_update update=48 timesteps=98304 loss=0.930345 entropy=2.015071 adv_std=2.864218 awbc_label_rate=0.250
custom_ppo_update update=49 timesteps=100000 loss=0.512601 entropy=2.010146 adv_std=2.329310 awbc_label_rate=0.250
reports/v31_ablation_aligned/raw/H1_hyperparam_v31_aligned/awbc0p10_kl0p50/budget1p70_seed41/v2_custom_ppo_metrics.csv
                   policy  steps  reward_mean  instant_mae  oracle_loss_mean  dtw_mean  power_mean  peak_power_max  event_rate  warmup_abort_count
  full_open_unconstrained   6144    -0.128375     1.656428          0.128373  1.618296    4.620000            6.28    0.408529                   0
feasible_static_projected   6144    -0.139246     3.022895          0.139245  2.924569    1.460000            1.95    0.408529                   0
               custom_ppo   6144    -0.140975     3.017903          0.139253  2.885079    1.513753            2.07    0.408529                 128
              round_robin   6144    -0.163703     7.730503          0.143281  4.730799    1.555000            1.98    0.408529                1530
                      aoi   6144    -0.183673    16.814526          0.152295  7.481091    1.622279            2.33    0.408529                2340
                   random   6144    -0.182348    15.456530          0.156211  7.422235    1.604590            2.33    0.408529                1944
reports/v31_ablation_aligned/raw/H1_hyperparam_v31_aligned/awbc0p10_kl0p50/budget1p70_seed41/evaluation/v2_eval_overall.csv
                   policy  steps  weighted_normalized_mae      mae      rmse    smape  pearson      dtw  oracle_loss_mean  reward_mean  power_mean  power_max  peak_power_max  steady_violation_rate  peak_violation_rate  event_rate  warmup_abort_count  warmup_abort_rate  obs_reconstruction_mae  forecast_samples  forecast_weighted_mae_overall  forecast_raw_mae_overall  forecast_weighted_mae_event  forecast_weighted_mae_non_event  forecast_weighted_mae_low_temp  forecast_weighted_mae_normal
  full_open_unconstrained   6144                 0.064595 0.778572  2.685088 0.764535 0.893711 0.764333          0.128373    -0.128375    4.620000       4.62            6.28                    1.0                  1.0    0.408529                   0           0.000000                0.064595              6144                       0.128373                  1.844644                     0.130033                         0.117501                        0.098610                      0.167948
feasible_static_projected   6144                 0.270068 2.067749  4.934574 0.836617 0.929282 2.043764          0.139245    -0.139246    1.460000       1.46            1.95                    0.0                  0.0    0.408529                   0           0.000000                0.270068              6144                       0.139245                  1.998590                     0.141081                         0.127223                        0.107226                      0.190902
               custom_ppo   6144                 0.267324 2.067574  4.944524 0.837460 0.823204 2.007527          0.139253    -0.140975    1.513753       1.62            2.07                    0.0                  0.0    0.408529                 128           0.020833                0.267324              6144                       0.139253                  1.979154                     0.141270                         0.126046                        0.106187                      0.192431
              round_robin   6144                 0.287710 2.177399  5.164354 0.836838 0.899869 2.103882          0.143281    -0.163703    1.555000       1.64            1.98                    0.0                  0.0    0.408529                1530           0.249023                0.287710              6144                       0.143281                  2.086092                     0.145298                         0.130070                        0.112779                      0.178216
                      aoi   6144                 0.138110 1.910036 10.822586 0.822500 0.843890 1.395233          0.152295    -0.183673    1.622279       1.70            2.33                    0.0                  0.0    0.408529                2340           0.380859                0.138110              6144                       0.152295                  2.763425                     0.154470                         0.138055                        0.123353                      0.151178
                   random   6144                 0.146690 1.890846 11.291753 0.829154 0.850457 1.299916          0.156211    -0.182348    1.604590       1.70            2.33                    0.0                  0.0    0.408529                1944           0.316406                0.146690              6144                       0.156211                  2.937362                     0.157697                         0.146479                        0.127203                      0.179832
