custom_ppo_update update=1 timesteps=2048 loss=0.769401 entropy=1.977278 adv_std=0.866413 awbc_label_rate=0.250
custom_ppo_update update=2 timesteps=4096 loss=0.917070 entropy=1.990470 adv_std=1.406726 awbc_label_rate=0.250
custom_ppo_update update=3 timesteps=6144 loss=0.855080 entropy=1.982899 adv_std=2.187216 awbc_label_rate=0.250
custom_ppo_update update=4 timesteps=8192 loss=1.553585 entropy=2.004711 adv_std=2.417364 awbc_label_rate=0.250
custom_ppo_update update=5 timesteps=10240 loss=1.005852 entropy=2.028164 adv_std=2.244872 awbc_label_rate=0.250
custom_ppo_update update=6 timesteps=12288 loss=1.283059 entropy=2.006657 adv_std=2.735959 awbc_label_rate=0.250
custom_ppo_update update=7 timesteps=14336 loss=1.319575 entropy=2.010929 adv_std=2.488093 awbc_label_rate=0.250
custom_ppo_update update=8 timesteps=16384 loss=1.202573 entropy=2.011622 adv_std=3.083466 awbc_label_rate=0.250
custom_ppo_update update=9 timesteps=18432 loss=1.291919 entropy=2.005004 adv_std=3.082686 awbc_label_rate=0.250
custom_ppo_update update=10 timesteps=20480 loss=1.287056 entropy=2.005586 adv_std=3.059311 awbc_label_rate=0.250
custom_ppo_update update=11 timesteps=22528 loss=1.320726 entropy=2.009162 adv_std=2.942714 awbc_label_rate=0.250
custom_ppo_update update=12 timesteps=24576 loss=1.349761 entropy=2.018852 adv_std=3.049870 awbc_label_rate=0.250
custom_ppo_update update=13 timesteps=26624 loss=0.995996 entropy=2.008919 adv_std=2.710300 awbc_label_rate=0.250
custom_ppo_update update=14 timesteps=28672 loss=1.269419 entropy=2.021724 adv_std=3.214995 awbc_label_rate=0.250
custom_ppo_update update=15 timesteps=30720 loss=1.719748 entropy=1.995179 adv_std=3.784063 awbc_label_rate=0.250
custom_ppo_update update=16 timesteps=32768 loss=1.735189 entropy=2.012348 adv_std=3.542385 awbc_label_rate=0.250
custom_ppo_update update=17 timesteps=34816 loss=1.513595 entropy=2.003199 adv_std=3.464654 awbc_label_rate=0.250
custom_ppo_update update=18 timesteps=36864 loss=1.026297 entropy=2.004318 adv_std=2.916205 awbc_label_rate=0.250
custom_ppo_update update=19 timesteps=38912 loss=1.149974 entropy=2.008131 adv_std=3.040519 awbc_label_rate=0.250
custom_ppo_update update=20 timesteps=40960 loss=1.315249 entropy=2.009977 adv_std=2.771050 awbc_label_rate=0.250
custom_ppo_update update=21 timesteps=43008 loss=1.033825 entropy=1.997059 adv_std=3.040024 awbc_label_rate=0.250
custom_ppo_update update=22 timesteps=45056 loss=1.425223 entropy=1.989259 adv_std=3.627586 awbc_label_rate=0.250
custom_ppo_update update=23 timesteps=47104 loss=1.051695 entropy=1.994031 adv_std=2.889699 awbc_label_rate=0.250
custom_ppo_update update=24 timesteps=49152 loss=1.219966 entropy=1.991886 adv_std=3.220403 awbc_label_rate=0.250
custom_ppo_update update=25 timesteps=51200 loss=1.187857 entropy=2.003420 adv_std=3.123908 awbc_label_rate=0.250
custom_ppo_update update=26 timesteps=53248 loss=1.344699 entropy=2.009833 adv_std=3.717358 awbc_label_rate=0.250
custom_ppo_update update=27 timesteps=55296 loss=1.285270 entropy=2.011558 adv_std=3.756480 awbc_label_rate=0.250
custom_ppo_update update=28 timesteps=57344 loss=1.401332 entropy=2.005437 adv_std=3.160845 awbc_label_rate=0.250
custom_ppo_update update=29 timesteps=59392 loss=1.858528 entropy=2.011274 adv_std=3.798166 awbc_label_rate=0.250
custom_ppo_update update=30 timesteps=61440 loss=0.971602 entropy=2.005975 adv_std=2.919760 awbc_label_rate=0.250
custom_ppo_update update=31 timesteps=63488 loss=1.860774 entropy=2.010158 adv_std=4.107449 awbc_label_rate=0.250
custom_ppo_update update=32 timesteps=65536 loss=1.418930 entropy=2.001290 adv_std=3.796472 awbc_label_rate=0.250
custom_ppo_update update=33 timesteps=67584 loss=1.219177 entropy=2.006873 adv_std=3.280966 awbc_label_rate=0.250
custom_ppo_update update=34 timesteps=69632 loss=1.420693 entropy=1.992232 adv_std=3.109440 awbc_label_rate=0.250
custom_ppo_update update=35 timesteps=71680 loss=0.951477 entropy=1.997910 adv_std=2.790456 awbc_label_rate=0.250
custom_ppo_update update=36 timesteps=73728 loss=1.531192 entropy=2.023449 adv_std=3.521260 awbc_label_rate=0.250
custom_ppo_update update=37 timesteps=75776 loss=1.028704 entropy=1.980549 adv_std=2.401189 awbc_label_rate=0.250
custom_ppo_update update=38 timesteps=77824 loss=1.491504 entropy=1.993500 adv_std=3.468780 awbc_label_rate=0.250
custom_ppo_update update=39 timesteps=79872 loss=1.112739 entropy=2.016097 adv_std=2.797868 awbc_label_rate=0.250
custom_ppo_update update=40 timesteps=81920 loss=1.720611 entropy=2.012569 adv_std=3.895970 awbc_label_rate=0.250
custom_ppo_update update=41 timesteps=83968 loss=1.122275 entropy=2.008469 adv_std=2.695042 awbc_label_rate=0.250
custom_ppo_update update=42 timesteps=86016 loss=1.066234 entropy=2.008890 adv_std=2.931068 awbc_label_rate=0.250
custom_ppo_update update=43 timesteps=88064 loss=1.333329 entropy=2.014320 adv_std=3.386144 awbc_label_rate=0.250
custom_ppo_update update=44 timesteps=90112 loss=1.582916 entropy=2.006153 adv_std=3.754445 awbc_label_rate=0.250
custom_ppo_update update=45 timesteps=92160 loss=1.177180 entropy=2.017432 adv_std=3.184751 awbc_label_rate=0.250
custom_ppo_update update=46 timesteps=94208 loss=1.131352 entropy=1.998728 adv_std=2.948339 awbc_label_rate=0.250
custom_ppo_update update=47 timesteps=96256 loss=1.348112 entropy=1.999758 adv_std=3.384248 awbc_label_rate=0.250
custom_ppo_update update=48 timesteps=98304 loss=1.323647 entropy=2.004190 adv_std=3.096833 awbc_label_rate=0.250
custom_ppo_update update=49 timesteps=100000 loss=0.939884 entropy=1.994162 adv_std=2.830186 awbc_label_rate=0.250
reports/v31_ablation_aligned/raw/H1_hyperparam_v31_aligned/awbc0p20_kl2p00/budget1p70_seed45/v2_custom_ppo_metrics.csv
                   policy  steps  reward_mean  instant_mae  oracle_loss_mean  dtw_mean  power_mean  peak_power_max  event_rate  warmup_abort_count
  full_open_unconstrained   6144    -0.150610     1.655863          0.150608  1.614134    4.620000            6.28    0.294922                   0
feasible_static_projected   6144    -0.155490     2.696703          0.155489  2.598733    1.460000            1.95    0.294922                   0
               custom_ppo   6144    -0.159373     2.722694          0.158833  2.606331    1.552718            2.18    0.294922                  39
              round_robin   6144    -0.190592    12.279849          0.170170  6.257527    1.555000            1.98    0.294922                1530
                      aoi   6144    -0.221601    32.124893          0.194913 12.679895    1.621777            2.33    0.294922                1980
                   random   6144    -0.228176    29.634401          0.199824 11.809793    1.607090            2.33    0.294922                2112
reports/v31_ablation_aligned/raw/H1_hyperparam_v31_aligned/awbc0p20_kl2p00/budget1p70_seed45/evaluation/v2_eval_overall.csv
                   policy  steps  weighted_normalized_mae      mae      rmse    smape  pearson      dtw  oracle_loss_mean  reward_mean  power_mean  power_max  peak_power_max  steady_violation_rate  peak_violation_rate  event_rate  warmup_abort_count  warmup_abort_rate  obs_reconstruction_mae  forecast_samples  forecast_weighted_mae_overall  forecast_raw_mae_overall  forecast_weighted_mae_event  forecast_weighted_mae_non_event  forecast_weighted_mae_low_temp  forecast_weighted_mae_normal
  full_open_unconstrained   6144                 0.065096 0.778106  2.683789 0.746673 0.910368 0.752175          0.150608    -0.150610    4.620000       4.62            6.28                    1.0                  1.0    0.294922                   0           0.000000                0.065096              6144                       0.150608                  2.073870                     0.155210                         0.121142                        0.139390                      0.119039
feasible_static_projected   6144                 0.209861 1.653637  3.951644 0.825676 0.935394 1.619808          0.155489    -0.155490    1.460000       1.46            1.95                    0.0                  0.0    0.294922                   0           0.000000                0.209861              6144                       0.155489                  2.109603                     0.160331                         0.124489                        0.144908                      0.122884
               custom_ppo   6144                 0.202826 1.682280  3.991976 0.829379 0.923256 1.624786          0.158833    -0.159373    1.552718       1.60            2.18                    0.0                  0.0    0.294922                  39           0.006348                0.202826              6144                       0.158833                  2.163505                     0.164083                         0.125218                        0.145283                      0.124512
              round_robin   6144                 0.232639 1.925147  5.665330 0.830767 0.898989 1.832496          0.170170    -0.190592    1.555000       1.64            1.98                    0.0                  0.0    0.294922                1530           0.249023                0.232639              6144                       0.170170                  2.311168                     0.176073                         0.132375                        0.155182                      0.131539
                      aoi   6144                 0.195173 2.535979 13.006656 0.835444 0.798021 1.703415          0.194913    -0.221601    1.621777       1.70            2.33                    0.0                  0.0    0.294922                1980           0.322266                0.195173              6144                       0.194913                  2.610077                     0.202750                         0.144739                        0.159917                      0.146080
                   random   6144                 0.157382 2.464586 15.090386 0.834611 0.856943 1.562259          0.199824    -0.228176    1.607090       1.70            2.33                    0.0                  0.0    0.294922                2112           0.343750                0.157382              6144                       0.199824                  3.098739                     0.207837                         0.148518                        0.167018                      0.147828
