custom_ppo_update update=1 timesteps=2048 loss=0.628475 entropy=2.120120 adv_std=0.966032 awbc_label_rate=0.250
custom_ppo_update update=2 timesteps=4096 loss=0.975298 entropy=2.124616 adv_std=1.892228 awbc_label_rate=0.250
custom_ppo_update update=3 timesteps=6144 loss=1.101468 entropy=2.121007 adv_std=2.014414 awbc_label_rate=0.250
custom_ppo_update update=4 timesteps=8192 loss=1.204477 entropy=2.132988 adv_std=2.641098 awbc_label_rate=0.250
custom_ppo_update update=5 timesteps=10240 loss=0.808130 entropy=2.145609 adv_std=2.314624 awbc_label_rate=0.250
custom_ppo_update update=6 timesteps=12288 loss=0.947157 entropy=2.148705 adv_std=2.888979 awbc_label_rate=0.250
custom_ppo_update update=7 timesteps=14336 loss=1.061131 entropy=2.149855 adv_std=2.822483 awbc_label_rate=0.250
custom_ppo_update update=8 timesteps=16384 loss=1.118080 entropy=2.143929 adv_std=2.378598 awbc_label_rate=0.250
custom_ppo_update update=9 timesteps=18432 loss=1.058842 entropy=2.138711 adv_std=3.475668 awbc_label_rate=0.250
custom_ppo_update update=10 timesteps=20480 loss=0.708770 entropy=2.143874 adv_std=2.978472 awbc_label_rate=0.250
custom_ppo_update update=11 timesteps=22528 loss=0.939115 entropy=2.158171 adv_std=2.941985 awbc_label_rate=0.250
custom_ppo_update update=12 timesteps=24576 loss=0.937270 entropy=2.152650 adv_std=2.770264 awbc_label_rate=0.250
custom_ppo_update update=13 timesteps=26624 loss=0.744448 entropy=2.158033 adv_std=2.953883 awbc_label_rate=0.250
custom_ppo_update update=14 timesteps=28672 loss=0.698245 entropy=2.137381 adv_std=2.832030 awbc_label_rate=0.250
custom_ppo_update update=15 timesteps=30720 loss=0.864359 entropy=2.142835 adv_std=2.665152 awbc_label_rate=0.250
custom_ppo_update update=16 timesteps=32768 loss=0.661185 entropy=2.145928 adv_std=2.325530 awbc_label_rate=0.250
custom_ppo_update update=17 timesteps=34816 loss=0.860649 entropy=2.135563 adv_std=2.928331 awbc_label_rate=0.250
custom_ppo_update update=18 timesteps=36864 loss=0.592002 entropy=2.125645 adv_std=2.503731 awbc_label_rate=0.250
custom_ppo_update update=19 timesteps=38912 loss=0.651520 entropy=2.119480 adv_std=2.737026 awbc_label_rate=0.250
custom_ppo_update update=20 timesteps=40960 loss=0.604226 entropy=2.130928 adv_std=2.512072 awbc_label_rate=0.250
custom_ppo_update update=21 timesteps=43008 loss=0.863254 entropy=2.142841 adv_std=2.945894 awbc_label_rate=0.250
custom_ppo_update update=22 timesteps=45056 loss=0.784551 entropy=2.143117 adv_std=2.833366 awbc_label_rate=0.250
custom_ppo_update update=23 timesteps=47104 loss=0.607196 entropy=2.127336 adv_std=2.635677 awbc_label_rate=0.250
custom_ppo_update update=24 timesteps=49152 loss=0.642897 entropy=2.134642 adv_std=2.464700 awbc_label_rate=0.250
custom_ppo_update update=25 timesteps=51200 loss=0.669469 entropy=2.128502 adv_std=2.370017 awbc_label_rate=0.250
custom_ppo_update update=26 timesteps=53248 loss=0.764818 entropy=2.134592 adv_std=2.869122 awbc_label_rate=0.250
custom_ppo_update update=27 timesteps=55296 loss=0.876389 entropy=2.135827 adv_std=2.754028 awbc_label_rate=0.250
custom_ppo_update update=28 timesteps=57344 loss=0.917054 entropy=2.130151 adv_std=2.583564 awbc_label_rate=0.250
custom_ppo_update update=29 timesteps=59392 loss=1.069137 entropy=2.123705 adv_std=3.313545 awbc_label_rate=0.250
custom_ppo_update update=30 timesteps=61440 loss=0.650749 entropy=2.118941 adv_std=2.591963 awbc_label_rate=0.250
custom_ppo_update update=31 timesteps=63488 loss=0.861030 entropy=2.144782 adv_std=3.090025 awbc_label_rate=0.250
custom_ppo_update update=32 timesteps=65536 loss=0.717537 entropy=2.132565 adv_std=2.751795 awbc_label_rate=0.250
custom_ppo_update update=33 timesteps=67584 loss=0.513063 entropy=2.137394 adv_std=2.245209 awbc_label_rate=0.250
custom_ppo_update update=34 timesteps=69632 loss=0.634871 entropy=2.119710 adv_std=2.425279 awbc_label_rate=0.250
custom_ppo_update update=35 timesteps=71680 loss=0.607908 entropy=2.119083 adv_std=2.131527 awbc_label_rate=0.250
custom_ppo_update update=36 timesteps=73728 loss=0.733967 entropy=2.115362 adv_std=2.374238 awbc_label_rate=0.250
custom_ppo_update update=37 timesteps=75776 loss=0.907314 entropy=2.126578 adv_std=2.714849 awbc_label_rate=0.250
custom_ppo_update update=38 timesteps=77824 loss=0.770346 entropy=2.129273 adv_std=2.821028 awbc_label_rate=0.250
custom_ppo_update update=39 timesteps=79872 loss=0.729325 entropy=2.137822 adv_std=2.690350 awbc_label_rate=0.250
custom_ppo_update update=40 timesteps=81920 loss=0.765390 entropy=2.144387 adv_std=2.821025 awbc_label_rate=0.250
custom_ppo_update update=41 timesteps=83968 loss=0.853092 entropy=2.137602 adv_std=2.814046 awbc_label_rate=0.250
custom_ppo_update update=42 timesteps=86016 loss=0.760643 entropy=2.153193 adv_std=2.899803 awbc_label_rate=0.250
custom_ppo_update update=43 timesteps=88064 loss=0.762771 entropy=2.131099 adv_std=2.332330 awbc_label_rate=0.250
custom_ppo_update update=44 timesteps=90112 loss=0.649767 entropy=2.117532 adv_std=2.710424 awbc_label_rate=0.250
custom_ppo_update update=45 timesteps=92160 loss=0.701915 entropy=2.127130 adv_std=2.521365 awbc_label_rate=0.250
custom_ppo_update update=46 timesteps=94208 loss=0.610728 entropy=2.128663 adv_std=2.518163 awbc_label_rate=0.250
custom_ppo_update update=47 timesteps=96256 loss=0.803629 entropy=2.118236 adv_std=3.060079 awbc_label_rate=0.250
custom_ppo_update update=48 timesteps=98304 loss=1.050530 entropy=2.145265 adv_std=3.144623 awbc_label_rate=0.250
custom_ppo_update update=49 timesteps=100000 loss=1.335613 entropy=2.137565 adv_std=3.301830 awbc_label_rate=0.250
reports/v31_ablation_aligned/raw/H1_hyperparam_v31_aligned/awbc0p10_kl0p50/budget1p70_seed42/v2_custom_ppo_metrics.csv
                   policy  steps  reward_mean  instant_mae  oracle_loss_mean  dtw_mean  power_mean  peak_power_max  event_rate  warmup_abort_count
  full_open_unconstrained   6144    -0.141633     1.651890          0.141631  1.611176    4.620000            6.28    0.281738                   0
               custom_ppo   6144    -0.165951     2.753418          0.162713  2.478843    1.523037            2.07    0.281738                 235
feasible_static_projected   6144    -0.164012     2.875996          0.164012  2.766387    1.460000            1.95    0.281738                   0
              round_robin   6144    -0.185668     8.014126          0.165246  4.871508    1.555000            1.98    0.281738                1530
                   random   6144    -0.206340    14.161544          0.180782  6.942919    1.603320            2.33    0.281738                1902
                      aoi   6144    -0.230265    17.742501          0.196541  8.109821    1.622529            2.33    0.281738                2520
reports/v31_ablation_aligned/raw/H1_hyperparam_v31_aligned/awbc0p10_kl0p50/budget1p70_seed42/evaluation/v2_eval_overall.csv
                   policy  steps  weighted_normalized_mae      mae      rmse    smape  pearson      dtw  oracle_loss_mean  reward_mean  power_mean  power_max  peak_power_max  steady_violation_rate  peak_violation_rate  event_rate  warmup_abort_count  warmup_abort_rate  obs_reconstruction_mae  forecast_samples  forecast_weighted_mae_overall  forecast_raw_mae_overall  forecast_weighted_mae_event  forecast_weighted_mae_non_event  forecast_weighted_mae_low_temp  forecast_weighted_mae_normal
  full_open_unconstrained   6144                 0.064247 0.785416  2.721259 0.778653 0.898708 0.769587          0.141631    -0.141633    4.620000       4.62            6.28                    1.0                  1.0    0.281738                   0           0.000000                0.064247              6144                       0.141631                  1.827414                     0.150192                         0.111287                        0.116905                      0.119114
               custom_ppo   6144                 0.170358 1.709700  9.053884 0.836492 0.888523 1.457388          0.162713    -0.165951    1.523037       1.62            2.07                    0.0                  0.0    0.281738                 235           0.038249                0.170358              6144                       0.162713                  2.293756                     0.173120                         0.125826                        0.132234                      0.131728
feasible_static_projected   6144                 0.241754 1.871853  4.569193 0.850586 0.929557 1.846283          0.164012    -0.164012    1.460000       1.46            1.95                    0.0                  0.0    0.281738                   0           0.000000                0.241754              6144                       0.164012                  1.977773                     0.172303                         0.134625                        0.124688                      0.150898
              round_robin   6144                 0.257567 2.060288  5.598071 0.851817 0.897150 1.987511          0.165246    -0.185668    1.555000       1.64            1.98                    0.0                  0.0    0.281738                1530           0.249023                0.257567              6144                       0.165246                  2.142608                     0.172926                         0.138026                        0.135963                      0.142022
                   random   6144                 0.146054 2.203981 15.041418 0.841125 0.870052 1.470958          0.180782    -0.206340    1.603320       1.70            2.33                    0.0                  0.0    0.281738                1902           0.309570                0.146054              6144                       0.180782                  2.992890                     0.187602                         0.156609                        0.147710                      0.159912
                      aoi   6144                 0.150681 2.040612 11.756319 0.834888 0.851025 1.413702          0.196541    -0.230265    1.622529       1.70            2.33                    0.0                  0.0    0.281738                2520           0.410156                0.150681              6144                       0.196541                  2.597410                     0.204883                         0.166974                        0.150267                      0.180188
