custom_ppo_update update=1 timesteps=2048 loss=0.780778 entropy=1.973322 adv_std=0.881530 awbc_label_rate=0.250
custom_ppo_update update=2 timesteps=4096 loss=0.885793 entropy=1.993397 adv_std=1.407465 awbc_label_rate=0.250
custom_ppo_update update=3 timesteps=6144 loss=0.953653 entropy=1.991450 adv_std=2.067726 awbc_label_rate=0.250
custom_ppo_update update=4 timesteps=8192 loss=1.405468 entropy=2.011064 adv_std=2.396985 awbc_label_rate=0.250
custom_ppo_update update=5 timesteps=10240 loss=1.029450 entropy=2.041896 adv_std=2.343514 awbc_label_rate=0.250
custom_ppo_update update=6 timesteps=12288 loss=1.113891 entropy=2.014995 adv_std=2.665097 awbc_label_rate=0.250
custom_ppo_update update=7 timesteps=14336 loss=1.133940 entropy=2.008905 adv_std=2.735674 awbc_label_rate=0.250
custom_ppo_update update=8 timesteps=16384 loss=1.580659 entropy=2.012886 adv_std=3.249033 awbc_label_rate=0.250
custom_ppo_update update=9 timesteps=18432 loss=1.190188 entropy=2.012453 adv_std=3.061744 awbc_label_rate=0.250
custom_ppo_update update=10 timesteps=20480 loss=1.502635 entropy=2.027807 adv_std=3.243964 awbc_label_rate=0.250
custom_ppo_update update=11 timesteps=22528 loss=1.427932 entropy=2.038201 adv_std=2.787442 awbc_label_rate=0.250
custom_ppo_update update=12 timesteps=24576 loss=1.361143 entropy=2.054219 adv_std=3.146285 awbc_label_rate=0.250
custom_ppo_update update=13 timesteps=26624 loss=1.187425 entropy=2.044578 adv_std=3.060171 awbc_label_rate=0.250
custom_ppo_update update=14 timesteps=28672 loss=1.257019 entropy=2.057566 adv_std=3.154176 awbc_label_rate=0.250
custom_ppo_update update=15 timesteps=30720 loss=1.493449 entropy=2.015333 adv_std=3.465873 awbc_label_rate=0.250
custom_ppo_update update=16 timesteps=32768 loss=1.409220 entropy=2.024621 adv_std=3.290892 awbc_label_rate=0.250
custom_ppo_update update=17 timesteps=34816 loss=1.280424 entropy=2.011157 adv_std=3.275338 awbc_label_rate=0.250
custom_ppo_update update=18 timesteps=36864 loss=1.025022 entropy=2.014263 adv_std=2.869148 awbc_label_rate=0.250
custom_ppo_update update=19 timesteps=38912 loss=1.257999 entropy=2.014591 adv_std=3.055887 awbc_label_rate=0.250
custom_ppo_update update=20 timesteps=40960 loss=1.269337 entropy=2.034311 adv_std=2.739932 awbc_label_rate=0.250
custom_ppo_update update=21 timesteps=43008 loss=1.066903 entropy=2.006472 adv_std=3.018741 awbc_label_rate=0.250
custom_ppo_update update=22 timesteps=45056 loss=1.247512 entropy=1.994115 adv_std=3.123434 awbc_label_rate=0.250
custom_ppo_update update=23 timesteps=47104 loss=0.941201 entropy=1.998005 adv_std=2.833249 awbc_label_rate=0.250
custom_ppo_update update=24 timesteps=49152 loss=1.414546 entropy=1.978534 adv_std=3.325602 awbc_label_rate=0.250
custom_ppo_update update=25 timesteps=51200 loss=1.262361 entropy=1.980256 adv_std=3.323269 awbc_label_rate=0.250
custom_ppo_update update=26 timesteps=53248 loss=2.059407 entropy=1.998117 adv_std=4.118200 awbc_label_rate=0.250
custom_ppo_update update=27 timesteps=55296 loss=1.311114 entropy=2.015149 adv_std=3.646647 awbc_label_rate=0.250
custom_ppo_update update=28 timesteps=57344 loss=1.267883 entropy=2.011099 adv_std=3.212096 awbc_label_rate=0.250
custom_ppo_update update=29 timesteps=59392 loss=1.727199 entropy=2.027065 adv_std=3.751280 awbc_label_rate=0.250
custom_ppo_update update=30 timesteps=61440 loss=1.097853 entropy=2.010713 adv_std=2.962548 awbc_label_rate=0.250
custom_ppo_update update=31 timesteps=63488 loss=1.687542 entropy=2.030489 adv_std=4.271529 awbc_label_rate=0.250
custom_ppo_update update=32 timesteps=65536 loss=1.613340 entropy=2.027299 adv_std=4.301608 awbc_label_rate=0.250
custom_ppo_update update=33 timesteps=67584 loss=1.294872 entropy=2.024813 adv_std=3.331794 awbc_label_rate=0.250
custom_ppo_update update=34 timesteps=69632 loss=1.157679 entropy=1.999971 adv_std=3.015047 awbc_label_rate=0.250
custom_ppo_update update=35 timesteps=71680 loss=0.902745 entropy=1.985765 adv_std=2.665066 awbc_label_rate=0.250
custom_ppo_update update=36 timesteps=73728 loss=1.353905 entropy=2.019171 adv_std=3.459508 awbc_label_rate=0.250
custom_ppo_update update=37 timesteps=75776 loss=0.971828 entropy=1.990122 adv_std=2.503500 awbc_label_rate=0.250
custom_ppo_update update=38 timesteps=77824 loss=1.326827 entropy=1.995820 adv_std=3.239794 awbc_label_rate=0.250
custom_ppo_update update=39 timesteps=79872 loss=1.347281 entropy=2.005906 adv_std=2.669832 awbc_label_rate=0.250
custom_ppo_update update=40 timesteps=81920 loss=1.873734 entropy=2.016498 adv_std=4.107778 awbc_label_rate=0.250
custom_ppo_update update=41 timesteps=83968 loss=1.146379 entropy=2.006887 adv_std=2.806282 awbc_label_rate=0.250
custom_ppo_update update=42 timesteps=86016 loss=1.139383 entropy=2.015601 adv_std=3.179744 awbc_label_rate=0.250
custom_ppo_update update=43 timesteps=88064 loss=1.545187 entropy=2.021982 adv_std=3.527198 awbc_label_rate=0.250
custom_ppo_update update=44 timesteps=90112 loss=1.431791 entropy=1.998581 adv_std=3.407754 awbc_label_rate=0.250
custom_ppo_update update=45 timesteps=92160 loss=1.254628 entropy=2.019001 adv_std=3.424656 awbc_label_rate=0.250
custom_ppo_update update=46 timesteps=94208 loss=1.181980 entropy=2.009396 adv_std=3.064652 awbc_label_rate=0.250
custom_ppo_update update=47 timesteps=96256 loss=1.189243 entropy=2.010709 adv_std=3.101614 awbc_label_rate=0.250
custom_ppo_update update=48 timesteps=98304 loss=1.130121 entropy=2.006431 adv_std=2.898827 awbc_label_rate=0.250
custom_ppo_update update=49 timesteps=100000 loss=0.905577 entropy=1.992156 adv_std=2.736369 awbc_label_rate=0.250
reports/v31_ablation_aligned/raw/H1_hyperparam_v31_aligned/awbc0p20_kl1p00/budget1p70_seed45/v2_custom_ppo_metrics.csv
                   policy  steps  reward_mean  instant_mae  oracle_loss_mean  dtw_mean  power_mean  peak_power_max  event_rate  warmup_abort_count
  full_open_unconstrained   6144    -0.150557     1.655863          0.150556  1.614134    4.620000            6.28    0.294922                   0
feasible_static_projected   6144    -0.155717     2.696703          0.155716  2.598733    1.460000            1.95    0.294922                   0
               custom_ppo   6144    -0.162961     2.719450          0.162248  2.595406    1.555052            2.18    0.294922                  51
              round_robin   6144    -0.190444    12.279849          0.170022  6.257527    1.555000            1.98    0.294922                1530
                      aoi   6144    -0.220845    32.124893          0.194157 12.679895    1.621777            2.33    0.294922                1980
                   random   6144    -0.227942    29.634401          0.199591 11.809793    1.607090            2.33    0.294922                2112
reports/v31_ablation_aligned/raw/H1_hyperparam_v31_aligned/awbc0p20_kl1p00/budget1p70_seed45/evaluation/v2_eval_overall.csv
                   policy  steps  weighted_normalized_mae      mae      rmse    smape  pearson      dtw  oracle_loss_mean  reward_mean  power_mean  power_max  peak_power_max  steady_violation_rate  peak_violation_rate  event_rate  warmup_abort_count  warmup_abort_rate  obs_reconstruction_mae  forecast_samples  forecast_weighted_mae_overall  forecast_raw_mae_overall  forecast_weighted_mae_event  forecast_weighted_mae_non_event  forecast_weighted_mae_low_temp  forecast_weighted_mae_normal
  full_open_unconstrained   6144                 0.065096 0.778106  2.683789 0.746673 0.910368 0.752175          0.150556    -0.150557    4.620000       4.62            6.28                    1.0                  1.0    0.294922                   0           0.000000                0.065096              6144                       0.150556                  2.094578                     0.155130                         0.121268                        0.139287                      0.118855
feasible_static_projected   6144                 0.209861 1.653637  3.951644 0.825676 0.935394 1.619808          0.155716    -0.155717    1.460000       1.46            1.95                    0.0                  0.0    0.294922                   0           0.000000                0.209861              6144                       0.155716                  2.125727                     0.160426                         0.125565                        0.144513                      0.124124
               custom_ppo   6144                 0.208204 1.699260  4.011957 0.830977 0.810980 1.630001          0.162248    -0.162961    1.555052       1.64            2.18                    0.0                  0.0    0.294922                  51           0.008301                0.208204              6144                       0.162248                  2.188131                     0.167518                         0.128510                        0.144866                      0.128104
              round_robin   6144                 0.232639 1.925147  5.665330 0.830767 0.898989 1.832496          0.170022    -0.190444    1.555000       1.64            1.98                    0.0                  0.0    0.294922                1530           0.249023                0.232639              6144                       0.170022                  2.309422                     0.175767                         0.133240                        0.154480                      0.132838
                      aoi   6144                 0.195173 2.535979 13.006656 0.835444 0.798021 1.703415          0.194157    -0.220845    1.621777       1.70            2.33                    0.0                  0.0    0.294922                1980           0.322266                0.195173              6144                       0.194157                  2.617110                     0.202057                         0.143584                        0.159240                      0.144596
                   random   6144                 0.157382 2.464586 15.090386 0.834611 0.856943 1.562259          0.199591    -0.227942    1.607090       1.70            2.33                    0.0                  0.0    0.294922                2112           0.343750                0.157382              6144                       0.199591                  3.101316                     0.207521                         0.148816                        0.166684                      0.147771
