custom_ppo_update update=1 timesteps=2048 loss=0.865033 entropy=1.962238 adv_std=1.324884 awbc_label_rate=0.250
custom_ppo_update update=2 timesteps=4096 loss=1.071626 entropy=1.984592 adv_std=1.650256 awbc_label_rate=0.250
custom_ppo_update update=3 timesteps=6144 loss=1.373071 entropy=2.008077 adv_std=2.042818 awbc_label_rate=0.250
custom_ppo_update update=4 timesteps=8192 loss=0.946184 entropy=2.000677 adv_std=1.829341 awbc_label_rate=0.250
custom_ppo_update update=5 timesteps=10240 loss=0.676007 entropy=1.987582 adv_std=1.388399 awbc_label_rate=0.250
custom_ppo_update update=6 timesteps=12288 loss=0.855883 entropy=2.019246 adv_std=2.095656 awbc_label_rate=0.250
custom_ppo_update update=7 timesteps=14336 loss=0.940933 entropy=2.043042 adv_std=2.496625 awbc_label_rate=0.250
custom_ppo_update update=8 timesteps=16384 loss=1.023480 entropy=2.059840 adv_std=2.407337 awbc_label_rate=0.250
custom_ppo_update update=9 timesteps=18432 loss=0.724702 entropy=2.024698 adv_std=2.224208 awbc_label_rate=0.250
custom_ppo_update update=10 timesteps=20480 loss=0.852295 entropy=2.042037 adv_std=2.337169 awbc_label_rate=0.250
custom_ppo_update update=11 timesteps=22528 loss=0.742023 entropy=2.037867 adv_std=2.092782 awbc_label_rate=0.250
custom_ppo_update update=12 timesteps=24576 loss=0.772730 entropy=2.020420 adv_std=2.515424 awbc_label_rate=0.250
custom_ppo_update update=13 timesteps=26624 loss=0.820543 entropy=2.026637 adv_std=2.280990 awbc_label_rate=0.250
custom_ppo_update update=14 timesteps=28672 loss=0.993100 entropy=2.047907 adv_std=2.515216 awbc_label_rate=0.250
custom_ppo_update update=15 timesteps=30720 loss=1.052617 entropy=2.007649 adv_std=2.272702 awbc_label_rate=0.250
custom_ppo_update update=16 timesteps=32768 loss=1.408221 entropy=2.031789 adv_std=2.855505 awbc_label_rate=0.250
custom_ppo_update update=17 timesteps=34816 loss=1.038654 entropy=2.012262 adv_std=2.801425 awbc_label_rate=0.250
custom_ppo_update update=18 timesteps=36864 loss=1.238204 entropy=2.050214 adv_std=3.124886 awbc_label_rate=0.250
custom_ppo_update update=19 timesteps=38912 loss=1.076387 entropy=2.028481 adv_std=2.928717 awbc_label_rate=0.250
custom_ppo_update update=20 timesteps=40960 loss=1.102863 entropy=2.046714 adv_std=2.906922 awbc_label_rate=0.250
custom_ppo_update update=21 timesteps=43008 loss=0.768652 entropy=2.000238 adv_std=2.465796 awbc_label_rate=0.250
custom_ppo_update update=22 timesteps=45056 loss=0.855757 entropy=1.979260 adv_std=2.466292 awbc_label_rate=0.250
custom_ppo_update update=23 timesteps=47104 loss=1.566433 entropy=2.050352 adv_std=2.938748 awbc_label_rate=0.250
custom_ppo_update update=24 timesteps=49152 loss=1.068346 entropy=2.007965 adv_std=2.659851 awbc_label_rate=0.250
custom_ppo_update update=25 timesteps=51200 loss=1.107164 entropy=2.012933 adv_std=2.420509 awbc_label_rate=0.250
custom_ppo_update update=26 timesteps=53248 loss=1.086792 entropy=2.003269 adv_std=3.086811 awbc_label_rate=0.250
custom_ppo_update update=27 timesteps=55296 loss=1.020974 entropy=2.020533 adv_std=2.651101 awbc_label_rate=0.250
custom_ppo_update update=28 timesteps=57344 loss=1.437424 entropy=2.052534 adv_std=3.599142 awbc_label_rate=0.250
custom_ppo_update update=29 timesteps=59392 loss=1.415777 entropy=2.025767 adv_std=3.429530 awbc_label_rate=0.250
custom_ppo_update update=30 timesteps=61440 loss=0.898003 entropy=2.044479 adv_std=2.983749 awbc_label_rate=0.250
custom_ppo_update update=31 timesteps=63488 loss=1.094508 entropy=2.045626 adv_std=2.827583 awbc_label_rate=0.250
custom_ppo_update update=32 timesteps=65536 loss=0.949171 entropy=2.027779 adv_std=3.117209 awbc_label_rate=0.250
custom_ppo_update update=33 timesteps=67584 loss=1.150164 entropy=2.040791 adv_std=2.795120 awbc_label_rate=0.250
custom_ppo_update update=34 timesteps=69632 loss=0.896938 entropy=2.026817 adv_std=2.798064 awbc_label_rate=0.250
custom_ppo_update update=35 timesteps=71680 loss=1.078733 entropy=2.026385 adv_std=3.215465 awbc_label_rate=0.250
custom_ppo_update update=36 timesteps=73728 loss=1.040690 entropy=2.022260 adv_std=2.437818 awbc_label_rate=0.250
custom_ppo_update update=37 timesteps=75776 loss=1.142779 entropy=2.041280 adv_std=2.993021 awbc_label_rate=0.250
custom_ppo_update update=38 timesteps=77824 loss=1.083463 entropy=2.030664 adv_std=3.003883 awbc_label_rate=0.250
custom_ppo_update update=39 timesteps=79872 loss=0.921368 entropy=2.017987 adv_std=2.775495 awbc_label_rate=0.250
custom_ppo_update update=40 timesteps=81920 loss=1.002263 entropy=2.006995 adv_std=2.934711 awbc_label_rate=0.250
custom_ppo_update update=41 timesteps=83968 loss=0.876443 entropy=2.016747 adv_std=2.629536 awbc_label_rate=0.250
custom_ppo_update update=42 timesteps=86016 loss=0.858945 entropy=2.027748 adv_std=2.647855 awbc_label_rate=0.250
custom_ppo_update update=43 timesteps=88064 loss=0.814941 entropy=2.013299 adv_std=2.463023 awbc_label_rate=0.250
custom_ppo_update update=44 timesteps=90112 loss=0.809431 entropy=2.007859 adv_std=2.664598 awbc_label_rate=0.250
custom_ppo_update update=45 timesteps=92160 loss=0.826059 entropy=1.983373 adv_std=2.361357 awbc_label_rate=0.250
custom_ppo_update update=46 timesteps=94208 loss=0.793077 entropy=1.985933 adv_std=2.266027 awbc_label_rate=0.250
custom_ppo_update update=47 timesteps=96256 loss=0.784163 entropy=1.987698 adv_std=2.091597 awbc_label_rate=0.250
custom_ppo_update update=48 timesteps=98304 loss=1.279422 entropy=2.036229 adv_std=2.873783 awbc_label_rate=0.250
custom_ppo_update update=49 timesteps=100000 loss=0.788582 entropy=1.985354 adv_std=2.422406 awbc_label_rate=0.250
reports/v31_ablation_aligned/raw/H1_hyperparam_v31_aligned/awbc0p20_kl0p50/budget1p70_seed41/v2_custom_ppo_metrics.csv
                   policy  steps  reward_mean  instant_mae  oracle_loss_mean  dtw_mean  power_mean  peak_power_max  event_rate  warmup_abort_count
  full_open_unconstrained   6144    -0.127897     1.656428          0.127895  1.618296    4.620000            6.28    0.408529                   0
feasible_static_projected   6144    -0.140007     3.022895          0.140006  2.924569    1.460000            1.95    0.408529                   0
               custom_ppo   6144    -0.141075     2.652921          0.140670  2.500204    1.564554            2.07    0.408529                  28
              round_robin   6144    -0.163662     7.730503          0.143239  4.730799    1.555000            1.98    0.408529                1530
                      aoi   6144    -0.182724    16.814526          0.151346  7.481091    1.622279            2.33    0.408529                2340
                   random   6144    -0.181310    15.456530          0.155173  7.422235    1.604590            2.33    0.408529                1944
reports/v31_ablation_aligned/raw/H1_hyperparam_v31_aligned/awbc0p20_kl0p50/budget1p70_seed41/evaluation/v2_eval_overall.csv
                   policy  steps  weighted_normalized_mae      mae      rmse    smape  pearson      dtw  oracle_loss_mean  reward_mean  power_mean  power_max  peak_power_max  steady_violation_rate  peak_violation_rate  event_rate  warmup_abort_count  warmup_abort_rate  obs_reconstruction_mae  forecast_samples  forecast_weighted_mae_overall  forecast_raw_mae_overall  forecast_weighted_mae_event  forecast_weighted_mae_non_event  forecast_weighted_mae_low_temp  forecast_weighted_mae_normal
  full_open_unconstrained   6144                 0.064595 0.778572  2.685088 0.764535 0.893711 0.764333          0.127895    -0.127897    4.620000       4.62            6.28                    1.0                  1.0    0.408529                   0           0.000000                0.064595              6144                       0.127895                  1.825464                     0.129646                         0.116424                        0.098208                      0.168340
feasible_static_projected   6144                 0.270068 2.067749  4.934574 0.836617 0.929282 2.043764          0.140006    -0.140007    1.460000       1.46            1.95                    0.0                  0.0    0.408529                   0           0.000000                0.270068              6144                       0.140006                  2.024587                     0.142067                         0.126509                        0.108089                      0.186675
               custom_ppo   6144                 0.181522 1.586236  4.005274 0.826245 0.891513 1.490229          0.140670    -0.141075    1.564554       1.62            2.07                    0.0                  0.0    0.408529                  28           0.004557                0.181522              6144                       0.140670                  1.990822                     0.142841                         0.126461                        0.113050                      0.162506
              round_robin   6144                 0.287710 2.177399  5.164354 0.836838 0.899869 2.103882          0.143239    -0.163662    1.555000       1.64            1.98                    0.0                  0.0    0.408529                1530           0.249023                0.287710              6144                       0.143239                  2.067241                     0.145490                         0.128502                        0.112285                      0.177056
                      aoi   6144                 0.138110 1.910036 10.822586 0.822500 0.843890 1.395233          0.151346    -0.182724    1.622279       1.70            2.33                    0.0                  0.0    0.408529                2340           0.380859                0.138110              6144                       0.151346                  2.693504                     0.153588                         0.136665                        0.121687                      0.150499
                   random   6144                 0.146690 1.890846 11.291753 0.829154 0.850457 1.299916          0.155173    -0.181310    1.604590       1.70            2.33                    0.0                  0.0    0.408529                1944           0.316406                0.146690              6144                       0.155173                  2.858944                     0.156762                         0.144767                        0.125733                      0.179669
