custom_ppo_update update=1 timesteps=2048 loss=0.983664 entropy=2.061031 adv_std=1.878775 awbc_label_rate=0.250
custom_ppo_update update=2 timesteps=4096 loss=0.838510 entropy=2.059996 adv_std=1.875663 awbc_label_rate=0.250
custom_ppo_update update=3 timesteps=6144 loss=0.871476 entropy=2.066923 adv_std=1.894693 awbc_label_rate=0.250
custom_ppo_update update=4 timesteps=8192 loss=0.896760 entropy=2.071617 adv_std=2.182501 awbc_label_rate=0.250
custom_ppo_update update=5 timesteps=10240 loss=1.187746 entropy=2.094213 adv_std=2.556291 awbc_label_rate=0.250
custom_ppo_update update=6 timesteps=12288 loss=0.583278 entropy=2.091930 adv_std=2.460768 awbc_label_rate=0.250
custom_ppo_update update=7 timesteps=14336 loss=0.935200 entropy=2.075148 adv_std=2.848360 awbc_label_rate=0.250
custom_ppo_update update=8 timesteps=16384 loss=0.619032 entropy=2.086025 adv_std=2.514062 awbc_label_rate=0.250
custom_ppo_update update=9 timesteps=18432 loss=1.015715 entropy=2.091728 adv_std=3.053813 awbc_label_rate=0.250
custom_ppo_update update=10 timesteps=20480 loss=0.754907 entropy=2.091264 adv_std=2.703253 awbc_label_rate=0.250
custom_ppo_update update=11 timesteps=22528 loss=0.684743 entropy=2.077493 adv_std=2.255155 awbc_label_rate=0.250
custom_ppo_update update=12 timesteps=24576 loss=0.714747 entropy=2.095690 adv_std=2.766848 awbc_label_rate=0.250
custom_ppo_update update=13 timesteps=26624 loss=0.628212 entropy=2.076139 adv_std=2.720194 awbc_label_rate=0.250
custom_ppo_update update=14 timesteps=28672 loss=0.833567 entropy=2.079828 adv_std=2.481050 awbc_label_rate=0.250
custom_ppo_update update=15 timesteps=30720 loss=0.588656 entropy=2.091086 adv_std=2.811538 awbc_label_rate=0.250
custom_ppo_update update=16 timesteps=32768 loss=0.588506 entropy=2.084163 adv_std=2.828617 awbc_label_rate=0.250
custom_ppo_update update=17 timesteps=34816 loss=0.785683 entropy=2.067290 adv_std=2.609633 awbc_label_rate=0.250
custom_ppo_update update=18 timesteps=36864 loss=0.654488 entropy=2.055266 adv_std=2.592974 awbc_label_rate=0.250
custom_ppo_update update=19 timesteps=38912 loss=0.825240 entropy=2.066815 adv_std=3.174464 awbc_label_rate=0.250
custom_ppo_update update=20 timesteps=40960 loss=0.987655 entropy=2.065826 adv_std=3.192124 awbc_label_rate=0.250
custom_ppo_update update=21 timesteps=43008 loss=1.011579 entropy=2.077951 adv_std=3.409701 awbc_label_rate=0.250
custom_ppo_update update=22 timesteps=45056 loss=1.181408 entropy=2.081918 adv_std=3.374156 awbc_label_rate=0.250
custom_ppo_update update=23 timesteps=47104 loss=0.854007 entropy=2.086888 adv_std=3.090325 awbc_label_rate=0.250
custom_ppo_update update=24 timesteps=49152 loss=1.101241 entropy=2.076597 adv_std=3.406070 awbc_label_rate=0.250
custom_ppo_update update=25 timesteps=51200 loss=0.886222 entropy=2.073083 adv_std=3.275730 awbc_label_rate=0.250
custom_ppo_update update=26 timesteps=53248 loss=0.847559 entropy=2.087419 adv_std=3.207653 awbc_label_rate=0.250
custom_ppo_update update=27 timesteps=55296 loss=0.563033 entropy=2.087153 adv_std=2.855224 awbc_label_rate=0.250
custom_ppo_update update=28 timesteps=57344 loss=0.571763 entropy=2.081816 adv_std=3.092902 awbc_label_rate=0.250
custom_ppo_update update=29 timesteps=59392 loss=0.659601 entropy=2.083070 adv_std=2.971294 awbc_label_rate=0.250
custom_ppo_update update=30 timesteps=61440 loss=0.491966 entropy=2.086994 adv_std=2.407776 awbc_label_rate=0.250
custom_ppo_update update=31 timesteps=63488 loss=0.565264 entropy=2.072499 adv_std=2.683340 awbc_label_rate=0.250
custom_ppo_update update=32 timesteps=65536 loss=0.657273 entropy=2.065068 adv_std=2.776840 awbc_label_rate=0.250
custom_ppo_update update=33 timesteps=67584 loss=0.785311 entropy=2.064103 adv_std=2.773775 awbc_label_rate=0.250
custom_ppo_update update=34 timesteps=69632 loss=0.734770 entropy=2.073104 adv_std=2.904707 awbc_label_rate=0.250
custom_ppo_update update=35 timesteps=71680 loss=0.886652 entropy=2.099269 adv_std=2.793920 awbc_label_rate=0.250
custom_ppo_update update=36 timesteps=73728 loss=0.599264 entropy=2.068583 adv_std=2.877023 awbc_label_rate=0.250
custom_ppo_update update=37 timesteps=75776 loss=0.533659 entropy=2.064747 adv_std=2.362139 awbc_label_rate=0.250
custom_ppo_update update=38 timesteps=77824 loss=0.654109 entropy=2.062491 adv_std=2.537949 awbc_label_rate=0.250
custom_ppo_update update=39 timesteps=79872 loss=0.609363 entropy=2.061930 adv_std=2.788825 awbc_label_rate=0.250
custom_ppo_update update=40 timesteps=81920 loss=0.799062 entropy=2.088797 adv_std=3.177682 awbc_label_rate=0.250
custom_ppo_update update=41 timesteps=83968 loss=1.122258 entropy=2.087280 adv_std=3.505317 awbc_label_rate=0.250
custom_ppo_update update=42 timesteps=86016 loss=0.754731 entropy=2.072892 adv_std=2.850783 awbc_label_rate=0.250
custom_ppo_update update=43 timesteps=88064 loss=0.559176 entropy=2.070622 adv_std=2.598748 awbc_label_rate=0.250
custom_ppo_update update=44 timesteps=90112 loss=0.708810 entropy=2.074320 adv_std=2.674632 awbc_label_rate=0.250
custom_ppo_update update=45 timesteps=92160 loss=0.476868 entropy=2.083811 adv_std=2.430591 awbc_label_rate=0.250
custom_ppo_update update=46 timesteps=94208 loss=0.746307 entropy=2.078067 adv_std=2.934684 awbc_label_rate=0.250
custom_ppo_update update=47 timesteps=96256 loss=0.555299 entropy=2.063916 adv_std=2.361785 awbc_label_rate=0.250
custom_ppo_update update=48 timesteps=98304 loss=0.682842 entropy=2.079611 adv_std=2.606971 awbc_label_rate=0.250
custom_ppo_update update=49 timesteps=100000 loss=0.569784 entropy=2.068854 adv_std=2.266879 awbc_label_rate=0.250
reports/v31_ablation_aligned/raw/H1_hyperparam_v31_aligned/awbc0p05_kl0p50/budget1p70_seed43/v2_custom_ppo_metrics.csv
                   policy  steps  reward_mean  instant_mae  oracle_loss_mean  dtw_mean  power_mean  peak_power_max  event_rate  warmup_abort_count
  full_open_unconstrained   6144    -0.160033     1.650386          0.160031  1.605024    4.620000            6.28    0.352702                   0
feasible_static_projected   6144    -0.173703     2.803499          0.173702  2.697166    1.460000            1.95    0.352702                   0
              round_robin   6144    -0.203020     9.367867          0.182598  5.212417    1.555000            1.98    0.352702                1530
                      aoi   6144    -0.218959    23.122137          0.182890  9.884176    1.622780            2.33    0.352702                2700
               custom_ppo   6144    -0.187203     4.408568          0.184376  2.898225    1.535986            2.07    0.352702                 202
                   random   6144    -0.215802    20.115153          0.190452  8.904403    1.603066            2.33    0.352702                1884
reports/v31_ablation_aligned/raw/H1_hyperparam_v31_aligned/awbc0p05_kl0p50/budget1p70_seed43/evaluation/v2_eval_overall.csv
                   policy  steps  weighted_normalized_mae      mae      rmse    smape  pearson      dtw  oracle_loss_mean  reward_mean  power_mean  power_max  peak_power_max  steady_violation_rate  peak_violation_rate  event_rate  warmup_abort_count  warmup_abort_rate  obs_reconstruction_mae  forecast_samples  forecast_weighted_mae_overall  forecast_raw_mae_overall  forecast_weighted_mae_event  forecast_weighted_mae_non_event  forecast_weighted_mae_low_temp  forecast_weighted_mae_normal
  full_open_unconstrained   6144                 0.065856 0.790941  2.724093 0.726462 0.907555 0.767387          0.160031    -0.160033    4.620000       4.62            6.28                    1.0                  1.0    0.352702                   0           0.000000                0.065856              6144                       0.160031                  2.497391                     0.172401                         0.117447                        0.128328                      0.119587
feasible_static_projected   6144                 0.230691 1.792221  4.279747 0.793600 0.931630 1.761022          0.173702    -0.173703    1.460000       1.46            1.95                    0.0                  0.0    0.352702                   0           0.000000                0.230691              6144                       0.173702                  2.571221                     0.183180                         0.141073                        0.155705                      0.117887
              round_robin   6144                 0.250575 2.098810  5.994935 0.796027 0.903665 1.943822          0.182598    -0.203020    1.555000       1.64            1.98                    0.0                  0.0    0.352702                1530           0.249023                0.250575              6144                       0.182598                  2.682908                     0.192006                         0.150209                        0.158781                      0.132248
                      aoi   6144                 0.141356 2.701406 13.582981 0.785910 0.883553 1.719292          0.182890    -0.218959    1.622780       1.70            2.33                    0.0                  0.0    0.352702                2700           0.439453                0.141356              6144                       0.182890                  3.242941                     0.193239                         0.147266                        0.146565                      0.143147
               custom_ppo   6144                 0.152783 3.922060 25.825353 0.783702 0.892891 2.022054          0.184376    -0.187203    1.535986       1.62            2.07                    0.0                  0.0    0.352702                 202           0.032878                0.152783              6144                       0.184376                  4.554933                     0.192003                         0.158121                        0.145983                      0.169981
                   random   6144                 0.157833 2.796395 16.616963 0.798122 0.858038 1.715627          0.190452    -0.215802    1.603066       1.70            2.33                    0.0                  0.0    0.352702                1884           0.306641                0.157833              6144                       0.190452                  3.802980                     0.201328                         0.153010                        0.150158                      0.154178
