custom_ppo_update update=1 timesteps=2048 loss=0.377991 entropy=1.959824 adv_std=0.875664 awbc_label_rate=0.250
custom_ppo_update update=2 timesteps=4096 loss=0.541798 entropy=1.964464 adv_std=1.443888 awbc_label_rate=0.250
custom_ppo_update update=3 timesteps=6144 loss=0.531961 entropy=1.964013 adv_std=2.226611 awbc_label_rate=0.250
custom_ppo_update update=4 timesteps=8192 loss=0.907459 entropy=1.974899 adv_std=2.545482 awbc_label_rate=0.250
custom_ppo_update update=5 timesteps=10240 loss=0.799250 entropy=1.989237 adv_std=2.525023 awbc_label_rate=0.250
custom_ppo_update update=6 timesteps=12288 loss=0.861330 entropy=1.978561 adv_std=2.897282 awbc_label_rate=0.250
custom_ppo_update update=7 timesteps=14336 loss=0.828562 entropy=1.974964 adv_std=2.639588 awbc_label_rate=0.250
custom_ppo_update update=8 timesteps=16384 loss=1.036506 entropy=1.967533 adv_std=3.229765 awbc_label_rate=0.250
custom_ppo_update update=9 timesteps=18432 loss=0.775058 entropy=1.968665 adv_std=2.780332 awbc_label_rate=0.250
custom_ppo_update update=10 timesteps=20480 loss=1.047700 entropy=1.975944 adv_std=3.245791 awbc_label_rate=0.250
custom_ppo_update update=11 timesteps=22528 loss=0.991148 entropy=1.973862 adv_std=3.023398 awbc_label_rate=0.250
custom_ppo_update update=12 timesteps=24576 loss=1.367679 entropy=1.976399 adv_std=3.596854 awbc_label_rate=0.250
custom_ppo_update update=13 timesteps=26624 loss=0.724624 entropy=1.978315 adv_std=2.758695 awbc_label_rate=0.250
custom_ppo_update update=14 timesteps=28672 loss=0.999939 entropy=1.985514 adv_std=3.170554 awbc_label_rate=0.250
custom_ppo_update update=15 timesteps=30720 loss=1.491906 entropy=1.974061 adv_std=3.695183 awbc_label_rate=0.250
custom_ppo_update update=16 timesteps=32768 loss=1.296710 entropy=1.969844 adv_std=3.481844 awbc_label_rate=0.250
custom_ppo_update update=17 timesteps=34816 loss=0.892330 entropy=1.971332 adv_std=3.447072 awbc_label_rate=0.250
custom_ppo_update update=18 timesteps=36864 loss=0.724349 entropy=1.980497 adv_std=2.959874 awbc_label_rate=0.250
custom_ppo_update update=19 timesteps=38912 loss=0.926775 entropy=1.973531 adv_std=3.041309 awbc_label_rate=0.250
custom_ppo_update update=20 timesteps=40960 loss=0.980411 entropy=1.976601 adv_std=2.749195 awbc_label_rate=0.250
custom_ppo_update update=21 timesteps=43008 loss=0.853631 entropy=1.968134 adv_std=3.412299 awbc_label_rate=0.250
custom_ppo_update update=22 timesteps=45056 loss=0.924806 entropy=1.970597 adv_std=3.326984 awbc_label_rate=0.250
custom_ppo_update update=23 timesteps=47104 loss=0.647752 entropy=1.969236 adv_std=2.653299 awbc_label_rate=0.250
custom_ppo_update update=24 timesteps=49152 loss=1.102742 entropy=1.962545 adv_std=3.229676 awbc_label_rate=0.250
custom_ppo_update update=25 timesteps=51200 loss=0.866800 entropy=1.963707 adv_std=3.224345 awbc_label_rate=0.250
custom_ppo_update update=26 timesteps=53248 loss=1.031774 entropy=1.964885 adv_std=3.653131 awbc_label_rate=0.250
custom_ppo_update update=27 timesteps=55296 loss=0.924494 entropy=1.976374 adv_std=3.575227 awbc_label_rate=0.250
custom_ppo_update update=28 timesteps=57344 loss=1.086042 entropy=1.967132 adv_std=3.263120 awbc_label_rate=0.250
custom_ppo_update update=29 timesteps=59392 loss=1.025452 entropy=1.972375 adv_std=3.611102 awbc_label_rate=0.250
custom_ppo_update update=30 timesteps=61440 loss=0.760704 entropy=1.970656 adv_std=2.894102 awbc_label_rate=0.250
custom_ppo_update update=31 timesteps=63488 loss=1.254950 entropy=1.965779 adv_std=3.976752 awbc_label_rate=0.250
custom_ppo_update update=32 timesteps=65536 loss=1.110045 entropy=1.972304 adv_std=3.890088 awbc_label_rate=0.250
custom_ppo_update update=33 timesteps=67584 loss=1.013663 entropy=1.978748 adv_std=3.136679 awbc_label_rate=0.250
custom_ppo_update update=34 timesteps=69632 loss=1.110066 entropy=1.974590 adv_std=3.603388 awbc_label_rate=0.250
custom_ppo_update update=35 timesteps=71680 loss=0.698729 entropy=1.973661 adv_std=2.867880 awbc_label_rate=0.250
custom_ppo_update update=36 timesteps=73728 loss=0.927234 entropy=1.975200 adv_std=3.656665 awbc_label_rate=0.250
custom_ppo_update update=37 timesteps=75776 loss=0.696464 entropy=1.965944 adv_std=2.396579 awbc_label_rate=0.250
custom_ppo_update update=38 timesteps=77824 loss=1.142240 entropy=1.969954 adv_std=3.451571 awbc_label_rate=0.250
custom_ppo_update update=39 timesteps=79872 loss=1.072434 entropy=1.966583 adv_std=2.682235 awbc_label_rate=0.250
custom_ppo_update update=40 timesteps=81920 loss=1.440941 entropy=1.958270 adv_std=3.990575 awbc_label_rate=0.250
custom_ppo_update update=41 timesteps=83968 loss=0.792864 entropy=1.978016 adv_std=2.786466 awbc_label_rate=0.250
custom_ppo_update update=42 timesteps=86016 loss=0.650605 entropy=1.971619 adv_std=2.999510 awbc_label_rate=0.250
custom_ppo_update update=43 timesteps=88064 loss=1.309794 entropy=1.977218 adv_std=3.766900 awbc_label_rate=0.250
custom_ppo_update update=44 timesteps=90112 loss=1.120515 entropy=1.974617 adv_std=3.596713 awbc_label_rate=0.250
custom_ppo_update update=45 timesteps=92160 loss=0.932484 entropy=1.982313 adv_std=3.569293 awbc_label_rate=0.250
custom_ppo_update update=46 timesteps=94208 loss=0.971954 entropy=1.970798 adv_std=2.930445 awbc_label_rate=0.250
custom_ppo_update update=47 timesteps=96256 loss=0.792980 entropy=1.966873 adv_std=3.039643 awbc_label_rate=0.250
custom_ppo_update update=48 timesteps=98304 loss=0.688914 entropy=1.971485 adv_std=2.913727 awbc_label_rate=0.250
custom_ppo_update update=49 timesteps=100000 loss=0.810576 entropy=1.960632 adv_std=3.087321 awbc_label_rate=0.250
reports/v31_ablation_aligned/raw/H1_hyperparam_v31_aligned/awbc0p05_kl2p00/budget1p70_seed45/v2_custom_ppo_metrics.csv
                   policy  steps  reward_mean  instant_mae  oracle_loss_mean  dtw_mean  power_mean  peak_power_max  event_rate  warmup_abort_count
  full_open_unconstrained   6144    -0.150496     1.655863          0.150495  1.614134    4.620000            6.28    0.294922                   0
feasible_static_projected   6144    -0.155669     2.696703          0.155668  2.598733    1.460000            1.95    0.294922                   0
               custom_ppo   6144    -0.170056     2.722542          0.163602  2.600881    1.528223            2.18    0.294922                 489
              round_robin   6144    -0.190377    12.279849          0.169954  6.257527    1.555000            1.98    0.294922                1530
                      aoi   6144    -0.221124    32.124893          0.194437 12.679895    1.621777            2.33    0.294922                1980
                   random   6144    -0.228159    29.634401          0.199807 11.809793    1.607090            2.33    0.294922                2112
reports/v31_ablation_aligned/raw/H1_hyperparam_v31_aligned/awbc0p05_kl2p00/budget1p70_seed45/evaluation/v2_eval_overall.csv
                   policy  steps  weighted_normalized_mae      mae      rmse    smape  pearson      dtw  oracle_loss_mean  reward_mean  power_mean  power_max  peak_power_max  steady_violation_rate  peak_violation_rate  event_rate  warmup_abort_count  warmup_abort_rate  obs_reconstruction_mae  forecast_samples  forecast_weighted_mae_overall  forecast_raw_mae_overall  forecast_weighted_mae_event  forecast_weighted_mae_non_event  forecast_weighted_mae_low_temp  forecast_weighted_mae_normal
  full_open_unconstrained   6144                 0.065096 0.778106  2.683789 0.746673 0.910368 0.752175          0.150495    -0.150496    4.620000       4.62            6.28                    1.0                  1.0    0.294922                   0           0.000000                0.065096              6144                       0.150495                  2.091603                     0.155061                         0.121258                        0.138565                      0.118981
feasible_static_projected   6144                 0.209861 1.653637  3.951644 0.825676 0.935394 1.619808          0.155668    -0.155669    1.460000       1.46            1.95                    0.0                  0.0    0.294922                   0           0.000000                0.209861              6144                       0.155668                  2.128640                     0.160446                         0.125076                        0.145069                      0.122896
               custom_ppo   6144                 0.218198 1.695223  4.010424 0.831012 0.903520 1.633027          0.163602    -0.170056    1.528223       1.60            2.18                    0.0                  0.0    0.294922                 489           0.079590                0.218198              6144                       0.163602                  2.205805                     0.169124                         0.128251                        0.145862                      0.126989
              round_robin   6144                 0.232639 1.925147  5.665330 0.830767 0.898989 1.832496          0.169954    -0.190377    1.555000       1.64            1.98                    0.0                  0.0    0.294922                1530           0.249023                0.232639              6144                       0.169954                  2.307996                     0.175775                         0.132690                        0.154129                      0.131605
                      aoi   6144                 0.195173 2.535979 13.006656 0.835444 0.798021 1.703415          0.194437    -0.221124    1.621777       1.70            2.33                    0.0                  0.0    0.294922                1980           0.322266                0.195173              6144                       0.194437                  2.603913                     0.202367                         0.143667                        0.158114                      0.144506
                   random   6144                 0.157382 2.464586 15.090386 0.834611 0.856943 1.562259          0.199807    -0.228159    1.607090       1.70            2.33                    0.0                  0.0    0.294922                2112           0.343750                0.157382              6144                       0.199807                  3.096767                     0.207700                         0.149273                        0.165277                      0.148696
