custom_ppo_update update=1 timesteps=2048 loss=0.225462 entropy=1.972331 adv_std=0.478417 awbc_label_rate=0.250
custom_ppo_update update=2 timesteps=4096 loss=0.586329 entropy=1.995873 adv_std=1.531349 awbc_label_rate=0.250
custom_ppo_update update=3 timesteps=6144 loss=0.781853 entropy=1.993569 adv_std=1.899011 awbc_label_rate=0.250
custom_ppo_update update=4 timesteps=8192 loss=1.123501 entropy=1.983389 adv_std=2.601864 awbc_label_rate=0.250
custom_ppo_update update=5 timesteps=10240 loss=0.922824 entropy=1.985912 adv_std=2.625572 awbc_label_rate=0.250
custom_ppo_update update=6 timesteps=12288 loss=0.758167 entropy=2.020184 adv_std=2.543475 awbc_label_rate=0.250
custom_ppo_update update=7 timesteps=14336 loss=0.784824 entropy=2.016362 adv_std=2.669482 awbc_label_rate=0.250
custom_ppo_update update=8 timesteps=16384 loss=0.662211 entropy=2.035881 adv_std=2.496889 awbc_label_rate=0.250
custom_ppo_update update=9 timesteps=18432 loss=0.593545 entropy=2.044879 adv_std=2.395702 awbc_label_rate=0.250
custom_ppo_update update=10 timesteps=20480 loss=0.729555 entropy=2.044984 adv_std=2.778931 awbc_label_rate=0.250
custom_ppo_update update=11 timesteps=22528 loss=0.730266 entropy=2.043290 adv_std=2.968643 awbc_label_rate=0.250
custom_ppo_update update=12 timesteps=24576 loss=0.455786 entropy=2.018991 adv_std=2.337439 awbc_label_rate=0.250
custom_ppo_update update=13 timesteps=26624 loss=0.864723 entropy=2.030622 adv_std=3.711535 awbc_label_rate=0.250
custom_ppo_update update=14 timesteps=28672 loss=0.499012 entropy=2.019392 adv_std=2.793439 awbc_label_rate=0.250
custom_ppo_update update=15 timesteps=30720 loss=0.672292 entropy=2.035364 adv_std=3.096826 awbc_label_rate=0.250
custom_ppo_update update=16 timesteps=32768 loss=0.527053 entropy=2.023967 adv_std=2.508398 awbc_label_rate=0.250
custom_ppo_update update=17 timesteps=34816 loss=0.748460 entropy=2.035373 adv_std=3.136475 awbc_label_rate=0.250
custom_ppo_update update=18 timesteps=36864 loss=0.896413 entropy=2.044191 adv_std=2.904072 awbc_label_rate=0.250
custom_ppo_update update=19 timesteps=38912 loss=0.794410 entropy=2.040804 adv_std=2.635460 awbc_label_rate=0.250
custom_ppo_update update=20 timesteps=40960 loss=0.766819 entropy=2.036427 adv_std=3.008622 awbc_label_rate=0.250
custom_ppo_update update=21 timesteps=43008 loss=0.754599 entropy=2.019977 adv_std=2.693038 awbc_label_rate=0.250
custom_ppo_update update=22 timesteps=45056 loss=0.502419 entropy=2.035548 adv_std=2.638722 awbc_label_rate=0.250
custom_ppo_update update=23 timesteps=47104 loss=0.857145 entropy=2.052292 adv_std=2.785261 awbc_label_rate=0.250
custom_ppo_update update=24 timesteps=49152 loss=0.818385 entropy=2.045660 adv_std=3.079480 awbc_label_rate=0.250
custom_ppo_update update=25 timesteps=51200 loss=0.849312 entropy=2.048737 adv_std=3.092136 awbc_label_rate=0.250
custom_ppo_update update=26 timesteps=53248 loss=1.132789 entropy=2.028835 adv_std=3.457745 awbc_label_rate=0.250
custom_ppo_update update=27 timesteps=55296 loss=1.093502 entropy=1.990209 adv_std=3.413240 awbc_label_rate=0.250
custom_ppo_update update=28 timesteps=57344 loss=0.729973 entropy=1.995451 adv_std=2.940612 awbc_label_rate=0.250
custom_ppo_update update=29 timesteps=59392 loss=0.970784 entropy=2.017455 adv_std=3.163652 awbc_label_rate=0.250
custom_ppo_update update=30 timesteps=61440 loss=0.911258 entropy=2.004565 adv_std=3.583446 awbc_label_rate=0.250
custom_ppo_update update=31 timesteps=63488 loss=0.935655 entropy=2.042177 adv_std=3.345561 awbc_label_rate=0.250
custom_ppo_update update=32 timesteps=65536 loss=0.866054 entropy=2.014072 adv_std=2.377284 awbc_label_rate=0.250
custom_ppo_update update=33 timesteps=67584 loss=0.968140 entropy=2.018055 adv_std=3.117311 awbc_label_rate=0.250
custom_ppo_update update=34 timesteps=69632 loss=0.833219 entropy=1.999608 adv_std=3.496352 awbc_label_rate=0.250
custom_ppo_update update=35 timesteps=71680 loss=0.567076 entropy=2.035138 adv_std=2.696474 awbc_label_rate=0.250
custom_ppo_update update=36 timesteps=73728 loss=0.723188 entropy=2.015290 adv_std=3.145839 awbc_label_rate=0.250
custom_ppo_update update=37 timesteps=75776 loss=0.561042 entropy=2.022664 adv_std=2.684124 awbc_label_rate=0.250
custom_ppo_update update=38 timesteps=77824 loss=0.664153 entropy=2.038371 adv_std=2.734102 awbc_label_rate=0.250
custom_ppo_update update=39 timesteps=79872 loss=0.887903 entropy=2.027201 adv_std=3.452318 awbc_label_rate=0.250
custom_ppo_update update=40 timesteps=81920 loss=1.054360 entropy=2.026798 adv_std=2.983380 awbc_label_rate=0.250
custom_ppo_update update=41 timesteps=83968 loss=0.556931 entropy=2.029546 adv_std=2.823263 awbc_label_rate=0.250
custom_ppo_update update=42 timesteps=86016 loss=0.558808 entropy=2.033418 adv_std=2.187445 awbc_label_rate=0.250
custom_ppo_update update=43 timesteps=88064 loss=0.784033 entropy=2.012805 adv_std=2.865685 awbc_label_rate=0.250
custom_ppo_update update=44 timesteps=90112 loss=0.863481 entropy=2.036546 adv_std=3.255793 awbc_label_rate=0.250
custom_ppo_update update=45 timesteps=92160 loss=0.624507 entropy=2.037421 adv_std=2.626056 awbc_label_rate=0.250
custom_ppo_update update=46 timesteps=94208 loss=1.051336 entropy=2.008669 adv_std=2.931695 awbc_label_rate=0.250
custom_ppo_update update=47 timesteps=96256 loss=0.723147 entropy=2.023165 adv_std=2.770901 awbc_label_rate=0.250
custom_ppo_update update=48 timesteps=98304 loss=0.819760 entropy=2.057170 adv_std=2.639668 awbc_label_rate=0.250
custom_ppo_update update=49 timesteps=100000 loss=0.705365 entropy=2.012858 adv_std=3.012124 awbc_label_rate=0.250
reports/v31_ablation_aligned/raw/H1_hyperparam_v31_aligned/awbc0p05_kl0p50/budget1p70_seed44/v2_custom_ppo_metrics.csv
                   policy  steps  reward_mean  instant_mae  oracle_loss_mean  dtw_mean  power_mean  peak_power_max  event_rate  warmup_abort_count
  full_open_unconstrained   6144    -0.152642     1.671129          0.152640  1.632087    4.620000            6.28    0.402669                   0
feasible_static_projected   6144    -0.160568     2.782945          0.160567  2.680502    1.460000            1.95    0.402669                   0
               custom_ppo   6144    -0.166909     2.809428          0.164390  2.698553    1.545996            2.18    0.402669                 189
              round_robin   6144    -0.185656    11.733168          0.165234  5.923856    1.555000            1.98    0.402669                1530
                      aoi   6144    -0.216315    27.436665          0.177900 11.338480    1.623031            2.33    0.402669                2880
                   random   6144    -0.212855    23.250757          0.188133  9.981687    1.601875            2.33    0.402669                1836
reports/v31_ablation_aligned/raw/H1_hyperparam_v31_aligned/awbc0p05_kl0p50/budget1p70_seed44/evaluation/v2_eval_overall.csv
                   policy  steps  weighted_normalized_mae      mae      rmse    smape  pearson      dtw  oracle_loss_mean  reward_mean  power_mean  power_max  peak_power_max  steady_violation_rate  peak_violation_rate  event_rate  warmup_abort_count  warmup_abort_rate  obs_reconstruction_mae  forecast_samples  forecast_weighted_mae_overall  forecast_raw_mae_overall  forecast_weighted_mae_event  forecast_weighted_mae_non_event  forecast_weighted_mae_low_temp  forecast_weighted_mae_normal
  full_open_unconstrained   6144                 0.067781 0.800943  2.748866 0.718983 0.900087 0.774163          0.152640    -0.152642    4.620000       4.62            6.28                    1.0                  1.0    0.402669                   0           0.000000                0.067781              6144                       0.152640                  2.114467                     0.156430                         0.117875                        0.117719                      0.126143
feasible_static_projected   6144                 0.228892 1.778877  4.314012 0.794750 0.937501 1.743710          0.160567    -0.160568    1.460000       1.46            1.95                    0.0                  0.0    0.402669                   0           0.000000                0.228892              6144                       0.160567                  2.221153                     0.164534                         0.124186                        0.126878                      0.122438
               custom_ppo   6144                 0.220557 1.797849  4.352284 0.798897 0.934663 1.748525          0.164390    -0.166909    1.545996       1.60            2.18                    0.0                  0.0    0.402669                 189           0.030762                0.220557              6144                       0.164390                  2.222687                     0.168619                         0.125599                        0.129652                      0.127112
              round_robin   6144                 0.247318 1.967219  5.144900 0.795538 0.912513 1.827648          0.165234    -0.185656    1.555000       1.64            1.98                    0.0                  0.0    0.402669                1530           0.249023                0.247318              6144                       0.165234                  2.265002                     0.169062                         0.130127                        0.133589                      0.128181
                      aoi   6144                 0.150457 2.404934 12.732274 0.791728 0.878528 1.523028          0.177900    -0.216315    1.623031       1.70            2.33                    0.0                  0.0    0.402669                2880           0.468750                0.150457              6144                       0.177900                  2.885591                     0.182518                         0.135548                        0.140995                      0.138361
                   random   6144                 0.167849 2.592932 15.894051 0.811629 0.848777 1.599662          0.188133    -0.212855    1.601875       1.70            2.33                    0.0                  0.0    0.402669                1836           0.298828                0.167849              6144                       0.188133                  3.356351                     0.193059                         0.142952                        0.147852                      0.142961
