custom_ppo_update update=1 timesteps=2048 loss=0.359527 entropy=1.976907 adv_std=0.485007 awbc_label_rate=0.250
custom_ppo_update update=2 timesteps=4096 loss=0.735878 entropy=1.993513 adv_std=1.495466 awbc_label_rate=0.250
custom_ppo_update update=3 timesteps=6144 loss=0.939756 entropy=1.988734 adv_std=1.834256 awbc_label_rate=0.250
custom_ppo_update update=4 timesteps=8192 loss=1.104472 entropy=1.990395 adv_std=2.364146 awbc_label_rate=0.250
custom_ppo_update update=5 timesteps=10240 loss=0.962958 entropy=1.996246 adv_std=2.502344 awbc_label_rate=0.250
custom_ppo_update update=6 timesteps=12288 loss=0.812134 entropy=2.016459 adv_std=2.326614 awbc_label_rate=0.250
custom_ppo_update update=7 timesteps=14336 loss=0.795471 entropy=2.009802 adv_std=2.563115 awbc_label_rate=0.250
custom_ppo_update update=8 timesteps=16384 loss=0.759488 entropy=2.016260 adv_std=2.614746 awbc_label_rate=0.250
custom_ppo_update update=9 timesteps=18432 loss=0.818765 entropy=2.012828 adv_std=2.582442 awbc_label_rate=0.250
custom_ppo_update update=10 timesteps=20480 loss=0.788793 entropy=2.013770 adv_std=2.722938 awbc_label_rate=0.250
custom_ppo_update update=11 timesteps=22528 loss=0.780120 entropy=2.013954 adv_std=2.740222 awbc_label_rate=0.250
custom_ppo_update update=12 timesteps=24576 loss=0.595035 entropy=1.999072 adv_std=2.236720 awbc_label_rate=0.250
custom_ppo_update update=13 timesteps=26624 loss=0.861407 entropy=2.012139 adv_std=3.001027 awbc_label_rate=0.250
custom_ppo_update update=14 timesteps=28672 loss=0.792660 entropy=2.010152 adv_std=3.062003 awbc_label_rate=0.250
custom_ppo_update update=15 timesteps=30720 loss=0.821100 entropy=2.004852 adv_std=2.864429 awbc_label_rate=0.250
custom_ppo_update update=16 timesteps=32768 loss=0.837350 entropy=2.004408 adv_std=2.785863 awbc_label_rate=0.250
custom_ppo_update update=17 timesteps=34816 loss=0.985501 entropy=2.002048 adv_std=3.534807 awbc_label_rate=0.250
custom_ppo_update update=18 timesteps=36864 loss=0.835119 entropy=2.004970 adv_std=2.733334 awbc_label_rate=0.250
custom_ppo_update update=19 timesteps=38912 loss=1.006697 entropy=2.011242 adv_std=2.866262 awbc_label_rate=0.250
custom_ppo_update update=20 timesteps=40960 loss=0.807812 entropy=1.996746 adv_std=3.179697 awbc_label_rate=0.250
custom_ppo_update update=21 timesteps=43008 loss=0.937868 entropy=2.006831 adv_std=2.961890 awbc_label_rate=0.250
custom_ppo_update update=22 timesteps=45056 loss=0.802134 entropy=2.000638 adv_std=2.728924 awbc_label_rate=0.250
custom_ppo_update update=23 timesteps=47104 loss=1.133459 entropy=2.008765 adv_std=2.930430 awbc_label_rate=0.250
custom_ppo_update update=24 timesteps=49152 loss=1.011505 entropy=2.005675 adv_std=3.060920 awbc_label_rate=0.250
custom_ppo_update update=25 timesteps=51200 loss=1.211376 entropy=2.014003 adv_std=3.549082 awbc_label_rate=0.250
custom_ppo_update update=26 timesteps=53248 loss=1.062044 entropy=2.010468 adv_std=3.483962 awbc_label_rate=0.250
custom_ppo_update update=27 timesteps=55296 loss=1.075091 entropy=1.999572 adv_std=3.162267 awbc_label_rate=0.250
custom_ppo_update update=28 timesteps=57344 loss=0.961611 entropy=1.995827 adv_std=3.182696 awbc_label_rate=0.250
custom_ppo_update update=29 timesteps=59392 loss=1.019472 entropy=2.004363 adv_std=3.209284 awbc_label_rate=0.250
custom_ppo_update update=30 timesteps=61440 loss=1.116639 entropy=2.015559 adv_std=3.613112 awbc_label_rate=0.250
custom_ppo_update update=31 timesteps=63488 loss=1.096126 entropy=2.025407 adv_std=3.074174 awbc_label_rate=0.250
custom_ppo_update update=32 timesteps=65536 loss=0.977725 entropy=1.998783 adv_std=2.692685 awbc_label_rate=0.250
custom_ppo_update update=33 timesteps=67584 loss=1.116766 entropy=2.017314 adv_std=3.403199 awbc_label_rate=0.250
custom_ppo_update update=34 timesteps=69632 loss=0.872592 entropy=2.001538 adv_std=3.266844 awbc_label_rate=0.250
custom_ppo_update update=35 timesteps=71680 loss=0.631937 entropy=2.009220 adv_std=2.602187 awbc_label_rate=0.250
custom_ppo_update update=36 timesteps=73728 loss=0.935131 entropy=2.000906 adv_std=3.466728 awbc_label_rate=0.250
custom_ppo_update update=37 timesteps=75776 loss=0.626780 entropy=1.998271 adv_std=2.557523 awbc_label_rate=0.250
custom_ppo_update update=38 timesteps=77824 loss=0.665609 entropy=1.998547 adv_std=2.695577 awbc_label_rate=0.250
custom_ppo_update update=39 timesteps=79872 loss=1.146340 entropy=2.017326 adv_std=3.465265 awbc_label_rate=0.250
custom_ppo_update update=40 timesteps=81920 loss=1.296854 entropy=2.008343 adv_std=3.422130 awbc_label_rate=0.250
custom_ppo_update update=41 timesteps=83968 loss=0.758263 entropy=2.005375 adv_std=3.220205 awbc_label_rate=0.250
custom_ppo_update update=42 timesteps=86016 loss=0.658822 entropy=2.014623 adv_std=2.303953 awbc_label_rate=0.250
custom_ppo_update update=43 timesteps=88064 loss=0.620472 entropy=2.001667 adv_std=2.519682 awbc_label_rate=0.250
custom_ppo_update update=44 timesteps=90112 loss=0.685008 entropy=2.006313 adv_std=2.801074 awbc_label_rate=0.250
custom_ppo_update update=45 timesteps=92160 loss=0.738935 entropy=2.012591 adv_std=2.500825 awbc_label_rate=0.250
custom_ppo_update update=46 timesteps=94208 loss=1.060619 entropy=1.987945 adv_std=2.832439 awbc_label_rate=0.250
custom_ppo_update update=47 timesteps=96256 loss=0.811801 entropy=2.006132 adv_std=2.777414 awbc_label_rate=0.250
custom_ppo_update update=48 timesteps=98304 loss=0.848476 entropy=2.010243 adv_std=2.673118 awbc_label_rate=0.250
custom_ppo_update update=49 timesteps=100000 loss=0.918983 entropy=2.005614 adv_std=3.119856 awbc_label_rate=0.250
reports/v31_ablation_aligned/raw/H1_hyperparam_v31_aligned/awbc0p10_kl2p00/budget1p70_seed44/v2_custom_ppo_metrics.csv
                   policy  steps  reward_mean  instant_mae  oracle_loss_mean  dtw_mean  power_mean  peak_power_max  event_rate  warmup_abort_count
  full_open_unconstrained   6144    -0.152256     1.671129          0.152254  1.632087    4.620000            6.28    0.402669                   0
feasible_static_projected   6144    -0.159646     2.782945          0.159645  2.680502    1.460000            1.95    0.402669                   0
              round_robin   6144    -0.185448    11.733168          0.165026  5.923856    1.555000            1.98    0.402669                1530
               custom_ppo   6144    -0.167464     2.824918          0.165591  2.701764    1.557868            1.95    0.402669                 140
                      aoi   6144    -0.217052    27.436665          0.178637 11.338480    1.623031            2.33    0.402669                2880
                   random   6144    -0.212625    23.250757          0.187903  9.981687    1.601875            2.33    0.402669                1836
reports/v31_ablation_aligned/raw/H1_hyperparam_v31_aligned/awbc0p10_kl2p00/budget1p70_seed44/evaluation/v2_eval_overall.csv
                   policy  steps  weighted_normalized_mae      mae      rmse    smape  pearson      dtw  oracle_loss_mean  reward_mean  power_mean  power_max  peak_power_max  steady_violation_rate  peak_violation_rate  event_rate  warmup_abort_count  warmup_abort_rate  obs_reconstruction_mae  forecast_samples  forecast_weighted_mae_overall  forecast_raw_mae_overall  forecast_weighted_mae_event  forecast_weighted_mae_non_event  forecast_weighted_mae_low_temp  forecast_weighted_mae_normal
  full_open_unconstrained   6144                 0.067781 0.800943  2.748866 0.718983 0.900087 0.774163          0.152254    -0.152256    4.620000       4.62            6.28                    1.0                  1.0    0.402669                   0           0.000000                0.067781              6144                       0.152254                  2.093522                     0.156128                         0.116723                        0.117579                      0.126318
feasible_static_projected   6144                 0.228892 1.778877  4.314012 0.794750 0.937501 1.743710          0.159645    -0.159646    1.460000       1.46            1.95                    0.0                  0.0    0.402669                   0           0.000000                0.228892              6144                       0.159645                  2.192158                     0.163617                         0.123218                        0.126129                      0.122363
              round_robin   6144                 0.247318 1.967219  5.144900 0.795538 0.912513 1.827648          0.165026    -0.185448    1.555000       1.64            1.98                    0.0                  0.0    0.402669                1530           0.249023                0.247318              6144                       0.165026                  2.242226                     0.169000                         0.128573                        0.133419                      0.126796
               custom_ppo   6144                 0.228376 1.809647  4.346426 0.800619 0.918835 1.741774          0.165591    -0.167464    1.557868       1.60            1.95                    0.0                  0.0    0.402669                 140           0.022786                0.228376              6144                       0.165591                  2.211875                     0.170129                         0.123965                        0.129649                      0.126936
                      aoi   6144                 0.150457 2.404934 12.732274 0.791728 0.878528 1.523028          0.178637    -0.217052    1.623031       1.70            2.33                    0.0                  0.0    0.402669                2880           0.468750                0.150457              6144                       0.178637                  2.885857                     0.183262                         0.136215                        0.142281                      0.138109
                   random   6144                 0.167849 2.592932 15.894051 0.811629 0.848777 1.599662          0.187903    -0.212625    1.601875       1.70            2.33                    0.0                  0.0    0.402669                1836           0.298828                0.167849              6144                       0.187903                  3.350331                     0.192819                         0.142808                        0.148614                      0.142335
