custom_ppo_update update=1 timesteps=2048 loss=0.356684 entropy=1.963585 adv_std=0.497629 awbc_label_rate=0.250
custom_ppo_update update=2 timesteps=4096 loss=0.821432 entropy=1.989597 adv_std=1.594873 awbc_label_rate=0.250
custom_ppo_update update=3 timesteps=6144 loss=0.942426 entropy=1.993089 adv_std=1.904045 awbc_label_rate=0.250
custom_ppo_update update=4 timesteps=8192 loss=1.199216 entropy=1.981893 adv_std=2.464239 awbc_label_rate=0.250
custom_ppo_update update=5 timesteps=10240 loss=1.021741 entropy=1.998804 adv_std=2.466933 awbc_label_rate=0.250
custom_ppo_update update=6 timesteps=12288 loss=1.033500 entropy=2.043620 adv_std=2.720652 awbc_label_rate=0.250
custom_ppo_update update=7 timesteps=14336 loss=0.744447 entropy=2.040491 adv_std=2.455887 awbc_label_rate=0.250
custom_ppo_update update=8 timesteps=16384 loss=0.869819 entropy=2.041920 adv_std=2.603060 awbc_label_rate=0.250
custom_ppo_update update=9 timesteps=18432 loss=0.952669 entropy=2.046849 adv_std=2.813885 awbc_label_rate=0.250
custom_ppo_update update=10 timesteps=20480 loss=0.831791 entropy=2.063490 adv_std=2.768160 awbc_label_rate=0.250
custom_ppo_update update=11 timesteps=22528 loss=0.937558 entropy=2.079475 adv_std=3.032872 awbc_label_rate=0.250
custom_ppo_update update=12 timesteps=24576 loss=0.542442 entropy=2.061006 adv_std=2.192084 awbc_label_rate=0.250
custom_ppo_update update=13 timesteps=26624 loss=1.021708 entropy=2.073878 adv_std=2.983481 awbc_label_rate=0.250
custom_ppo_update update=14 timesteps=28672 loss=0.812915 entropy=2.060072 adv_std=3.283495 awbc_label_rate=0.250
custom_ppo_update update=15 timesteps=30720 loss=0.944811 entropy=2.059799 adv_std=2.936362 awbc_label_rate=0.250
custom_ppo_update update=16 timesteps=32768 loss=0.882493 entropy=2.039966 adv_std=2.918648 awbc_label_rate=0.250
custom_ppo_update update=17 timesteps=34816 loss=0.896739 entropy=2.051553 adv_std=3.208355 awbc_label_rate=0.250
custom_ppo_update update=18 timesteps=36864 loss=0.814674 entropy=2.066467 adv_std=2.767740 awbc_label_rate=0.250
custom_ppo_update update=19 timesteps=38912 loss=0.894101 entropy=2.059670 adv_std=2.666115 awbc_label_rate=0.250
custom_ppo_update update=20 timesteps=40960 loss=0.853867 entropy=2.051966 adv_std=3.064469 awbc_label_rate=0.250
custom_ppo_update update=21 timesteps=43008 loss=0.857727 entropy=2.046158 adv_std=2.874961 awbc_label_rate=0.250
custom_ppo_update update=22 timesteps=45056 loss=0.633821 entropy=2.055360 adv_std=2.589296 awbc_label_rate=0.250
custom_ppo_update update=23 timesteps=47104 loss=1.214132 entropy=2.061724 adv_std=2.970989 awbc_label_rate=0.250
custom_ppo_update update=24 timesteps=49152 loss=1.033367 entropy=2.045889 adv_std=3.064081 awbc_label_rate=0.250
custom_ppo_update update=25 timesteps=51200 loss=1.033036 entropy=2.066250 adv_std=3.328318 awbc_label_rate=0.250
custom_ppo_update update=26 timesteps=53248 loss=1.080046 entropy=2.064299 adv_std=3.407250 awbc_label_rate=0.250
custom_ppo_update update=27 timesteps=55296 loss=1.021467 entropy=2.055474 adv_std=3.403734 awbc_label_rate=0.250
custom_ppo_update update=28 timesteps=57344 loss=0.972820 entropy=2.041257 adv_std=3.099547 awbc_label_rate=0.250
custom_ppo_update update=29 timesteps=59392 loss=0.995174 entropy=2.057739 adv_std=3.074824 awbc_label_rate=0.250
custom_ppo_update update=30 timesteps=61440 loss=1.205989 entropy=2.044838 adv_std=3.643959 awbc_label_rate=0.250
custom_ppo_update update=31 timesteps=63488 loss=1.085670 entropy=2.074746 adv_std=3.231048 awbc_label_rate=0.250
custom_ppo_update update=32 timesteps=65536 loss=0.968957 entropy=2.008590 adv_std=2.637588 awbc_label_rate=0.250
custom_ppo_update update=33 timesteps=67584 loss=0.955613 entropy=2.057855 adv_std=2.930979 awbc_label_rate=0.250
custom_ppo_update update=34 timesteps=69632 loss=1.029640 entropy=2.021428 adv_std=3.365401 awbc_label_rate=0.250
custom_ppo_update update=35 timesteps=71680 loss=0.670192 entropy=2.031598 adv_std=2.656928 awbc_label_rate=0.250
custom_ppo_update update=36 timesteps=73728 loss=0.806643 entropy=2.054400 adv_std=3.372203 awbc_label_rate=0.250
custom_ppo_update update=37 timesteps=75776 loss=0.563500 entropy=2.020897 adv_std=2.629182 awbc_label_rate=0.250
custom_ppo_update update=38 timesteps=77824 loss=0.878282 entropy=2.031640 adv_std=2.984238 awbc_label_rate=0.250
custom_ppo_update update=39 timesteps=79872 loss=1.090834 entropy=2.063312 adv_std=3.379848 awbc_label_rate=0.250
custom_ppo_update update=40 timesteps=81920 loss=1.010897 entropy=2.021170 adv_std=2.873480 awbc_label_rate=0.250
custom_ppo_update update=41 timesteps=83968 loss=0.697258 entropy=2.037018 adv_std=2.732571 awbc_label_rate=0.250
custom_ppo_update update=42 timesteps=86016 loss=0.756837 entropy=2.043430 adv_std=2.311513 awbc_label_rate=0.250
custom_ppo_update update=43 timesteps=88064 loss=0.922887 entropy=2.035543 adv_std=2.703309 awbc_label_rate=0.250
custom_ppo_update update=44 timesteps=90112 loss=0.863749 entropy=2.052079 adv_std=3.059013 awbc_label_rate=0.250
custom_ppo_update update=45 timesteps=92160 loss=0.791614 entropy=2.073328 adv_std=2.866305 awbc_label_rate=0.250
custom_ppo_update update=46 timesteps=94208 loss=0.927364 entropy=2.021354 adv_std=2.651590 awbc_label_rate=0.250
custom_ppo_update update=47 timesteps=96256 loss=0.975266 entropy=2.016616 adv_std=2.939849 awbc_label_rate=0.250
custom_ppo_update update=48 timesteps=98304 loss=1.033574 entropy=2.052185 adv_std=2.738067 awbc_label_rate=0.250
custom_ppo_update update=49 timesteps=100000 loss=0.826497 entropy=2.026225 adv_std=2.806557 awbc_label_rate=0.250
reports/v31_ablation_aligned/raw/H1_hyperparam_v31_aligned/awbc0p10_kl0p50/budget1p70_seed44/v2_custom_ppo_metrics.csv
                   policy  steps  reward_mean  instant_mae  oracle_loss_mean  dtw_mean  power_mean  peak_power_max  event_rate  warmup_abort_count
  full_open_unconstrained   6144    -0.152428     1.671129          0.152426  1.632087    4.620000            6.28    0.402669                   0
feasible_static_projected   6144    -0.160325     2.782945          0.160324  2.680502    1.460000            1.95    0.402669                   0
               custom_ppo   6144    -0.166299     2.818253          0.165235  2.700494    1.538636            1.95    0.402669                  78
              round_robin   6144    -0.185947    11.733168          0.165525  5.923856    1.555000            1.98    0.402669                1530
                      aoi   6144    -0.216839    27.436665          0.178424 11.338480    1.623031            2.33    0.402669                2880
                   random   6144    -0.212984    23.250757          0.188263  9.981687    1.601875            2.33    0.402669                1836
reports/v31_ablation_aligned/raw/H1_hyperparam_v31_aligned/awbc0p10_kl0p50/budget1p70_seed44/evaluation/v2_eval_overall.csv
                   policy  steps  weighted_normalized_mae      mae      rmse    smape  pearson      dtw  oracle_loss_mean  reward_mean  power_mean  power_max  peak_power_max  steady_violation_rate  peak_violation_rate  event_rate  warmup_abort_count  warmup_abort_rate  obs_reconstruction_mae  forecast_samples  forecast_weighted_mae_overall  forecast_raw_mae_overall  forecast_weighted_mae_event  forecast_weighted_mae_non_event  forecast_weighted_mae_low_temp  forecast_weighted_mae_normal
  full_open_unconstrained   6144                 0.067781 0.800943  2.748866 0.718983 0.900087 0.774163          0.152426    -0.152428    4.620000       4.62            6.28                    1.0                  1.0    0.402669                   0           0.000000                0.067781              6144                       0.152426                  2.112114                     0.156299                         0.116903                        0.116965                      0.128315
feasible_static_projected   6144                 0.228892 1.778877  4.314012 0.794750 0.937501 1.743710          0.160324    -0.160325    1.460000       1.46            1.95                    0.0                  0.0    0.402669                   0           0.000000                0.228892              6144                       0.160324                  2.237860                     0.164233                         0.124470                        0.126665                      0.123499
               custom_ppo   6144                 0.227167 1.824018  4.379179 0.797168 0.927839 1.763773          0.165235    -0.166299    1.538636       1.60            1.95                    0.0                  0.0    0.402669                  78           0.012695                0.227167              6144                       0.165235                  2.242059                     0.169749                         0.123832                        0.129353                      0.126221
              round_robin   6144                 0.247318 1.967219  5.144900 0.795538 0.912513 1.827648          0.165525    -0.185947    1.555000       1.64            1.98                    0.0                  0.0    0.402669                1530           0.249023                0.247318              6144                       0.165525                  2.265963                     0.169436                         0.129657                        0.133818                      0.128251
                      aoi   6144                 0.150457 2.404934 12.732274 0.791728 0.878528 1.523028          0.178424    -0.216839    1.623031       1.70            2.33                    0.0                  0.0    0.402669                2880           0.468750                0.150457              6144                       0.178424                  2.885956                     0.183072                         0.135791                        0.141295                      0.138181
                   random   6144                 0.167849 2.592932 15.894051 0.811629 0.848777 1.599662          0.188263    -0.212984    1.601875       1.70            2.33                    0.0                  0.0    0.402669                1836           0.298828                0.167849              6144                       0.188262                  3.354517                     0.193185                         0.143114                        0.148313                      0.143440
