custom_ppo_update update=1 timesteps=2048 loss=0.879727 entropy=2.123362 adv_std=0.988252 awbc_label_rate=0.250
custom_ppo_update update=2 timesteps=4096 loss=1.115215 entropy=2.121777 adv_std=1.851844 awbc_label_rate=0.250
custom_ppo_update update=3 timesteps=6144 loss=1.264698 entropy=2.121995 adv_std=2.086668 awbc_label_rate=0.250
custom_ppo_update update=4 timesteps=8192 loss=1.169985 entropy=2.132398 adv_std=2.571632 awbc_label_rate=0.250
custom_ppo_update update=5 timesteps=10240 loss=0.948513 entropy=2.148150 adv_std=2.285793 awbc_label_rate=0.250
custom_ppo_update update=6 timesteps=12288 loss=1.190367 entropy=2.161901 adv_std=2.882368 awbc_label_rate=0.250
custom_ppo_update update=7 timesteps=14336 loss=1.251329 entropy=2.189031 adv_std=2.682907 awbc_label_rate=0.250
custom_ppo_update update=8 timesteps=16384 loss=1.446258 entropy=2.158231 adv_std=2.613107 awbc_label_rate=0.250
custom_ppo_update update=9 timesteps=18432 loss=1.181660 entropy=2.140975 adv_std=3.429270 awbc_label_rate=0.250
custom_ppo_update update=10 timesteps=20480 loss=1.001051 entropy=2.140376 adv_std=3.055413 awbc_label_rate=0.250
custom_ppo_update update=11 timesteps=22528 loss=1.170608 entropy=2.141402 adv_std=2.944568 awbc_label_rate=0.250
custom_ppo_update update=12 timesteps=24576 loss=1.147189 entropy=2.154673 adv_std=2.910599 awbc_label_rate=0.250
custom_ppo_update update=13 timesteps=26624 loss=1.084922 entropy=2.146511 adv_std=3.151113 awbc_label_rate=0.250
custom_ppo_update update=14 timesteps=28672 loss=0.983319 entropy=2.155545 adv_std=3.027207 awbc_label_rate=0.250
custom_ppo_update update=15 timesteps=30720 loss=1.076276 entropy=2.158236 adv_std=2.895758 awbc_label_rate=0.250
custom_ppo_update update=16 timesteps=32768 loss=0.926793 entropy=2.126832 adv_std=2.694698 awbc_label_rate=0.250
custom_ppo_update update=17 timesteps=34816 loss=1.099060 entropy=2.140953 adv_std=3.113935 awbc_label_rate=0.250
custom_ppo_update update=18 timesteps=36864 loss=0.880394 entropy=2.138384 adv_std=2.727166 awbc_label_rate=0.250
custom_ppo_update update=19 timesteps=38912 loss=0.961311 entropy=2.145030 adv_std=2.841285 awbc_label_rate=0.250
custom_ppo_update update=20 timesteps=40960 loss=0.838132 entropy=2.128094 adv_std=2.552239 awbc_label_rate=0.250
custom_ppo_update update=21 timesteps=43008 loss=1.122441 entropy=2.134572 adv_std=3.118598 awbc_label_rate=0.250
custom_ppo_update update=22 timesteps=45056 loss=0.872254 entropy=2.132133 adv_std=2.492107 awbc_label_rate=0.250
custom_ppo_update update=23 timesteps=47104 loss=0.754940 entropy=2.117035 adv_std=2.437239 awbc_label_rate=0.250
custom_ppo_update update=24 timesteps=49152 loss=0.861999 entropy=2.128002 adv_std=2.605382 awbc_label_rate=0.250
custom_ppo_update update=25 timesteps=51200 loss=0.834721 entropy=2.130102 adv_std=2.367495 awbc_label_rate=0.250
custom_ppo_update update=26 timesteps=53248 loss=0.930901 entropy=2.141279 adv_std=2.622495 awbc_label_rate=0.250
custom_ppo_update update=27 timesteps=55296 loss=0.900031 entropy=2.120927 adv_std=2.702148 awbc_label_rate=0.250
custom_ppo_update update=28 timesteps=57344 loss=0.972822 entropy=2.115675 adv_std=2.343185 awbc_label_rate=0.250
custom_ppo_update update=29 timesteps=59392 loss=1.071820 entropy=2.111490 adv_std=2.818131 awbc_label_rate=0.250
custom_ppo_update update=30 timesteps=61440 loss=0.780959 entropy=2.112745 adv_std=2.503073 awbc_label_rate=0.250
custom_ppo_update update=31 timesteps=63488 loss=1.020132 entropy=2.113514 adv_std=2.890954 awbc_label_rate=0.250
custom_ppo_update update=32 timesteps=65536 loss=0.799173 entropy=2.106682 adv_std=2.435114 awbc_label_rate=0.250
custom_ppo_update update=33 timesteps=67584 loss=0.727253 entropy=2.113626 adv_std=2.311484 awbc_label_rate=0.250
custom_ppo_update update=34 timesteps=69632 loss=0.775253 entropy=2.122726 adv_std=2.286008 awbc_label_rate=0.250
custom_ppo_update update=35 timesteps=71680 loss=0.777865 entropy=2.121029 adv_std=2.284429 awbc_label_rate=0.250
custom_ppo_update update=36 timesteps=73728 loss=0.836297 entropy=2.126247 adv_std=2.182019 awbc_label_rate=0.250
custom_ppo_update update=37 timesteps=75776 loss=1.112799 entropy=2.143534 adv_std=2.660438 awbc_label_rate=0.250
custom_ppo_update update=38 timesteps=77824 loss=0.944037 entropy=2.135220 adv_std=2.998664 awbc_label_rate=0.250
custom_ppo_update update=39 timesteps=79872 loss=0.889342 entropy=2.137263 adv_std=2.513637 awbc_label_rate=0.250
custom_ppo_update update=40 timesteps=81920 loss=0.961534 entropy=2.118671 adv_std=2.874027 awbc_label_rate=0.250
custom_ppo_update update=41 timesteps=83968 loss=0.927321 entropy=2.116084 adv_std=2.495516 awbc_label_rate=0.250
custom_ppo_update update=42 timesteps=86016 loss=0.949868 entropy=2.111001 adv_std=2.831094 awbc_label_rate=0.250
custom_ppo_update update=43 timesteps=88064 loss=0.915965 entropy=2.103956 adv_std=2.504318 awbc_label_rate=0.250
custom_ppo_update update=44 timesteps=90112 loss=1.022207 entropy=2.122247 adv_std=2.740233 awbc_label_rate=0.250
custom_ppo_update update=45 timesteps=92160 loss=0.966050 entropy=2.122972 adv_std=2.694770 awbc_label_rate=0.250
custom_ppo_update update=46 timesteps=94208 loss=0.927483 entropy=2.129304 adv_std=2.719051 awbc_label_rate=0.250
custom_ppo_update update=47 timesteps=96256 loss=1.181079 entropy=2.130666 adv_std=3.048381 awbc_label_rate=0.250
custom_ppo_update update=48 timesteps=98304 loss=1.540835 entropy=2.150729 adv_std=3.592288 awbc_label_rate=0.250
custom_ppo_update update=49 timesteps=100000 loss=1.558142 entropy=2.140108 adv_std=3.437216 awbc_label_rate=0.250
reports/v31_ablation_aligned/raw/H1_hyperparam_v31_aligned/awbc0p20_kl0p50/budget1p70_seed42/v2_custom_ppo_metrics.csv
                   policy  steps  reward_mean  instant_mae  oracle_loss_mean  dtw_mean  power_mean  peak_power_max  event_rate  warmup_abort_count
  full_open_unconstrained   6144    -0.142065     1.651890          0.142063  1.611176    4.620000            6.28    0.281738                   0
               custom_ppo   6144    -0.160727     2.803772          0.159265  2.348065    1.565957            2.12    0.281738                  93
feasible_static_projected   6144    -0.162776     2.875996          0.162775  2.766387    1.460000            1.95    0.281738                   0
              round_robin   6144    -0.185705     8.014126          0.165283  4.871508    1.555000            1.98    0.281738                1530
                   random   6144    -0.207621    14.161544          0.182063  6.942919    1.603320            2.33    0.281738                1902
                      aoi   6144    -0.231049    17.742501          0.197325  8.109821    1.622529            2.33    0.281738                2520
reports/v31_ablation_aligned/raw/H1_hyperparam_v31_aligned/awbc0p20_kl0p50/budget1p70_seed42/evaluation/v2_eval_overall.csv
                   policy  steps  weighted_normalized_mae      mae      rmse    smape  pearson      dtw  oracle_loss_mean  reward_mean  power_mean  power_max  peak_power_max  steady_violation_rate  peak_violation_rate  event_rate  warmup_abort_count  warmup_abort_rate  obs_reconstruction_mae  forecast_samples  forecast_weighted_mae_overall  forecast_raw_mae_overall  forecast_weighted_mae_event  forecast_weighted_mae_non_event  forecast_weighted_mae_low_temp  forecast_weighted_mae_normal
  full_open_unconstrained   6144                 0.064247 0.785416  2.721259 0.778653 0.898708 0.769587          0.142063    -0.142065    4.620000       4.62            6.28                    1.0                  1.0    0.281738                   0           0.000000                0.064247              6144                       0.142063                  1.848942                     0.150469                         0.112268                        0.117295                      0.121054
               custom_ppo   6144                 0.152378 1.601291  7.352001 0.843255 0.799915 1.259072          0.159265    -0.160727    1.565957       1.66            2.12                    0.0                  0.0    0.281738                  93           0.015137                0.152378              6144                       0.159265                  2.247716                     0.168997                         0.124772                        0.129847                      0.130440
feasible_static_projected   6144                 0.241754 1.871853  4.569193 0.850586 0.929557 1.846283          0.162775    -0.162776    1.460000       1.46            1.95                    0.0                  0.0    0.281738                   0           0.000000                0.241754              6144                       0.162775                  1.974708                     0.171155                         0.133075                        0.124670                      0.148974
              round_robin   6144                 0.257567 2.060288  5.598071 0.851817 0.897150 1.987511          0.165283    -0.185705    1.555000       1.64            1.98                    0.0                  0.0    0.281738                1530           0.249023                0.257567              6144                       0.165283                  2.165714                     0.173399                         0.136516                        0.136147                      0.140978
                   random   6144                 0.146054 2.203981 15.041418 0.841125 0.870052 1.470958          0.182063    -0.207621    1.603320       1.70            2.33                    0.0                  0.0    0.281738                1902           0.309570                0.146054              6144                       0.182063                  3.020591                     0.189164                         0.156894                        0.148254                      0.160741
                      aoi   6144                 0.150681 2.040612 11.756319 0.834888 0.851025 1.413702          0.197325    -0.231049    1.622529       1.70            2.33                    0.0                  0.0    0.281738                2520           0.410156                0.150681              6144                       0.197325                  2.632563                     0.206049                         0.166406                        0.150134                      0.180194
