reports/v31_static_break_duty_pilot/v10_b0p65_particle_energy_cov_hguard_l12h85s12_dfb2p5_lam0p8_awbc0p02_kl0p05_prior0p5_100k_seed43/truth_v31_split.csv
reports/v31_static_break_duty_pilot/v10_b0p65_particle_energy_cov_hguard_l12h85s12_dfb2p5_lam0p8_awbc0p02_kl0p05_prior0p5_100k_seed43/dataset_validation/synthetic_validation.csv
custom_ppo_update update=1 timesteps=512 loss=0.385502 entropy=2.744823 adv_std=0.832723 soc_aux=0.000000 awbc_label_rate=0.062
custom_ppo_update update=2 timesteps=1024 loss=0.178810 entropy=2.733131 adv_std=0.617175 soc_aux=0.000000 awbc_label_rate=0.062
custom_ppo_update update=3 timesteps=1536 loss=0.979227 entropy=2.735279 adv_std=1.644786 soc_aux=0.000000 awbc_label_rate=0.062
custom_ppo_update update=4 timesteps=2048 loss=0.364887 entropy=2.736417 adv_std=0.839409 soc_aux=0.000000 awbc_label_rate=0.062
custom_ppo_update update=5 timesteps=2560 loss=2.232336 entropy=2.730121 adv_std=2.107057 soc_aux=0.000000 awbc_label_rate=0.062
custom_ppo_update update=6 timesteps=3072 loss=0.360226 entropy=2.746429 adv_std=1.115116 soc_aux=0.000000 awbc_label_rate=0.062
custom_ppo_update update=7 timesteps=3584 loss=5.149062 entropy=2.739922 adv_std=2.443025 soc_aux=0.000000 awbc_label_rate=0.062
custom_ppo_update update=8 timesteps=4096 loss=0.753632 entropy=2.732794 adv_std=1.526378 soc_aux=0.000000 awbc_label_rate=0.062
custom_ppo_update update=9 timesteps=4608 loss=6.241543 entropy=2.738777 adv_std=1.905028 soc_aux=0.000000 awbc_label_rate=0.062
custom_ppo_update update=10 timesteps=5120 loss=0.770923 entropy=2.741824 adv_std=1.298517 soc_aux=0.000000 awbc_label_rate=0.062
custom_ppo_update update=11 timesteps=5632 loss=1.015936 entropy=2.737605 adv_std=1.829571 soc_aux=0.000000 awbc_label_rate=0.062
custom_ppo_update update=12 timesteps=6144 loss=0.625498 entropy=2.727764 adv_std=1.369420 soc_aux=0.000000 awbc_label_rate=0.062
custom_ppo_update update=13 timesteps=6656 loss=0.594912 entropy=2.704246 adv_std=1.282601 soc_aux=0.000000 awbc_label_rate=0.062
custom_ppo_update update=14 timesteps=7168 loss=2.994960 entropy=2.721114 adv_std=2.714123 soc_aux=0.000000 awbc_label_rate=0.062
custom_ppo_update update=15 timesteps=7680 loss=0.566328 entropy=2.696625 adv_std=1.223943 soc_aux=0.000000 awbc_label_rate=0.062
custom_ppo_update update=16 timesteps=8192 loss=0.493242 entropy=2.724718 adv_std=1.183342 soc_aux=0.000000 awbc_label_rate=0.062
custom_ppo_update update=17 timesteps=8704 loss=0.372154 entropy=2.739023 adv_std=1.099635 soc_aux=0.000000 awbc_label_rate=0.062
custom_ppo_update update=18 timesteps=9216 loss=1.348514 entropy=2.749300 adv_std=2.069249 soc_aux=0.000000 awbc_label_rate=0.062
custom_ppo_update update=19 timesteps=9728 loss=1.962250 entropy=2.754157 adv_std=1.613236 soc_aux=0.000000 awbc_label_rate=0.062
custom_ppo_update update=20 timesteps=10240 loss=0.784366 entropy=2.753152 adv_std=1.514241 soc_aux=0.000000 awbc_label_rate=0.062
custom_ppo_update update=21 timesteps=10752 loss=0.830386 entropy=2.755806 adv_std=1.845730 soc_aux=0.000000 awbc_label_rate=0.062
custom_ppo_update update=22 timesteps=11264 loss=1.869185 entropy=2.750451 adv_std=2.754868 soc_aux=0.000000 awbc_label_rate=0.062
custom_ppo_update update=23 timesteps=11776 loss=1.968938 entropy=2.749372 adv_std=2.652732 soc_aux=0.000000 awbc_label_rate=0.062
custom_ppo_update update=24 timesteps=12288 loss=1.503258 entropy=2.743315 adv_std=2.539576 soc_aux=0.000000 awbc_label_rate=0.062
custom_ppo_update update=25 timesteps=12800 loss=0.687543 entropy=2.749457 adv_std=2.018376 soc_aux=0.000000 awbc_label_rate=0.062
custom_ppo_update update=26 timesteps=13312 loss=0.583835 entropy=2.755435 adv_std=1.820567 soc_aux=0.000000 awbc_label_rate=0.062
custom_ppo_update update=27 timesteps=13824 loss=0.671285 entropy=2.742212 adv_std=1.793443 soc_aux=0.000000 awbc_label_rate=0.062
custom_ppo_update update=28 timesteps=14336 loss=1.880431 entropy=2.730905 adv_std=3.055313 soc_aux=0.000000 awbc_label_rate=0.062
custom_ppo_update update=29 timesteps=14848 loss=0.606936 entropy=2.737763 adv_std=2.142439 soc_aux=0.000000 awbc_label_rate=0.062
custom_ppo_update update=30 timesteps=15360 loss=1.668710 entropy=2.730125 adv_std=2.592813 soc_aux=0.000000 awbc_label_rate=0.062
custom_ppo_update update=31 timesteps=15872 loss=2.631875 entropy=2.731454 adv_std=3.073182 soc_aux=0.000000 awbc_label_rate=0.062
custom_ppo_update update=32 timesteps=16384 loss=4.015403 entropy=2.717259 adv_std=3.160809 soc_aux=0.000000 awbc_label_rate=0.062
custom_ppo_update update=33 timesteps=16896 loss=2.797228 entropy=2.721877 adv_std=3.046595 soc_aux=0.000000 awbc_label_rate=0.062
custom_ppo_update update=34 timesteps=17408 loss=3.266679 entropy=2.746080 adv_std=3.387584 soc_aux=0.000000 awbc_label_rate=0.062
custom_ppo_update update=35 timesteps=17920 loss=1.222503 entropy=2.742166 adv_std=2.559506 soc_aux=0.000000 awbc_label_rate=0.062
custom_ppo_update update=36 timesteps=18432 loss=0.642422 entropy=2.727383 adv_std=1.640926 soc_aux=0.000000 awbc_label_rate=0.062
custom_ppo_update update=37 timesteps=18944 loss=1.860110 entropy=2.721627 adv_std=2.762905 soc_aux=0.000000 awbc_label_rate=0.062
custom_ppo_update update=38 timesteps=19456 loss=0.776796 entropy=2.729938 adv_std=1.878100 soc_aux=0.000000 awbc_label_rate=0.062
custom_ppo_update update=39 timesteps=19968 loss=0.623274 entropy=2.719487 adv_std=1.524496 soc_aux=0.000000 awbc_label_rate=0.062
custom_ppo_update update=40 timesteps=20480 loss=3.404399 entropy=2.717668 adv_std=2.752091 soc_aux=0.000000 awbc_label_rate=0.062
custom_ppo_update update=41 timesteps=20992 loss=1.502484 entropy=2.707678 adv_std=2.212846 soc_aux=0.000000 awbc_label_rate=0.062
custom_ppo_update update=42 timesteps=21504 loss=2.963158 entropy=2.716790 adv_std=3.384966 soc_aux=0.000000 awbc_label_rate=0.062
custom_ppo_update update=43 timesteps=22016 loss=1.071086 entropy=2.666895 adv_std=2.340466 soc_aux=0.000000 awbc_label_rate=0.062
custom_ppo_update update=44 timesteps=22528 loss=1.103569 entropy=2.675621 adv_std=1.953836 soc_aux=0.000000 awbc_label_rate=0.062
custom_ppo_update update=45 timesteps=23040 loss=1.261894 entropy=2.655760 adv_std=2.268952 soc_aux=0.000000 awbc_label_rate=0.062
custom_ppo_update update=46 timesteps=23552 loss=0.646214 entropy=2.643397 adv_std=1.494702 soc_aux=0.000000 awbc_label_rate=0.062
custom_ppo_update update=47 timesteps=24064 loss=3.025114 entropy=2.733281 adv_std=2.984599 soc_aux=0.000000 awbc_label_rate=0.062
custom_ppo_update update=48 timesteps=24576 loss=1.734793 entropy=2.633155 adv_std=2.953111 soc_aux=0.000000 awbc_label_rate=0.062
custom_ppo_update update=49 timesteps=25088 loss=4.883530 entropy=2.664766 adv_std=4.280066 soc_aux=0.000000 awbc_label_rate=0.062
custom_ppo_update update=50 timesteps=25600 loss=2.365386 entropy=2.643139 adv_std=3.257189 soc_aux=0.000000 awbc_label_rate=0.062
custom_ppo_update update=51 timesteps=26112 loss=1.818131 entropy=2.662621 adv_std=3.193672 soc_aux=0.000000 awbc_label_rate=0.062
custom_ppo_update update=52 timesteps=26624 loss=1.056549 entropy=2.633124 adv_std=1.982327 soc_aux=0.000000 awbc_label_rate=0.062
custom_ppo_update update=53 timesteps=27136 loss=2.837639 entropy=2.674217 adv_std=3.089895 soc_aux=0.000000 awbc_label_rate=0.062
custom_ppo_update update=54 timesteps=27648 loss=1.758536 entropy=2.649878 adv_std=2.955614 soc_aux=0.000000 awbc_label_rate=0.062
custom_ppo_update update=55 timesteps=28160 loss=1.437942 entropy=2.708696 adv_std=2.601588 soc_aux=0.000000 awbc_label_rate=0.062
custom_ppo_update update=56 timesteps=28672 loss=0.989264 entropy=2.644570 adv_std=2.248093 soc_aux=0.000000 awbc_label_rate=0.062
custom_ppo_update update=57 timesteps=29184 loss=1.942511 entropy=2.680741 adv_std=3.222526 soc_aux=0.000000 awbc_label_rate=0.062
custom_ppo_update update=58 timesteps=29696 loss=1.259341 entropy=2.681669 adv_std=2.567726 soc_aux=0.000000 awbc_label_rate=0.062
custom_ppo_update update=59 timesteps=30208 loss=2.441683 entropy=2.706464 adv_std=3.240807 soc_aux=0.000000 awbc_label_rate=0.062
custom_ppo_update update=60 timesteps=30720 loss=1.786009 entropy=2.680777 adv_std=2.798182 soc_aux=0.000000 awbc_label_rate=0.062
custom_ppo_update update=61 timesteps=31232 loss=2.514620 entropy=2.713351 adv_std=3.486403 soc_aux=0.000000 awbc_label_rate=0.062
custom_ppo_update update=62 timesteps=31744 loss=2.192407 entropy=2.719067 adv_std=3.048651 soc_aux=0.000000 awbc_label_rate=0.062
custom_ppo_update update=63 timesteps=32256 loss=1.318594 entropy=2.688468 adv_std=2.998336 soc_aux=0.000000 awbc_label_rate=0.062
custom_ppo_update update=64 timesteps=32768 loss=2.754432 entropy=2.666395 adv_std=3.066339 soc_aux=0.000000 awbc_label_rate=0.062
custom_ppo_update update=65 timesteps=33280 loss=1.882947 entropy=2.680833 adv_std=2.882701 soc_aux=0.000000 awbc_label_rate=0.062
custom_ppo_update update=66 timesteps=33792 loss=2.313152 entropy=2.685243 adv_std=3.220202 soc_aux=0.000000 awbc_label_rate=0.062
custom_ppo_update update=67 timesteps=34304 loss=1.810672 entropy=2.702405 adv_std=2.752566 soc_aux=0.000000 awbc_label_rate=0.062
custom_ppo_update update=68 timesteps=34816 loss=2.397240 entropy=2.719076 adv_std=3.725998 soc_aux=0.000000 awbc_label_rate=0.062
custom_ppo_update update=69 timesteps=35328 loss=1.057056 entropy=2.681818 adv_std=2.128870 soc_aux=0.000000 awbc_label_rate=0.062
custom_ppo_update update=70 timesteps=35840 loss=1.246029 entropy=2.724377 adv_std=2.617619 soc_aux=0.000000 awbc_label_rate=0.062
custom_ppo_update update=71 timesteps=36352 loss=0.853806 entropy=2.716942 adv_std=2.201613 soc_aux=0.000000 awbc_label_rate=0.062
custom_ppo_update update=72 timesteps=36864 loss=3.849695 entropy=2.724215 adv_std=4.269489 soc_aux=0.000000 awbc_label_rate=0.062
custom_ppo_update update=73 timesteps=37376 loss=2.445481 entropy=2.712149 adv_std=3.450796 soc_aux=0.000000 awbc_label_rate=0.062
custom_ppo_update update=74 timesteps=37888 loss=2.530225 entropy=2.715864 adv_std=3.587639 soc_aux=0.000000 awbc_label_rate=0.062
custom_ppo_update update=75 timesteps=38400 loss=1.351180 entropy=2.697844 adv_std=2.632786 soc_aux=0.000000 awbc_label_rate=0.062
custom_ppo_update update=76 timesteps=38912 loss=1.300836 entropy=2.696434 adv_std=2.481107 soc_aux=0.000000 awbc_label_rate=0.062
custom_ppo_update update=77 timesteps=39424 loss=0.506262 entropy=2.694844 adv_std=1.624222 soc_aux=0.000000 awbc_label_rate=0.062
custom_ppo_update update=78 timesteps=39936 loss=1.933356 entropy=2.722831 adv_std=3.117404 soc_aux=0.000000 awbc_label_rate=0.062
custom_ppo_update update=79 timesteps=40448 loss=0.747959 entropy=2.688556 adv_std=1.695459 soc_aux=0.000000 awbc_label_rate=0.062
custom_ppo_update update=80 timesteps=40960 loss=0.369434 entropy=2.640236 adv_std=1.394827 soc_aux=0.000000 awbc_label_rate=0.062
custom_ppo_update update=81 timesteps=41472 loss=3.801009 entropy=2.693208 adv_std=3.988664 soc_aux=0.000000 awbc_label_rate=0.062
custom_ppo_update update=82 timesteps=41984 loss=3.709681 entropy=2.708989 adv_std=3.884976 soc_aux=0.000000 awbc_label_rate=0.062
custom_ppo_update update=83 timesteps=42496 loss=2.365123 entropy=2.671104 adv_std=3.375007 soc_aux=0.000000 awbc_label_rate=0.062
custom_ppo_update update=84 timesteps=43008 loss=0.802714 entropy=2.709570 adv_std=1.815414 soc_aux=0.000000 awbc_label_rate=0.062
custom_ppo_update update=85 timesteps=43520 loss=1.717041 entropy=2.669768 adv_std=2.699384 soc_aux=0.000000 awbc_label_rate=0.062
custom_ppo_update update=86 timesteps=44032 loss=1.119038 entropy=2.684674 adv_std=2.487247 soc_aux=0.000000 awbc_label_rate=0.062
custom_ppo_update update=87 timesteps=44544 loss=1.206226 entropy=2.683525 adv_std=2.821722 soc_aux=0.000000 awbc_label_rate=0.062
custom_ppo_update update=88 timesteps=45056 loss=1.021107 entropy=2.721654 adv_std=2.601068 soc_aux=0.000000 awbc_label_rate=0.062
custom_ppo_update update=89 timesteps=45568 loss=1.176983 entropy=2.729667 adv_std=2.568882 soc_aux=0.000000 awbc_label_rate=0.062
custom_ppo_update update=90 timesteps=46080 loss=0.703756 entropy=2.701263 adv_std=1.909770 soc_aux=0.000000 awbc_label_rate=0.062
custom_ppo_update update=91 timesteps=46592 loss=0.856227 entropy=2.721949 adv_std=2.173360 soc_aux=0.000000 awbc_label_rate=0.062
custom_ppo_update update=92 timesteps=47104 loss=1.483309 entropy=2.710359 adv_std=2.567926 soc_aux=0.000000 awbc_label_rate=0.062
custom_ppo_update update=93 timesteps=47616 loss=4.875487 entropy=2.712161 adv_std=4.562701 soc_aux=0.000000 awbc_label_rate=0.062
custom_ppo_update update=94 timesteps=48128 loss=0.988742 entropy=2.695101 adv_std=2.474442 soc_aux=0.000000 awbc_label_rate=0.062
custom_ppo_update update=95 timesteps=48640 loss=1.458700 entropy=2.708601 adv_std=2.345087 soc_aux=0.000000 awbc_label_rate=0.062
custom_ppo_update update=96 timesteps=49152 loss=1.428219 entropy=2.696299 adv_std=2.589079 soc_aux=0.000000 awbc_label_rate=0.062
custom_ppo_update update=97 timesteps=49664 loss=3.724996 entropy=2.724884 adv_std=4.041213 soc_aux=0.000000 awbc_label_rate=0.062
custom_ppo_update update=98 timesteps=50176 loss=1.991126 entropy=2.721034 adv_std=3.057382 soc_aux=0.000000 awbc_label_rate=0.062
custom_ppo_update update=99 timesteps=50688 loss=1.793734 entropy=2.717770 adv_std=2.917513 soc_aux=0.000000 awbc_label_rate=0.062
custom_ppo_update update=100 timesteps=51200 loss=2.237524 entropy=2.728595 adv_std=3.321874 soc_aux=0.000000 awbc_label_rate=0.062
custom_ppo_update update=101 timesteps=51712 loss=0.727853 entropy=2.726838 adv_std=1.757550 soc_aux=0.000000 awbc_label_rate=0.062
custom_ppo_update update=102 timesteps=52224 loss=3.301315 entropy=2.727357 adv_std=3.377467 soc_aux=0.000000 awbc_label_rate=0.062
custom_ppo_update update=103 timesteps=52736 loss=1.053836 entropy=2.739271 adv_std=1.854294 soc_aux=0.000000 awbc_label_rate=0.062
custom_ppo_update update=104 timesteps=53248 loss=1.413256 entropy=2.712981 adv_std=2.608155 soc_aux=0.000000 awbc_label_rate=0.062
custom_ppo_update update=105 timesteps=53760 loss=0.642954 entropy=2.743995 adv_std=1.481419 soc_aux=0.000000 awbc_label_rate=0.062
custom_ppo_update update=106 timesteps=54272 loss=3.554754 entropy=2.708661 adv_std=3.040576 soc_aux=0.000000 awbc_label_rate=0.062
custom_ppo_update update=107 timesteps=54784 loss=2.185970 entropy=2.731091 adv_std=3.453772 soc_aux=0.000000 awbc_label_rate=0.062
custom_ppo_update update=108 timesteps=55296 loss=2.390243 entropy=2.737143 adv_std=3.553332 soc_aux=0.000000 awbc_label_rate=0.062
custom_ppo_update update=109 timesteps=55808 loss=1.039225 entropy=2.728749 adv_std=2.122948 soc_aux=0.000000 awbc_label_rate=0.062
custom_ppo_update update=110 timesteps=56320 loss=2.012774 entropy=2.717696 adv_std=2.910895 soc_aux=0.000000 awbc_label_rate=0.062
custom_ppo_update update=111 timesteps=56832 loss=1.202251 entropy=2.715200 adv_std=2.123748 soc_aux=0.000000 awbc_label_rate=0.062
custom_ppo_update update=112 timesteps=57344 loss=0.586682 entropy=2.754807 adv_std=1.858035 soc_aux=0.000000 awbc_label_rate=0.062
custom_ppo_update update=113 timesteps=57856 loss=0.807601 entropy=2.713304 adv_std=2.173665 soc_aux=0.000000 awbc_label_rate=0.062
custom_ppo_update update=114 timesteps=58368 loss=1.239815 entropy=2.638510 adv_std=2.492455 soc_aux=0.000000 awbc_label_rate=0.062
custom_ppo_update update=115 timesteps=58880 loss=1.439883 entropy=2.678156 adv_std=2.018898 soc_aux=0.000000 awbc_label_rate=0.062
custom_ppo_update update=116 timesteps=59392 loss=0.526693 entropy=2.702627 adv_std=1.476790 soc_aux=0.000000 awbc_label_rate=0.062
custom_ppo_update update=117 timesteps=59904 loss=1.652041 entropy=2.642965 adv_std=2.909418 soc_aux=0.000000 awbc_label_rate=0.062
custom_ppo_update update=118 timesteps=60416 loss=1.635081 entropy=2.673133 adv_std=2.540500 soc_aux=0.000000 awbc_label_rate=0.062
custom_ppo_update update=119 timesteps=60928 loss=0.754687 entropy=2.661571 adv_std=1.542164 soc_aux=0.000000 awbc_label_rate=0.062
custom_ppo_update update=120 timesteps=61440 loss=1.503687 entropy=2.630851 adv_std=2.674014 soc_aux=0.000000 awbc_label_rate=0.062
custom_ppo_update update=121 timesteps=61952 loss=0.793710 entropy=2.674389 adv_std=2.050048 soc_aux=0.000000 awbc_label_rate=0.062
custom_ppo_update update=122 timesteps=62464 loss=0.892277 entropy=2.688255 adv_std=2.359604 soc_aux=0.000000 awbc_label_rate=0.062
custom_ppo_update update=123 timesteps=62976 loss=0.985918 entropy=2.657293 adv_std=2.409710 soc_aux=0.000000 awbc_label_rate=0.062
custom_ppo_update update=124 timesteps=63488 loss=0.817032 entropy=2.692455 adv_std=2.065666 soc_aux=0.000000 awbc_label_rate=0.062
custom_ppo_update update=125 timesteps=64000 loss=0.441024 entropy=2.703005 adv_std=1.743496 soc_aux=0.000000 awbc_label_rate=0.062
custom_ppo_update update=126 timesteps=64512 loss=0.273553 entropy=2.708026 adv_std=1.210367 soc_aux=0.000000 awbc_label_rate=0.062
custom_ppo_update update=127 timesteps=65024 loss=0.774581 entropy=2.669031 adv_std=1.665514 soc_aux=0.000000 awbc_label_rate=0.062
custom_ppo_update update=128 timesteps=65536 loss=1.484371 entropy=2.661272 adv_std=2.583818 soc_aux=0.000000 awbc_label_rate=0.062
custom_ppo_update update=129 timesteps=66048 loss=2.511575 entropy=2.639692 adv_std=2.751807 soc_aux=0.000000 awbc_label_rate=0.062
custom_ppo_update update=130 timesteps=66560 loss=1.018223 entropy=2.691909 adv_std=2.048058 soc_aux=0.000000 awbc_label_rate=0.062
custom_ppo_update update=131 timesteps=67072 loss=3.405987 entropy=2.671389 adv_std=3.283916 soc_aux=0.000000 awbc_label_rate=0.062
custom_ppo_update update=132 timesteps=67584 loss=1.242720 entropy=2.674004 adv_std=2.585274 soc_aux=0.000000 awbc_label_rate=0.062
custom_ppo_update update=133 timesteps=68096 loss=0.705891 entropy=2.700024 adv_std=1.989729 soc_aux=0.000000 awbc_label_rate=0.062
custom_ppo_update update=134 timesteps=68608 loss=3.874777 entropy=2.640983 adv_std=3.455020 soc_aux=0.000000 awbc_label_rate=0.062
custom_ppo_update update=135 timesteps=69120 loss=0.619724 entropy=2.715939 adv_std=1.733209 soc_aux=0.000000 awbc_label_rate=0.062
custom_ppo_update update=136 timesteps=69632 loss=3.128558 entropy=2.688012 adv_std=3.744999 soc_aux=0.000000 awbc_label_rate=0.062
custom_ppo_update update=137 timesteps=70144 loss=1.661012 entropy=2.689684 adv_std=2.869323 soc_aux=0.000000 awbc_label_rate=0.062
custom_ppo_update update=138 timesteps=70656 loss=1.434782 entropy=2.689500 adv_std=2.371837 soc_aux=0.000000 awbc_label_rate=0.062
custom_ppo_update update=139 timesteps=71168 loss=0.698591 entropy=2.700405 adv_std=2.061693 soc_aux=0.000000 awbc_label_rate=0.062
custom_ppo_update update=140 timesteps=71680 loss=1.203979 entropy=2.638157 adv_std=2.620680 soc_aux=0.000000 awbc_label_rate=0.062
custom_ppo_update update=141 timesteps=72192 loss=4.283935 entropy=2.705715 adv_std=4.208768 soc_aux=0.000000 awbc_label_rate=0.062
custom_ppo_update update=142 timesteps=72704 loss=2.300468 entropy=2.698486 adv_std=3.266632 soc_aux=0.000000 awbc_label_rate=0.062
custom_ppo_update update=143 timesteps=73216 loss=1.896007 entropy=2.713379 adv_std=2.760389 soc_aux=0.000000 awbc_label_rate=0.062
custom_ppo_update update=144 timesteps=73728 loss=2.722130 entropy=2.681984 adv_std=3.595108 soc_aux=0.000000 awbc_label_rate=0.062
custom_ppo_update update=145 timesteps=74240 loss=0.637154 entropy=2.705007 adv_std=1.887528 soc_aux=0.000000 awbc_label_rate=0.062
custom_ppo_update update=146 timesteps=74752 loss=1.274186 entropy=2.679928 adv_std=2.375229 soc_aux=0.000000 awbc_label_rate=0.062
custom_ppo_update update=147 timesteps=75264 loss=2.360658 entropy=2.715249 adv_std=3.627379 soc_aux=0.000000 awbc_label_rate=0.062
custom_ppo_update update=148 timesteps=75776 loss=1.871077 entropy=2.712670 adv_std=2.968694 soc_aux=0.000000 awbc_label_rate=0.062
custom_ppo_update update=149 timesteps=76288 loss=1.565750 entropy=2.720697 adv_std=2.699648 soc_aux=0.000000 awbc_label_rate=0.062
custom_ppo_update update=150 timesteps=76800 loss=0.632337 entropy=2.707988 adv_std=1.622015 soc_aux=0.000000 awbc_label_rate=0.062
custom_ppo_update update=151 timesteps=77312 loss=2.305835 entropy=2.730535 adv_std=3.385039 soc_aux=0.000000 awbc_label_rate=0.062
custom_ppo_update update=152 timesteps=77824 loss=0.877294 entropy=2.701001 adv_std=2.069486 soc_aux=0.000000 awbc_label_rate=0.062
custom_ppo_update update=153 timesteps=78336 loss=0.750426 entropy=2.691514 adv_std=1.995097 soc_aux=0.000000 awbc_label_rate=0.062
custom_ppo_update update=154 timesteps=78848 loss=1.015742 entropy=2.693087 adv_std=2.362639 soc_aux=0.000000 awbc_label_rate=0.062
custom_ppo_update update=155 timesteps=79360 loss=2.305328 entropy=2.709834 adv_std=2.937886 soc_aux=0.000000 awbc_label_rate=0.062
custom_ppo_update update=156 timesteps=79872 loss=1.310603 entropy=2.725458 adv_std=2.588688 soc_aux=0.000000 awbc_label_rate=0.062
custom_ppo_update update=157 timesteps=80384 loss=1.890456 entropy=2.698017 adv_std=2.839538 soc_aux=0.000000 awbc_label_rate=0.062
custom_ppo_update update=158 timesteps=80896 loss=1.755659 entropy=2.686444 adv_std=2.715629 soc_aux=0.000000 awbc_label_rate=0.062
custom_ppo_update update=159 timesteps=81408 loss=2.045485 entropy=2.692891 adv_std=3.416944 soc_aux=0.000000 awbc_label_rate=0.062
custom_ppo_update update=160 timesteps=81920 loss=2.680035 entropy=2.703707 adv_std=3.604238 soc_aux=0.000000 awbc_label_rate=0.062
custom_ppo_update update=161 timesteps=82432 loss=1.858923 entropy=2.720578 adv_std=3.216841 soc_aux=0.000000 awbc_label_rate=0.062
custom_ppo_update update=162 timesteps=82944 loss=2.020839 entropy=2.706445 adv_std=2.970983 soc_aux=0.000000 awbc_label_rate=0.062
custom_ppo_update update=163 timesteps=83456 loss=1.554958 entropy=2.695271 adv_std=3.246624 soc_aux=0.000000 awbc_label_rate=0.062
custom_ppo_update update=164 timesteps=83968 loss=2.232267 entropy=2.697418 adv_std=3.389071 soc_aux=0.000000 awbc_label_rate=0.062
custom_ppo_update update=165 timesteps=84480 loss=1.132268 entropy=2.683981 adv_std=2.598299 soc_aux=0.000000 awbc_label_rate=0.062
custom_ppo_update update=166 timesteps=84992 loss=2.393106 entropy=2.699533 adv_std=3.654124 soc_aux=0.000000 awbc_label_rate=0.062
custom_ppo_update update=167 timesteps=85504 loss=1.255314 entropy=2.711400 adv_std=2.503306 soc_aux=0.000000 awbc_label_rate=0.062
custom_ppo_update update=168 timesteps=86016 loss=2.629935 entropy=2.719146 adv_std=3.320913 soc_aux=0.000000 awbc_label_rate=0.062
custom_ppo_update update=169 timesteps=86528 loss=1.275602 entropy=2.702747 adv_std=2.447130 soc_aux=0.000000 awbc_label_rate=0.062
custom_ppo_update update=170 timesteps=87040 loss=2.306652 entropy=2.707550 adv_std=2.923214 soc_aux=0.000000 awbc_label_rate=0.062
custom_ppo_update update=171 timesteps=87552 loss=1.710599 entropy=2.711276 adv_std=2.775759 soc_aux=0.000000 awbc_label_rate=0.062
custom_ppo_update update=172 timesteps=88064 loss=1.357041 entropy=2.701421 adv_std=2.761487 soc_aux=0.000000 awbc_label_rate=0.062
custom_ppo_update update=173 timesteps=88576 loss=2.746731 entropy=2.708276 adv_std=3.500866 soc_aux=0.000000 awbc_label_rate=0.062
custom_ppo_update update=174 timesteps=89088 loss=0.653308 entropy=2.715972 adv_std=1.772363 soc_aux=0.000000 awbc_label_rate=0.062
custom_ppo_update update=175 timesteps=89600 loss=0.781566 entropy=2.693296 adv_std=2.061499 soc_aux=0.000000 awbc_label_rate=0.062
custom_ppo_update update=176 timesteps=90112 loss=0.525944 entropy=2.684112 adv_std=1.735484 soc_aux=0.000000 awbc_label_rate=0.062
custom_ppo_update update=177 timesteps=90624 loss=0.766951 entropy=2.693483 adv_std=1.984551 soc_aux=0.000000 awbc_label_rate=0.062
custom_ppo_update update=178 timesteps=91136 loss=0.644234 entropy=2.717648 adv_std=1.639122 soc_aux=0.000000 awbc_label_rate=0.062
custom_ppo_update update=179 timesteps=91648 loss=1.105514 entropy=2.715849 adv_std=2.375379 soc_aux=0.000000 awbc_label_rate=0.062
custom_ppo_update update=180 timesteps=92160 loss=0.367063 entropy=2.711584 adv_std=1.330640 soc_aux=0.000000 awbc_label_rate=0.062
custom_ppo_update update=181 timesteps=92672 loss=1.963088 entropy=2.698554 adv_std=3.031549 soc_aux=0.000000 awbc_label_rate=0.062
custom_ppo_update update=182 timesteps=93184 loss=0.728014 entropy=2.729605 adv_std=1.830492 soc_aux=0.000000 awbc_label_rate=0.062
custom_ppo_update update=183 timesteps=93696 loss=1.779386 entropy=2.685003 adv_std=2.638350 soc_aux=0.000000 awbc_label_rate=0.062
custom_ppo_update update=184 timesteps=94208 loss=0.721113 entropy=2.730659 adv_std=1.667730 soc_aux=0.000000 awbc_label_rate=0.062
custom_ppo_update update=185 timesteps=94720 loss=2.639188 entropy=2.704563 adv_std=3.269648 soc_aux=0.000000 awbc_label_rate=0.062
custom_ppo_update update=186 timesteps=95232 loss=1.086668 entropy=2.734786 adv_std=2.223526 soc_aux=0.000000 awbc_label_rate=0.062
custom_ppo_update update=187 timesteps=95744 loss=0.811525 entropy=2.673677 adv_std=1.837194 soc_aux=0.000000 awbc_label_rate=0.062
custom_ppo_update update=188 timesteps=96256 loss=1.050506 entropy=2.730561 adv_std=2.484023 soc_aux=0.000000 awbc_label_rate=0.062
custom_ppo_update update=189 timesteps=96768 loss=0.973735 entropy=2.719176 adv_std=1.987749 soc_aux=0.000000 awbc_label_rate=0.062
custom_ppo_update update=190 timesteps=97280 loss=0.823695 entropy=2.665055 adv_std=2.028824 soc_aux=0.000000 awbc_label_rate=0.062
custom_ppo_update update=191 timesteps=97792 loss=2.056776 entropy=2.691552 adv_std=3.301186 soc_aux=0.000000 awbc_label_rate=0.062
custom_ppo_update update=192 timesteps=98304 loss=1.059978 entropy=2.693388 adv_std=2.122769 soc_aux=0.000000 awbc_label_rate=0.062
custom_ppo_update update=193 timesteps=98816 loss=0.285642 entropy=2.690767 adv_std=1.102233 soc_aux=0.000000 awbc_label_rate=0.062
custom_ppo_update update=194 timesteps=99328 loss=0.510687 entropy=2.683979 adv_std=1.622122 soc_aux=0.000000 awbc_label_rate=0.062
custom_ppo_update update=195 timesteps=99840 loss=0.784440 entropy=2.668498 adv_std=1.754474 soc_aux=0.000000 awbc_label_rate=0.062
custom_ppo_update update=196 timesteps=100000 loss=0.397661 entropy=2.658711 adv_std=1.070438 soc_aux=0.000000 awbc_label_rate=0.062
reports/v31_static_break_duty_pilot/v10_b0p65_particle_energy_cov_hguard_l12h85s12_dfb2p5_lam0p8_awbc0p02_kl0p05_prior0p5_100k_seed43/evaluation/v2_eval_overall.csv
                    policy  steps  weighted_normalized_mae      mae      rmse    smape  pearson      dtw  oracle_loss_mean  reward_mean  power_mean  power_max  peak_power_max  steady_violation_rate  peak_violation_rate  event_rate  warmup_abort_count  warmup_abort_rate  switches_per_step  always_on_sensor_count  always_off_sensor_count  mid_duty_sensor_count  duty_entropy  duty_min  duty_max  duty_std  obs_reconstruction_mae  forecast_samples  forecast_weighted_mae_overall  forecast_raw_mae_overall  forecast_weighted_mae_event  forecast_weighted_mae_non_event  forecast_weighted_mae_low_temp  forecast_weighted_mae_normal
               round_robin   4096                 0.198506 1.972503  4.519824 0.820086 0.778072 1.878944          0.144247    -0.154007    0.618750       0.64            0.82               0.000000             0.000000    0.293457                   0           0.000000           0.187485                       1                        1                      6      0.610783  0.000000  1.000000  0.318305                0.198506              4096                       0.144197                  3.618191                     0.174768                         0.081530                        0.070677                      0.097426
 feasible_static_projected   4096                 0.178659 1.917053  4.453475 0.811767 0.865358 1.850351          0.146093    -0.183633    0.600000       0.60            0.82               0.000000             0.000000    0.293457                   0           0.000000           0.000000                       3                        5                      0     -0.000000  0.000000  1.000000  0.484123                0.178659              4096                       0.146039                  3.581846                     0.178068                         0.080383                        0.068979                      0.096605
                       aoi   4096                 0.184134 1.335943  6.141604 0.798571 0.786281 1.166556          0.152015    -0.157705    0.636584       0.65            0.83               0.000000             0.000000    0.293457                   0           0.000000           0.498932                       0                        1                      7      0.823391  0.000000  0.669434  0.216932                0.184134              4096                       0.151983                  3.758434                     0.186050                         0.082149                        0.069747                      0.095692
                    random   4096                 0.221287 1.295436  5.786458 0.806076 0.754756 1.113297          0.154423    -0.169111    0.634336       0.65            0.88               0.000000             0.000000    0.293457                 472           0.115234           0.388431                       0                        1                      7      0.793270  0.000000  0.820312  0.237430                0.221287              4096                       0.154443                  3.966418                     0.191873                         0.077715                        0.076980                      0.085563
validation_selected_static   4096                 0.173467 2.220518  4.586106 0.900122 0.771517 2.163238          0.154634    -0.192173    0.550000       0.55            0.76               0.000000             0.000000    0.293457                   0           0.000000           0.000000                       3                        5                      0     -0.000000  0.000000  1.000000  0.484123                0.173467              4096                       0.154834                  4.449665                     0.199167                         0.063956                        0.053243                      0.077521
                custom_ppo   4096                 0.154739 3.574073 24.516951 0.809287 0.741280 1.827870          0.162304    -0.174551    0.640005       0.65            0.88               0.000000             0.000000    0.293457                 357           0.087158           0.291270                       0                        1                      7      0.723787  0.000000  0.824951  0.276032                0.154739              4096                       0.162456                  5.375248                     0.199571                         0.086374                        0.071511                      0.099223
   full_open_unconstrained   4096                 0.316863 1.088169  3.114232 0.795766 0.670807 1.051752          0.175598    -0.206755    0.656113       2.46            3.20               0.172852             0.079102    0.293457                 376           0.091797           0.023596                       5                        0                      3      0.183206  0.079102  1.000000  0.431383                0.316863              4096                       0.175578                  3.910703                     0.215569                         0.093601                        0.095219                      0.099395
reports/v31_static_break_duty_pilot/v10_b0p65_particle_energy_cov_hguard_l12h85s12_dfb2p5_lam0p8_awbc0p02_kl0p05_prior0p5_100k_seed43/v2_custom_ppo_metrics.csv
                    policy  steps  reward_mean  instant_mae  oracle_loss_mean   dtw_mean  power_mean  peak_power_max  event_rate  warmup_abort_count  switches_per_step  always_on_sensor_count  always_off_sensor_count  mid_duty_sensor_count  duty_entropy  duty_min  duty_max  duty_std
               round_robin   4096    -0.154007     6.775940          0.144247   4.190148    0.618750            0.82    0.293457                   0           0.187485                       1                        1                      6      0.610783  0.000000  1.000000  0.318305
 feasible_static_projected   4096    -0.183633     2.630832          0.146093   2.536835    0.600000            0.82    0.293457                   0           0.000000                       3                        5                      0     -0.000000  0.000000  1.000000  0.484123
                       aoi   4096    -0.157705     8.621183          0.152015   4.661085    0.636584            0.83    0.293457                   0           0.498932                       0                        1                      7      0.823391  0.000000  0.669434  0.216932
                    random   4096    -0.169111    10.985272          0.154423   5.866201    0.634336            0.88    0.293457                 472           0.388431                       0                        1                      7      0.793270  0.000000  0.820312  0.237430
validation_selected_static   4096    -0.192173   104.121484          0.154634 104.069203    0.550000            0.76    0.293457                   0           0.000000                       3                        5                      0     -0.000000  0.000000  1.000000  0.484123
                custom_ppo   4096    -0.174551    22.727770          0.162304  14.233377    0.640005            0.88    0.293457                 357           0.291270                       0                        1                      7      0.723787  0.000000  0.824951  0.276032
   full_open_unconstrained   4096    -0.206755     1.936875          0.175598   1.885779    0.656113            3.20    0.293457                 376           0.023596                       5                        0                      3      0.183206  0.079102  1.000000  0.431383
reports/v31_static_break_duty_pilot/v10_b0p65_particle_energy_cov_hguard_l12h85s12_dfb2p5_lam0p8_awbc0p02_kl0p05_prior0p5_100k_seed43/split_protocol_manifest.json
