{
  "budget": 1.1,
  "candidate_count": 154,
  "truth_event_rate": 0.44953333333333334,
  "eval_start_indices": [
    18456,
    14716,
    336,
    40192,
    15669,
    29542,
    11714,
    2452
  ],
  "event_loss_min": 1.6317779144325866,
  "non_event_loss_min": 0.6351211847924388,
  "best_overall": {
    "action_idx": -1035,
    "sensor_ids": "dynamic:auto_non2_event14_lead0",
    "oracle_loss_mean": 1.1429642054863507,
    "power_mean": 0.95322265625,
    "peak_max": 1.3
  },
  "best_event_laser": {
    "action_idx": 10007,
    "sensor_ids": "deployable_static:surface_temp_ir|shielded_thermo_hygro|fc4_flux",
    "oracle_loss_event": 1.6807992760352637,
    "power_mean": 0.9752929687499998,
    "peak_max": 1.49
  },
  "best_event_no_laser": {
    "action_idx": 26,
    "sensor_ids": "surface_temp_ir|shielded_thermo_hygro|fc4_flux",
    "oracle_loss_event": 1.6317779144325866,
    "power_mean": 0.8499999999999998,
    "peak_max": 1.1
  },
  "best_event_fc4": {
    "action_idx": 26,
    "sensor_ids": "surface_temp_ir|shielded_thermo_hygro|fc4_flux",
    "oracle_loss_event": 1.6317779144325866,
    "power_mean": 0.8499999999999998,
    "peak_max": 1.1
  },
  "best_event_no_fc4": {
    "action_idx": 12,
    "sensor_ids": "radiometer_basic|surface_temp_ir|shielded_thermo_hygro|snow_particle_counter",
    "oracle_loss_event": 1.6657473576780208,
    "power_mean": 0.9299999999999998,
    "peak_max": 1.21
  },
  "best_non_event_laser": {
    "action_idx": -1005,
    "sensor_ids": "dynamic:snow_core__event_laser_fc4",
    "oracle_loss_non_event": 0.667999357462871,
    "power_mean": 1.0054296875,
    "peak_max": 1.49
  },
  "best_non_event_no_laser": {
    "action_idx": -1037,
    "sensor_ids": "dynamic:auto_non2_event10_lead0",
    "oracle_loss_non_event": 0.6351211847924388,
    "power_mean": 0.87728515625,
    "peak_max": 1.19
  },
  "laser_event_lift": -0.049021361602677116,
  "fc4_event_lift": 0.03396944324543427,
  "laser_non_event_lift": -0.03287817267043214,
  "sensor_cfg": "configs/sensors/windblown_sensors_physical_event_v16_surface_boundary.yaml",
  "truth_csv": "reports/v31_static_break_v21_bursty_event_profile_scan_dwell12_gate_seed45_h082_20260613/truth_static_break_calibration.csv",
  "oracle_type": "tcn",
  "target_weights": [
    0.03,
    0.03,
    0.1,
    0.01,
    0.01,
    0.0,
    30.0,
    12.0,
    12.0
  ],
  "target_scales": [
    5.0,
    5.0,
    5.0,
    1.0,
    1.0,
    100.0,
    0.0001,
    0.2,
    5.0
  ],
  "constraints": {
    "max_active": 4,
    "per_step_budget": 1.1,
    "startup_peak_budget": 1.55,
    "required_sensor_ids": [],
    "coverage_groups": [
      {
        "name": "weather",
        "sensor_ids": [
          "met_station_core",
          "ultrasonic_anemometer_hd",
          "shielded_thermo_hygro"
        ]
      },
      {
        "name": "surface_forcing",
        "sensor_ids": [
          "radiometer_basic",
          "surface_temp_ir"
        ]
      },
      {
        "name": "snow_transport",
        "sensor_ids": [
          "snow_particle_counter",
          "laser_disdrometer",
          "fc4_flux"
        ]
      }
    ]
  },
  "energy_account": {
    "enabled": true,
    "energy_capacity": 180.0,
    "initial_energy": 180.0,
    "harvest_per_step": 0.82,
    "reserve_energy": 20.0,
    "lambda_energy_deficit": 1.0
  },
  "env_min_dwell_steps": 12,
  "eval_start_selection": "event_fraction",
  "eval_selection_stride": 64,
  "deployable_static_diagnostics": {
    "enabled": true,
    "top_k": 6,
    "duty_low": 0.12,
    "duty_high": 0.75,
    "duty_score": 12.0,
    "duty_feedback": 2.5
  }
}
reports/v31_static_break_v21_bursty_event_profile_scan_dwell12_gate_seed45_h082_20260613/event_flux_particle_v7_b1p10_p1p55/oracle_lift_candidate_table.csv
