reports/v31_split_protocol_no_warmup_hguard_envdwell12_h75_budget_sensitivity_10seed/raw/budget1p65_seed50/truth_v31_split.csv
reports/v31_split_protocol_no_warmup_hguard_envdwell12_h75_budget_sensitivity_10seed/raw/budget1p65_seed50/dataset_validation/synthetic_validation.csv
custom_ppo_update update=1 timesteps=2048 loss=0.627738 entropy=2.119033 adv_std=1.636428 soc_aux=0.000000 awbc_label_rate=0.250
custom_ppo_update update=2 timesteps=4096 loss=0.230192 entropy=2.102851 adv_std=1.216089 soc_aux=0.000000 awbc_label_rate=0.250
custom_ppo_update update=3 timesteps=6144 loss=0.343960 entropy=2.105824 adv_std=1.727978 soc_aux=0.000000 awbc_label_rate=0.250
custom_ppo_update update=4 timesteps=8192 loss=0.337208 entropy=2.104994 adv_std=1.863199 soc_aux=0.000000 awbc_label_rate=0.250
custom_ppo_update update=5 timesteps=10240 loss=0.224380 entropy=2.091821 adv_std=1.514088 soc_aux=0.000000 awbc_label_rate=0.250
custom_ppo_update update=6 timesteps=12288 loss=0.339022 entropy=2.089379 adv_std=1.935767 soc_aux=0.000000 awbc_label_rate=0.250
custom_ppo_update update=7 timesteps=14336 loss=0.496173 entropy=2.107926 adv_std=2.488976 soc_aux=0.000000 awbc_label_rate=0.250
custom_ppo_update update=8 timesteps=16384 loss=0.286529 entropy=2.095812 adv_std=1.984820 soc_aux=0.000000 awbc_label_rate=0.250
custom_ppo_update update=9 timesteps=18432 loss=0.568589 entropy=2.111432 adv_std=2.400767 soc_aux=0.000000 awbc_label_rate=0.250
custom_ppo_update update=10 timesteps=20480 loss=0.745727 entropy=2.110955 adv_std=2.963091 soc_aux=0.000000 awbc_label_rate=0.250
custom_ppo_update update=11 timesteps=22528 loss=0.570119 entropy=2.111991 adv_std=2.531295 soc_aux=0.000000 awbc_label_rate=0.250
custom_ppo_update update=12 timesteps=24576 loss=0.590634 entropy=2.110064 adv_std=3.275222 soc_aux=0.000000 awbc_label_rate=0.250
custom_ppo_update update=13 timesteps=26624 loss=0.313214 entropy=2.084445 adv_std=2.281558 soc_aux=0.000000 awbc_label_rate=0.250
custom_ppo_update update=14 timesteps=28672 loss=0.372584 entropy=2.092724 adv_std=2.298918 soc_aux=0.000000 awbc_label_rate=0.250
custom_ppo_update update=15 timesteps=30720 loss=0.339503 entropy=2.070910 adv_std=2.421272 soc_aux=0.000000 awbc_label_rate=0.250
custom_ppo_update update=16 timesteps=32768 loss=0.402357 entropy=2.046827 adv_std=2.667012 soc_aux=0.000000 awbc_label_rate=0.250
custom_ppo_update update=17 timesteps=34816 loss=0.304796 entropy=2.057406 adv_std=2.451915 soc_aux=0.000000 awbc_label_rate=0.250
custom_ppo_update update=18 timesteps=36864 loss=0.584419 entropy=2.053066 adv_std=2.792281 soc_aux=0.000000 awbc_label_rate=0.250
custom_ppo_update update=19 timesteps=38912 loss=0.340361 entropy=2.045578 adv_std=2.515775 soc_aux=0.000000 awbc_label_rate=0.250
custom_ppo_update update=20 timesteps=40000 loss=0.538967 entropy=2.051486 adv_std=2.559777 soc_aux=0.000000 awbc_label_rate=0.250
reports/v31_split_protocol_no_warmup_hguard_envdwell12_h75_budget_sensitivity_10seed/raw/budget1p65_seed50/v2_custom_ppo_metrics.csv
                                     policy  steps  reward_mean  instant_mae  oracle_loss_mean  dtw_mean  power_mean  peak_power_max  event_rate  warmup_abort_count  switches_per_step  always_on_sensor_count  always_off_sensor_count  mid_duty_sensor_count  duty_entropy  duty_min  duty_max  duty_std
                    full_open_unconstrained   6144    -0.309060     1.644823          0.121363  1.592275    4.620000            6.28    0.203939                   0           0.000000                       8                        0                      0     -0.000000  1.000000  1.000000  0.000000
duty_constrained_validation_selected_static   6144    -0.136101     4.582598          0.132910  3.124223    1.539512            2.20    0.203939                   0           0.030482                       0                        0                      8      0.683805  0.127930  0.753906  0.290105
                  feasible_static_projected   6144    -0.259612     2.894050          0.132917  2.766175    1.460000            1.95    0.203939                   0           0.000000                       3                        5                      0     -0.000000  0.000000  1.000000  0.484123
                 validation_selected_static   6144    -0.259612     2.894050          0.132917  2.766175    1.460000            1.95    0.203939                   0           0.000000                       3                        5                      0     -0.000000  0.000000  1.000000  0.484123
                                 custom_ppo   6144    -0.139587     5.958204          0.138637  3.582723    1.549593            2.23    0.203939                   0           0.033249                       0                        0                      8      0.736690  0.126953  0.718587  0.261230
               duty_constrained_round_robin   6144    -0.143252     8.704142          0.140845  4.818230    1.598984            2.23    0.203939                   0           0.057057                       0                        0                      8      0.874028  0.128906  0.578125  0.156786
                       duty_constrained_aoi   6144    -0.141506     6.598415          0.141381  4.151113    1.613281            2.23    0.203939                   0           0.062429                       0                        0                      8      0.903257  0.246094  0.507812  0.127971
                                        aoi   6144    -0.141506     6.598415          0.141381  4.151113    1.613281            2.23    0.203939                   0           0.062429                       0                        0                      8      0.903257  0.246094  0.507812  0.127971
                                round_robin   6144    -0.237111     6.947384          0.145099  4.460083    1.509609            1.95    0.203939                   0           0.020959                       2                        4                      2      0.249989  0.000000  1.000000  0.414583
                                     random   6144    -0.148121    12.833952          0.146088  6.488902    1.595703            2.23    0.203939                   0           0.040697                       0                        0                      8      0.869891  0.155273  0.631836  0.162973
 duty_constrained_feasible_static_projected   6144    -0.149314     7.151589          0.146285  3.913552    1.606953            2.23    0.203939                   0           0.053435                       0                        0                      8      0.888116  0.187500  0.566406  0.145032
                    duty_constrained_random   6144    -0.148742    11.902559          0.148652  7.914957    1.608398            2.23    0.203939                   0           0.043668                       0                        0                      8      0.897715  0.215820  0.522461  0.134492
reports/v31_split_protocol_no_warmup_hguard_envdwell12_h75_budget_sensitivity_10seed/raw/budget1p65_seed50/split_protocol_manifest.json
