reports/v31_split_protocol_no_warmup_hguard_envdwell12_h75_budget_sensitivity_10seed/raw/budget1p75_seed49/truth_v31_split.csv
reports/v31_split_protocol_no_warmup_hguard_envdwell12_h75_budget_sensitivity_10seed/raw/budget1p75_seed49/dataset_validation/synthetic_validation.csv
custom_ppo_update update=1 timesteps=2048 loss=0.139795 entropy=2.484555 adv_std=0.580213 soc_aux=0.000000 awbc_label_rate=0.250
custom_ppo_update update=2 timesteps=4096 loss=0.160942 entropy=2.473874 adv_std=0.769778 soc_aux=0.000000 awbc_label_rate=0.250
custom_ppo_update update=3 timesteps=6144 loss=0.249361 entropy=2.460555 adv_std=1.631826 soc_aux=0.000000 awbc_label_rate=0.250
custom_ppo_update update=4 timesteps=8192 loss=0.262774 entropy=2.462703 adv_std=1.618266 soc_aux=0.000000 awbc_label_rate=0.250
custom_ppo_update update=5 timesteps=10240 loss=0.262729 entropy=2.450513 adv_std=1.763922 soc_aux=0.000000 awbc_label_rate=0.250
custom_ppo_update update=6 timesteps=12288 loss=0.285393 entropy=2.440592 adv_std=2.008269 soc_aux=0.000000 awbc_label_rate=0.250
custom_ppo_update update=7 timesteps=14336 loss=0.313985 entropy=2.441578 adv_std=2.269543 soc_aux=0.000000 awbc_label_rate=0.250
custom_ppo_update update=8 timesteps=16384 loss=0.263209 entropy=2.442459 adv_std=1.697186 soc_aux=0.000000 awbc_label_rate=0.250
custom_ppo_update update=9 timesteps=18432 loss=0.558694 entropy=2.446746 adv_std=2.677063 soc_aux=0.000000 awbc_label_rate=0.250
custom_ppo_update update=10 timesteps=20480 loss=0.277524 entropy=2.444709 adv_std=2.082701 soc_aux=0.000000 awbc_label_rate=0.250
custom_ppo_update update=11 timesteps=22528 loss=0.744423 entropy=2.431189 adv_std=2.926106 soc_aux=0.000000 awbc_label_rate=0.250
custom_ppo_update update=12 timesteps=24576 loss=0.495481 entropy=2.446446 adv_std=2.735620 soc_aux=0.000000 awbc_label_rate=0.250
custom_ppo_update update=13 timesteps=26624 loss=0.394095 entropy=2.440860 adv_std=2.047721 soc_aux=0.000000 awbc_label_rate=0.250
custom_ppo_update update=14 timesteps=28672 loss=0.398377 entropy=2.443079 adv_std=2.361001 soc_aux=0.000000 awbc_label_rate=0.250
custom_ppo_update update=15 timesteps=30720 loss=0.488969 entropy=2.437100 adv_std=2.739780 soc_aux=0.000000 awbc_label_rate=0.250
custom_ppo_update update=16 timesteps=32768 loss=0.489379 entropy=2.433784 adv_std=2.930295 soc_aux=0.000000 awbc_label_rate=0.250
custom_ppo_update update=17 timesteps=34816 loss=0.281834 entropy=2.436464 adv_std=2.240737 soc_aux=0.000000 awbc_label_rate=0.250
custom_ppo_update update=18 timesteps=36864 loss=0.373319 entropy=2.435189 adv_std=2.483692 soc_aux=0.000000 awbc_label_rate=0.250
custom_ppo_update update=19 timesteps=38912 loss=0.386210 entropy=2.421637 adv_std=2.793938 soc_aux=0.000000 awbc_label_rate=0.250
custom_ppo_update update=20 timesteps=40000 loss=0.463799 entropy=2.425084 adv_std=1.809928 soc_aux=0.000000 awbc_label_rate=0.250
reports/v31_split_protocol_no_warmup_hguard_envdwell12_h75_budget_sensitivity_10seed/raw/budget1p75_seed49/v2_custom_ppo_metrics.csv
                                     policy  steps  reward_mean  instant_mae  oracle_loss_mean  dtw_mean  power_mean  peak_power_max  event_rate  warmup_abort_count  switches_per_step  always_on_sensor_count  always_off_sensor_count  mid_duty_sensor_count  duty_entropy  duty_min  duty_max  duty_std
                    full_open_unconstrained   6144    -0.294443     1.647082          0.106745  1.592341    4.620000            6.28    0.207194                   0           0.000000                       8                        0                      0     -0.000000  1.000000  1.000000  0.000000
duty_constrained_validation_selected_static   6144    -0.126780     5.151912          0.125012  3.216097    1.539727            2.35    0.207194                   0           0.030441                       0                        0                      8      0.688032  0.127930  0.743164  0.287795
               duty_constrained_round_robin   6144    -0.129529     9.245267          0.127268  4.970452    1.600156            2.35    0.207194                   0           0.057301                       0                        0                      8      0.874297  0.128906  0.578125  0.156494
                                 custom_ppo   6144    -0.129793     6.761784          0.128926  4.157279    1.558447            2.38    0.207194                   0           0.030197                       0                        0                      8      0.738853  0.127441  0.719889  0.259824
                                     random   6144    -0.130621    12.381511          0.130527  6.642044    1.625195            2.38    0.207194                   0           0.039679                       0                        0                      8      0.911694  0.161133  0.532227  0.114682
                                        aoi   6144    -0.131408    11.600887          0.131283  5.740825    1.661172            2.35    0.207194                   0           0.062876                       0                        0                      8      0.938653  0.328125  0.503906  0.072318
                       duty_constrained_aoi   6144    -0.131408    11.600887          0.131283  5.740825    1.661172            2.35    0.207194                   0           0.062876                       0                        0                      8      0.938653  0.328125  0.503906  0.072318
                    duty_constrained_random   6144    -0.136163    15.205531          0.135766  8.066069    1.637773            2.38    0.207194                   0           0.041266                       0                        0                      8      0.924998  0.247070  0.528320  0.097523
 duty_constrained_feasible_static_projected   6144    -0.137987     9.869829          0.136115  5.000774    1.637227            2.38    0.207194                   0           0.055103                       0                        0                      8      0.925015  0.244141  0.531250  0.097475
                 validation_selected_static   6144    -0.272871     2.881226          0.146176  2.761888    1.460000            1.95    0.207194                   0           0.000000                       3                        5                      0     -0.000000  0.000000  1.000000  0.484123
                  feasible_static_projected   6144    -0.272871     2.881226          0.146176  2.761888    1.460000            1.95    0.207194                   0           0.000000                       3                        5                      0     -0.000000  0.000000  1.000000  0.484123
                                round_robin   6144    -0.246054     7.098429          0.154041  4.499560    1.509609            1.95    0.207194                   0           0.020959                       2                        4                      2      0.249989  0.000000  1.000000  0.414583
reports/v31_split_protocol_no_warmup_hguard_envdwell12_h75_budget_sensitivity_10seed/raw/budget1p75_seed49/split_protocol_manifest.json
