scenebal2_pivot_start date=2026-06-21T15:53:45+08:00 seeds=122 117 router_conf=0.5
scenebal1_router_reaudit_start date=2026-06-21T16:15:27+08:00 seeds=122 117 router_conf=0.5 eval_dir=eval_router_conf05_scenebal2_20260621
reports/aggregate/scenebal2_pivot_conf05_122_117_macro_20260621/metpair_seed_summary.csv
reports/aggregate/scenebal2_pivot_conf05_122_117_macro_20260621/metpair_claim_summary.json
{
  "complete_seeds": 2,
  "seed_gate_pass_count": 2,
  "learned_gate_pass_count": 2,
  "replay_gate_pass_count": 2,
  "behavior_gate_pass_count": 2,
  "learned_macro_positive_count": 2,
  "replay_macro_positive_count": 2,
  "macro_seed_positive_count": 2,
  "learned_macro_gate_count": 2,
  "replay_macro_gate_count": 2,
  "macro_seed_gate_count": 2,
  "mean_learned_margin_abs": 0.14635561835666522,
  "median_learned_margin_abs": 0.14635561835666522,
  "mean_replay_margin_abs_vs_static_reference": 0.0549625620782308,
  "median_replay_margin_abs_vs_static_reference": 0.0549625620782308,
  "mean_learned_macro_margin_abs": 0.08098818528657192,
  "median_learned_macro_margin_abs": 0.08098818528657192,
  "mean_learned_macro_margin_abs_vs_macro_static_reference": 0.07166737201622841,
  "median_learned_macro_margin_abs_vs_macro_static_reference": 0.07166737201622841,
  "mean_replay_macro_margin_abs_vs_static_reference": 0.07021834008492417,
  "median_replay_macro_margin_abs_vs_static_reference": 0.07021834008492417,
  "one_sided_sign_test_p_seed_gate": 0.25,
  "one_sided_sign_test_p_macro_seed_positive": 0.25,
  "one_sided_sign_test_p_macro_seed_gate": 0.25,
  "claim_strength": "replicated_pilot",
  "reason": "all completed pilot seeds pass, but n is below 5",
  "macro_claim_strength": "replicated_macro_pilot",
  "macro_reason": "all completed pilot seeds pass the macro gate, but n is below 5"
}
 seed  complete  router_custom_ppo_loss  selected_static_loss                         macro_score_column  learned_margin_abs_vs_selected_static  replay_margin_abs_vs_static_reference  learned_macro_margin_abs_vs_selected_static  learned_macro_margin_abs_vs_macro_static_reference  replay_macro_margin_abs_vs_static_reference  macro_seed_positive_pass  macro_seed_gate_pass  behavior_gate_pass  seed_gate_pass
  117      True                 1.24008              1.284286 oracle_loss_macro_subtype_event_staticnorm                               0.044206                               0.029075                                     0.033985                                            0.023601                                     0.022158                      True                  True                True            True
  122      True                 1.35279              1.601295 oracle_loss_macro_subtype_event_staticnorm                               0.248505                               0.080850                                     0.127991                                            0.119734                                     0.118278                      True                  True                True            True
reports/aggregate/scenebal2_pivot_conf05_122_117_raw_macro_20260621/metpair_seed_summary.csv
reports/aggregate/scenebal2_pivot_conf05_122_117_raw_macro_20260621/metpair_claim_summary.json
{
  "complete_seeds": 2,
  "seed_gate_pass_count": 2,
  "learned_gate_pass_count": 2,
  "replay_gate_pass_count": 2,
  "behavior_gate_pass_count": 2,
  "learned_macro_positive_count": 2,
  "replay_macro_positive_count": 2,
  "macro_seed_positive_count": 2,
  "learned_macro_gate_count": 0,
  "replay_macro_gate_count": 2,
  "macro_seed_gate_count": 0,
  "mean_learned_margin_abs": 0.14635561835666522,
  "median_learned_margin_abs": 0.14635561835666522,
  "mean_replay_margin_abs_vs_static_reference": 0.0549625620782308,
  "median_replay_margin_abs_vs_static_reference": 0.0549625620782308,
  "mean_learned_macro_margin_abs": 0.3387202645729105,
  "median_learned_macro_margin_abs": 0.3387202645729105,
  "mean_learned_macro_margin_abs_vs_macro_static_reference": -1.1050444336620824,
  "median_learned_macro_margin_abs_vs_macro_static_reference": -1.1050444336620824,
  "mean_replay_macro_margin_abs_vs_static_reference": 0.07021834008492417,
  "median_replay_macro_margin_abs_vs_static_reference": 0.07021834008492417,
  "one_sided_sign_test_p_seed_gate": 0.25,
  "one_sided_sign_test_p_macro_seed_positive": 0.25,
  "one_sided_sign_test_p_macro_seed_gate": 1.0,
  "claim_strength": "replicated_pilot",
  "reason": "all completed pilot seeds pass, but n is below 5",
  "macro_claim_strength": "macro_not_supported",
  "macro_reason": "macro seed-level gates are not consistently positive"
}
 seed  complete  router_custom_ppo_loss  selected_static_loss              macro_score_column  learned_margin_abs_vs_selected_static  replay_margin_abs_vs_static_reference  learned_macro_margin_abs_vs_selected_static  learned_macro_margin_abs_vs_macro_static_reference  replay_macro_margin_abs_vs_static_reference  macro_seed_positive_pass  macro_seed_gate_pass  behavior_gate_pass  seed_gate_pass
  117      True                 1.24008              1.284286 oracle_loss_macro_subtype_event                               0.044206                               0.029075                                     0.007722                                           -1.302007                                     0.022158                      True                 False                True            True
  122      True                 1.35279              1.601295 oracle_loss_macro_subtype_event                               0.248505                               0.080850                                     0.669719                                           -0.908082                                     0.118278                      True                 False                True            True
reports/aggregate/scenebal2_pivot_conf05_122_117_oldclaim_20260621/oldclaim_seed_summary.csv
reports/aggregate/scenebal2_pivot_conf05_122_117_oldclaim_20260621/oldclaim_summary.json
{
  "complete_seeds": 2,
  "old_claim_step_gate_count": 2,
  "old_claim_macro_gate_count": 2,
  "behavior_eval_dirs": [
    "eval_router_conf05_scenebal2_20260621"
  ],
  "step_static_gate_count": 2,
  "step_rule_dynamic_gate_count": 2,
  "step_operational_gate_count": 2,
  "macro_static_gate_count": 2,
  "macro_rule_dynamic_gate_count": 2,
  "macro_operational_gate_count": 2,
  "replay_gate_count": 2,
  "replay_macro_gate_count": 2,
  "learned_replay_static_gate_count": 2,
  "learned_replay_macro_static_gate_count": 2,
  "learned_true_static_step_gate_count": 2,
  "learned_true_static_macro_gate_count": 2,
  "behavior_gate_count": 2,
  "mean_step_margin_vs_best_operational_baseline": 0.14635561835666522,
  "median_step_margin_vs_best_operational_baseline": 0.14635561835666522,
  "mean_macro_margin_vs_best_operational_baseline": 0.08098818528657192,
  "median_macro_margin_vs_best_operational_baseline": 0.08098818528657192,
  "one_sided_sign_test_p_old_claim_step_gate": 0.25,
  "one_sided_sign_test_p_old_claim_macro_gate": 0.25,
  "one_sided_sign_test_p_learned_true_static_step_gate": 0.25,
  "one_sided_sign_test_p_learned_true_static_macro_gate": 0.25,
  "claim_strength": "replicated_old_claim_step_pilot",
  "reason": "all completed pilot seeds pass old-claim step gates, but n is below 5",
  "macro_claim_strength": "replicated_old_claim_macro_pilot",
  "macro_reason": "all completed pilot seeds pass old-claim macro gates, but n is below 5"
}
 seed  complete  custom_ppo_loss  best_static_loss best_rule_dynamic_policy  best_rule_dynamic_loss  step_margin_vs_best_operational_baseline  step_margin_vs_replay_static_reference  macro_margin_vs_best_operational_baseline  macro_margin_vs_replay_static_reference  old_claim_step_gate_pass  old_claim_macro_gate_pass  learned_true_static_step_gate_pass  learned_true_static_macro_gate_pass
  117      True          1.24008          1.284286              round_robin                1.361847                                  0.044206                                0.028498                                   0.033985                                 0.023601                      True                       True                                True                                 True
  122      True          1.35279          1.601295              round_robin                1.626218                                  0.248505                                0.077386                                   0.127991                                 0.119734                      True                       True                                True                                 True
reports/aggregate/scenebal2_pivot_conf05_122_117_decision_audit_20260621.json
reports/aggregate/scenebal2_pivot_conf05_122_117_decision_audit_20260621.md
{
  "decision": "upgrade_allseed_strict",
  "rationale": "all pre-registered gates including strict true-static step pass",
  "recommendation": {
    "next_layer": "claim_update",
    "next_action": "Upgrade the SCENEBAL-1 claim only after confirming every pre-registered aggregate and artifact is present.",
    "protocol_report": "reports/aggregate/pdppo_next_layer_pivot_designs_20260621.md"
  },
  "gates": {
    "complete_seeds": 2,
    "step_operational_gate_count": 2,
    "macro_operational_gate_count": 2,
    "replay_step_gate_count": 2,
    "replay_macro_gate_count": 2,
    "behavior_gate_count": 2,
    "true_static_macro_gate_count": 2,
    "true_static_step_strict_gate_count": 2,
    "true_static_step_positive_count": 2,
    "old_claim_step_gate_count": 2,
    "old_claim_macro_gate_count": 2
  },
  "failures": {
    "step_operational_fail_seeds": [],
    "macro_operational_fail_seeds": [],
    "replay_step_fail_seeds": [],
    "replay_macro_fail_seeds": [],
    "behavior_fail_seeds": [],
    "true_static_step_sign_fail_seeds": [],
    "true_static_step_strict_fail_seeds": [],
    "true_static_macro_fail_seeds": []
  }
}
scenebal1_router_reaudit_done date=2026-06-21T16:16:52+08:00 oldclaim_dir=reports/aggregate/scenebal2_pivot_conf05_122_117_oldclaim_20260621 decision=reports/aggregate/scenebal2_pivot_conf05_122_117_decision_audit_20260621.json
scenebal2_pivot_done date=2026-06-21T16:16:52+08:00 aggregate_label=scenebal2_pivot_conf05_122_117
