scenebal2_seed_start seed=135 gpu=0 date=2026-06-21T17:57:42+08:00
[metpair-backbone-context] seed=135 out_dir=reports/v31_metpair_backbone_context_ortholinear_balancedobjective_scenebal2_seed135_h075ctxolscbal2_20260621
reports/v31_metpair_backbone_context_ortholinear_balancedobjective_scenebal2_seed135_h075ctxolscbal2_20260621/truth_v31_split.csv
reports/v31_metpair_backbone_context_ortholinear_balancedobjective_scenebal2_seed135_h075ctxolscbal2_20260621/dataset_validation/synthetic_validation.csv
custom_ppo_bc_pretrain steps=10000 loss=6.795568 accuracy=0.921 subtype_acc=0.976 unique_actions=4
custom_ppo_update update=1 timesteps=1024 loss=686.964126 entropy=1.071978 adv_std=33.450867 soc_aux=0.000000 subtype_aux=0.326265 subtype_acc=0.923 subtype_action_ce=0.000000 subtype_action_margin=0.000000 awbc_label_rate=1.000
custom_ppo_update update=2 timesteps=2048 loss=512.823728 entropy=1.062631 adv_std=30.140268 soc_aux=0.000000 subtype_aux=0.558633 subtype_acc=0.854 subtype_action_ce=0.000000 subtype_action_margin=0.000000 awbc_label_rate=1.000
custom_ppo_update update=3 timesteps=3072 loss=1095.615936 entropy=1.078954 adv_std=41.719379 soc_aux=0.000000 subtype_aux=0.934196 subtype_acc=0.825 subtype_action_ce=0.000000 subtype_action_margin=0.000000 awbc_label_rate=1.000
custom_ppo_update update=4 timesteps=4096 loss=519.554350 entropy=1.307140 adv_std=30.813244 soc_aux=0.000000 subtype_aux=0.384274 subtype_acc=0.892 subtype_action_ce=0.000000 subtype_action_margin=0.000000 awbc_label_rate=1.000
custom_ppo_update update=5 timesteps=5120 loss=929.415386 entropy=1.185688 adv_std=39.091106 soc_aux=0.000000 subtype_aux=0.508031 subtype_acc=0.852 subtype_action_ce=0.000000 subtype_action_margin=0.000000 awbc_label_rate=1.000
custom_ppo_update update=6 timesteps=6144 loss=981.137887 entropy=1.144105 adv_std=36.989429 soc_aux=0.000000 subtype_aux=0.428227 subtype_acc=0.855 subtype_action_ce=0.000000 subtype_action_margin=0.000000 awbc_label_rate=1.000
custom_ppo_update update=7 timesteps=7168 loss=567.500582 entropy=1.031062 adv_std=32.105740 soc_aux=0.000000 subtype_aux=0.254920 subtype_acc=0.926 subtype_action_ce=0.000000 subtype_action_margin=0.000000 awbc_label_rate=1.000
custom_ppo_update update=8 timesteps=8192 loss=888.901855 entropy=1.336022 adv_std=39.170219 soc_aux=0.000000 subtype_aux=0.395228 subtype_acc=0.882 subtype_action_ce=0.000000 subtype_action_margin=0.000000 awbc_label_rate=1.000
custom_ppo_update update=9 timesteps=9216 loss=594.007482 entropy=1.089349 adv_std=32.660076 soc_aux=0.000000 subtype_aux=0.250708 subtype_acc=0.922 subtype_action_ce=0.000000 subtype_action_margin=0.000000 awbc_label_rate=1.000
custom_ppo_update update=10 timesteps=10240 loss=592.351359 entropy=1.221169 adv_std=32.635082 soc_aux=0.000000 subtype_aux=0.355049 subtype_acc=0.907 subtype_action_ce=0.000000 subtype_action_margin=0.000000 awbc_label_rate=1.000
custom_ppo_update update=11 timesteps=11264 loss=1336.282533 entropy=1.207299 adv_std=38.603561 soc_aux=0.000000 subtype_aux=0.723620 subtype_acc=0.804 subtype_action_ce=0.000000 subtype_action_margin=0.000000 awbc_label_rate=1.000
custom_ppo_update update=12 timesteps=12288 loss=593.672949 entropy=1.021593 adv_std=33.317173 soc_aux=0.000000 subtype_aux=0.181045 subtype_acc=0.946 subtype_action_ce=0.000000 subtype_action_margin=0.000000 awbc_label_rate=1.000
custom_ppo_update update=13 timesteps=13312 loss=628.149264 entropy=1.035488 adv_std=32.914780 soc_aux=0.000000 subtype_aux=0.183482 subtype_acc=0.945 subtype_action_ce=0.000000 subtype_action_margin=0.000000 awbc_label_rate=1.000
custom_ppo_update update=14 timesteps=14336 loss=1162.469993 entropy=1.126798 adv_std=42.291164 soc_aux=0.000000 subtype_aux=0.645797 subtype_acc=0.810 subtype_action_ce=0.000000 subtype_action_margin=0.000000 awbc_label_rate=1.000
custom_ppo_update update=15 timesteps=15360 loss=599.722185 entropy=1.173325 adv_std=33.347431 soc_aux=0.000000 subtype_aux=0.171463 subtype_acc=0.947 subtype_action_ce=0.000000 subtype_action_margin=0.000000 awbc_label_rate=1.000
custom_ppo_update update=16 timesteps=16384 loss=770.400649 entropy=1.263286 adv_std=36.594704 soc_aux=0.000000 subtype_aux=0.244607 subtype_acc=0.939 subtype_action_ce=0.000000 subtype_action_margin=0.000000 awbc_label_rate=1.000
custom_ppo_update update=17 timesteps=17408 loss=724.931216 entropy=1.058617 adv_std=36.798817 soc_aux=0.000000 subtype_aux=0.166305 subtype_acc=0.951 subtype_action_ce=0.000000 subtype_action_margin=0.000000 awbc_label_rate=1.000
custom_ppo_update update=18 timesteps=18432 loss=771.187858 entropy=1.083096 adv_std=39.049187 soc_aux=0.000000 subtype_aux=0.262397 subtype_acc=0.916 subtype_action_ce=0.000000 subtype_action_margin=0.000000 awbc_label_rate=1.000
custom_ppo_update update=19 timesteps=19456 loss=728.474251 entropy=1.059542 adv_std=36.746933 soc_aux=0.000000 subtype_aux=0.257374 subtype_acc=0.928 subtype_action_ce=0.000000 subtype_action_margin=0.000000 awbc_label_rate=1.000
custom_ppo_update update=20 timesteps=20480 loss=450.364868 entropy=0.936446 adv_std=30.399401 soc_aux=0.000000 subtype_aux=0.049805 subtype_acc=0.984 subtype_action_ce=0.000000 subtype_action_margin=0.000000 awbc_label_rate=1.000
custom_ppo_update update=21 timesteps=21504 loss=827.046395 entropy=1.133429 adv_std=39.975132 soc_aux=0.000000 subtype_aux=0.283433 subtype_acc=0.928 subtype_action_ce=0.000000 subtype_action_margin=0.000000 awbc_label_rate=1.000
custom_ppo_update update=22 timesteps=22528 loss=789.563001 entropy=1.149015 adv_std=37.839439 soc_aux=0.000000 subtype_aux=0.191775 subtype_acc=0.947 subtype_action_ce=0.000000 subtype_action_margin=0.000000 awbc_label_rate=1.000
custom_ppo_update update=23 timesteps=23552 loss=525.518861 entropy=1.043357 adv_std=31.769150 soc_aux=0.000000 subtype_aux=0.181657 subtype_acc=0.940 subtype_action_ce=0.000000 subtype_action_margin=0.000000 awbc_label_rate=1.000
custom_ppo_update update=24 timesteps=24576 loss=529.957339 entropy=1.144801 adv_std=33.520985 soc_aux=0.000000 subtype_aux=0.185094 subtype_acc=0.947 subtype_action_ce=0.000000 subtype_action_margin=0.000000 awbc_label_rate=1.000
custom_ppo_update update=25 timesteps=25600 loss=494.367872 entropy=1.050055 adv_std=32.623920 soc_aux=0.000000 subtype_aux=0.138823 subtype_acc=0.963 subtype_action_ce=0.000000 subtype_action_margin=0.000000 awbc_label_rate=1.000
custom_ppo_update update=26 timesteps=26624 loss=749.127400 entropy=1.177517 adv_std=38.435455 soc_aux=0.000000 subtype_aux=0.285632 subtype_acc=0.927 subtype_action_ce=0.000000 subtype_action_margin=0.000000 awbc_label_rate=1.000
custom_ppo_update update=27 timesteps=27648 loss=646.113041 entropy=1.202216 adv_std=37.561436 soc_aux=0.000000 subtype_aux=0.177798 subtype_acc=0.948 subtype_action_ce=0.000000 subtype_action_margin=0.000000 awbc_label_rate=1.000
custom_ppo_update update=28 timesteps=28672 loss=720.716878 entropy=1.099430 adv_std=38.799850 soc_aux=0.000000 subtype_aux=0.193500 subtype_acc=0.943 subtype_action_ce=0.000000 subtype_action_margin=0.000000 awbc_label_rate=1.000
custom_ppo_update update=29 timesteps=29696 loss=771.572991 entropy=1.136215 adv_std=41.398357 soc_aux=0.000000 subtype_aux=0.181523 subtype_acc=0.945 subtype_action_ce=0.000000 subtype_action_margin=0.000000 awbc_label_rate=1.000
custom_ppo_update update=30 timesteps=30720 loss=611.506141 entropy=1.121519 adv_std=36.263905 soc_aux=0.000000 subtype_aux=0.159574 subtype_acc=0.954 subtype_action_ce=0.000000 subtype_action_margin=0.000000 awbc_label_rate=1.000
custom_ppo_update update=31 timesteps=31744 loss=951.220840 entropy=1.153047 adv_std=42.825417 soc_aux=0.000000 subtype_aux=0.246659 subtype_acc=0.925 subtype_action_ce=0.000000 subtype_action_margin=0.000000 awbc_label_rate=1.000
custom_ppo_update update=32 timesteps=32768 loss=633.294101 entropy=1.073683 adv_std=37.742912 soc_aux=0.000000 subtype_aux=0.144140 subtype_acc=0.956 subtype_action_ce=0.000000 subtype_action_margin=0.000000 awbc_label_rate=1.000
custom_ppo_update update=33 timesteps=33792 loss=436.992544 entropy=1.093660 adv_std=30.891003 soc_aux=0.000000 subtype_aux=0.094019 subtype_acc=0.975 subtype_action_ce=0.000000 subtype_action_margin=0.000000 awbc_label_rate=1.000
custom_ppo_update update=34 timesteps=34816 loss=448.008692 entropy=1.121361 adv_std=31.622328 soc_aux=0.000000 subtype_aux=0.076084 subtype_acc=0.977 subtype_action_ce=0.000000 subtype_action_margin=0.000000 awbc_label_rate=1.000
custom_ppo_update update=35 timesteps=35840 loss=534.670691 entropy=1.070852 adv_std=34.774788 soc_aux=0.000000 subtype_aux=0.176179 subtype_acc=0.955 subtype_action_ce=0.000000 subtype_action_margin=0.000000 awbc_label_rate=1.000
custom_ppo_update update=36 timesteps=36864 loss=607.889581 entropy=1.024580 adv_std=39.233410 soc_aux=0.000000 subtype_aux=0.060949 subtype_acc=0.983 subtype_action_ce=0.000000 subtype_action_margin=0.000000 awbc_label_rate=1.000
custom_ppo_update update=37 timesteps=37888 loss=510.572693 entropy=1.103652 adv_std=34.733749 soc_aux=0.000000 subtype_aux=0.114820 subtype_acc=0.971 subtype_action_ce=0.000000 subtype_action_margin=0.000000 awbc_label_rate=1.000
custom_ppo_update update=38 timesteps=38912 loss=557.530468 entropy=1.149029 adv_std=37.779839 soc_aux=0.000000 subtype_aux=0.117158 subtype_acc=0.964 subtype_action_ce=0.000000 subtype_action_margin=0.000000 awbc_label_rate=1.000
custom_ppo_update update=39 timesteps=39936 loss=754.254905 entropy=1.144120 adv_std=40.487835 soc_aux=0.000000 subtype_aux=0.196588 subtype_acc=0.943 subtype_action_ce=0.000000 subtype_action_margin=0.000000 awbc_label_rate=1.000
custom_ppo_update update=40 timesteps=40960 loss=477.550557 entropy=1.182540 adv_std=34.301273 soc_aux=0.000000 subtype_aux=0.076983 subtype_acc=0.980 subtype_action_ce=0.000000 subtype_action_margin=0.000000 awbc_label_rate=1.000
custom_ppo_update update=41 timesteps=41984 loss=376.082919 entropy=0.940945 adv_std=30.912966 soc_aux=0.000000 subtype_aux=0.043196 subtype_acc=0.986 subtype_action_ce=0.000000 subtype_action_margin=0.000000 awbc_label_rate=1.000
custom_ppo_update update=42 timesteps=43008 loss=744.953596 entropy=1.065813 adv_std=41.839954 soc_aux=0.000000 subtype_aux=0.091735 subtype_acc=0.972 subtype_action_ce=0.000000 subtype_action_margin=0.000000 awbc_label_rate=1.000
custom_ppo_update update=43 timesteps=44032 loss=421.635326 entropy=0.966130 adv_std=32.595661 soc_aux=0.000000 subtype_aux=0.073505 subtype_acc=0.977 subtype_action_ce=0.000000 subtype_action_margin=0.000000 awbc_label_rate=1.000
custom_ppo_update update=44 timesteps=45056 loss=354.579912 entropy=0.879277 adv_std=29.637415 soc_aux=0.000000 subtype_aux=0.049038 subtype_acc=0.987 subtype_action_ce=0.000000 subtype_action_margin=0.000000 awbc_label_rate=1.000
custom_ppo_update update=45 timesteps=46080 loss=423.642715 entropy=1.101952 adv_std=34.183460 soc_aux=0.000000 subtype_aux=0.168776 subtype_acc=0.953 subtype_action_ce=0.000000 subtype_action_margin=0.000000 awbc_label_rate=1.000
custom_ppo_update update=46 timesteps=47104 loss=368.902753 entropy=1.097887 adv_std=30.718983 soc_aux=0.000000 subtype_aux=0.066878 subtype_acc=0.986 subtype_action_ce=0.000000 subtype_action_margin=0.000000 awbc_label_rate=1.000
custom_ppo_update update=47 timesteps=48128 loss=384.666545 entropy=1.025679 adv_std=31.263205 soc_aux=0.000000 subtype_aux=0.141685 subtype_acc=0.964 subtype_action_ce=0.000000 subtype_action_margin=0.000000 awbc_label_rate=1.000
custom_ppo_update update=48 timesteps=49152 loss=587.191054 entropy=1.108333 adv_std=38.037777 soc_aux=0.000000 subtype_aux=0.057503 subtype_acc=0.978 subtype_action_ce=0.000000 subtype_action_margin=0.000000 awbc_label_rate=1.000
custom_ppo_update update=49 timesteps=50176 loss=520.398712 entropy=0.970969 adv_std=36.530960 soc_aux=0.000000 subtype_aux=0.057696 subtype_acc=0.979 subtype_action_ce=0.000000 subtype_action_margin=0.000000 awbc_label_rate=1.000
custom_ppo_update update=50 timesteps=51200 loss=650.571745 entropy=1.068204 adv_std=40.603016 soc_aux=0.000000 subtype_aux=0.116202 subtype_acc=0.964 subtype_action_ce=0.000000 subtype_action_margin=0.000000 awbc_label_rate=1.000
custom_ppo_update update=51 timesteps=52224 loss=574.775948 entropy=1.177167 adv_std=38.271542 soc_aux=0.000000 subtype_aux=0.114456 subtype_acc=0.974 subtype_action_ce=0.000000 subtype_action_margin=0.000000 awbc_label_rate=1.000
custom_ppo_update update=52 timesteps=53248 loss=511.038761 entropy=0.983354 adv_std=36.147060 soc_aux=0.000000 subtype_aux=0.105338 subtype_acc=0.972 subtype_action_ce=0.000000 subtype_action_margin=0.000000 awbc_label_rate=1.000
custom_ppo_update update=53 timesteps=54272 loss=494.188215 entropy=1.060626 adv_std=33.025684 soc_aux=0.000000 subtype_aux=0.079915 subtype_acc=0.974 subtype_action_ce=0.000000 subtype_action_margin=0.000000 awbc_label_rate=1.000
custom_ppo_update update=54 timesteps=55296 loss=579.524164 entropy=0.934571 adv_std=38.926823 soc_aux=0.000000 subtype_aux=0.078548 subtype_acc=0.977 subtype_action_ce=0.000000 subtype_action_margin=0.000000 awbc_label_rate=1.000
custom_ppo_update update=55 timesteps=56320 loss=449.224092 entropy=1.141270 adv_std=37.187305 soc_aux=0.000000 subtype_aux=0.149558 subtype_acc=0.961 subtype_action_ce=0.000000 subtype_action_margin=0.000000 awbc_label_rate=1.000
custom_ppo_update update=56 timesteps=57344 loss=695.112302 entropy=1.102419 adv_std=43.611526 soc_aux=0.000000 subtype_aux=0.159637 subtype_acc=0.953 subtype_action_ce=0.000000 subtype_action_margin=0.000000 awbc_label_rate=1.000
custom_ppo_update update=57 timesteps=58368 loss=437.161818 entropy=0.960699 adv_std=33.733280 soc_aux=0.000000 subtype_aux=0.041944 subtype_acc=0.985 subtype_action_ce=0.000000 subtype_action_margin=0.000000 awbc_label_rate=1.000
custom_ppo_update update=58 timesteps=59392 loss=547.841660 entropy=1.201282 adv_std=37.120586 soc_aux=0.000000 subtype_aux=0.062280 subtype_acc=0.985 subtype_action_ce=0.000000 subtype_action_margin=0.000000 awbc_label_rate=1.000
custom_ppo_update update=59 timesteps=60416 loss=296.433763 entropy=0.878531 adv_std=27.639761 soc_aux=0.000000 subtype_aux=0.078605 subtype_acc=0.978 subtype_action_ce=0.000000 subtype_action_margin=0.000000 awbc_label_rate=1.000
custom_ppo_update update=60 timesteps=61440 loss=479.212670 entropy=0.970141 adv_std=36.455864 soc_aux=0.000000 subtype_aux=0.187354 subtype_acc=0.966 subtype_action_ce=0.000000 subtype_action_margin=0.000000 awbc_label_rate=1.000
custom_ppo_update update=61 timesteps=62464 loss=734.339856 entropy=1.000881 adv_std=41.147545 soc_aux=0.000000 subtype_aux=0.058573 subtype_acc=0.985 subtype_action_ce=0.000000 subtype_action_margin=0.000000 awbc_label_rate=1.000
custom_ppo_update update=62 timesteps=63488 loss=400.430242 entropy=1.039733 adv_std=31.182089 soc_aux=0.000000 subtype_aux=0.061605 subtype_acc=0.982 subtype_action_ce=0.000000 subtype_action_margin=0.000000 awbc_label_rate=1.000
custom_ppo_update update=63 timesteps=64512 loss=364.112307 entropy=1.103380 adv_std=35.936123 soc_aux=0.000000 subtype_aux=0.046817 subtype_acc=0.986 subtype_action_ce=0.000000 subtype_action_margin=0.000000 awbc_label_rate=1.000
custom_ppo_update update=64 timesteps=65536 loss=552.927361 entropy=1.089942 adv_std=38.814411 soc_aux=0.000000 subtype_aux=0.061309 subtype_acc=0.983 subtype_action_ce=0.000000 subtype_action_margin=0.000000 awbc_label_rate=1.000
custom_ppo_update update=65 timesteps=66560 loss=485.268906 entropy=1.010540 adv_std=40.228485 soc_aux=0.000000 subtype_aux=0.073698 subtype_acc=0.977 subtype_action_ce=0.000000 subtype_action_margin=0.000000 awbc_label_rate=1.000
custom_ppo_update update=66 timesteps=67584 loss=614.226096 entropy=1.065698 adv_std=39.287365 soc_aux=0.000000 subtype_aux=0.031072 subtype_acc=0.990 subtype_action_ce=0.000000 subtype_action_margin=0.000000 awbc_label_rate=1.000
custom_ppo_update update=67 timesteps=68608 loss=520.927850 entropy=1.021307 adv_std=37.787319 soc_aux=0.000000 subtype_aux=0.044199 subtype_acc=0.988 subtype_action_ce=0.000000 subtype_action_margin=0.000000 awbc_label_rate=1.000
custom_ppo_update update=68 timesteps=69632 loss=486.530327 entropy=0.896397 adv_std=37.751019 soc_aux=0.000000 subtype_aux=0.020250 subtype_acc=0.993 subtype_action_ce=0.000000 subtype_action_margin=0.000000 awbc_label_rate=1.000
custom_ppo_update update=69 timesteps=70656 loss=566.297576 entropy=0.973178 adv_std=39.344688 soc_aux=0.000000 subtype_aux=0.031336 subtype_acc=0.991 subtype_action_ce=0.000000 subtype_action_margin=0.000000 awbc_label_rate=1.000
custom_ppo_update update=70 timesteps=71680 loss=482.130797 entropy=1.043837 adv_std=37.141621 soc_aux=0.000000 subtype_aux=0.088898 subtype_acc=0.976 subtype_action_ce=0.000000 subtype_action_margin=0.000000 awbc_label_rate=1.000
custom_ppo_update update=71 timesteps=72704 loss=352.176171 entropy=0.892495 adv_std=31.858828 soc_aux=0.000000 subtype_aux=0.038867 subtype_acc=0.991 subtype_action_ce=0.000000 subtype_action_margin=0.000000 awbc_label_rate=1.000
custom_ppo_update update=72 timesteps=73728 loss=404.441137 entropy=1.009070 adv_std=38.445114 soc_aux=0.000000 subtype_aux=0.123870 subtype_acc=0.970 subtype_action_ce=0.000000 subtype_action_margin=0.000000 awbc_label_rate=1.000
custom_ppo_update update=73 timesteps=74752 loss=447.151990 entropy=0.957032 adv_std=38.097321 soc_aux=0.000000 subtype_aux=0.063271 subtype_acc=0.984 subtype_action_ce=0.000000 subtype_action_margin=0.000000 awbc_label_rate=1.000
custom_ppo_update update=74 timesteps=75776 loss=592.334129 entropy=0.876028 adv_std=39.437119 soc_aux=0.000000 subtype_aux=0.057786 subtype_acc=0.986 subtype_action_ce=0.000000 subtype_action_margin=0.000000 awbc_label_rate=1.000
custom_ppo_update update=75 timesteps=76800 loss=337.323869 entropy=0.871697 adv_std=34.511536 soc_aux=0.000000 subtype_aux=0.039042 subtype_acc=0.990 subtype_action_ce=0.000000 subtype_action_margin=0.000000 awbc_label_rate=1.000
custom_ppo_update update=76 timesteps=77824 loss=296.718501 entropy=0.789359 adv_std=31.027370 soc_aux=0.000000 subtype_aux=0.013150 subtype_acc=0.997 subtype_action_ce=0.000000 subtype_action_margin=0.000000 awbc_label_rate=1.000
custom_ppo_update update=77 timesteps=78848 loss=486.888596 entropy=0.898791 adv_std=40.273056 soc_aux=0.000000 subtype_aux=0.046134 subtype_acc=0.990 subtype_action_ce=0.000000 subtype_action_margin=0.000000 awbc_label_rate=1.000
custom_ppo_update update=78 timesteps=79872 loss=328.787763 entropy=1.020862 adv_std=36.416618 soc_aux=0.000000 subtype_aux=0.019601 subtype_acc=0.995 subtype_action_ce=0.000000 subtype_action_margin=0.000000 awbc_label_rate=1.000
custom_ppo_update update=79 timesteps=80896 loss=367.958965 entropy=0.976468 adv_std=33.886639 soc_aux=0.000000 subtype_aux=0.026472 subtype_acc=0.992 subtype_action_ce=0.000000 subtype_action_margin=0.000000 awbc_label_rate=1.000
custom_ppo_update update=80 timesteps=81920 loss=305.218969 entropy=0.871069 adv_std=30.191257 soc_aux=0.000000 subtype_aux=0.040615 subtype_acc=0.990 subtype_action_ce=0.000000 subtype_action_margin=0.000000 awbc_label_rate=1.000
custom_ppo_update update=81 timesteps=82944 loss=363.086033 entropy=0.986421 adv_std=34.402443 soc_aux=0.000000 subtype_aux=0.020458 subtype_acc=0.993 subtype_action_ce=0.000000 subtype_action_margin=0.000000 awbc_label_rate=1.000
custom_ppo_update update=82 timesteps=83968 loss=327.298106 entropy=0.973451 adv_std=35.438709 soc_aux=0.000000 subtype_aux=0.084351 subtype_acc=0.981 subtype_action_ce=0.000000 subtype_action_margin=0.000000 awbc_label_rate=1.000
custom_ppo_update update=83 timesteps=84992 loss=560.990311 entropy=1.077523 adv_std=40.263477 soc_aux=0.000000 subtype_aux=0.022717 subtype_acc=0.992 subtype_action_ce=0.000000 subtype_action_margin=0.000000 awbc_label_rate=1.000
custom_ppo_update update=84 timesteps=86016 loss=321.831934 entropy=0.912257 adv_std=35.167225 soc_aux=0.000000 subtype_aux=0.030353 subtype_acc=0.991 subtype_action_ce=0.000000 subtype_action_margin=0.000000 awbc_label_rate=1.000
custom_ppo_update update=85 timesteps=87040 loss=293.938279 entropy=0.845793 adv_std=34.013351 soc_aux=0.000000 subtype_aux=0.020485 subtype_acc=0.994 subtype_action_ce=0.000000 subtype_action_margin=0.000000 awbc_label_rate=1.000
custom_ppo_update update=86 timesteps=88064 loss=469.189464 entropy=1.114596 adv_std=40.649597 soc_aux=0.000000 subtype_aux=0.036384 subtype_acc=0.990 subtype_action_ce=0.000000 subtype_action_margin=0.000000 awbc_label_rate=1.000
custom_ppo_update update=87 timesteps=89088 loss=360.415712 entropy=0.991991 adv_std=32.460091 soc_aux=0.000000 subtype_aux=0.032238 subtype_acc=0.992 subtype_action_ce=0.000000 subtype_action_margin=0.000000 awbc_label_rate=1.000
custom_ppo_update update=88 timesteps=90112 loss=293.453926 entropy=0.875744 adv_std=33.436764 soc_aux=0.000000 subtype_aux=0.022473 subtype_acc=0.994 subtype_action_ce=0.000000 subtype_action_margin=0.000000 awbc_label_rate=1.000
custom_ppo_update update=89 timesteps=91136 loss=318.150644 entropy=0.855051 adv_std=32.765205 soc_aux=0.000000 subtype_aux=0.027475 subtype_acc=0.993 subtype_action_ce=0.000000 subtype_action_margin=0.000000 awbc_label_rate=1.000
custom_ppo_update update=90 timesteps=92160 loss=356.488743 entropy=0.911847 adv_std=37.283760 soc_aux=0.000000 subtype_aux=0.016350 subtype_acc=0.996 subtype_action_ce=0.000000 subtype_action_margin=0.000000 awbc_label_rate=1.000
custom_ppo_update update=91 timesteps=93184 loss=249.980609 entropy=0.871819 adv_std=31.673515 soc_aux=0.000000 subtype_aux=0.013188 subtype_acc=0.995 subtype_action_ce=0.000000 subtype_action_margin=0.000000 awbc_label_rate=1.000
custom_ppo_update update=92 timesteps=94208 loss=331.947780 entropy=0.802007 adv_std=36.626572 soc_aux=0.000000 subtype_aux=0.024940 subtype_acc=0.994 subtype_action_ce=0.000000 subtype_action_margin=0.000000 awbc_label_rate=1.000
custom_ppo_update update=93 timesteps=95232 loss=229.477063 entropy=0.688587 adv_std=26.293159 soc_aux=0.000000 subtype_aux=0.004449 subtype_acc=0.999 subtype_action_ce=0.000000 subtype_action_margin=0.000000 awbc_label_rate=1.000
custom_ppo_update update=94 timesteps=96256 loss=579.899315 entropy=0.931587 adv_std=42.328960 soc_aux=0.000000 subtype_aux=0.077876 subtype_acc=0.983 subtype_action_ce=0.000000 subtype_action_margin=0.000000 awbc_label_rate=1.000
custom_ppo_update update=95 timesteps=97280 loss=537.412201 entropy=0.986343 adv_std=42.028458 soc_aux=0.000000 subtype_aux=0.010362 subtype_acc=0.997 subtype_action_ce=0.000000 subtype_action_margin=0.000000 awbc_label_rate=1.000
custom_ppo_update update=96 timesteps=98304 loss=269.959871 entropy=0.758013 adv_std=31.067831 soc_aux=0.000000 subtype_aux=0.025098 subtype_acc=0.991 subtype_action_ce=0.000000 subtype_action_margin=0.000000 awbc_label_rate=1.000
custom_ppo_update update=97 timesteps=99328 loss=261.684602 entropy=0.909831 adv_std=32.421616 soc_aux=0.000000 subtype_aux=0.045130 subtype_acc=0.984 subtype_action_ce=0.000000 subtype_action_margin=0.000000 awbc_label_rate=1.000
custom_ppo_update update=98 timesteps=100352 loss=186.038793 entropy=0.953725 adv_std=23.887192 soc_aux=0.000000 subtype_aux=0.031346 subtype_acc=0.992 subtype_action_ce=0.000000 subtype_action_margin=0.000000 awbc_label_rate=1.000
custom_ppo_update update=99 timesteps=101376 loss=235.499499 entropy=0.872062 adv_std=29.938166 soc_aux=0.000000 subtype_aux=0.052082 subtype_acc=0.988 subtype_action_ce=0.000000 subtype_action_margin=0.000000 awbc_label_rate=1.000
custom_ppo_update update=100 timesteps=102400 loss=191.971048 entropy=0.840501 adv_std=23.546566 soc_aux=0.000000 subtype_aux=0.023569 subtype_acc=0.995 subtype_action_ce=0.000000 subtype_action_margin=0.000000 awbc_label_rate=1.000
custom_ppo_update update=101 timesteps=103424 loss=236.852125 entropy=0.841567 adv_std=29.414671 soc_aux=0.000000 subtype_aux=0.034410 subtype_acc=0.992 subtype_action_ce=0.000000 subtype_action_margin=0.000000 awbc_label_rate=1.000
custom_ppo_update update=102 timesteps=104448 loss=303.466281 entropy=0.871599 adv_std=31.026459 soc_aux=0.000000 subtype_aux=0.045465 subtype_acc=0.988 subtype_action_ce=0.000000 subtype_action_margin=0.000000 awbc_label_rate=1.000
custom_ppo_update update=103 timesteps=105472 loss=191.824079 entropy=0.912461 adv_std=27.503660 soc_aux=0.000000 subtype_aux=0.034942 subtype_acc=0.991 subtype_action_ce=0.000000 subtype_action_margin=0.000000 awbc_label_rate=1.000
custom_ppo_update update=104 timesteps=106496 loss=213.945646 entropy=0.870910 adv_std=31.305111 soc_aux=0.000000 subtype_aux=0.023620 subtype_acc=0.993 subtype_action_ce=0.000000 subtype_action_margin=0.000000 awbc_label_rate=1.000
custom_ppo_update update=105 timesteps=107520 loss=223.495572 entropy=0.854242 adv_std=28.782520 soc_aux=0.000000 subtype_aux=0.024140 subtype_acc=0.993 subtype_action_ce=0.000000 subtype_action_margin=0.000000 awbc_label_rate=1.000
custom_ppo_update update=106 timesteps=108544 loss=171.288311 entropy=0.748186 adv_std=26.261360 soc_aux=0.000000 subtype_aux=0.008094 subtype_acc=0.998 subtype_action_ce=0.000000 subtype_action_margin=0.000000 awbc_label_rate=1.000
custom_ppo_update update=107 timesteps=109568 loss=233.102607 entropy=0.853158 adv_std=33.976650 soc_aux=0.000000 subtype_aux=0.007129 subtype_acc=0.998 subtype_action_ce=0.000000 subtype_action_margin=0.000000 awbc_label_rate=1.000
custom_ppo_update update=108 timesteps=110592 loss=239.471346 entropy=0.877346 adv_std=31.844891 soc_aux=0.000000 subtype_aux=0.002198 subtype_acc=1.000 subtype_action_ce=0.000000 subtype_action_margin=0.000000 awbc_label_rate=1.000
custom_ppo_update update=109 timesteps=111616 loss=293.746813 entropy=0.813433 adv_std=33.520271 soc_aux=0.000000 subtype_aux=0.010681 subtype_acc=0.997 subtype_action_ce=0.000000 subtype_action_margin=0.000000 awbc_label_rate=1.000
custom_ppo_update update=110 timesteps=112640 loss=270.713916 entropy=0.895882 adv_std=31.180986 soc_aux=0.000000 subtype_aux=0.014646 subtype_acc=0.995 subtype_action_ce=0.000000 subtype_action_margin=0.000000 awbc_label_rate=1.000
custom_ppo_update update=111 timesteps=113664 loss=238.663171 entropy=0.857843 adv_std=33.032555 soc_aux=0.000000 subtype_aux=0.011948 subtype_acc=0.997 subtype_action_ce=0.000000 subtype_action_margin=0.000000 awbc_label_rate=1.000
custom_ppo_update update=112 timesteps=114688 loss=232.960395 entropy=0.764690 adv_std=30.588003 soc_aux=0.000000 subtype_aux=0.025847 subtype_acc=0.994 subtype_action_ce=0.000000 subtype_action_margin=0.000000 awbc_label_rate=1.000
custom_ppo_update update=113 timesteps=115712 loss=187.232529 entropy=0.817316 adv_std=27.179392 soc_aux=0.000000 subtype_aux=0.045931 subtype_acc=0.988 subtype_action_ce=0.000000 subtype_action_margin=0.000000 awbc_label_rate=1.000
custom_ppo_update update=114 timesteps=116736 loss=165.200875 entropy=0.739020 adv_std=27.714634 soc_aux=0.000000 subtype_aux=0.079236 subtype_acc=0.988 subtype_action_ce=0.000000 subtype_action_margin=0.000000 awbc_label_rate=1.000
custom_ppo_update update=115 timesteps=117760 loss=247.575471 entropy=0.800110 adv_std=31.781660 soc_aux=0.000000 subtype_aux=0.037923 subtype_acc=0.991 subtype_action_ce=0.000000 subtype_action_margin=0.000000 awbc_label_rate=1.000
custom_ppo_update update=116 timesteps=118784 loss=209.972590 entropy=0.721774 adv_std=26.118690 soc_aux=0.000000 subtype_aux=0.026387 subtype_acc=0.995 subtype_action_ce=0.000000 subtype_action_margin=0.000000 awbc_label_rate=1.000
custom_ppo_update update=117 timesteps=119808 loss=183.783236 entropy=0.715811 adv_std=26.909491 soc_aux=0.000000 subtype_aux=0.042385 subtype_acc=0.990 subtype_action_ce=0.000000 subtype_action_margin=0.000000 awbc_label_rate=1.000
custom_ppo_update update=118 timesteps=120832 loss=211.165788 entropy=0.739896 adv_std=30.492432 soc_aux=0.000000 subtype_aux=0.006033 subtype_acc=0.998 subtype_action_ce=0.000000 subtype_action_margin=0.000000 awbc_label_rate=1.000
custom_ppo_update update=119 timesteps=121856 loss=164.807918 entropy=0.661928 adv_std=29.352221 soc_aux=0.000000 subtype_aux=0.005310 subtype_acc=0.999 subtype_action_ce=0.000000 subtype_action_margin=0.000000 awbc_label_rate=1.000
custom_ppo_update update=120 timesteps=122880 loss=263.273950 entropy=0.763609 adv_std=32.227436 soc_aux=0.000000 subtype_aux=0.033077 subtype_acc=0.991 subtype_action_ce=0.000000 subtype_action_margin=0.000000 awbc_label_rate=1.000
custom_ppo_update update=121 timesteps=123904 loss=136.638027 entropy=0.771031 adv_std=24.242893 soc_aux=0.000000 subtype_aux=0.028566 subtype_acc=0.994 subtype_action_ce=0.000000 subtype_action_margin=0.000000 awbc_label_rate=1.000
custom_ppo_update update=122 timesteps=124928 loss=160.706085 entropy=0.671465 adv_std=26.943775 soc_aux=0.000000 subtype_aux=0.010009 subtype_acc=0.996 subtype_action_ce=0.000000 subtype_action_margin=0.000000 awbc_label_rate=1.000
custom_ppo_update update=123 timesteps=125952 loss=200.738670 entropy=0.700711 adv_std=27.872534 soc_aux=0.000000 subtype_aux=0.021514 subtype_acc=0.995 subtype_action_ce=0.000000 subtype_action_margin=0.000000 awbc_label_rate=1.000
custom_ppo_update update=124 timesteps=126976 loss=148.302864 entropy=0.617822 adv_std=24.857384 soc_aux=0.000000 subtype_aux=0.015340 subtype_acc=0.996 subtype_action_ce=0.000000 subtype_action_margin=0.000000 awbc_label_rate=1.000
custom_ppo_update update=125 timesteps=128000 loss=215.413346 entropy=0.551600 adv_std=25.059214 soc_aux=0.000000 subtype_aux=0.009013 subtype_acc=0.998 subtype_action_ce=0.000000 subtype_action_margin=0.000000 awbc_label_rate=1.000
custom_ppo_update update=126 timesteps=129024 loss=225.719000 entropy=0.740984 adv_std=32.235867 soc_aux=0.000000 subtype_aux=0.012529 subtype_acc=0.996 subtype_action_ce=0.000000 subtype_action_margin=0.000000 awbc_label_rate=1.000
custom_ppo_update update=127 timesteps=130048 loss=306.443081 entropy=0.714193 adv_std=38.649368 soc_aux=0.000000 subtype_aux=0.011178 subtype_acc=0.998 subtype_action_ce=0.000000 subtype_action_margin=0.000000 awbc_label_rate=1.000
custom_ppo_update update=128 timesteps=131072 loss=187.648729 entropy=0.639472 adv_std=31.270773 soc_aux=0.000000 subtype_aux=0.013110 subtype_acc=0.997 subtype_action_ce=0.000000 subtype_action_margin=0.000000 awbc_label_rate=1.000
custom_ppo_update update=129 timesteps=132096 loss=299.463037 entropy=0.637445 adv_std=35.480152 soc_aux=0.000000 subtype_aux=0.000951 subtype_acc=1.000 subtype_action_ce=0.000000 subtype_action_margin=0.000000 awbc_label_rate=1.000
custom_ppo_update update=130 timesteps=133120 loss=308.906389 entropy=0.672546 adv_std=37.372116 soc_aux=0.000000 subtype_aux=0.009616 subtype_acc=0.997 subtype_action_ce=0.000000 subtype_action_margin=0.000000 awbc_label_rate=1.000
custom_ppo_update update=131 timesteps=134144 loss=222.603881 entropy=0.684839 adv_std=33.282326 soc_aux=0.000000 subtype_aux=0.025424 subtype_acc=0.994 subtype_action_ce=0.000000 subtype_action_margin=0.000000 awbc_label_rate=1.000
custom_ppo_update update=132 timesteps=135168 loss=211.827481 entropy=0.562173 adv_std=32.764000 soc_aux=0.000000 subtype_aux=0.003931 subtype_acc=0.999 subtype_action_ce=0.000000 subtype_action_margin=0.000000 awbc_label_rate=1.000
custom_ppo_update update=133 timesteps=136192 loss=244.733240 entropy=0.634678 adv_std=33.631516 soc_aux=0.000000 subtype_aux=0.015331 subtype_acc=0.995 subtype_action_ce=0.000000 subtype_action_margin=0.000000 awbc_label_rate=1.000
custom_ppo_update update=134 timesteps=137216 loss=159.249062 entropy=0.543203 adv_std=27.964243 soc_aux=0.000000 subtype_aux=0.007919 subtype_acc=0.998 subtype_action_ce=0.000000 subtype_action_margin=0.000000 awbc_label_rate=1.000
custom_ppo_update update=135 timesteps=138240 loss=179.485332 entropy=0.839848 adv_std=30.398087 soc_aux=0.000000 subtype_aux=0.011484 subtype_acc=0.996 subtype_action_ce=0.000000 subtype_action_margin=0.000000 awbc_label_rate=1.000
custom_ppo_update update=136 timesteps=139264 loss=264.337915 entropy=0.595595 adv_std=30.610966 soc_aux=0.000000 subtype_aux=0.012348 subtype_acc=0.997 subtype_action_ce=0.000000 subtype_action_margin=0.000000 awbc_label_rate=1.000
custom_ppo_update update=137 timesteps=140288 loss=190.121470 entropy=0.686442 adv_std=30.712360 soc_aux=0.000000 subtype_aux=0.018636 subtype_acc=0.995 subtype_action_ce=0.000000 subtype_action_margin=0.000000 awbc_label_rate=1.000
custom_ppo_update update=138 timesteps=141312 loss=256.992220 entropy=0.738840 adv_std=34.149570 soc_aux=0.000000 subtype_aux=0.009049 subtype_acc=0.997 subtype_action_ce=0.000000 subtype_action_margin=0.000000 awbc_label_rate=1.000
custom_ppo_update update=139 timesteps=142336 loss=225.393952 entropy=0.606037 adv_std=33.576061 soc_aux=0.000000 subtype_aux=0.016789 subtype_acc=0.996 subtype_action_ce=0.000000 subtype_action_margin=0.000000 awbc_label_rate=1.000
custom_ppo_update update=140 timesteps=143360 loss=177.092107 entropy=0.596155 adv_std=30.147058 soc_aux=0.000000 subtype_aux=0.007181 subtype_acc=0.997 subtype_action_ce=0.000000 subtype_action_margin=0.000000 awbc_label_rate=1.000
custom_ppo_update update=141 timesteps=144384 loss=136.863503 entropy=0.628627 adv_std=25.619226 soc_aux=0.000000 subtype_aux=0.002139 subtype_acc=1.000 subtype_action_ce=0.000000 subtype_action_margin=0.000000 awbc_label_rate=1.000
custom_ppo_update update=142 timesteps=145408 loss=104.921834 entropy=0.615110 adv_std=20.491022 soc_aux=0.000000 subtype_aux=0.007147 subtype_acc=0.999 subtype_action_ce=0.000000 subtype_action_margin=0.000000 awbc_label_rate=1.000
custom_ppo_update update=143 timesteps=146432 loss=136.454691 entropy=0.566265 adv_std=23.027006 soc_aux=0.000000 subtype_aux=0.004732 subtype_acc=0.998 subtype_action_ce=0.000000 subtype_action_margin=0.000000 awbc_label_rate=1.000
custom_ppo_update update=144 timesteps=147456 loss=193.004444 entropy=0.590878 adv_std=28.040869 soc_aux=0.000000 subtype_aux=0.000727 subtype_acc=1.000 subtype_action_ce=0.000000 subtype_action_margin=0.000000 awbc_label_rate=1.000
custom_ppo_update update=145 timesteps=148480 loss=149.401634 entropy=0.619256 adv_std=27.123182 soc_aux=0.000000 subtype_aux=0.095667 subtype_acc=0.983 subtype_action_ce=0.000000 subtype_action_margin=0.000000 awbc_label_rate=1.000
custom_ppo_update update=146 timesteps=149504 loss=116.459026 entropy=0.513896 adv_std=21.226320 soc_aux=0.000000 subtype_aux=0.015370 subtype_acc=0.997 subtype_action_ce=0.000000 subtype_action_margin=0.000000 awbc_label_rate=1.000
custom_ppo_update update=147 timesteps=150528 loss=159.216196 entropy=0.614418 adv_std=26.031717 soc_aux=0.000000 subtype_aux=0.038535 subtype_acc=0.992 subtype_action_ce=0.000000 subtype_action_margin=0.000000 awbc_label_rate=1.000
custom_ppo_update update=148 timesteps=151552 loss=181.149758 entropy=0.585166 adv_std=28.571566 soc_aux=0.000000 subtype_aux=0.014274 subtype_acc=0.996 subtype_action_ce=0.000000 subtype_action_margin=0.000000 awbc_label_rate=1.000
custom_ppo_update update=149 timesteps=152576 loss=215.293809 entropy=0.555617 adv_std=32.790779 soc_aux=0.000000 subtype_aux=0.009079 subtype_acc=0.998 subtype_action_ce=0.000000 subtype_action_margin=0.000000 awbc_label_rate=1.000
custom_ppo_update update=150 timesteps=153600 loss=182.156677 entropy=0.625448 adv_std=29.152472 soc_aux=0.000000 subtype_aux=0.034109 subtype_acc=0.992 subtype_action_ce=0.000000 subtype_action_margin=0.000000 awbc_label_rate=1.000
custom_ppo_update update=151 timesteps=154624 loss=137.999266 entropy=0.472939 adv_std=24.781210 soc_aux=0.000000 subtype_aux=0.001682 subtype_acc=0.999 subtype_action_ce=0.000000 subtype_action_margin=0.000000 awbc_label_rate=1.000
custom_ppo_update update=152 timesteps=155648 loss=202.128156 entropy=0.441304 adv_std=28.966473 soc_aux=0.000000 subtype_aux=0.001518 subtype_acc=1.000 subtype_action_ce=0.000000 subtype_action_margin=0.000000 awbc_label_rate=1.000
custom_ppo_update update=153 timesteps=156672 loss=120.478440 entropy=0.409269 adv_std=26.215780 soc_aux=0.000000 subtype_aux=0.003341 subtype_acc=0.999 subtype_action_ce=0.000000 subtype_action_margin=0.000000 awbc_label_rate=1.000
custom_ppo_update update=154 timesteps=157696 loss=105.990007 entropy=0.414945 adv_std=22.024574 soc_aux=0.000000 subtype_aux=0.002381 subtype_acc=0.999 subtype_action_ce=0.000000 subtype_action_margin=0.000000 awbc_label_rate=1.000
custom_ppo_update update=155 timesteps=158720 loss=216.157991 entropy=0.449003 adv_std=28.447153 soc_aux=0.000000 subtype_aux=0.006031 subtype_acc=0.998 subtype_action_ce=0.000000 subtype_action_margin=0.000000 awbc_label_rate=1.000
custom_ppo_update update=156 timesteps=159744 loss=224.094909 entropy=0.490677 adv_std=31.836895 soc_aux=0.000000 subtype_aux=0.003327 subtype_acc=0.999 subtype_action_ce=0.000000 subtype_action_margin=0.000000 awbc_label_rate=1.000
custom_ppo_update update=157 timesteps=160768 loss=245.031069 entropy=0.488469 adv_std=33.055851 soc_aux=0.000000 subtype_aux=0.010313 subtype_acc=0.997 subtype_action_ce=0.000000 subtype_action_margin=0.000000 awbc_label_rate=1.000
custom_ppo_update update=158 timesteps=161792 loss=159.457089 entropy=0.412905 adv_std=30.360165 soc_aux=0.000000 subtype_aux=0.001527 subtype_acc=1.000 subtype_action_ce=0.000000 subtype_action_margin=0.000000 awbc_label_rate=1.000
custom_ppo_update update=159 timesteps=162816 loss=114.874619 entropy=0.513294 adv_std=24.698416 soc_aux=0.000000 subtype_aux=0.017829 subtype_acc=0.996 subtype_action_ce=0.000000 subtype_action_margin=0.000000 awbc_label_rate=1.000
custom_ppo_update update=160 timesteps=163840 loss=126.321578 entropy=0.490972 adv_std=27.756783 soc_aux=0.000000 subtype_aux=0.028436 subtype_acc=0.995 subtype_action_ce=0.000000 subtype_action_margin=0.000000 awbc_label_rate=1.000
custom_ppo_update update=161 timesteps=164864 loss=104.435854 entropy=0.476708 adv_std=23.921961 soc_aux=0.000000 subtype_aux=0.006756 subtype_acc=0.997 subtype_action_ce=0.000000 subtype_action_margin=0.000000 awbc_label_rate=1.000
custom_ppo_update update=162 timesteps=165888 loss=146.943068 entropy=0.420335 adv_std=27.970388 soc_aux=0.000000 subtype_aux=0.002508 subtype_acc=0.999 subtype_action_ce=0.000000 subtype_action_margin=0.000000 awbc_label_rate=1.000
custom_ppo_update update=163 timesteps=166912 loss=105.317344 entropy=0.390269 adv_std=23.665558 soc_aux=0.000000 subtype_aux=0.004384 subtype_acc=0.999 subtype_action_ce=0.000000 subtype_action_margin=0.000000 awbc_label_rate=1.000
custom_ppo_update update=164 timesteps=167936 loss=136.774717 entropy=0.426725 adv_std=28.500425 soc_aux=0.000000 subtype_aux=0.000306 subtype_acc=1.000 subtype_action_ce=0.000000 subtype_action_margin=0.000000 awbc_label_rate=1.000
custom_ppo_update update=165 timesteps=168960 loss=209.776993 entropy=0.529300 adv_std=33.510551 soc_aux=0.000000 subtype_aux=0.019209 subtype_acc=0.995 subtype_action_ce=0.000000 subtype_action_margin=0.000000 awbc_label_rate=1.000
custom_ppo_update update=166 timesteps=169984 loss=173.670248 entropy=0.369391 adv_std=28.443844 soc_aux=0.000000 subtype_aux=0.007530 subtype_acc=0.998 subtype_action_ce=0.000000 subtype_action_margin=0.000000 awbc_label_rate=1.000
custom_ppo_update update=167 timesteps=171008 loss=173.689735 entropy=0.354491 adv_std=28.714266 soc_aux=0.000000 subtype_aux=0.000713 subtype_acc=1.000 subtype_action_ce=0.000000 subtype_action_margin=0.000000 awbc_label_rate=1.000
custom_ppo_update update=168 timesteps=172032 loss=113.894112 entropy=0.344742 adv_std=25.797167 soc_aux=0.000000 subtype_aux=0.007256 subtype_acc=0.998 subtype_action_ce=0.000000 subtype_action_margin=0.000000 awbc_label_rate=1.000
custom_ppo_update update=169 timesteps=173056 loss=97.306387 entropy=0.276671 adv_std=23.725000 soc_aux=0.000000 subtype_aux=0.001934 subtype_acc=1.000 subtype_action_ce=0.000000 subtype_action_margin=0.000000 awbc_label_rate=1.000
custom_ppo_update update=170 timesteps=174080 loss=159.242861 entropy=0.439582 adv_std=29.044474 soc_aux=0.000000 subtype_aux=0.034861 subtype_acc=0.992 subtype_action_ce=0.000000 subtype_action_margin=0.000000 awbc_label_rate=1.000
custom_ppo_update update=171 timesteps=175104 loss=113.133581 entropy=0.430641 adv_std=22.146969 soc_aux=0.000000 subtype_aux=0.019712 subtype_acc=0.995 subtype_action_ce=0.000000 subtype_action_margin=0.000000 awbc_label_rate=1.000
custom_ppo_update update=172 timesteps=176128 loss=129.382175 entropy=0.356440 adv_std=27.222744 soc_aux=0.000000 subtype_aux=0.012459 subtype_acc=0.996 subtype_action_ce=0.000000 subtype_action_margin=0.000000 awbc_label_rate=1.000
custom_ppo_update update=173 timesteps=177152 loss=215.435839 entropy=0.384172 adv_std=32.633923 soc_aux=0.000000 subtype_aux=0.012657 subtype_acc=0.996 subtype_action_ce=0.000000 subtype_action_margin=0.000000 awbc_label_rate=1.000
custom_ppo_update update=174 timesteps=178176 loss=95.776248 entropy=0.367774 adv_std=21.429518 soc_aux=0.000000 subtype_aux=0.020990 subtype_acc=0.995 subtype_action_ce=0.000000 subtype_action_margin=0.000000 awbc_label_rate=1.000
custom_ppo_update update=175 timesteps=179200 loss=98.746040 entropy=0.332053 adv_std=23.656193 soc_aux=0.000000 subtype_aux=0.003474 subtype_acc=1.000 subtype_action_ce=0.000000 subtype_action_margin=0.000000 awbc_label_rate=1.000
custom_ppo_update update=176 timesteps=180224 loss=212.903824 entropy=0.448672 adv_std=32.273235 soc_aux=0.000000 subtype_aux=0.030377 subtype_acc=0.993 subtype_action_ce=0.000000 subtype_action_margin=0.000000 awbc_label_rate=1.000
custom_ppo_update update=177 timesteps=181248 loss=159.372323 entropy=0.398834 adv_std=29.459044 soc_aux=0.000000 subtype_aux=0.032443 subtype_acc=0.994 subtype_action_ce=0.000000 subtype_action_margin=0.000000 awbc_label_rate=1.000
custom_ppo_update update=178 timesteps=182272 loss=96.528558 entropy=0.342383 adv_std=22.760870 soc_aux=0.000000 subtype_aux=0.028685 subtype_acc=0.994 subtype_action_ce=0.000000 subtype_action_margin=0.000000 awbc_label_rate=1.000
custom_ppo_update update=179 timesteps=183296 loss=101.795460 entropy=0.332664 adv_std=23.196589 soc_aux=0.000000 subtype_aux=0.015958 subtype_acc=0.996 subtype_action_ce=0.000000 subtype_action_margin=0.000000 awbc_label_rate=1.000
custom_ppo_update update=180 timesteps=184320 loss=123.288146 entropy=0.370009 adv_std=30.693626 soc_aux=0.000000 subtype_aux=0.006308 subtype_acc=0.999 subtype_action_ce=0.000000 subtype_action_margin=0.000000 awbc_label_rate=1.000
custom_ppo_update update=181 timesteps=185344 loss=91.008266 entropy=0.258959 adv_std=20.388302 soc_aux=0.000000 subtype_aux=0.010383 subtype_acc=0.998 subtype_action_ce=0.000000 subtype_action_margin=0.000000 awbc_label_rate=1.000
custom_ppo_update update=182 timesteps=186368 loss=66.888443 entropy=0.261500 adv_std=18.680300 soc_aux=0.000000 subtype_aux=0.023045 subtype_acc=0.996 subtype_action_ce=0.000000 subtype_action_margin=0.000000 awbc_label_rate=1.000
custom_ppo_update update=183 timesteps=187392 loss=148.816766 entropy=0.441926 adv_std=29.792803 soc_aux=0.000000 subtype_aux=0.090646 subtype_acc=0.987 subtype_action_ce=0.000000 subtype_action_margin=0.000000 awbc_label_rate=1.000
custom_ppo_update update=184 timesteps=188416 loss=125.569476 entropy=0.315401 adv_std=27.688234 soc_aux=0.000000 subtype_aux=0.004825 subtype_acc=0.999 subtype_action_ce=0.000000 subtype_action_margin=0.000000 awbc_label_rate=1.000
custom_ppo_update update=185 timesteps=189440 loss=68.802810 entropy=0.314001 adv_std=21.862080 soc_aux=0.000000 subtype_aux=0.016322 subtype_acc=0.996 subtype_action_ce=0.000000 subtype_action_margin=0.000000 awbc_label_rate=1.000
custom_ppo_update update=186 timesteps=190464 loss=113.567087 entropy=0.369536 adv_std=25.993887 soc_aux=0.000000 subtype_aux=0.048628 subtype_acc=0.990 subtype_action_ce=0.000000 subtype_action_margin=0.000000 awbc_label_rate=1.000
custom_ppo_update update=187 timesteps=191488 loss=151.790336 entropy=0.334889 adv_std=30.190098 soc_aux=0.000000 subtype_aux=0.005165 subtype_acc=0.998 subtype_action_ce=0.000000 subtype_action_margin=0.000000 awbc_label_rate=1.000
custom_ppo_update update=188 timesteps=192512 loss=151.770499 entropy=0.341173 adv_std=30.193733 soc_aux=0.000000 subtype_aux=0.022929 subtype_acc=0.995 subtype_action_ce=0.000000 subtype_action_margin=0.000000 awbc_label_rate=1.000
custom_ppo_update update=189 timesteps=193536 loss=101.844246 entropy=0.270671 adv_std=27.542402 soc_aux=0.000000 subtype_aux=0.007317 subtype_acc=0.998 subtype_action_ce=0.000000 subtype_action_margin=0.000000 awbc_label_rate=1.000
custom_ppo_update update=190 timesteps=194560 loss=127.641902 entropy=0.239529 adv_std=24.882675 soc_aux=0.000000 subtype_aux=0.002362 subtype_acc=0.999 subtype_action_ce=0.000000 subtype_action_margin=0.000000 awbc_label_rate=1.000
custom_ppo_update update=191 timesteps=195584 loss=47.111443 entropy=0.278239 adv_std=15.564928 soc_aux=0.000000 subtype_aux=0.005958 subtype_acc=0.998 subtype_action_ce=0.000000 subtype_action_margin=0.000000 awbc_label_rate=1.000
custom_ppo_update update=192 timesteps=196608 loss=92.679047 entropy=0.304499 adv_std=22.830154 soc_aux=0.000000 subtype_aux=0.012085 subtype_acc=0.997 subtype_action_ce=0.000000 subtype_action_margin=0.000000 awbc_label_rate=1.000
custom_ppo_update update=193 timesteps=197632 loss=84.421835 entropy=0.275821 adv_std=23.728827 soc_aux=0.000000 subtype_aux=0.000858 subtype_acc=1.000 subtype_action_ce=0.000000 subtype_action_margin=0.000000 awbc_label_rate=1.000
custom_ppo_update update=194 timesteps=198656 loss=30.852482 entropy=0.183263 adv_std=11.494240 soc_aux=0.000000 subtype_aux=0.003361 subtype_acc=0.999 subtype_action_ce=0.000000 subtype_action_margin=0.000000 awbc_label_rate=1.000
custom_ppo_update update=195 timesteps=199680 loss=128.465599 entropy=0.350827 adv_std=27.527082 soc_aux=0.000000 subtype_aux=0.010454 subtype_acc=0.997 subtype_action_ce=0.000000 subtype_action_margin=0.000000 awbc_label_rate=1.000
custom_ppo_update update=196 timesteps=200000 loss=40.523493 entropy=0.169330 adv_std=11.028074 soc_aux=0.000000 subtype_aux=0.000866 subtype_acc=1.000 subtype_action_ce=0.000000 subtype_action_margin=0.000000 awbc_label_rate=1.000
reports/v31_metpair_backbone_context_ortholinear_balancedobjective_scenebal2_seed135_h075ctxolscbal2_20260621/evaluation/v2_eval_overall.csv
                    policy  steps  weighted_normalized_mae      mae      rmse    smape  pearson      dtw  oracle_loss_mean  reward_mean  power_mean  power_max  peak_power_max  steady_violation_rate  peak_violation_rate  event_rate  warmup_abort_count  warmup_abort_rate  switches_per_step  always_on_sensor_count  always_off_sensor_count  mid_duty_sensor_count  duty_entropy  duty_min  duty_max  duty_std  obs_reconstruction_mae  forecast_samples  forecast_weighted_mae_overall  forecast_raw_mae_overall  forecast_weighted_mae_event  forecast_weighted_mae_non_event  forecast_weighted_mae_low_temp  forecast_weighted_mae_normal
                custom_ppo   4096                 0.644463 5.459533 20.209632 0.881816 0.643241 5.356271          1.141695    -1.141699    0.651299       0.74            0.92                    0.0                  0.0    0.602539                   0                0.0           0.003582                       1                        1                      4      0.509717  0.000000       1.0  0.323127                0.644463              4096                     337.249940               1818.387823                    51.313390                      2088.176192                      366.278094                      0.165872
validation_selected_static   4096                 1.691734 6.345243 20.587063 0.913471 0.713792 6.335641          1.295357    -1.295357    0.740000       0.74            0.92                    0.0                  0.0    0.602539                   0                0.0           0.000000                       2                        4                      0     -0.000000  0.000000       1.0  0.471405                1.691734              4096                     337.282265               1818.081263                    51.348622                      2088.190709                      366.311096                      0.181945
 feasible_static_projected   4096                 0.554444 2.415908  5.508440 0.898176 0.995365 2.405132          1.267311    -1.267311    0.330000       0.33            0.40                    0.0                  0.0    0.602539                   0                0.0           0.000000                       2                        4                      0     -0.000000  0.000000       1.0  0.471405                0.554444              4096                     337.355522               1818.535885                    51.435774                      2088.178879                      366.382786                      0.222864
               round_robin   4096                 1.499603 3.257488 18.185082 0.855135 0.647639 2.552769          1.289855    -1.289902    0.584570       0.74            0.87                    0.0                  0.0    0.602539                   0                0.0           0.045584                       1                        0                      5      0.600529  0.191406       1.0  0.298555                1.499603              4096                     337.355990               1818.862462                    51.427287                      2088.234184                      366.382617                      0.269208
   full_open_unconstrained   4096                 1.577394 1.084457  2.816469 0.823354 0.801088 1.030666          1.199707    -1.199709    1.980000       1.98            2.48                    1.0                  1.0    0.602539                   0                0.0           0.000000                       6                        0                      0     -0.000000  1.000000       1.0  0.000000                1.577394              4096                     337.357057               1818.435398                    51.423240                      2088.266568                      366.383173                      0.324846
                    random   4096                 1.395071 3.832592 21.962706 0.863394 0.621078 2.874894          1.311643    -1.311696    0.620391       0.74            0.87                    0.0                  0.0    0.602539                   0                0.0           0.052666                       1                        0                      5      0.595993  0.142578       1.0  0.300190                1.395071              4096                     337.364974               1818.856841                    51.434861                      2088.251802                      366.390843                      0.364275
                       aoi   4096                 1.186881 3.564780 20.642421 0.865646 0.631189 2.858348          1.326119    -1.326175    0.594961       0.74            0.87                    0.0                  0.0    0.602539                   0                0.0           0.055352                       1                        0                      5      0.601598  0.199219       1.0  0.298146                1.186881              4096                     337.375574               1818.778493                    51.450381                      2088.232281                      366.394088                      0.291061
reports/v31_metpair_backbone_context_ortholinear_balancedobjective_scenebal2_seed135_h075ctxolscbal2_20260621/v2_custom_ppo_metrics.csv
                    policy  steps  reward_mean  instant_mae  oracle_loss_mean  dtw_mean  power_mean  peak_power_max  event_rate  warmup_abort_count  switches_per_step  always_on_sensor_count  always_off_sensor_count  mid_duty_sensor_count  duty_entropy  duty_min  duty_max  duty_std  oracle_loss_event  oracle_loss_non_event  oracle_loss_subtype_particle  steps_subtype_particle  oracle_loss_subtype_flux  steps_subtype_flux  oracle_loss_subtype_thermal  steps_subtype_thermal  oracle_loss_macro_subtype_event  macro_subtype_event_count  oracle_loss_subtype_particle_staticnorm  oracle_loss_subtype_flux_staticnorm  oracle_loss_subtype_thermal_staticnorm  oracle_loss_macro_subtype_event_staticnorm
                custom_ppo   4096    -1.141699     4.242347          1.141695  4.106656    0.651299            0.92    0.602539                   0           0.003582                       1                        1                      4      0.509717  0.000000       1.0  0.323127           1.347303               0.829998                      0.742069                    1272                  4.906412                 294                     1.040739                    902                         2.229740                          3                                 1.837179                             0.785974                                0.498864                                    1.040672
   full_open_unconstrained   4096    -1.199709     1.670343          1.199707  1.569807    1.980000            2.48    0.602539                   0           0.000000                       6                        0                      0     -0.000000  1.000000       1.0  0.000000           1.384317               0.919843                      0.767940                    1272                  5.016868                 294                     1.069528                    902                         2.284779                          3                                 1.901230                             0.803668                                0.512664                                    1.072520
 feasible_static_projected   4096    -1.267311     2.385354          1.267311  2.322810    0.330000            0.40    0.602539                   0           0.000000                       2                        4                      0     -0.000000  0.000000       1.0  0.471405           1.546854               0.843530                      0.727520                    1272                  6.117932                 294                     1.212372                    902                         2.685941                          3                                 1.801158                             0.980051                                0.581134                                    1.120781
               round_robin   4096    -1.289902     3.027087          1.289855  2.490995    0.584570            0.87    0.602539                   0           0.045584                       1                        0                      5      0.600529  0.191406       1.0  0.298555           1.556458               0.885694                      0.753207                    1272                  5.912252                 294                     1.269464                    902                         2.644975                          3                                 1.864753                             0.947102                                0.608500                                    1.140118
                    random   4096    -1.311696     3.360615          1.311643  2.685367    0.620391            0.87    0.602539                   0           0.052666                       1                        0                      5      0.595993  0.142578       1.0  0.300190           1.585231               0.896892                      0.748104                    1272                  5.974515                 294                     1.335094                    902                         2.685904                          3                                 1.852120                             0.957076                                0.639959                                    1.149718
validation_selected_static   4096    -1.295357     4.768812          1.295357  4.691794    0.740000            0.92    0.602539                   0           0.000000                       2                        4                      0     -0.000000  0.000000       1.0  0.471405           1.609402               0.819273                      0.742047                    1272                  6.435331                 294                     1.259572                    902                         2.812316                          3                                 1.837123                             1.030896                                0.603758                                    1.157259
                       aoi   4096    -1.326175     3.227240          1.326119  2.689481    0.594961            0.87    0.602539                   0           0.055352                       1                        0                      5      0.601598  0.199219       1.0  0.298146           1.599424               0.911798                      0.752950                    1272                  6.123469                 294                     1.318543                    902                         2.731654                          3                                 1.864116                             0.980938                                0.632025                                    1.159026
reports/v31_metpair_backbone_context_ortholinear_balancedobjective_scenebal2_seed135_h075ctxolscbal2_20260621/split_protocol_manifest.json
reports/v31_metpair_backbone_context_ortholinear_balancedobjective_scenebal2_seed135_h075ctxolscbal2_20260621/eval_router_conf08/v2_custom_ppo_metrics.csv
                    policy  steps  reward_mean  instant_mae  oracle_loss_mean  dtw_mean  power_mean  peak_power_max  event_rate  warmup_abort_count  switches_per_step  always_on_sensor_count  always_off_sensor_count  mid_duty_sensor_count  duty_entropy  duty_min  duty_max  duty_std
                custom_ppo   4096    -1.141699     4.242347          1.141695  4.106656    0.651299            0.92    0.602539                   0           0.003582                       1                        1                      4      0.509717  0.000000       1.0  0.323127
   full_open_unconstrained   4096    -1.199709     1.670343          1.199707  1.569807    1.980000            2.48    0.602539                   0           0.000000                       6                        0                      0     -0.000000  1.000000       1.0  0.000000
 feasible_static_projected   4096    -1.267311     2.385354          1.267311  2.322810    0.330000            0.40    0.602539                   0           0.000000                       2                        4                      0     -0.000000  0.000000       1.0  0.471405
               round_robin   4096    -1.289902     3.027087          1.289855  2.490995    0.584570            0.87    0.602539                   0           0.045584                       1                        0                      5      0.600529  0.191406       1.0  0.298555
validation_selected_static   4096    -1.295357     4.768812          1.295357  4.691794    0.740000            0.92    0.602539                   0           0.000000                       2                        4                      0     -0.000000  0.000000       1.0  0.471405
                    random   4096    -1.311696     3.360615          1.311643  2.685367    0.620391            0.87    0.602539                   0           0.052666                       1                        0                      5      0.595993  0.142578       1.0  0.300190
                       aoi   4096    -1.326175     3.227240          1.326119  2.689481    0.594961            0.87    0.602539                   0           0.055352                       1                        0                      5      0.601598  0.199219       1.0  0.298146
{
  "source_run_dir": "reports/v31_metpair_backbone_context_ortholinear_balancedobjective_scenebal2_seed135_h075ctxolscbal2_20260621",
  "replay_family": "subtype_explicit",
  "eval_steps": 512,
  "eval_start_indices": [
    65198,
    65710,
    66222,
    66734,
    67246,
    67758,
    68270,
    68782
  ],
  "reference_policy": "feasible_static_projected",
  "reference_oracle_loss_mean": 1.2673105168951224,
  "required_margin_abs": 0.012673105168951225,
  "source_reference_gate_pass": true,
  "static_reference_policy": "static_action5",
  "static_reference_oracle_loss_mean": 1.1991853307172278,
  "static_required_margin_abs": 0.011991853307172277,
  "best_static_reference_event_loss": 1.4165465356585851,
  "best_static_reference_non_event_loss": 0.8696721527103051,
  "static_macro_reference_policy": "static_action5",
  "static_macro_reference_oracle_loss_macro_subtype_event": 0.9372002993067611,
  "macro_score_column": "oracle_loss_macro_subtype_event_staticnorm",
  "static_macro_reference_score": 0.9372002993067611,
  "static_macro_required_margin_abs": 0.009372002993067612,
  "macro_min_margin_abs": 0.005,
  "macro_min_margin_rel": 0.01,
  "enforce_static_candidate_reference": true,
  "static_reference_duty_guard": "off",
  "best_replay_policy": "split_metpair_subtype_explicit_l4",
  "best_replay_oracle_loss_mean": 1.1355679793482523,
  "best_replay_event_loss": 1.3369355465276422,
  "best_replay_non_event_loss": 0.8303006846315848,
  "best_replay_macro_subtype_policy": "split_metpair_subtype_explicit_l4",
  "best_replay_oracle_loss_macro_subtype_event": 0.8779995322450217,
  "best_replay_macro_score": 0.8779995322450217,
  "margin_abs_vs_reference": 0.13174253754687015,
  "margin_rel_vs_reference": 0.10395442615724197,
  "margin_abs_vs_static_reference": 0.0636173513689755,
  "margin_rel_vs_static_reference": 0.05305047496780688,
  "margin_abs_vs_static_macro_reference": 0.05920076706173938,
  "margin_rel_vs_static_macro_reference": 0.06316767835598182,
  "static_reference_gate_pass": true,
  "static_macro_positive_pass": true,
  "static_macro_reference_gate_pass": true,
  "gate_pass": true,
  "top_sizes": [
    2,
    3,
    5
  ],
  "subtype_top_size_cap": 2,
  "lead_steps": [
    0,
    4,
    8,
    12,
    16
  ],
  "dwell_steps": [
    6,
    10,
    16,
    24
  ]
}
                            policy  steps  reward_mean  instant_mae  oracle_loss_mean  dtw_mean  power_mean  peak_power_max  event_rate  warmup_abort_count  switches_per_step  always_on_sensor_count  always_off_sensor_count  mid_duty_sensor_count  duty_entropy  duty_min  duty_max  duty_std  oracle_loss_event  oracle_loss_non_event  oracle_loss_subtype_particle  steps_subtype_particle  oracle_loss_subtype_flux  steps_subtype_flux  oracle_loss_subtype_thermal  steps_subtype_thermal  oracle_loss_macro_subtype_event  macro_subtype_event_count    replay_family  requested_top_size  top_size  lead_steps  dwell_steps  calm_action_idx  particle_action_idx  flux_action_idx  thermal_action_idx                        calm_sensor_ids                particle_sensor_ids           flux_sensor_ids               thermal_sensor_ids                   calm_pool_sensor_ids           particle_pool_sensor_ids      flux_pool_sensor_ids          thermal_pool_sensor_ids  oracle_loss_subtype_particle_staticnorm  oracle_loss_subtype_flux_staticnorm  oracle_loss_subtype_thermal_staticnorm  oracle_loss_macro_subtype_event_staticnorm          reference_policy  reference_oracle_loss_mean  margin_abs_vs_reference  margin_rel_vs_reference  source_reference_gate_pass static_reference_policy  static_reference_oracle_loss_mean  margin_abs_vs_static_reference  margin_rel_vs_static_reference  static_reference_gate_pass static_macro_reference_policy  static_macro_reference_oracle_loss_macro_subtype_event        static_macro_reference_score_column  margin_abs_vs_static_macro_reference  margin_rel_vs_static_macro_reference  static_macro_positive_pass  static_macro_reference_gate_pass  gate_pass
 split_metpair_subtype_explicit_l4   4096    -1.135577     4.250431          1.135568  4.110900    0.629048            0.92    0.602539                   0           0.007977                       1                        1                      4      0.505959       0.0       1.0  0.324363           1.336936               0.830301                      0.740632                    1272                  4.846803                 294                     1.033828                    902                         2.207088                          3 subtype_explicit                   0         0           4            0                2                    4                5                   3 met_station_core|shielded_thermo_hygro met_station_core|laser_disdrometer met_station_core|fc4_flux met_station_core|surface_temp_ir met_station_core|shielded_thermo_hygro met_station_core|laser_disdrometer met_station_core|fc4_flux met_station_core|surface_temp_ir                                 1.022120                             0.771003                                0.840875                                    0.878000 feasible_static_projected                    1.267311                 0.131743                 0.103954                        True          static_action5                           1.199185                        0.063617                        0.053050                        True                static_action5                                                  0.9372 oracle_loss_macro_subtype_event_staticnorm                              0.059201                              0.063168                        True                              True       True
split_metpair_subtype_explicit_l16   4096    -1.135592     4.242554          1.135588  4.107641    0.652888            0.92    0.602539                   0           0.003093                       1                        1                      4      0.511607       0.0       1.0  0.322492           1.338104               0.828580                      0.741163                    1272                  4.850889                 294                     1.034945                    902                         2.208999                          3 subtype_explicit                   0         0          16            0                2                    4                5                   3 met_station_core|shielded_thermo_hygro met_station_core|laser_disdrometer met_station_core|fc4_flux met_station_core|surface_temp_ir met_station_core|shielded_thermo_hygro met_station_core|laser_disdrometer met_station_core|fc4_flux met_station_core|surface_temp_ir                                 1.022854                             0.771653                                0.841783                                    0.878763 feasible_static_projected                    1.267311                 0.131722                 0.103938                        True          static_action5                           1.199185                        0.063597                        0.053034                        True                static_action5                                                  0.9372 oracle_loss_macro_subtype_event_staticnorm                              0.058437                              0.062353                        True                              True       True
split_metpair_subtype_explicit_l12   4096    -1.135819     4.243777          1.135815  4.107609    0.652283            0.92    0.602539                   0           0.003093                       1                        1                      4      0.511561       0.0       1.0  0.322512           1.338115               0.829135                      0.741250                    1272                  4.850889                 294                     1.034850                    902                         2.208996                          3 subtype_explicit                   0         0          12            0                2                    4                5                   3 met_station_core|shielded_thermo_hygro met_station_core|laser_disdrometer met_station_core|fc4_flux met_station_core|surface_temp_ir met_station_core|shielded_thermo_hygro met_station_core|laser_disdrometer met_station_core|fc4_flux met_station_core|surface_temp_ir                                 1.022974                             0.771653                                0.841707                                    0.878778 feasible_static_projected                    1.267311                 0.131495                 0.103759                        True          static_action5                           1.199185                        0.063370                        0.052844                        True                static_action5                                                  0.9372 oracle_loss_macro_subtype_event_staticnorm                              0.058422                              0.062337                        True                              True       True
 split_metpair_subtype_explicit_l8   4096    -1.138075     4.258324          1.138068  4.117807    0.635330            0.92    0.602539                   0           0.006756                       1                        1                      4      0.507631       0.0       1.0  0.323663           1.342024               0.828876                      0.741261                    1272                  4.874935                 294                     1.037693                    902                         2.217963                          3 subtype_explicit                   0         0           8            0                2                    4                5                   3 met_station_core|shielded_thermo_hygro met_station_core|laser_disdrometer met_station_core|fc4_flux met_station_core|surface_temp_ir met_station_core|shielded_thermo_hygro met_station_core|laser_disdrometer met_station_core|fc4_flux met_station_core|surface_temp_ir                                 1.022989                             0.775478                                0.844019                                    0.880829 feasible_static_projected                    1.267311                 0.129243                 0.101982                        True          static_action5                           1.199185                        0.061118                        0.050966                        True                static_action5                                                  0.9372 oracle_loss_macro_subtype_event_staticnorm                              0.056372                              0.060149                        True                              True       True
 split_metpair_subtype_explicit_l0   4096    -1.148355     4.266840          1.148346  4.123661    0.616787            0.92    0.602539                   0           0.007977                       1                        1                      4      0.499388       0.0       1.0  0.326954           1.357478               0.831308                      0.741702                    1272                  4.969620                 294                     1.048496                    902                         2.253273                          3 subtype_explicit                   0         0           0            0                2                    4                5                   3 met_station_core|shielded_thermo_hygro met_station_core|laser_disdrometer met_station_core|fc4_flux met_station_core|surface_temp_ir met_station_core|shielded_thermo_hygro met_station_core|laser_disdrometer met_station_core|fc4_flux met_station_core|surface_temp_ir                                 1.023597                             0.790540                                0.852806                                    0.888981 feasible_static_projected                    1.267311                 0.118964                 0.093872                        True          static_action5                           1.199185                        0.050839                        0.042395                        True                static_action5                                                  0.9372 oracle_loss_macro_subtype_event_staticnorm                              0.048219                              0.051450                        True                              True       True
reports/v31_metpair_backbone_context_ortholinear_balancedobjective_scenebal2_seed135_h075ctxolscbal2_20260621/behavior_audit_v2/behavior_complexity_summary.csv
{
  "policy": "custom_ppo",
  "steps": 4096,
  "unique_mask_count": 4,
  "top3_mask_fraction": 0.915283203125,
  "mask_entropy_bits": 1.853763082420539,
  "transition_entropy_bits": 1.9483698064909678,
  "best_period": 1,
  "best_period_match": 0.9892551892551893,
  "event_sensor_l1": 1.4398034398034398,
  "event_mask_mi_bits": 0.5238649190991258,
  "event_state_dependent": true,
  "subtype_sensor_l1": 2.0,
  "subtype_mask_mi_bits": 0.6193644433076841,
  "subtype_state_dependent": true,
  "state_dependent": true,
  "fixed_like": false,
  "simple_cycle_like": false,
  "low_complexity": false,
  "weak_state_dependence": false,
  "behavior_complexity_gate_pass": true
}
{
  "policy": "validation_selected_static",
  "steps": 4096,
  "unique_mask_count": 1,
  "top3_mask_fraction": 1.0,
  "mask_entropy_bits": -0.0,
  "transition_entropy_bits": -0.0,
  "best_period": 1,
  "best_period_match": 1.0,
  "event_sensor_l1": 0.0,
  "event_mask_mi_bits": 0.0,
  "event_state_dependent": false,
  "subtype_sensor_l1": 0.0,
  "subtype_mask_mi_bits": 0.0,
  "subtype_state_dependent": false,
  "state_dependent": false,
  "fixed_like": true,
  "simple_cycle_like": false,
  "low_complexity": true,
  "weak_state_dependence": true,
  "behavior_complexity_gate_pass": false
}
{
  "policy": "custom_ppo",
  "steps": 4096,
  "unique_mask_count": 4,
  "top3_mask_fraction": 0.915283203125,
  "mask_entropy_bits": 1.853763082420539,
  "transition_entropy_bits": 1.9483698064909678,
  "best_period": 1,
  "best_period_match": 0.9892551892551893,
  "event_sensor_l1": 1.4398034398034398,
  "event_mask_mi_bits": 0.5238649190991258,
  "event_state_dependent": true,
  "subtype_sensor_l1": 2.0,
  "subtype_mask_mi_bits": 0.6193644433076841,
  "subtype_state_dependent": true,
  "state_dependent": true,
  "fixed_like": false,
  "simple_cycle_like": false,
  "low_complexity": false,
  "weak_state_dependence": false,
  "behavior_complexity_gate_pass": true
}
scenebal2_seed_done seed=135 gpu=0 date=2026-06-21T18:18:45+08:00
