scenebal2_seed_start seed=128 gpu=5 date=2026-06-21T16:52:11+08:00
[metpair-backbone-context] seed=128 out_dir=reports/v31_metpair_backbone_context_ortholinear_balancedobjective_scenebal2_seed128_h075ctxolscbal2_20260621
reports/v31_metpair_backbone_context_ortholinear_balancedobjective_scenebal2_seed128_h075ctxolscbal2_20260621/truth_v31_split.csv
reports/v31_metpair_backbone_context_ortholinear_balancedobjective_scenebal2_seed128_h075ctxolscbal2_20260621/dataset_validation/synthetic_validation.csv
custom_ppo_bc_pretrain steps=10000 loss=7.506311 accuracy=0.934 subtype_acc=0.973 unique_actions=4
custom_ppo_update update=1 timesteps=1024 loss=734.771937 entropy=1.329114 adv_std=35.140503 soc_aux=0.000000 subtype_aux=0.719466 subtype_acc=0.826 subtype_action_ce=0.000000 subtype_action_margin=0.000000 awbc_label_rate=1.000
custom_ppo_update update=2 timesteps=2048 loss=1205.272297 entropy=1.329192 adv_std=37.026756 soc_aux=0.000000 subtype_aux=2.606308 subtype_acc=0.529 subtype_action_ce=0.000000 subtype_action_margin=0.000000 awbc_label_rate=1.000
custom_ppo_update update=3 timesteps=3072 loss=1192.028665 entropy=1.367520 adv_std=35.403393 soc_aux=0.000000 subtype_aux=1.253099 subtype_acc=0.690 subtype_action_ce=0.000000 subtype_action_margin=0.000000 awbc_label_rate=1.000
custom_ppo_update update=4 timesteps=4096 loss=1009.272583 entropy=1.361833 adv_std=37.061741 soc_aux=0.000000 subtype_aux=0.659969 subtype_acc=0.785 subtype_action_ce=0.000000 subtype_action_margin=0.000000 awbc_label_rate=1.000
custom_ppo_update update=5 timesteps=5120 loss=1203.324987 entropy=1.377037 adv_std=40.980873 soc_aux=0.000000 subtype_aux=0.563929 subtype_acc=0.814 subtype_action_ce=0.000000 subtype_action_margin=0.000000 awbc_label_rate=1.000
custom_ppo_update update=6 timesteps=6144 loss=533.303184 entropy=1.278228 adv_std=31.254866 soc_aux=0.000000 subtype_aux=0.657363 subtype_acc=0.847 subtype_action_ce=0.000000 subtype_action_margin=0.000000 awbc_label_rate=1.000
custom_ppo_update update=7 timesteps=7168 loss=893.233586 entropy=1.371732 adv_std=37.510441 soc_aux=0.000000 subtype_aux=0.863057 subtype_acc=0.789 subtype_action_ce=0.000000 subtype_action_margin=0.000000 awbc_label_rate=1.000
custom_ppo_update update=8 timesteps=8192 loss=792.453251 entropy=1.323684 adv_std=33.793167 soc_aux=0.000000 subtype_aux=0.757729 subtype_acc=0.785 subtype_action_ce=0.000000 subtype_action_margin=0.000000 awbc_label_rate=1.000
custom_ppo_update update=9 timesteps=9216 loss=683.853580 entropy=1.311487 adv_std=33.596123 soc_aux=0.000000 subtype_aux=0.488250 subtype_acc=0.855 subtype_action_ce=0.000000 subtype_action_margin=0.000000 awbc_label_rate=1.000
custom_ppo_update update=10 timesteps=10240 loss=702.171139 entropy=1.311293 adv_std=33.386749 soc_aux=0.000000 subtype_aux=0.499664 subtype_acc=0.845 subtype_action_ce=0.000000 subtype_action_margin=0.000000 awbc_label_rate=1.000
custom_ppo_update update=11 timesteps=11264 loss=731.761547 entropy=1.302265 adv_std=34.335373 soc_aux=0.000000 subtype_aux=0.287102 subtype_acc=0.916 subtype_action_ce=0.000000 subtype_action_margin=0.000000 awbc_label_rate=1.000
custom_ppo_update update=12 timesteps=12288 loss=572.869799 entropy=1.268230 adv_std=33.047794 soc_aux=0.000000 subtype_aux=0.233080 subtype_acc=0.921 subtype_action_ce=0.000000 subtype_action_margin=0.000000 awbc_label_rate=1.000
custom_ppo_update update=13 timesteps=13312 loss=903.427822 entropy=1.326345 adv_std=38.713634 soc_aux=0.000000 subtype_aux=0.289296 subtype_acc=0.906 subtype_action_ce=0.000000 subtype_action_margin=0.000000 awbc_label_rate=1.000
custom_ppo_update update=14 timesteps=14336 loss=755.467455 entropy=1.317130 adv_std=35.884056 soc_aux=0.000000 subtype_aux=0.358107 subtype_acc=0.902 subtype_action_ce=0.000000 subtype_action_margin=0.000000 awbc_label_rate=1.000
custom_ppo_update update=15 timesteps=15360 loss=880.179685 entropy=1.317336 adv_std=37.373283 soc_aux=0.000000 subtype_aux=0.460594 subtype_acc=0.846 subtype_action_ce=0.000000 subtype_action_margin=0.000000 awbc_label_rate=1.000
custom_ppo_update update=16 timesteps=16384 loss=1146.729811 entropy=1.333522 adv_std=40.396297 soc_aux=0.000000 subtype_aux=0.269540 subtype_acc=0.920 subtype_action_ce=0.000000 subtype_action_margin=0.000000 awbc_label_rate=1.000
custom_ppo_update update=17 timesteps=17408 loss=1079.007568 entropy=1.334038 adv_std=39.039391 soc_aux=0.000000 subtype_aux=0.349708 subtype_acc=0.884 subtype_action_ce=0.000000 subtype_action_margin=0.000000 awbc_label_rate=1.000
custom_ppo_update update=18 timesteps=18432 loss=752.943320 entropy=1.293962 adv_std=36.075687 soc_aux=0.000000 subtype_aux=0.392461 subtype_acc=0.871 subtype_action_ce=0.000000 subtype_action_margin=0.000000 awbc_label_rate=1.000
custom_ppo_update update=19 timesteps=19456 loss=677.834609 entropy=1.263890 adv_std=35.400669 soc_aux=0.000000 subtype_aux=0.152778 subtype_acc=0.953 subtype_action_ce=0.000000 subtype_action_margin=0.000000 awbc_label_rate=1.000
custom_ppo_update update=20 timesteps=20480 loss=1287.031327 entropy=1.366633 adv_std=39.778465 soc_aux=0.000000 subtype_aux=0.432530 subtype_acc=0.858 subtype_action_ce=0.000000 subtype_action_margin=0.000000 awbc_label_rate=1.000
custom_ppo_update update=21 timesteps=21504 loss=738.040066 entropy=1.275954 adv_std=35.732632 soc_aux=0.000000 subtype_aux=0.157199 subtype_acc=0.948 subtype_action_ce=0.000000 subtype_action_margin=0.000000 awbc_label_rate=1.000
custom_ppo_update update=22 timesteps=22528 loss=574.912246 entropy=1.246486 adv_std=33.582363 soc_aux=0.000000 subtype_aux=0.147919 subtype_acc=0.954 subtype_action_ce=0.000000 subtype_action_margin=0.000000 awbc_label_rate=1.000
custom_ppo_update update=23 timesteps=23552 loss=869.092172 entropy=1.280618 adv_std=38.930134 soc_aux=0.000000 subtype_aux=0.193614 subtype_acc=0.933 subtype_action_ce=0.000000 subtype_action_margin=0.000000 awbc_label_rate=1.000
custom_ppo_update update=24 timesteps=24576 loss=746.908244 entropy=1.251478 adv_std=36.749680 soc_aux=0.000000 subtype_aux=0.205411 subtype_acc=0.937 subtype_action_ce=0.000000 subtype_action_margin=0.000000 awbc_label_rate=1.000
custom_ppo_update update=25 timesteps=25600 loss=881.492385 entropy=1.259010 adv_std=40.345745 soc_aux=0.000000 subtype_aux=0.102671 subtype_acc=0.971 subtype_action_ce=0.000000 subtype_action_margin=0.000000 awbc_label_rate=1.000
custom_ppo_update update=26 timesteps=26624 loss=541.851612 entropy=1.186764 adv_std=33.366913 soc_aux=0.000000 subtype_aux=0.179397 subtype_acc=0.948 subtype_action_ce=0.000000 subtype_action_margin=0.000000 awbc_label_rate=1.000
custom_ppo_update update=27 timesteps=27648 loss=769.046542 entropy=1.228998 adv_std=37.716549 soc_aux=0.000000 subtype_aux=0.202826 subtype_acc=0.936 subtype_action_ce=0.000000 subtype_action_margin=0.000000 awbc_label_rate=1.000
custom_ppo_update update=28 timesteps=28672 loss=562.672722 entropy=1.196831 adv_std=34.952595 soc_aux=0.000000 subtype_aux=0.136583 subtype_acc=0.962 subtype_action_ce=0.000000 subtype_action_margin=0.000000 awbc_label_rate=1.000
custom_ppo_update update=29 timesteps=29696 loss=986.683041 entropy=1.259086 adv_std=40.368813 soc_aux=0.000000 subtype_aux=0.277069 subtype_acc=0.917 subtype_action_ce=0.000000 subtype_action_margin=0.000000 awbc_label_rate=1.000
custom_ppo_update update=30 timesteps=30720 loss=621.264800 entropy=1.181241 adv_std=36.456017 soc_aux=0.000000 subtype_aux=0.149390 subtype_acc=0.956 subtype_action_ce=0.000000 subtype_action_margin=0.000000 awbc_label_rate=1.000
custom_ppo_update update=31 timesteps=31744 loss=452.394391 entropy=1.174936 adv_std=32.975094 soc_aux=0.000000 subtype_aux=0.125320 subtype_acc=0.958 subtype_action_ce=0.000000 subtype_action_margin=0.000000 awbc_label_rate=1.000
custom_ppo_update update=32 timesteps=32768 loss=712.201329 entropy=1.212998 adv_std=36.558521 soc_aux=0.000000 subtype_aux=0.205582 subtype_acc=0.935 subtype_action_ce=0.000000 subtype_action_margin=0.000000 awbc_label_rate=1.000
custom_ppo_update update=33 timesteps=33792 loss=669.886571 entropy=1.195564 adv_std=38.578472 soc_aux=0.000000 subtype_aux=0.098522 subtype_acc=0.968 subtype_action_ce=0.000000 subtype_action_margin=0.000000 awbc_label_rate=1.000
custom_ppo_update update=34 timesteps=34816 loss=712.911292 entropy=1.222131 adv_std=41.263741 soc_aux=0.000000 subtype_aux=0.179223 subtype_acc=0.942 subtype_action_ce=0.000000 subtype_action_margin=0.000000 awbc_label_rate=1.000
custom_ppo_update update=35 timesteps=35840 loss=795.532489 entropy=1.211644 adv_std=39.696697 soc_aux=0.000000 subtype_aux=0.161935 subtype_acc=0.943 subtype_action_ce=0.000000 subtype_action_margin=0.000000 awbc_label_rate=1.000
custom_ppo_update update=36 timesteps=36864 loss=726.279212 entropy=1.207167 adv_std=38.269150 soc_aux=0.000000 subtype_aux=0.161094 subtype_acc=0.961 subtype_action_ce=0.000000 subtype_action_margin=0.000000 awbc_label_rate=1.000
custom_ppo_update update=37 timesteps=37888 loss=564.907717 entropy=1.172818 adv_std=37.363319 soc_aux=0.000000 subtype_aux=0.124666 subtype_acc=0.961 subtype_action_ce=0.000000 subtype_action_margin=0.000000 awbc_label_rate=1.000
custom_ppo_update update=38 timesteps=38912 loss=672.457180 entropy=1.194802 adv_std=39.119240 soc_aux=0.000000 subtype_aux=0.147738 subtype_acc=0.952 subtype_action_ce=0.000000 subtype_action_margin=0.000000 awbc_label_rate=1.000
custom_ppo_update update=39 timesteps=39936 loss=471.623682 entropy=1.205550 adv_std=34.774525 soc_aux=0.000000 subtype_aux=0.224930 subtype_acc=0.925 subtype_action_ce=0.000000 subtype_action_margin=0.000000 awbc_label_rate=1.000
custom_ppo_update update=40 timesteps=40960 loss=638.266199 entropy=1.203493 adv_std=39.259869 soc_aux=0.000000 subtype_aux=0.106663 subtype_acc=0.967 subtype_action_ce=0.000000 subtype_action_margin=0.000000 awbc_label_rate=1.000
custom_ppo_update update=41 timesteps=41984 loss=776.783595 entropy=1.263726 adv_std=41.656811 soc_aux=0.000000 subtype_aux=0.136906 subtype_acc=0.951 subtype_action_ce=0.000000 subtype_action_margin=0.000000 awbc_label_rate=1.000
custom_ppo_update update=42 timesteps=43008 loss=722.130562 entropy=1.196211 adv_std=40.113121 soc_aux=0.000000 subtype_aux=0.085589 subtype_acc=0.974 subtype_action_ce=0.000000 subtype_action_margin=0.000000 awbc_label_rate=1.000
custom_ppo_update update=43 timesteps=44032 loss=434.062946 entropy=1.138669 adv_std=32.826427 soc_aux=0.000000 subtype_aux=0.057087 subtype_acc=0.984 subtype_action_ce=0.000000 subtype_action_margin=0.000000 awbc_label_rate=1.000
custom_ppo_update update=44 timesteps=45056 loss=506.096972 entropy=1.145654 adv_std=35.714912 soc_aux=0.000000 subtype_aux=0.112586 subtype_acc=0.968 subtype_action_ce=0.000000 subtype_action_margin=0.000000 awbc_label_rate=1.000
custom_ppo_update update=45 timesteps=46080 loss=571.695063 entropy=1.139704 adv_std=35.189869 soc_aux=0.000000 subtype_aux=0.072574 subtype_acc=0.976 subtype_action_ce=0.000000 subtype_action_margin=0.000000 awbc_label_rate=1.000
custom_ppo_update update=46 timesteps=47104 loss=655.521698 entropy=1.137226 adv_std=38.974182 soc_aux=0.000000 subtype_aux=0.078312 subtype_acc=0.978 subtype_action_ce=0.000000 subtype_action_margin=0.000000 awbc_label_rate=1.000
custom_ppo_update update=47 timesteps=48128 loss=592.137239 entropy=1.122989 adv_std=39.134285 soc_aux=0.000000 subtype_aux=0.073587 subtype_acc=0.979 subtype_action_ce=0.000000 subtype_action_margin=0.000000 awbc_label_rate=1.000
custom_ppo_update update=48 timesteps=49152 loss=627.255486 entropy=1.163513 adv_std=39.605370 soc_aux=0.000000 subtype_aux=0.080220 subtype_acc=0.979 subtype_action_ce=0.000000 subtype_action_margin=0.000000 awbc_label_rate=1.000
custom_ppo_update update=49 timesteps=50176 loss=626.334602 entropy=1.187007 adv_std=38.959602 soc_aux=0.000000 subtype_aux=0.072419 subtype_acc=0.978 subtype_action_ce=0.000000 subtype_action_margin=0.000000 awbc_label_rate=1.000
custom_ppo_update update=50 timesteps=51200 loss=534.935812 entropy=1.148824 adv_std=37.058872 soc_aux=0.000000 subtype_aux=0.103632 subtype_acc=0.973 subtype_action_ce=0.000000 subtype_action_margin=0.000000 awbc_label_rate=1.000
custom_ppo_update update=51 timesteps=52224 loss=557.761998 entropy=1.217797 adv_std=37.787685 soc_aux=0.000000 subtype_aux=0.116263 subtype_acc=0.963 subtype_action_ce=0.000000 subtype_action_margin=0.000000 awbc_label_rate=1.000
custom_ppo_update update=52 timesteps=53248 loss=579.414482 entropy=1.108786 adv_std=37.765728 soc_aux=0.000000 subtype_aux=0.060779 subtype_acc=0.982 subtype_action_ce=0.000000 subtype_action_margin=0.000000 awbc_label_rate=1.000
custom_ppo_update update=53 timesteps=54272 loss=675.248715 entropy=1.188767 adv_std=38.771893 soc_aux=0.000000 subtype_aux=0.209736 subtype_acc=0.949 subtype_action_ce=0.000000 subtype_action_margin=0.000000 awbc_label_rate=1.000
custom_ppo_update update=54 timesteps=55296 loss=451.173034 entropy=1.130886 adv_std=34.584393 soc_aux=0.000000 subtype_aux=0.056915 subtype_acc=0.983 subtype_action_ce=0.000000 subtype_action_margin=0.000000 awbc_label_rate=1.000
custom_ppo_update update=55 timesteps=56320 loss=663.069641 entropy=1.177470 adv_std=42.813534 soc_aux=0.000000 subtype_aux=0.098944 subtype_acc=0.969 subtype_action_ce=0.000000 subtype_action_margin=0.000000 awbc_label_rate=1.000
custom_ppo_update update=56 timesteps=57344 loss=610.400134 entropy=1.170901 adv_std=41.263538 soc_aux=0.000000 subtype_aux=0.133925 subtype_acc=0.965 subtype_action_ce=0.000000 subtype_action_margin=0.000000 awbc_label_rate=1.000
custom_ppo_update update=57 timesteps=58368 loss=450.755822 entropy=1.188716 adv_std=36.711651 soc_aux=0.000000 subtype_aux=0.032887 subtype_acc=0.992 subtype_action_ce=0.000000 subtype_action_margin=0.000000 awbc_label_rate=1.000
custom_ppo_update update=58 timesteps=59392 loss=609.292513 entropy=1.152597 adv_std=38.777920 soc_aux=0.000000 subtype_aux=0.041532 subtype_acc=0.988 subtype_action_ce=0.000000 subtype_action_margin=0.000000 awbc_label_rate=1.000
custom_ppo_update update=59 timesteps=60416 loss=699.383429 entropy=1.230721 adv_std=40.428139 soc_aux=0.000000 subtype_aux=0.065810 subtype_acc=0.980 subtype_action_ce=0.000000 subtype_action_margin=0.000000 awbc_label_rate=1.000
custom_ppo_update update=60 timesteps=61440 loss=576.518261 entropy=1.125498 adv_std=37.323864 soc_aux=0.000000 subtype_aux=0.066479 subtype_acc=0.981 subtype_action_ce=0.000000 subtype_action_margin=0.000000 awbc_label_rate=1.000
custom_ppo_update update=61 timesteps=62464 loss=496.534909 entropy=1.095838 adv_std=36.396633 soc_aux=0.000000 subtype_aux=0.067657 subtype_acc=0.981 subtype_action_ce=0.000000 subtype_action_margin=0.000000 awbc_label_rate=1.000
custom_ppo_update update=62 timesteps=63488 loss=479.159229 entropy=1.136674 adv_std=37.151772 soc_aux=0.000000 subtype_aux=0.127005 subtype_acc=0.966 subtype_action_ce=0.000000 subtype_action_margin=0.000000 awbc_label_rate=1.000
custom_ppo_update update=63 timesteps=64512 loss=549.686006 entropy=1.165201 adv_std=41.152905 soc_aux=0.000000 subtype_aux=0.071275 subtype_acc=0.977 subtype_action_ce=0.000000 subtype_action_margin=0.000000 awbc_label_rate=1.000
custom_ppo_update update=64 timesteps=65536 loss=660.038261 entropy=1.177633 adv_std=41.821835 soc_aux=0.000000 subtype_aux=0.072037 subtype_acc=0.977 subtype_action_ce=0.000000 subtype_action_margin=0.000000 awbc_label_rate=1.000
custom_ppo_update update=65 timesteps=66560 loss=531.634961 entropy=1.064973 adv_std=38.107941 soc_aux=0.000000 subtype_aux=0.035393 subtype_acc=0.990 subtype_action_ce=0.000000 subtype_action_margin=0.000000 awbc_label_rate=1.000
custom_ppo_update update=66 timesteps=67584 loss=639.145337 entropy=1.150256 adv_std=42.654980 soc_aux=0.000000 subtype_aux=0.077514 subtype_acc=0.978 subtype_action_ce=0.000000 subtype_action_margin=0.000000 awbc_label_rate=1.000
custom_ppo_update update=67 timesteps=68608 loss=609.095987 entropy=1.128658 adv_std=40.087841 soc_aux=0.000000 subtype_aux=0.025145 subtype_acc=0.991 subtype_action_ce=0.000000 subtype_action_margin=0.000000 awbc_label_rate=1.000
custom_ppo_update update=68 timesteps=69632 loss=463.369394 entropy=1.043044 adv_std=37.213223 soc_aux=0.000000 subtype_aux=0.025126 subtype_acc=0.991 subtype_action_ce=0.000000 subtype_action_margin=0.000000 awbc_label_rate=1.000
custom_ppo_update update=69 timesteps=70656 loss=671.940584 entropy=1.071785 adv_std=40.861515 soc_aux=0.000000 subtype_aux=0.035021 subtype_acc=0.990 subtype_action_ce=0.000000 subtype_action_margin=0.000000 awbc_label_rate=1.000
custom_ppo_update update=70 timesteps=71680 loss=511.734983 entropy=1.057760 adv_std=37.446026 soc_aux=0.000000 subtype_aux=0.038594 subtype_acc=0.986 subtype_action_ce=0.000000 subtype_action_margin=0.000000 awbc_label_rate=1.000
custom_ppo_update update=71 timesteps=72704 loss=433.964264 entropy=1.044378 adv_std=34.824020 soc_aux=0.000000 subtype_aux=0.061721 subtype_acc=0.986 subtype_action_ce=0.000000 subtype_action_margin=0.000000 awbc_label_rate=1.000
custom_ppo_update update=72 timesteps=73728 loss=363.830019 entropy=1.020378 adv_std=35.238438 soc_aux=0.000000 subtype_aux=0.082584 subtype_acc=0.978 subtype_action_ce=0.000000 subtype_action_margin=0.000000 awbc_label_rate=1.000
custom_ppo_update update=73 timesteps=74752 loss=511.454883 entropy=1.005892 adv_std=38.509106 soc_aux=0.000000 subtype_aux=0.028792 subtype_acc=0.991 subtype_action_ce=0.000000 subtype_action_margin=0.000000 awbc_label_rate=1.000
custom_ppo_update update=74 timesteps=75776 loss=267.034325 entropy=0.942694 adv_std=29.042360 soc_aux=0.000000 subtype_aux=0.033567 subtype_acc=0.991 subtype_action_ce=0.000000 subtype_action_margin=0.000000 awbc_label_rate=1.000
custom_ppo_update update=75 timesteps=76800 loss=534.809176 entropy=1.169675 adv_std=41.467228 soc_aux=0.000000 subtype_aux=0.192607 subtype_acc=0.946 subtype_action_ce=0.000000 subtype_action_margin=0.000000 awbc_label_rate=1.000
custom_ppo_update update=76 timesteps=77824 loss=313.760175 entropy=1.044616 adv_std=31.057859 soc_aux=0.000000 subtype_aux=0.072490 subtype_acc=0.981 subtype_action_ce=0.000000 subtype_action_margin=0.000000 awbc_label_rate=1.000
custom_ppo_update update=77 timesteps=78848 loss=420.617029 entropy=1.140670 adv_std=38.555141 soc_aux=0.000000 subtype_aux=0.070803 subtype_acc=0.982 subtype_action_ce=0.000000 subtype_action_margin=0.000000 awbc_label_rate=1.000
custom_ppo_update update=78 timesteps=79872 loss=373.469797 entropy=1.121865 adv_std=36.019516 soc_aux=0.000000 subtype_aux=0.084085 subtype_acc=0.980 subtype_action_ce=0.000000 subtype_action_margin=0.000000 awbc_label_rate=1.000
custom_ppo_update update=79 timesteps=80896 loss=421.434616 entropy=1.117015 adv_std=40.511433 soc_aux=0.000000 subtype_aux=0.021092 subtype_acc=0.994 subtype_action_ce=0.000000 subtype_action_margin=0.000000 awbc_label_rate=1.000
custom_ppo_update update=80 timesteps=81920 loss=435.828250 entropy=1.057098 adv_std=39.307114 soc_aux=0.000000 subtype_aux=0.019217 subtype_acc=0.994 subtype_action_ce=0.000000 subtype_action_margin=0.000000 awbc_label_rate=1.000
custom_ppo_update update=81 timesteps=82944 loss=679.646753 entropy=1.073712 adv_std=46.446735 soc_aux=0.000000 subtype_aux=0.030413 subtype_acc=0.990 subtype_action_ce=0.000000 subtype_action_margin=0.000000 awbc_label_rate=1.000
custom_ppo_update update=82 timesteps=83968 loss=360.154035 entropy=1.082435 adv_std=35.207325 soc_aux=0.000000 subtype_aux=0.044800 subtype_acc=0.985 subtype_action_ce=0.000000 subtype_action_margin=0.000000 awbc_label_rate=1.000
custom_ppo_update update=83 timesteps=84992 loss=383.958108 entropy=1.084901 adv_std=36.758259 soc_aux=0.000000 subtype_aux=0.075946 subtype_acc=0.978 subtype_action_ce=0.000000 subtype_action_margin=0.000000 awbc_label_rate=1.000
custom_ppo_update update=84 timesteps=86016 loss=572.834389 entropy=1.133461 adv_std=40.651802 soc_aux=0.000000 subtype_aux=0.037791 subtype_acc=0.989 subtype_action_ce=0.000000 subtype_action_margin=0.000000 awbc_label_rate=1.000
custom_ppo_update update=85 timesteps=87040 loss=468.398844 entropy=1.005301 adv_std=38.972633 soc_aux=0.000000 subtype_aux=0.021346 subtype_acc=0.994 subtype_action_ce=0.000000 subtype_action_margin=0.000000 awbc_label_rate=1.000
custom_ppo_update update=86 timesteps=88064 loss=501.137065 entropy=1.054581 adv_std=39.493908 soc_aux=0.000000 subtype_aux=0.014886 subtype_acc=0.996 subtype_action_ce=0.000000 subtype_action_margin=0.000000 awbc_label_rate=1.000
custom_ppo_update update=87 timesteps=89088 loss=286.989625 entropy=0.965428 adv_std=35.595238 soc_aux=0.000000 subtype_aux=0.029831 subtype_acc=0.991 subtype_action_ce=0.000000 subtype_action_margin=0.000000 awbc_label_rate=1.000
custom_ppo_update update=88 timesteps=90112 loss=359.854241 entropy=1.002692 adv_std=37.278183 soc_aux=0.000000 subtype_aux=0.059991 subtype_acc=0.986 subtype_action_ce=0.000000 subtype_action_margin=0.000000 awbc_label_rate=1.000
custom_ppo_update update=89 timesteps=91136 loss=602.187156 entropy=1.086527 adv_std=45.792210 soc_aux=0.000000 subtype_aux=0.041099 subtype_acc=0.987 subtype_action_ce=0.000000 subtype_action_margin=0.000000 awbc_label_rate=1.000
custom_ppo_update update=90 timesteps=92160 loss=400.550890 entropy=0.998572 adv_std=36.863899 soc_aux=0.000000 subtype_aux=0.043202 subtype_acc=0.987 subtype_action_ce=0.000000 subtype_action_margin=0.000000 awbc_label_rate=1.000
custom_ppo_update update=91 timesteps=93184 loss=404.118702 entropy=0.984123 adv_std=35.226658 soc_aux=0.000000 subtype_aux=0.008149 subtype_acc=0.998 subtype_action_ce=0.000000 subtype_action_margin=0.000000 awbc_label_rate=1.000
custom_ppo_update update=92 timesteps=94208 loss=390.161133 entropy=1.091219 adv_std=36.477116 soc_aux=0.000000 subtype_aux=0.041391 subtype_acc=0.987 subtype_action_ce=0.000000 subtype_action_margin=0.000000 awbc_label_rate=1.000
custom_ppo_update update=93 timesteps=95232 loss=291.654150 entropy=0.937349 adv_std=32.592800 soc_aux=0.000000 subtype_aux=0.011618 subtype_acc=0.995 subtype_action_ce=0.000000 subtype_action_margin=0.000000 awbc_label_rate=1.000
custom_ppo_update update=94 timesteps=96256 loss=310.355870 entropy=0.893438 adv_std=33.819447 soc_aux=0.000000 subtype_aux=0.020915 subtype_acc=0.994 subtype_action_ce=0.000000 subtype_action_margin=0.000000 awbc_label_rate=1.000
custom_ppo_update update=95 timesteps=97280 loss=443.411605 entropy=1.010401 adv_std=39.398888 soc_aux=0.000000 subtype_aux=0.012695 subtype_acc=0.995 subtype_action_ce=0.000000 subtype_action_margin=0.000000 awbc_label_rate=1.000
custom_ppo_update update=96 timesteps=98304 loss=396.202173 entropy=0.925743 adv_std=36.469292 soc_aux=0.000000 subtype_aux=0.030762 subtype_acc=0.991 subtype_action_ce=0.000000 subtype_action_margin=0.000000 awbc_label_rate=1.000
custom_ppo_update update=97 timesteps=99328 loss=387.881382 entropy=1.048266 adv_std=42.166439 soc_aux=0.000000 subtype_aux=0.064399 subtype_acc=0.984 subtype_action_ce=0.000000 subtype_action_margin=0.000000 awbc_label_rate=1.000
custom_ppo_update update=98 timesteps=100352 loss=491.382661 entropy=1.003030 adv_std=42.273357 soc_aux=0.000000 subtype_aux=0.013634 subtype_acc=0.995 subtype_action_ce=0.000000 subtype_action_margin=0.000000 awbc_label_rate=1.000
custom_ppo_update update=99 timesteps=101376 loss=426.061140 entropy=0.919607 adv_std=39.605701 soc_aux=0.000000 subtype_aux=0.008207 subtype_acc=0.998 subtype_action_ce=0.000000 subtype_action_margin=0.000000 awbc_label_rate=1.000
custom_ppo_update update=100 timesteps=102400 loss=327.521291 entropy=0.873515 adv_std=34.446068 soc_aux=0.000000 subtype_aux=0.018757 subtype_acc=0.995 subtype_action_ce=0.000000 subtype_action_margin=0.000000 awbc_label_rate=1.000
custom_ppo_update update=101 timesteps=103424 loss=413.086441 entropy=1.080824 adv_std=39.235271 soc_aux=0.000000 subtype_aux=0.091805 subtype_acc=0.980 subtype_action_ce=0.000000 subtype_action_margin=0.000000 awbc_label_rate=1.000
custom_ppo_update update=102 timesteps=104448 loss=441.488672 entropy=0.953105 adv_std=42.344929 soc_aux=0.000000 subtype_aux=0.030606 subtype_acc=0.991 subtype_action_ce=0.000000 subtype_action_margin=0.000000 awbc_label_rate=1.000
custom_ppo_update update=103 timesteps=105472 loss=375.176416 entropy=0.923094 adv_std=35.935230 soc_aux=0.000000 subtype_aux=0.018733 subtype_acc=0.995 subtype_action_ce=0.000000 subtype_action_margin=0.000000 awbc_label_rate=1.000
custom_ppo_update update=104 timesteps=106496 loss=298.610708 entropy=0.890044 adv_std=34.322582 soc_aux=0.000000 subtype_aux=0.015179 subtype_acc=0.997 subtype_action_ce=0.000000 subtype_action_margin=0.000000 awbc_label_rate=1.000
custom_ppo_update update=105 timesteps=107520 loss=302.920296 entropy=0.853012 adv_std=33.380001 soc_aux=0.000000 subtype_aux=0.009550 subtype_acc=0.997 subtype_action_ce=0.000000 subtype_action_margin=0.000000 awbc_label_rate=1.000
custom_ppo_update update=106 timesteps=108544 loss=330.863012 entropy=1.065424 adv_std=37.967136 soc_aux=0.000000 subtype_aux=0.036192 subtype_acc=0.990 subtype_action_ce=0.000000 subtype_action_margin=0.000000 awbc_label_rate=1.000
custom_ppo_update update=107 timesteps=109568 loss=260.603063 entropy=0.916553 adv_std=32.831112 soc_aux=0.000000 subtype_aux=0.013808 subtype_acc=0.996 subtype_action_ce=0.000000 subtype_action_margin=0.000000 awbc_label_rate=1.000
custom_ppo_update update=108 timesteps=110592 loss=332.394681 entropy=0.982087 adv_std=37.548576 soc_aux=0.000000 subtype_aux=0.022453 subtype_acc=0.995 subtype_action_ce=0.000000 subtype_action_margin=0.000000 awbc_label_rate=1.000
custom_ppo_update update=109 timesteps=111616 loss=334.693745 entropy=0.937105 adv_std=36.090321 soc_aux=0.000000 subtype_aux=0.012658 subtype_acc=0.997 subtype_action_ce=0.000000 subtype_action_margin=0.000000 awbc_label_rate=1.000
custom_ppo_update update=110 timesteps=112640 loss=416.427453 entropy=0.976046 adv_std=39.338306 soc_aux=0.000000 subtype_aux=0.006837 subtype_acc=0.998 subtype_action_ce=0.000000 subtype_action_margin=0.000000 awbc_label_rate=1.000
custom_ppo_update update=111 timesteps=113664 loss=285.472077 entropy=0.893258 adv_std=34.550587 soc_aux=0.000000 subtype_aux=0.005609 subtype_acc=0.999 subtype_action_ce=0.000000 subtype_action_margin=0.000000 awbc_label_rate=1.000
custom_ppo_update update=112 timesteps=114688 loss=571.448065 entropy=0.971941 adv_std=46.430183 soc_aux=0.000000 subtype_aux=0.004113 subtype_acc=0.999 subtype_action_ce=0.000000 subtype_action_margin=0.000000 awbc_label_rate=1.000
custom_ppo_update update=113 timesteps=115712 loss=340.439597 entropy=0.893996 adv_std=37.196529 soc_aux=0.000000 subtype_aux=0.017435 subtype_acc=0.995 subtype_action_ce=0.000000 subtype_action_margin=0.000000 awbc_label_rate=1.000
custom_ppo_update update=114 timesteps=116736 loss=433.448752 entropy=0.870971 adv_std=41.538322 soc_aux=0.000000 subtype_aux=0.003783 subtype_acc=0.999 subtype_action_ce=0.000000 subtype_action_margin=0.000000 awbc_label_rate=1.000
custom_ppo_update update=115 timesteps=117760 loss=451.786062 entropy=0.925506 adv_std=41.337570 soc_aux=0.000000 subtype_aux=0.009916 subtype_acc=0.997 subtype_action_ce=0.000000 subtype_action_margin=0.000000 awbc_label_rate=1.000
custom_ppo_update update=116 timesteps=118784 loss=329.718407 entropy=0.878207 adv_std=38.435730 soc_aux=0.000000 subtype_aux=0.006932 subtype_acc=0.998 subtype_action_ce=0.000000 subtype_action_margin=0.000000 awbc_label_rate=1.000
custom_ppo_update update=117 timesteps=119808 loss=303.631119 entropy=0.885844 adv_std=35.176666 soc_aux=0.000000 subtype_aux=0.007154 subtype_acc=0.999 subtype_action_ce=0.000000 subtype_action_margin=0.000000 awbc_label_rate=1.000
custom_ppo_update update=118 timesteps=120832 loss=242.919029 entropy=0.964925 adv_std=33.057224 soc_aux=0.000000 subtype_aux=0.023483 subtype_acc=0.994 subtype_action_ce=0.000000 subtype_action_margin=0.000000 awbc_label_rate=1.000
custom_ppo_update update=119 timesteps=121856 loss=354.293724 entropy=0.808352 adv_std=34.900974 soc_aux=0.000000 subtype_aux=0.014763 subtype_acc=0.996 subtype_action_ce=0.000000 subtype_action_margin=0.000000 awbc_label_rate=1.000
custom_ppo_update update=120 timesteps=122880 loss=231.247363 entropy=0.822539 adv_std=32.386059 soc_aux=0.000000 subtype_aux=0.013189 subtype_acc=0.996 subtype_action_ce=0.000000 subtype_action_margin=0.000000 awbc_label_rate=1.000
custom_ppo_update update=121 timesteps=123904 loss=281.091420 entropy=0.835310 adv_std=34.923862 soc_aux=0.000000 subtype_aux=0.010724 subtype_acc=0.997 subtype_action_ce=0.000000 subtype_action_margin=0.000000 awbc_label_rate=1.000
custom_ppo_update update=122 timesteps=124928 loss=444.868059 entropy=0.944510 adv_std=37.709446 soc_aux=0.000000 subtype_aux=0.048716 subtype_acc=0.990 subtype_action_ce=0.000000 subtype_action_margin=0.000000 awbc_label_rate=1.000
custom_ppo_update update=123 timesteps=125952 loss=275.793846 entropy=0.936151 adv_std=35.133045 soc_aux=0.000000 subtype_aux=0.099168 subtype_acc=0.978 subtype_action_ce=0.000000 subtype_action_margin=0.000000 awbc_label_rate=1.000
custom_ppo_update update=124 timesteps=126976 loss=359.116387 entropy=0.859532 adv_std=35.165241 soc_aux=0.000000 subtype_aux=0.001318 subtype_acc=1.000 subtype_action_ce=0.000000 subtype_action_margin=0.000000 awbc_label_rate=1.000
custom_ppo_update update=125 timesteps=128000 loss=163.482592 entropy=0.781027 adv_std=27.906118 soc_aux=0.000000 subtype_aux=0.031279 subtype_acc=0.991 subtype_action_ce=0.000000 subtype_action_margin=0.000000 awbc_label_rate=1.000
custom_ppo_update update=126 timesteps=129024 loss=365.607405 entropy=0.873504 adv_std=37.907558 soc_aux=0.000000 subtype_aux=0.042285 subtype_acc=0.990 subtype_action_ce=0.000000 subtype_action_margin=0.000000 awbc_label_rate=1.000
custom_ppo_update update=127 timesteps=130048 loss=224.580235 entropy=0.923146 adv_std=32.170231 soc_aux=0.000000 subtype_aux=0.051188 subtype_acc=0.991 subtype_action_ce=0.000000 subtype_action_margin=0.000000 awbc_label_rate=1.000
custom_ppo_update update=128 timesteps=131072 loss=265.862379 entropy=0.783923 adv_std=30.957602 soc_aux=0.000000 subtype_aux=0.028355 subtype_acc=0.994 subtype_action_ce=0.000000 subtype_action_margin=0.000000 awbc_label_rate=1.000
custom_ppo_update update=129 timesteps=132096 loss=120.270933 entropy=0.811708 adv_std=20.839064 soc_aux=0.000000 subtype_aux=0.010831 subtype_acc=0.997 subtype_action_ce=0.000000 subtype_action_margin=0.000000 awbc_label_rate=1.000
custom_ppo_update update=130 timesteps=133120 loss=170.268610 entropy=0.820704 adv_std=27.514301 soc_aux=0.000000 subtype_aux=0.014985 subtype_acc=0.996 subtype_action_ce=0.000000 subtype_action_margin=0.000000 awbc_label_rate=1.000
custom_ppo_update update=131 timesteps=134144 loss=130.031949 entropy=0.833345 adv_std=22.528381 soc_aux=0.000000 subtype_aux=0.015021 subtype_acc=0.996 subtype_action_ce=0.000000 subtype_action_margin=0.000000 awbc_label_rate=1.000
custom_ppo_update update=132 timesteps=135168 loss=122.763890 entropy=0.753597 adv_std=21.409361 soc_aux=0.000000 subtype_aux=0.019333 subtype_acc=0.995 subtype_action_ce=0.000000 subtype_action_margin=0.000000 awbc_label_rate=1.000
custom_ppo_update update=133 timesteps=136192 loss=195.500937 entropy=0.773514 adv_std=25.852171 soc_aux=0.000000 subtype_aux=0.033225 subtype_acc=0.993 subtype_action_ce=0.000000 subtype_action_margin=0.000000 awbc_label_rate=1.000
custom_ppo_update update=134 timesteps=137216 loss=127.390974 entropy=0.758847 adv_std=22.439554 soc_aux=0.000000 subtype_aux=0.035197 subtype_acc=0.992 subtype_action_ce=0.000000 subtype_action_margin=0.000000 awbc_label_rate=1.000
custom_ppo_update update=135 timesteps=138240 loss=258.091980 entropy=0.849884 adv_std=33.132618 soc_aux=0.000000 subtype_aux=0.009706 subtype_acc=0.996 subtype_action_ce=0.000000 subtype_action_margin=0.000000 awbc_label_rate=1.000
custom_ppo_update update=136 timesteps=139264 loss=180.058339 entropy=0.784363 adv_std=29.014126 soc_aux=0.000000 subtype_aux=0.046938 subtype_acc=0.991 subtype_action_ce=0.000000 subtype_action_margin=0.000000 awbc_label_rate=1.000
custom_ppo_update update=137 timesteps=140288 loss=218.400061 entropy=0.778560 adv_std=31.151138 soc_aux=0.000000 subtype_aux=0.013974 subtype_acc=0.996 subtype_action_ce=0.000000 subtype_action_margin=0.000000 awbc_label_rate=1.000
custom_ppo_update update=138 timesteps=141312 loss=278.932948 entropy=0.806207 adv_std=32.475773 soc_aux=0.000000 subtype_aux=0.005474 subtype_acc=0.999 subtype_action_ce=0.000000 subtype_action_margin=0.000000 awbc_label_rate=1.000
custom_ppo_update update=139 timesteps=142336 loss=148.113063 entropy=0.719008 adv_std=24.914427 soc_aux=0.000000 subtype_aux=0.010181 subtype_acc=0.997 subtype_action_ce=0.000000 subtype_action_margin=0.000000 awbc_label_rate=1.000
custom_ppo_update update=140 timesteps=143360 loss=219.230215 entropy=0.705916 adv_std=32.346642 soc_aux=0.000000 subtype_aux=0.008753 subtype_acc=0.998 subtype_action_ce=0.000000 subtype_action_margin=0.000000 awbc_label_rate=1.000
custom_ppo_update update=141 timesteps=144384 loss=252.277533 entropy=0.747372 adv_std=36.453308 soc_aux=0.000000 subtype_aux=0.005686 subtype_acc=0.998 subtype_action_ce=0.000000 subtype_action_margin=0.000000 awbc_label_rate=1.000
custom_ppo_update update=142 timesteps=145408 loss=229.393326 entropy=0.657748 adv_std=32.096088 soc_aux=0.000000 subtype_aux=0.001123 subtype_acc=1.000 subtype_action_ce=0.000000 subtype_action_margin=0.000000 awbc_label_rate=1.000
custom_ppo_update update=143 timesteps=146432 loss=272.333195 entropy=0.827032 adv_std=34.486198 soc_aux=0.000000 subtype_aux=0.026641 subtype_acc=0.993 subtype_action_ce=0.000000 subtype_action_margin=0.000000 awbc_label_rate=1.000
custom_ppo_update update=144 timesteps=147456 loss=169.362419 entropy=0.738095 adv_std=29.114096 soc_aux=0.000000 subtype_aux=0.057470 subtype_acc=0.990 subtype_action_ce=0.000000 subtype_action_margin=0.000000 awbc_label_rate=1.000
custom_ppo_update update=145 timesteps=148480 loss=193.424867 entropy=0.679589 adv_std=29.801401 soc_aux=0.000000 subtype_aux=0.013323 subtype_acc=0.996 subtype_action_ce=0.000000 subtype_action_margin=0.000000 awbc_label_rate=1.000
custom_ppo_update update=146 timesteps=149504 loss=134.660704 entropy=0.706856 adv_std=25.948900 soc_aux=0.000000 subtype_aux=0.014422 subtype_acc=0.997 subtype_action_ce=0.000000 subtype_action_margin=0.000000 awbc_label_rate=1.000
custom_ppo_update update=147 timesteps=150528 loss=136.945359 entropy=0.705729 adv_std=26.990807 soc_aux=0.000000 subtype_aux=0.029468 subtype_acc=0.992 subtype_action_ce=0.000000 subtype_action_margin=0.000000 awbc_label_rate=1.000
custom_ppo_update update=148 timesteps=151552 loss=167.281811 entropy=0.632940 adv_std=28.640301 soc_aux=0.000000 subtype_aux=0.003523 subtype_acc=0.999 subtype_action_ce=0.000000 subtype_action_margin=0.000000 awbc_label_rate=1.000
custom_ppo_update update=149 timesteps=152576 loss=189.114543 entropy=0.672128 adv_std=28.199377 soc_aux=0.000000 subtype_aux=0.005840 subtype_acc=0.998 subtype_action_ce=0.000000 subtype_action_margin=0.000000 awbc_label_rate=1.000
custom_ppo_update update=150 timesteps=153600 loss=259.003753 entropy=0.648991 adv_std=32.646957 soc_aux=0.000000 subtype_aux=0.008670 subtype_acc=0.999 subtype_action_ce=0.000000 subtype_action_margin=0.000000 awbc_label_rate=1.000
custom_ppo_update update=151 timesteps=154624 loss=125.310116 entropy=0.575483 adv_std=27.520969 soc_aux=0.000000 subtype_aux=0.004716 subtype_acc=0.998 subtype_action_ce=0.000000 subtype_action_margin=0.000000 awbc_label_rate=1.000
custom_ppo_update update=152 timesteps=155648 loss=204.991602 entropy=0.678230 adv_std=32.507362 soc_aux=0.000000 subtype_aux=0.025289 subtype_acc=0.994 subtype_action_ce=0.000000 subtype_action_margin=0.000000 awbc_label_rate=1.000
custom_ppo_update update=153 timesteps=156672 loss=199.615607 entropy=0.570867 adv_std=30.315104 soc_aux=0.000000 subtype_aux=0.008015 subtype_acc=0.998 subtype_action_ce=0.000000 subtype_action_margin=0.000000 awbc_label_rate=1.000
custom_ppo_update update=154 timesteps=157696 loss=347.021970 entropy=0.581492 adv_std=35.934803 soc_aux=0.000000 subtype_aux=0.000755 subtype_acc=1.000 subtype_action_ce=0.000000 subtype_action_margin=0.000000 awbc_label_rate=1.000
custom_ppo_update update=155 timesteps=158720 loss=183.283089 entropy=0.584404 adv_std=31.113707 soc_aux=0.000000 subtype_aux=0.014785 subtype_acc=0.996 subtype_action_ce=0.000000 subtype_action_margin=0.000000 awbc_label_rate=1.000
custom_ppo_update update=156 timesteps=159744 loss=233.830378 entropy=0.545109 adv_std=31.534023 soc_aux=0.000000 subtype_aux=0.005185 subtype_acc=0.999 subtype_action_ce=0.000000 subtype_action_margin=0.000000 awbc_label_rate=1.000
custom_ppo_update update=157 timesteps=160768 loss=138.858451 entropy=0.600572 adv_std=26.480453 soc_aux=0.000000 subtype_aux=0.014743 subtype_acc=0.997 subtype_action_ce=0.000000 subtype_action_margin=0.000000 awbc_label_rate=1.000
custom_ppo_update update=158 timesteps=161792 loss=249.043913 entropy=0.535704 adv_std=31.123158 soc_aux=0.000000 subtype_aux=0.004576 subtype_acc=0.999 subtype_action_ce=0.000000 subtype_action_margin=0.000000 awbc_label_rate=1.000
custom_ppo_update update=159 timesteps=162816 loss=253.365778 entropy=0.552102 adv_std=32.313091 soc_aux=0.000000 subtype_aux=0.006193 subtype_acc=0.998 subtype_action_ce=0.000000 subtype_action_margin=0.000000 awbc_label_rate=1.000
custom_ppo_update update=160 timesteps=163840 loss=176.801659 entropy=0.513340 adv_std=28.012917 soc_aux=0.000000 subtype_aux=0.003593 subtype_acc=0.999 subtype_action_ce=0.000000 subtype_action_margin=0.000000 awbc_label_rate=1.000
custom_ppo_update update=161 timesteps=164864 loss=149.557078 entropy=0.550150 adv_std=26.321430 soc_aux=0.000000 subtype_aux=0.008230 subtype_acc=0.997 subtype_action_ce=0.000000 subtype_action_margin=0.000000 awbc_label_rate=1.000
custom_ppo_update update=162 timesteps=165888 loss=212.065822 entropy=0.488472 adv_std=29.886259 soc_aux=0.000000 subtype_aux=0.001469 subtype_acc=1.000 subtype_action_ce=0.000000 subtype_action_margin=0.000000 awbc_label_rate=1.000
custom_ppo_update update=163 timesteps=166912 loss=140.627680 entropy=0.440905 adv_std=25.976860 soc_aux=0.000000 subtype_aux=0.002996 subtype_acc=0.999 subtype_action_ce=0.000000 subtype_action_margin=0.000000 awbc_label_rate=1.000
custom_ppo_update update=164 timesteps=167936 loss=108.680058 entropy=0.427334 adv_std=24.084692 soc_aux=0.000000 subtype_aux=0.036605 subtype_acc=0.993 subtype_action_ce=0.000000 subtype_action_margin=0.000000 awbc_label_rate=1.000
custom_ppo_update update=165 timesteps=168960 loss=111.996177 entropy=0.420474 adv_std=23.314438 soc_aux=0.000000 subtype_aux=0.034182 subtype_acc=0.994 subtype_action_ce=0.000000 subtype_action_margin=0.000000 awbc_label_rate=1.000
custom_ppo_update update=166 timesteps=169984 loss=192.274475 entropy=0.485023 adv_std=31.057505 soc_aux=0.000000 subtype_aux=0.006799 subtype_acc=0.998 subtype_action_ce=0.000000 subtype_action_margin=0.000000 awbc_label_rate=1.000
custom_ppo_update update=167 timesteps=171008 loss=108.721705 entropy=0.620709 adv_std=26.458975 soc_aux=0.000000 subtype_aux=0.011624 subtype_acc=0.997 subtype_action_ce=0.000000 subtype_action_margin=0.000000 awbc_label_rate=1.000
custom_ppo_update update=168 timesteps=172032 loss=282.302273 entropy=0.542227 adv_std=35.621437 soc_aux=0.000000 subtype_aux=0.002023 subtype_acc=0.999 subtype_action_ce=0.000000 subtype_action_margin=0.000000 awbc_label_rate=1.000
custom_ppo_update update=169 timesteps=173056 loss=153.833484 entropy=0.509829 adv_std=30.670012 soc_aux=0.000000 subtype_aux=0.010457 subtype_acc=0.996 subtype_action_ce=0.000000 subtype_action_margin=0.000000 awbc_label_rate=1.000
custom_ppo_update update=170 timesteps=174080 loss=185.597311 entropy=0.485739 adv_std=30.381582 soc_aux=0.000000 subtype_aux=0.000910 subtype_acc=1.000 subtype_action_ce=0.000000 subtype_action_margin=0.000000 awbc_label_rate=1.000
custom_ppo_update update=171 timesteps=175104 loss=221.464789 entropy=0.527223 adv_std=32.024490 soc_aux=0.000000 subtype_aux=0.021793 subtype_acc=0.994 subtype_action_ce=0.000000 subtype_action_margin=0.000000 awbc_label_rate=1.000
custom_ppo_update update=172 timesteps=176128 loss=145.799758 entropy=0.462541 adv_std=27.501165 soc_aux=0.000000 subtype_aux=0.002279 subtype_acc=0.999 subtype_action_ce=0.000000 subtype_action_margin=0.000000 awbc_label_rate=1.000
custom_ppo_update update=173 timesteps=177152 loss=221.659025 entropy=0.468337 adv_std=35.556236 soc_aux=0.000000 subtype_aux=0.002751 subtype_acc=0.999 subtype_action_ce=0.000000 subtype_action_margin=0.000000 awbc_label_rate=1.000
custom_ppo_update update=174 timesteps=178176 loss=182.615483 entropy=0.451481 adv_std=30.477388 soc_aux=0.000000 subtype_aux=0.001168 subtype_acc=1.000 subtype_action_ce=0.000000 subtype_action_margin=0.000000 awbc_label_rate=1.000
custom_ppo_update update=175 timesteps=179200 loss=170.823977 entropy=0.405976 adv_std=28.382370 soc_aux=0.000000 subtype_aux=0.021772 subtype_acc=0.996 subtype_action_ce=0.000000 subtype_action_margin=0.000000 awbc_label_rate=1.000
custom_ppo_update update=176 timesteps=180224 loss=147.383625 entropy=0.504301 adv_std=29.744400 soc_aux=0.000000 subtype_aux=0.004399 subtype_acc=0.999 subtype_action_ce=0.000000 subtype_action_margin=0.000000 awbc_label_rate=1.000
custom_ppo_update update=177 timesteps=181248 loss=191.608804 entropy=0.437592 adv_std=30.880688 soc_aux=0.000000 subtype_aux=0.014224 subtype_acc=0.997 subtype_action_ce=0.000000 subtype_action_margin=0.000000 awbc_label_rate=1.000
custom_ppo_update update=178 timesteps=182272 loss=109.220232 entropy=0.419243 adv_std=25.684612 soc_aux=0.000000 subtype_aux=0.002253 subtype_acc=0.999 subtype_action_ce=0.000000 subtype_action_margin=0.000000 awbc_label_rate=1.000
custom_ppo_update update=179 timesteps=183296 loss=184.679105 entropy=0.405086 adv_std=28.463675 soc_aux=0.000000 subtype_aux=0.001679 subtype_acc=0.999 subtype_action_ce=0.000000 subtype_action_margin=0.000000 awbc_label_rate=1.000
custom_ppo_update update=180 timesteps=184320 loss=153.636106 entropy=0.383523 adv_std=29.634590 soc_aux=0.000000 subtype_aux=0.000221 subtype_acc=1.000 subtype_action_ce=0.000000 subtype_action_margin=0.000000 awbc_label_rate=1.000
custom_ppo_update update=181 timesteps=185344 loss=175.347385 entropy=0.360926 adv_std=28.199560 soc_aux=0.000000 subtype_aux=0.003745 subtype_acc=0.999 subtype_action_ce=0.000000 subtype_action_margin=0.000000 awbc_label_rate=1.000
custom_ppo_update update=182 timesteps=186368 loss=106.682805 entropy=0.413931 adv_std=26.128601 soc_aux=0.000000 subtype_aux=0.007092 subtype_acc=0.998 subtype_action_ce=0.000000 subtype_action_margin=0.000000 awbc_label_rate=1.000
custom_ppo_update update=183 timesteps=187392 loss=126.218374 entropy=0.353435 adv_std=23.325661 soc_aux=0.000000 subtype_aux=0.011390 subtype_acc=0.997 subtype_action_ce=0.000000 subtype_action_margin=0.000000 awbc_label_rate=1.000
custom_ppo_update update=184 timesteps=188416 loss=170.953492 entropy=0.452874 adv_std=29.089426 soc_aux=0.000000 subtype_aux=0.001758 subtype_acc=1.000 subtype_action_ce=0.000000 subtype_action_margin=0.000000 awbc_label_rate=1.000
custom_ppo_update update=185 timesteps=189440 loss=109.421827 entropy=0.383346 adv_std=23.115643 soc_aux=0.000000 subtype_aux=0.018652 subtype_acc=0.994 subtype_action_ce=0.000000 subtype_action_margin=0.000000 awbc_label_rate=1.000
custom_ppo_update update=186 timesteps=190464 loss=76.716515 entropy=0.372349 adv_std=20.392799 soc_aux=0.000000 subtype_aux=0.082819 subtype_acc=0.987 subtype_action_ce=0.000000 subtype_action_margin=0.000000 awbc_label_rate=1.000
custom_ppo_update update=187 timesteps=191488 loss=94.446252 entropy=0.367017 adv_std=24.772863 soc_aux=0.000000 subtype_aux=0.012076 subtype_acc=0.998 subtype_action_ce=0.000000 subtype_action_margin=0.000000 awbc_label_rate=1.000
custom_ppo_update update=188 timesteps=192512 loss=193.057074 entropy=0.413916 adv_std=29.412592 soc_aux=0.000000 subtype_aux=0.009289 subtype_acc=0.998 subtype_action_ce=0.000000 subtype_action_margin=0.000000 awbc_label_rate=1.000
custom_ppo_update update=189 timesteps=193536 loss=90.457393 entropy=0.324948 adv_std=23.631260 soc_aux=0.000000 subtype_aux=0.006481 subtype_acc=0.998 subtype_action_ce=0.000000 subtype_action_margin=0.000000 awbc_label_rate=1.000
custom_ppo_update update=190 timesteps=194560 loss=123.789766 entropy=0.349760 adv_std=27.325838 soc_aux=0.000000 subtype_aux=0.038300 subtype_acc=0.993 subtype_action_ce=0.000000 subtype_action_margin=0.000000 awbc_label_rate=1.000
custom_ppo_update update=191 timesteps=195584 loss=88.416744 entropy=0.359806 adv_std=21.449347 soc_aux=0.000000 subtype_aux=0.011090 subtype_acc=0.997 subtype_action_ce=0.000000 subtype_action_margin=0.000000 awbc_label_rate=1.000
custom_ppo_update update=192 timesteps=196608 loss=112.650556 entropy=0.319794 adv_std=27.793694 soc_aux=0.000000 subtype_aux=0.032460 subtype_acc=0.993 subtype_action_ce=0.000000 subtype_action_margin=0.000000 awbc_label_rate=1.000
custom_ppo_update update=193 timesteps=197632 loss=109.901065 entropy=0.323017 adv_std=26.843904 soc_aux=0.000000 subtype_aux=0.003117 subtype_acc=0.999 subtype_action_ce=0.000000 subtype_action_margin=0.000000 awbc_label_rate=1.000
custom_ppo_update update=194 timesteps=198656 loss=98.255912 entropy=0.296376 adv_std=22.250439 soc_aux=0.000000 subtype_aux=0.005904 subtype_acc=0.998 subtype_action_ce=0.000000 subtype_action_margin=0.000000 awbc_label_rate=1.000
custom_ppo_update update=195 timesteps=199680 loss=116.489124 entropy=0.372937 adv_std=28.006245 soc_aux=0.000000 subtype_aux=0.039810 subtype_acc=0.990 subtype_action_ce=0.000000 subtype_action_margin=0.000000 awbc_label_rate=1.000
custom_ppo_update update=196 timesteps=200000 loss=149.634032 entropy=0.342922 adv_std=24.401716 soc_aux=0.000000 subtype_aux=0.007329 subtype_acc=0.997 subtype_action_ce=0.000000 subtype_action_margin=0.000000 awbc_label_rate=1.000
reports/v31_metpair_backbone_context_ortholinear_balancedobjective_scenebal2_seed128_h075ctxolscbal2_20260621/evaluation/v2_eval_overall.csv
                    policy  steps  weighted_normalized_mae      mae      rmse    smape  pearson      dtw  oracle_loss_mean  reward_mean  power_mean  power_max  peak_power_max  steady_violation_rate  peak_violation_rate  event_rate  warmup_abort_count  warmup_abort_rate  switches_per_step  always_on_sensor_count  always_off_sensor_count  mid_duty_sensor_count  duty_entropy  duty_min  duty_max  duty_std  obs_reconstruction_mae  forecast_samples  forecast_weighted_mae_overall  forecast_raw_mae_overall  forecast_weighted_mae_event  forecast_weighted_mae_non_event  forecast_weighted_mae_low_temp  forecast_weighted_mae_normal
                custom_ppo   4096                 0.805645 5.318619 17.681659 0.850673 0.740811 5.182152          1.486756    -1.486760    0.656824       0.74            0.92                    0.0                  0.0    0.631104                   0                0.0           0.004233                       1                        1                      4      0.539680  0.000000       1.0  0.312290                0.805645              4096                     293.564237               2615.337863                   324.433990                         0.222425                      330.172381                      0.211693
   full_open_unconstrained   4096                 1.574620 1.156764  2.932566 0.802545 0.825969 1.098283          1.535551    -1.535553    1.980000       1.98            2.48                    1.0                  1.0    0.631104                   0                0.0           0.000000                       6                        0                      0     -0.000000  1.000000       1.0  0.000000                1.574620              4096                     293.580290               2615.753031                   324.443391                         0.301696                      330.184485                      0.396424
 feasible_static_projected   4096                 0.671900 2.472781  5.665532 0.894006 0.994529 2.462029          1.830815    -1.830816    0.330000       0.33            0.40                    0.0                  0.0    0.631104                   0                0.0           0.000000                       2                        4                      0     -0.000000  0.000000       1.0  0.471405                0.671900              4096                     293.651320               2615.375440                   324.523685                         0.284696                      330.248480                      0.399018
                       aoi   4096                 1.789244 3.074562 17.248046 0.847720 0.678888 2.424916          1.773506    -1.773562    0.594961       0.74            0.87                    0.0                  0.0    0.631104                   0                0.0           0.055352                       1                        0                      5      0.601598  0.199219       1.0  0.298146                1.789244              4096                     293.651580               2614.825010                   324.523256                         0.291503                      330.253269                      0.412759
                    random   4096                 1.156974 3.535808 18.747394 0.850021 0.638461 2.705269          1.788852    -1.788906    0.617988       0.74            0.92                    0.0                  0.0    0.631104                   0                0.0           0.053317                       1                        0                      5      0.595309  0.148438       1.0  0.300520                1.156974              4096                     293.653479               2614.907967                   324.527402                         0.272052                      330.266926                      0.333972
validation_selected_static   4096                 0.462277 6.180966 18.145217 0.850538 0.979224 6.178904          1.529410    -1.529410    0.740000       0.74            0.92                    0.0                  0.0    0.631104                   0                0.0           0.000000                       2                        4                      0     -0.000000  0.000000       1.0  0.471405                0.462277              4096                     293.663140               2615.578675                   324.530773                         0.341484                      330.254089                      0.477045
               round_robin   4096                 1.855637 2.895365 14.877404 0.848404 0.686329 2.318630          1.801178    -1.801224    0.584570       0.74            0.87                    0.0                  0.0    0.631104                   0                0.0           0.045584                       1                        0                      5      0.600529  0.191406       1.0  0.298555                1.855637              4096                     293.664994               2614.959697                   324.537529                         0.296746                      330.274272                      0.383048
reports/v31_metpair_backbone_context_ortholinear_balancedobjective_scenebal2_seed128_h075ctxolscbal2_20260621/v2_custom_ppo_metrics.csv
                    policy  steps  reward_mean  instant_mae  oracle_loss_mean  dtw_mean  power_mean  peak_power_max  event_rate  warmup_abort_count  switches_per_step  always_on_sensor_count  always_off_sensor_count  mid_duty_sensor_count  duty_entropy  duty_min  duty_max  duty_std  oracle_loss_event  oracle_loss_non_event  oracle_loss_subtype_particle  steps_subtype_particle  oracle_loss_subtype_flux  steps_subtype_flux  oracle_loss_subtype_thermal  steps_subtype_thermal  oracle_loss_macro_subtype_event  macro_subtype_event_count  oracle_loss_subtype_particle_staticnorm  oracle_loss_subtype_flux_staticnorm  oracle_loss_subtype_thermal_staticnorm  oracle_loss_macro_subtype_event_staticnorm
                custom_ppo   4096    -1.486760     4.155588          1.486756  4.005184    0.656824            0.92    0.631104                   0           0.004233                       1                        1                      4      0.539680  0.000000       1.0  0.312290           1.701109               1.120042                      0.985273                     947                  3.509490                 684                     1.115118                    954                         1.869960                          3                                 1.212365                             0.542371                                0.585909                                    0.780215
   full_open_unconstrained   4096    -1.535553     1.704547          1.535551  1.608300    1.980000            2.48    0.631104                   0           0.000000                       6                        0                      0     -0.000000  1.000000       1.0  0.000000           1.786105               1.106907                      1.001110                     947                  3.791224                 684                     1.127707                    954                         1.973347                          3                                 1.231853                             0.585911                                0.592523                                    0.803429
validation_selected_static   4096    -1.529410     4.667283          1.529410  4.606164    0.740000            0.92    0.631104                   0           0.000000                       2                        4                      0     -0.000000  0.000000       1.0  0.471405           1.745466               1.159783                      1.006073                     947                  3.506150                 684                     1.217056                    954                         1.909760                          3                                 1.237960                             0.541855                                0.639469                                    0.806428
                       aoi   4096    -1.773562     2.880737          1.773506  2.413088    0.594961            0.87    0.631104                   0           0.055352                       1                        0                      5      0.601598  0.199219       1.0  0.298146           2.162311               1.108344                      1.005145                     947                  5.119521                 684                     1.190723                    954                         2.438463                          3                                 1.236817                             0.791191                                0.625634                                    0.884547
                    random   4096    -1.788906     3.182942          1.788852  2.601230    0.617988            0.92    0.631104                   0           0.053317                       1                        0                      5      0.595309  0.148438       1.0  0.300520           2.190056               1.102477                      1.016840                     947                  5.195009                 684                     1.200170                    954                         2.470673                          3                                 1.251208                             0.802858                                0.630597                                    0.894888
               round_robin   4096    -1.801224     2.785067          1.801178  2.352228    0.584570            0.87    0.631104                   0           0.045584                       1                        0                      5      0.600529  0.191406       1.0  0.298555           2.201523               1.116272                      1.014658                     947                  5.221587                 684                     1.214351                    954                         2.483532                          3                                 1.248523                             0.806965                                0.638049                                    0.897845
 feasible_static_projected   4096    -1.830816     2.385327          1.830815  2.329262    0.330000            0.40    0.631104                   0           0.000000                       2                        4                      0     -0.000000  0.000000       1.0  0.471405           2.258395               1.099317                      1.000662                     947                  5.480841                 684                     1.196467                    954                         2.559323                          3                                 1.231301                             0.847031                                0.628652                                    0.902328
reports/v31_metpair_backbone_context_ortholinear_balancedobjective_scenebal2_seed128_h075ctxolscbal2_20260621/split_protocol_manifest.json
reports/v31_metpair_backbone_context_ortholinear_balancedobjective_scenebal2_seed128_h075ctxolscbal2_20260621/eval_router_conf08/v2_custom_ppo_metrics.csv
                    policy  steps  reward_mean  instant_mae  oracle_loss_mean  dtw_mean  power_mean  peak_power_max  event_rate  warmup_abort_count  switches_per_step  always_on_sensor_count  always_off_sensor_count  mid_duty_sensor_count  duty_entropy  duty_min  duty_max  duty_std
                custom_ppo   4096    -1.486760     4.155588          1.486756  4.005184    0.656824            0.92    0.631104                   0           0.004233                       1                        1                      4      0.539680  0.000000       1.0  0.312290
validation_selected_static   4096    -1.529410     4.667283          1.529410  4.606164    0.740000            0.92    0.631104                   0           0.000000                       2                        4                      0     -0.000000  0.000000       1.0  0.471405
   full_open_unconstrained   4096    -1.535553     1.704547          1.535551  1.608300    1.980000            2.48    0.631104                   0           0.000000                       6                        0                      0     -0.000000  1.000000       1.0  0.000000
                       aoi   4096    -1.773562     2.880737          1.773506  2.413088    0.594961            0.87    0.631104                   0           0.055352                       1                        0                      5      0.601598  0.199219       1.0  0.298146
                    random   4096    -1.788906     3.182942          1.788852  2.601230    0.617988            0.92    0.631104                   0           0.053317                       1                        0                      5      0.595309  0.148438       1.0  0.300520
               round_robin   4096    -1.801224     2.785067          1.801178  2.352228    0.584570            0.87    0.631104                   0           0.045584                       1                        0                      5      0.600529  0.191406       1.0  0.298555
 feasible_static_projected   4096    -1.830816     2.385327          1.830815  2.329262    0.330000            0.40    0.631104                   0           0.000000                       2                        4                      0     -0.000000  0.000000       1.0  0.471405
{
  "source_run_dir": "reports/v31_metpair_backbone_context_ortholinear_balancedobjective_scenebal2_seed128_h075ctxolscbal2_20260621",
  "replay_family": "subtype_explicit",
  "eval_steps": 512,
  "eval_start_indices": [
    65390,
    65902,
    66414,
    66926,
    67438,
    67950,
    68462,
    68974
  ],
  "reference_policy": "validation_selected_static",
  "reference_oracle_loss_mean": 1.5294095216568169,
  "required_margin_abs": 0.015294095216568169,
  "source_reference_gate_pass": true,
  "static_reference_policy": "static_action5",
  "static_reference_oracle_loss_mean": 1.5282716260471716,
  "static_required_margin_abs": 0.015282716260471717,
  "best_static_reference_event_loss": 1.729673365301793,
  "best_static_reference_non_event_loss": 1.1837160363891992,
  "static_macro_reference_policy": "static_action5",
  "static_macro_reference_oracle_loss_macro_subtype_event": 0.8776070041305424,
  "macro_score_column": "oracle_loss_macro_subtype_event_staticnorm",
  "static_macro_reference_score": 0.8776070041305424,
  "static_macro_required_margin_abs": 0.008776070041305425,
  "macro_min_margin_abs": 0.005,
  "macro_min_margin_rel": 0.01,
  "enforce_static_candidate_reference": true,
  "static_reference_duty_guard": "off",
  "best_replay_policy": "split_metpair_subtype_explicit_l16",
  "best_replay_oracle_loss_mean": 1.4664981154119232,
  "best_replay_event_loss": 1.674912536442568,
  "best_replay_non_event_loss": 1.109945317023957,
  "best_replay_macro_subtype_policy": "split_metpair_subtype_explicit_l16",
  "best_replay_oracle_loss_macro_subtype_event": 0.8277659773277484,
  "best_replay_macro_score": 0.8277659773277484,
  "margin_abs_vs_reference": 0.06291140624489366,
  "margin_rel_vs_reference": 0.041134441334418674,
  "margin_abs_vs_static_reference": 0.061773510635248385,
  "margin_rel_vs_static_reference": 0.04042050482545678,
  "margin_abs_vs_static_macro_reference": 0.04984102680279401,
  "margin_rel_vs_static_macro_reference": 0.05679196561583076,
  "static_reference_gate_pass": true,
  "static_macro_positive_pass": true,
  "static_macro_reference_gate_pass": true,
  "gate_pass": true,
  "top_sizes": [
    2,
    3,
    5
  ],
  "subtype_top_size_cap": 2,
  "lead_steps": [
    0,
    4,
    8,
    12,
    16
  ],
  "dwell_steps": [
    6,
    10,
    16,
    24
  ]
}
                            policy  steps  reward_mean  instant_mae  oracle_loss_mean  dtw_mean  power_mean  peak_power_max  event_rate  warmup_abort_count  switches_per_step  always_on_sensor_count  always_off_sensor_count  mid_duty_sensor_count  duty_entropy  duty_min  duty_max  duty_std  oracle_loss_event  oracle_loss_non_event  oracle_loss_subtype_particle  steps_subtype_particle  oracle_loss_subtype_flux  steps_subtype_flux  oracle_loss_subtype_thermal  steps_subtype_thermal  oracle_loss_macro_subtype_event  macro_subtype_event_count    replay_family  requested_top_size  top_size  lead_steps  dwell_steps  calm_action_idx  particle_action_idx  flux_action_idx  thermal_action_idx                        calm_sensor_ids                particle_sensor_ids           flux_sensor_ids               thermal_sensor_ids                   calm_pool_sensor_ids           particle_pool_sensor_ids      flux_pool_sensor_ids          thermal_pool_sensor_ids  oracle_loss_subtype_particle_staticnorm  oracle_loss_subtype_flux_staticnorm  oracle_loss_subtype_thermal_staticnorm  oracle_loss_macro_subtype_event_staticnorm           reference_policy  reference_oracle_loss_mean  margin_abs_vs_reference  margin_rel_vs_reference  source_reference_gate_pass static_reference_policy  static_reference_oracle_loss_mean  margin_abs_vs_static_reference  margin_rel_vs_static_reference  static_reference_gate_pass static_macro_reference_policy  static_macro_reference_oracle_loss_macro_subtype_event        static_macro_reference_score_column  margin_abs_vs_static_macro_reference  margin_rel_vs_static_macro_reference  static_macro_positive_pass  static_macro_reference_gate_pass  gate_pass
split_metpair_subtype_explicit_l16   4096    -1.466501     4.241412          1.466498  4.099930    0.659321            0.92    0.631104                   0           0.002605                       1                        1                      4      0.537817       0.0       1.0  0.313021           1.674913               1.109945                      0.982062                     947                  3.523606                 684                     1.037201                    954                         1.847623                          3 subtype_explicit                   0         0          16            0                2                    4                5                   3 met_station_core|shielded_thermo_hygro met_station_core|laser_disdrometer met_station_core|fc4_flux met_station_core|surface_temp_ir met_station_core|shielded_thermo_hygro met_station_core|laser_disdrometer met_station_core|fc4_flux met_station_core|surface_temp_ir                                 0.986150                             0.641025                                0.856124                                    0.827766 validation_selected_static                     1.52941                 0.062911                 0.041134                        True          static_action5                           1.528272                        0.061774                        0.040421                        True                static_action5                                                0.877607 oracle_loss_macro_subtype_event_staticnorm                              0.049841                              0.056792                        True                              True       True
split_metpair_subtype_explicit_l12   4096    -1.467265     4.245208          1.467262  4.105487    0.658716            0.92    0.631104                   0           0.002605                       1                        1                      4      0.537851       0.0       1.0  0.313007           1.675829               1.110448                      0.982062                     947                  3.526315                 684                     1.037743                    954                         1.848706                          3 subtype_explicit                   0         0          12            0                2                    4                5                   3 met_station_core|shielded_thermo_hygro met_station_core|laser_disdrometer met_station_core|fc4_flux met_station_core|surface_temp_ir met_station_core|shielded_thermo_hygro met_station_core|laser_disdrometer met_station_core|fc4_flux met_station_core|surface_temp_ir                                 0.986150                             0.641517                                0.856571                                    0.828079 validation_selected_static                     1.52941                 0.062148                 0.040635                        True          static_action5                           1.528272                        0.061010                        0.039921                        True                static_action5                                                0.877607 oracle_loss_macro_subtype_event_staticnorm                              0.049528                              0.056435                        True                              True       True
 split_metpair_subtype_explicit_l4   4096    -1.469065     4.231631          1.469057  4.088372    0.636843            0.92    0.631104                   0           0.007489                       1                        1                      4      0.532891       0.0       1.0  0.315101           1.680483               1.107352                      0.981401                     947                  3.544644                 684                     1.037867                    954                         1.854637                          3 subtype_explicit                   0         0           4            0                2                    4                5                   3 met_station_core|shielded_thermo_hygro met_station_core|laser_disdrometer met_station_core|fc4_flux met_station_core|surface_temp_ir met_station_core|shielded_thermo_hygro met_station_core|laser_disdrometer met_station_core|fc4_flux met_station_core|surface_temp_ir                                 0.985486                             0.644852                                0.856674                                    0.829004 validation_selected_static                     1.52941                 0.060352                 0.039461                        True          static_action5                           1.528272                        0.059214                        0.038746                        True                static_action5                                                0.877607 oracle_loss_macro_subtype_event_staticnorm                              0.048603                              0.055381                        True                              True       True
 split_metpair_subtype_explicit_l8   4096    -1.470106     4.239258          1.470098  4.096615    0.640779            0.92    0.631104                   0           0.006838                       1                        1                      4      0.534362       0.0       1.0  0.314465           1.677033               1.116076                      0.982148                     947                  3.528929                 684                     1.039046                    954                         1.850041                          3 subtype_explicit                   0         0           8            0                2                    4                5                   3 met_station_core|shielded_thermo_hygro met_station_core|laser_disdrometer met_station_core|fc4_flux met_station_core|surface_temp_ir met_station_core|shielded_thermo_hygro met_station_core|laser_disdrometer met_station_core|fc4_flux met_station_core|surface_temp_ir                                 0.986236                             0.641993                                0.857647                                    0.828625 validation_selected_static                     1.52941                 0.059311                 0.038781                        True          static_action5                           1.528272                        0.058173                        0.038065                        True                static_action5                                                0.877607 oracle_loss_macro_subtype_event_staticnorm                              0.048982                              0.055813                        True                              True       True
 split_metpair_subtype_explicit_l0   4096    -1.478775     4.243696          1.478767  4.107190    0.625566            0.92    0.631104                   0           0.007489                       1                        1                      4      0.527253       0.0       1.0  0.317562           1.693579               1.111269                      0.983750                     947                  3.579863                 684                     1.045771                    954                         1.869795                          3 subtype_explicit                   0         0           0            0                2                    4                5                   3 met_station_core|shielded_thermo_hygro met_station_core|laser_disdrometer met_station_core|fc4_flux met_station_core|surface_temp_ir met_station_core|shielded_thermo_hygro met_station_core|laser_disdrometer met_station_core|fc4_flux met_station_core|surface_temp_ir                                 0.987845                             0.651259                                0.863198                                    0.834101 validation_selected_static                     1.52941                 0.050642                 0.033112                        True          static_action5                           1.528272                        0.049505                        0.032392                        True                static_action5                                                0.877607 oracle_loss_macro_subtype_event_staticnorm                              0.043506                              0.049574                        True                              True       True
reports/v31_metpair_backbone_context_ortholinear_balancedobjective_scenebal2_seed128_h075ctxolscbal2_20260621/behavior_audit_v2/behavior_complexity_summary.csv
{
  "policy": "custom_ppo",
  "steps": 4096,
  "unique_mask_count": 4,
  "top3_mask_fraction": 0.77978515625,
  "mask_entropy_bits": 1.9947109184845149,
  "transition_entropy_bits": 2.10860564644617,
  "best_period": 1,
  "best_period_match": 0.9873015873015873,
  "event_sensor_l1": 1.4169140039452783,
  "event_mask_mi_bits": 0.4941751612014673,
  "event_state_dependent": true,
  "subtype_sensor_l1": 2.0,
  "subtype_mask_mi_bits": 0.5920629758698237,
  "subtype_state_dependent": true,
  "state_dependent": true,
  "fixed_like": false,
  "simple_cycle_like": false,
  "low_complexity": false,
  "weak_state_dependence": false,
  "behavior_complexity_gate_pass": true
}
{
  "policy": "validation_selected_static",
  "steps": 4096,
  "unique_mask_count": 1,
  "top3_mask_fraction": 1.0,
  "mask_entropy_bits": -0.0,
  "transition_entropy_bits": -0.0,
  "best_period": 1,
  "best_period_match": 1.0,
  "event_sensor_l1": 0.0,
  "event_mask_mi_bits": 0.0,
  "event_state_dependent": false,
  "subtype_sensor_l1": 0.0,
  "subtype_mask_mi_bits": 0.0,
  "subtype_state_dependent": false,
  "state_dependent": false,
  "fixed_like": true,
  "simple_cycle_like": false,
  "low_complexity": true,
  "weak_state_dependence": true,
  "behavior_complexity_gate_pass": false
}
{
  "policy": "custom_ppo",
  "steps": 4096,
  "unique_mask_count": 4,
  "top3_mask_fraction": 0.77978515625,
  "mask_entropy_bits": 1.9947109184845149,
  "transition_entropy_bits": 2.10860564644617,
  "best_period": 1,
  "best_period_match": 0.9873015873015873,
  "event_sensor_l1": 1.4169140039452783,
  "event_mask_mi_bits": 0.4941751612014673,
  "event_state_dependent": true,
  "subtype_sensor_l1": 2.0,
  "subtype_mask_mi_bits": 0.5920629758698237,
  "subtype_state_dependent": true,
  "state_dependent": true,
  "fixed_like": false,
  "simple_cycle_like": false,
  "low_complexity": false,
  "weak_state_dependence": false,
  "behavior_complexity_gate_pass": true
}
scenebal2_seed_done seed=128 gpu=5 date=2026-06-21T17:13:06+08:00
