scenebal2_seed_start seed=136 gpu=1 date=2026-06-21T17:57:42+08:00
[metpair-backbone-context] seed=136 out_dir=reports/v31_metpair_backbone_context_ortholinear_balancedobjective_scenebal2_seed136_h075ctxolscbal2_20260621
reports/v31_metpair_backbone_context_ortholinear_balancedobjective_scenebal2_seed136_h075ctxolscbal2_20260621/truth_v31_split.csv
reports/v31_metpair_backbone_context_ortholinear_balancedobjective_scenebal2_seed136_h075ctxolscbal2_20260621/dataset_validation/synthetic_validation.csv
custom_ppo_bc_pretrain steps=10000 loss=6.967629 accuracy=0.943 subtype_acc=0.974 unique_actions=4
custom_ppo_update update=1 timesteps=1024 loss=534.674920 entropy=1.101661 adv_std=30.941074 soc_aux=0.000000 subtype_aux=0.335014 subtype_acc=0.922 subtype_action_ce=0.000000 subtype_action_margin=0.000000 awbc_label_rate=1.000
custom_ppo_update update=2 timesteps=2048 loss=532.753089 entropy=1.070524 adv_std=31.368971 soc_aux=0.000000 subtype_aux=0.551745 subtype_acc=0.876 subtype_action_ce=0.000000 subtype_action_margin=0.000000 awbc_label_rate=1.000
custom_ppo_update update=3 timesteps=3072 loss=929.071119 entropy=1.208607 adv_std=36.137676 soc_aux=0.000000 subtype_aux=1.401169 subtype_acc=0.774 subtype_action_ce=0.000000 subtype_action_margin=0.000000 awbc_label_rate=1.000
custom_ppo_update update=4 timesteps=4096 loss=1215.071486 entropy=1.077016 adv_std=43.495514 soc_aux=0.000000 subtype_aux=0.767946 subtype_acc=0.802 subtype_action_ce=0.000000 subtype_action_margin=0.000000 awbc_label_rate=1.000
custom_ppo_update update=5 timesteps=5120 loss=978.323150 entropy=1.123365 adv_std=39.499630 soc_aux=0.000000 subtype_aux=0.525789 subtype_acc=0.855 subtype_action_ce=0.000000 subtype_action_margin=0.000000 awbc_label_rate=1.000
custom_ppo_update update=6 timesteps=6144 loss=961.604649 entropy=1.165495 adv_std=36.321732 soc_aux=0.000000 subtype_aux=0.764960 subtype_acc=0.770 subtype_action_ce=0.000000 subtype_action_margin=0.000000 awbc_label_rate=1.000
custom_ppo_update update=7 timesteps=7168 loss=637.748597 entropy=1.110884 adv_std=31.989027 soc_aux=0.000000 subtype_aux=0.409810 subtype_acc=0.869 subtype_action_ce=0.000000 subtype_action_margin=0.000000 awbc_label_rate=1.000
custom_ppo_update update=8 timesteps=8192 loss=1059.732586 entropy=1.200062 adv_std=40.874096 soc_aux=0.000000 subtype_aux=0.462144 subtype_acc=0.858 subtype_action_ce=0.000000 subtype_action_margin=0.000000 awbc_label_rate=1.000
custom_ppo_update update=9 timesteps=9216 loss=476.480503 entropy=0.995580 adv_std=30.169729 soc_aux=0.000000 subtype_aux=0.146174 subtype_acc=0.956 subtype_action_ce=0.000000 subtype_action_margin=0.000000 awbc_label_rate=1.000
custom_ppo_update update=10 timesteps=10240 loss=1493.562036 entropy=1.144857 adv_std=43.595058 soc_aux=0.000000 subtype_aux=0.992481 subtype_acc=0.700 subtype_action_ce=0.000000 subtype_action_margin=0.000000 awbc_label_rate=1.000
custom_ppo_update update=11 timesteps=11264 loss=828.052581 entropy=1.031380 adv_std=36.780205 soc_aux=0.000000 subtype_aux=0.200033 subtype_acc=0.928 subtype_action_ce=0.000000 subtype_action_margin=0.000000 awbc_label_rate=1.000
custom_ppo_update update=12 timesteps=12288 loss=788.652407 entropy=1.047310 adv_std=36.237434 soc_aux=0.000000 subtype_aux=0.207285 subtype_acc=0.936 subtype_action_ce=0.000000 subtype_action_margin=0.000000 awbc_label_rate=1.000
custom_ppo_update update=13 timesteps=13312 loss=719.685425 entropy=1.000064 adv_std=36.031197 soc_aux=0.000000 subtype_aux=0.125964 subtype_acc=0.965 subtype_action_ce=0.000000 subtype_action_margin=0.000000 awbc_label_rate=1.000
custom_ppo_update update=14 timesteps=14336 loss=436.980803 entropy=1.261380 adv_std=30.282465 soc_aux=0.000000 subtype_aux=0.074712 subtype_acc=0.978 subtype_action_ce=0.000000 subtype_action_margin=0.000000 awbc_label_rate=1.000
custom_ppo_update update=15 timesteps=15360 loss=689.966318 entropy=1.267178 adv_std=36.066738 soc_aux=0.000000 subtype_aux=0.338058 subtype_acc=0.927 subtype_action_ce=0.000000 subtype_action_margin=0.000000 awbc_label_rate=1.000
custom_ppo_update update=16 timesteps=16384 loss=876.585965 entropy=1.148588 adv_std=38.990913 soc_aux=0.000000 subtype_aux=0.320392 subtype_acc=0.903 subtype_action_ce=0.000000 subtype_action_margin=0.000000 awbc_label_rate=1.000
custom_ppo_update update=17 timesteps=17408 loss=424.193831 entropy=1.171496 adv_std=29.557943 soc_aux=0.000000 subtype_aux=0.149784 subtype_acc=0.962 subtype_action_ce=0.000000 subtype_action_margin=0.000000 awbc_label_rate=1.000
custom_ppo_update update=18 timesteps=18432 loss=420.850746 entropy=0.890017 adv_std=29.738138 soc_aux=0.000000 subtype_aux=0.118759 subtype_acc=0.966 subtype_action_ce=0.000000 subtype_action_margin=0.000000 awbc_label_rate=1.000
custom_ppo_update update=19 timesteps=19456 loss=457.004238 entropy=1.143976 adv_std=31.307709 soc_aux=0.000000 subtype_aux=0.330620 subtype_acc=0.922 subtype_action_ce=0.000000 subtype_action_margin=0.000000 awbc_label_rate=1.000
custom_ppo_update update=20 timesteps=20480 loss=597.301889 entropy=1.153514 adv_std=35.371433 soc_aux=0.000000 subtype_aux=0.420813 subtype_acc=0.872 subtype_action_ce=0.000000 subtype_action_margin=0.000000 awbc_label_rate=1.000
custom_ppo_update update=21 timesteps=21504 loss=969.020104 entropy=1.145339 adv_std=38.835381 soc_aux=0.000000 subtype_aux=0.414457 subtype_acc=0.865 subtype_action_ce=0.000000 subtype_action_margin=0.000000 awbc_label_rate=1.000
custom_ppo_update update=22 timesteps=22528 loss=972.823748 entropy=1.179309 adv_std=40.066124 soc_aux=0.000000 subtype_aux=0.252512 subtype_acc=0.921 subtype_action_ce=0.000000 subtype_action_margin=0.000000 awbc_label_rate=1.000
custom_ppo_update update=23 timesteps=23552 loss=515.310158 entropy=1.137559 adv_std=32.953308 soc_aux=0.000000 subtype_aux=0.198736 subtype_acc=0.944 subtype_action_ce=0.000000 subtype_action_margin=0.000000 awbc_label_rate=1.000
custom_ppo_update update=24 timesteps=24576 loss=522.668053 entropy=1.142699 adv_std=33.403099 soc_aux=0.000000 subtype_aux=0.218019 subtype_acc=0.934 subtype_action_ce=0.000000 subtype_action_margin=0.000000 awbc_label_rate=1.000
custom_ppo_update update=25 timesteps=25600 loss=649.222216 entropy=1.090164 adv_std=37.899132 soc_aux=0.000000 subtype_aux=0.217909 subtype_acc=0.933 subtype_action_ce=0.000000 subtype_action_margin=0.000000 awbc_label_rate=1.000
custom_ppo_update update=26 timesteps=26624 loss=910.896208 entropy=1.229410 adv_std=41.677940 soc_aux=0.000000 subtype_aux=0.403373 subtype_acc=0.875 subtype_action_ce=0.000000 subtype_action_margin=0.000000 awbc_label_rate=1.000
custom_ppo_update update=27 timesteps=27648 loss=649.343274 entropy=1.192254 adv_std=36.976692 soc_aux=0.000000 subtype_aux=0.300747 subtype_acc=0.916 subtype_action_ce=0.000000 subtype_action_margin=0.000000 awbc_label_rate=1.000
custom_ppo_update update=28 timesteps=28672 loss=528.425936 entropy=1.264046 adv_std=35.217697 soc_aux=0.000000 subtype_aux=0.103427 subtype_acc=0.973 subtype_action_ce=0.000000 subtype_action_margin=0.000000 awbc_label_rate=1.000
custom_ppo_update update=29 timesteps=29696 loss=369.586109 entropy=1.053005 adv_std=29.361673 soc_aux=0.000000 subtype_aux=0.103263 subtype_acc=0.969 subtype_action_ce=0.000000 subtype_action_margin=0.000000 awbc_label_rate=1.000
custom_ppo_update update=30 timesteps=30720 loss=608.786356 entropy=1.217617 adv_std=34.341297 soc_aux=0.000000 subtype_aux=0.157144 subtype_acc=0.952 subtype_action_ce=0.000000 subtype_action_margin=0.000000 awbc_label_rate=1.000
custom_ppo_update update=31 timesteps=31744 loss=890.116607 entropy=1.169297 adv_std=42.716885 soc_aux=0.000000 subtype_aux=0.284998 subtype_acc=0.925 subtype_action_ce=0.000000 subtype_action_margin=0.000000 awbc_label_rate=1.000
custom_ppo_update update=32 timesteps=32768 loss=397.664942 entropy=0.987600 adv_std=30.050055 soc_aux=0.000000 subtype_aux=0.088922 subtype_acc=0.977 subtype_action_ce=0.000000 subtype_action_margin=0.000000 awbc_label_rate=1.000
custom_ppo_update update=33 timesteps=33792 loss=590.718145 entropy=1.053321 adv_std=37.270386 soc_aux=0.000000 subtype_aux=0.240984 subtype_acc=0.933 subtype_action_ce=0.000000 subtype_action_margin=0.000000 awbc_label_rate=1.000
custom_ppo_update update=34 timesteps=34816 loss=485.717316 entropy=0.979740 adv_std=35.034718 soc_aux=0.000000 subtype_aux=0.059755 subtype_acc=0.984 subtype_action_ce=0.000000 subtype_action_margin=0.000000 awbc_label_rate=1.000
custom_ppo_update update=35 timesteps=35840 loss=559.806743 entropy=1.030447 adv_std=37.328842 soc_aux=0.000000 subtype_aux=0.098781 subtype_acc=0.971 subtype_action_ce=0.000000 subtype_action_margin=0.000000 awbc_label_rate=1.000
custom_ppo_update update=36 timesteps=36864 loss=676.886934 entropy=1.177794 adv_std=38.591156 soc_aux=0.000000 subtype_aux=0.196000 subtype_acc=0.938 subtype_action_ce=0.000000 subtype_action_margin=0.000000 awbc_label_rate=1.000
custom_ppo_update update=37 timesteps=37888 loss=523.773101 entropy=1.051742 adv_std=33.956947 soc_aux=0.000000 subtype_aux=0.146392 subtype_acc=0.957 subtype_action_ce=0.000000 subtype_action_margin=0.000000 awbc_label_rate=1.000
custom_ppo_update update=38 timesteps=38912 loss=986.815265 entropy=1.218266 adv_std=42.426075 soc_aux=0.000000 subtype_aux=0.201778 subtype_acc=0.942 subtype_action_ce=0.000000 subtype_action_margin=0.000000 awbc_label_rate=1.000
custom_ppo_update update=39 timesteps=39936 loss=482.096962 entropy=1.012673 adv_std=34.252659 soc_aux=0.000000 subtype_aux=0.061189 subtype_acc=0.981 subtype_action_ce=0.000000 subtype_action_margin=0.000000 awbc_label_rate=1.000
custom_ppo_update update=40 timesteps=40960 loss=405.800375 entropy=1.130211 adv_std=32.712696 soc_aux=0.000000 subtype_aux=0.071143 subtype_acc=0.980 subtype_action_ce=0.000000 subtype_action_margin=0.000000 awbc_label_rate=1.000
custom_ppo_update update=41 timesteps=41984 loss=599.603906 entropy=1.028834 adv_std=38.152515 soc_aux=0.000000 subtype_aux=0.093850 subtype_acc=0.974 subtype_action_ce=0.000000 subtype_action_margin=0.000000 awbc_label_rate=1.000
custom_ppo_update update=42 timesteps=43008 loss=394.220793 entropy=1.138149 adv_std=30.984285 soc_aux=0.000000 subtype_aux=0.135302 subtype_acc=0.969 subtype_action_ce=0.000000 subtype_action_margin=0.000000 awbc_label_rate=1.000
custom_ppo_update update=43 timesteps=44032 loss=578.909123 entropy=1.062558 adv_std=35.300419 soc_aux=0.000000 subtype_aux=0.095122 subtype_acc=0.970 subtype_action_ce=0.000000 subtype_action_margin=0.000000 awbc_label_rate=1.000
custom_ppo_update update=44 timesteps=45056 loss=449.347038 entropy=0.982156 adv_std=32.670925 soc_aux=0.000000 subtype_aux=0.116737 subtype_acc=0.967 subtype_action_ce=0.000000 subtype_action_margin=0.000000 awbc_label_rate=1.000
custom_ppo_update update=45 timesteps=46080 loss=343.686240 entropy=0.915813 adv_std=28.566563 soc_aux=0.000000 subtype_aux=0.038007 subtype_acc=0.988 subtype_action_ce=0.000000 subtype_action_margin=0.000000 awbc_label_rate=1.000
custom_ppo_update update=46 timesteps=47104 loss=696.347417 entropy=1.091812 adv_std=39.373486 soc_aux=0.000000 subtype_aux=0.219912 subtype_acc=0.936 subtype_action_ce=0.000000 subtype_action_margin=0.000000 awbc_label_rate=1.000
custom_ppo_update update=47 timesteps=48128 loss=542.266934 entropy=0.997034 adv_std=38.588871 soc_aux=0.000000 subtype_aux=0.074291 subtype_acc=0.974 subtype_action_ce=0.000000 subtype_action_margin=0.000000 awbc_label_rate=1.000
custom_ppo_update update=48 timesteps=49152 loss=594.113492 entropy=1.026746 adv_std=37.350063 soc_aux=0.000000 subtype_aux=0.048890 subtype_acc=0.985 subtype_action_ce=0.000000 subtype_action_margin=0.000000 awbc_label_rate=1.000
custom_ppo_update update=49 timesteps=50176 loss=555.302273 entropy=0.968543 adv_std=37.654564 soc_aux=0.000000 subtype_aux=0.039092 subtype_acc=0.987 subtype_action_ce=0.000000 subtype_action_margin=0.000000 awbc_label_rate=1.000
custom_ppo_update update=50 timesteps=51200 loss=519.243789 entropy=1.020904 adv_std=36.465302 soc_aux=0.000000 subtype_aux=0.052814 subtype_acc=0.987 subtype_action_ce=0.000000 subtype_action_margin=0.000000 awbc_label_rate=1.000
custom_ppo_update update=51 timesteps=52224 loss=391.752610 entropy=0.851884 adv_std=31.746416 soc_aux=0.000000 subtype_aux=0.024784 subtype_acc=0.992 subtype_action_ce=0.000000 subtype_action_margin=0.000000 awbc_label_rate=1.000
custom_ppo_update update=52 timesteps=53248 loss=478.673472 entropy=1.009580 adv_std=36.043449 soc_aux=0.000000 subtype_aux=0.152386 subtype_acc=0.964 subtype_action_ce=0.000000 subtype_action_margin=0.000000 awbc_label_rate=1.000
custom_ppo_update update=53 timesteps=54272 loss=466.533688 entropy=1.014543 adv_std=37.583916 soc_aux=0.000000 subtype_aux=0.095954 subtype_acc=0.969 subtype_action_ce=0.000000 subtype_action_margin=0.000000 awbc_label_rate=1.000
custom_ppo_update update=54 timesteps=55296 loss=427.237145 entropy=0.962097 adv_std=34.859188 soc_aux=0.000000 subtype_aux=0.062246 subtype_acc=0.982 subtype_action_ce=0.000000 subtype_action_margin=0.000000 awbc_label_rate=1.000
custom_ppo_update update=55 timesteps=56320 loss=337.310125 entropy=1.033292 adv_std=29.965597 soc_aux=0.000000 subtype_aux=0.079043 subtype_acc=0.978 subtype_action_ce=0.000000 subtype_action_margin=0.000000 awbc_label_rate=1.000
custom_ppo_update update=56 timesteps=57344 loss=302.391474 entropy=0.938950 adv_std=28.216194 soc_aux=0.000000 subtype_aux=0.041468 subtype_acc=0.988 subtype_action_ce=0.000000 subtype_action_margin=0.000000 awbc_label_rate=1.000
custom_ppo_update update=57 timesteps=58368 loss=398.381158 entropy=0.921172 adv_std=32.672592 soc_aux=0.000000 subtype_aux=0.068789 subtype_acc=0.982 subtype_action_ce=0.000000 subtype_action_margin=0.000000 awbc_label_rate=1.000
custom_ppo_update update=58 timesteps=59392 loss=400.947515 entropy=1.120133 adv_std=37.701229 soc_aux=0.000000 subtype_aux=0.114145 subtype_acc=0.962 subtype_action_ce=0.000000 subtype_action_margin=0.000000 awbc_label_rate=1.000
custom_ppo_update update=59 timesteps=60416 loss=386.194176 entropy=1.121150 adv_std=33.979225 soc_aux=0.000000 subtype_aux=0.036068 subtype_acc=0.989 subtype_action_ce=0.000000 subtype_action_margin=0.000000 awbc_label_rate=1.000
custom_ppo_update update=60 timesteps=61440 loss=365.937194 entropy=1.052444 adv_std=32.057861 soc_aux=0.000000 subtype_aux=0.042152 subtype_acc=0.990 subtype_action_ce=0.000000 subtype_action_margin=0.000000 awbc_label_rate=1.000
custom_ppo_update update=61 timesteps=62464 loss=285.246830 entropy=1.077366 adv_std=29.083561 soc_aux=0.000000 subtype_aux=0.071296 subtype_acc=0.983 subtype_action_ce=0.000000 subtype_action_margin=0.000000 awbc_label_rate=1.000
custom_ppo_update update=62 timesteps=63488 loss=567.593577 entropy=1.018602 adv_std=39.739002 soc_aux=0.000000 subtype_aux=0.064010 subtype_acc=0.980 subtype_action_ce=0.000000 subtype_action_margin=0.000000 awbc_label_rate=1.000
custom_ppo_update update=63 timesteps=64512 loss=345.730116 entropy=0.858997 adv_std=31.289085 soc_aux=0.000000 subtype_aux=0.041698 subtype_acc=0.987 subtype_action_ce=0.000000 subtype_action_margin=0.000000 awbc_label_rate=1.000
custom_ppo_update update=64 timesteps=65536 loss=300.001423 entropy=1.051825 adv_std=31.944271 soc_aux=0.000000 subtype_aux=0.060783 subtype_acc=0.986 subtype_action_ce=0.000000 subtype_action_margin=0.000000 awbc_label_rate=1.000
custom_ppo_update update=65 timesteps=66560 loss=454.318686 entropy=1.145310 adv_std=35.455997 soc_aux=0.000000 subtype_aux=0.162142 subtype_acc=0.961 subtype_action_ce=0.000000 subtype_action_margin=0.000000 awbc_label_rate=1.000
custom_ppo_update update=66 timesteps=67584 loss=644.839108 entropy=1.074113 adv_std=39.594868 soc_aux=0.000000 subtype_aux=0.076780 subtype_acc=0.979 subtype_action_ce=0.000000 subtype_action_margin=0.000000 awbc_label_rate=1.000
custom_ppo_update update=67 timesteps=68608 loss=359.624351 entropy=1.131119 adv_std=34.791172 soc_aux=0.000000 subtype_aux=0.131798 subtype_acc=0.973 subtype_action_ce=0.000000 subtype_action_margin=0.000000 awbc_label_rate=1.000
custom_ppo_update update=68 timesteps=69632 loss=347.681228 entropy=0.952233 adv_std=33.139484 soc_aux=0.000000 subtype_aux=0.083410 subtype_acc=0.975 subtype_action_ce=0.000000 subtype_action_margin=0.000000 awbc_label_rate=1.000
custom_ppo_update update=69 timesteps=70656 loss=379.314606 entropy=0.928185 adv_std=30.865591 soc_aux=0.000000 subtype_aux=0.067168 subtype_acc=0.986 subtype_action_ce=0.000000 subtype_action_margin=0.000000 awbc_label_rate=1.000
custom_ppo_update update=70 timesteps=71680 loss=544.764006 entropy=1.048822 adv_std=38.584450 soc_aux=0.000000 subtype_aux=0.060306 subtype_acc=0.981 subtype_action_ce=0.000000 subtype_action_margin=0.000000 awbc_label_rate=1.000
custom_ppo_update update=71 timesteps=72704 loss=355.453175 entropy=0.881282 adv_std=34.872616 soc_aux=0.000000 subtype_aux=0.010076 subtype_acc=0.997 subtype_action_ce=0.000000 subtype_action_margin=0.000000 awbc_label_rate=1.000
custom_ppo_update update=72 timesteps=73728 loss=302.977996 entropy=0.878506 adv_std=30.750427 soc_aux=0.000000 subtype_aux=0.029920 subtype_acc=0.991 subtype_action_ce=0.000000 subtype_action_margin=0.000000 awbc_label_rate=1.000
custom_ppo_update update=73 timesteps=74752 loss=511.284631 entropy=1.018499 adv_std=39.232197 soc_aux=0.000000 subtype_aux=0.025776 subtype_acc=0.991 subtype_action_ce=0.000000 subtype_action_margin=0.000000 awbc_label_rate=1.000
custom_ppo_update update=74 timesteps=75776 loss=272.052949 entropy=0.784108 adv_std=28.553722 soc_aux=0.000000 subtype_aux=0.006808 subtype_acc=0.998 subtype_action_ce=0.000000 subtype_action_margin=0.000000 awbc_label_rate=1.000
custom_ppo_update update=75 timesteps=76800 loss=654.871019 entropy=0.998428 adv_std=41.858360 soc_aux=0.000000 subtype_aux=0.034980 subtype_acc=0.988 subtype_action_ce=0.000000 subtype_action_margin=0.000000 awbc_label_rate=1.000
custom_ppo_update update=76 timesteps=77824 loss=220.337264 entropy=1.206330 adv_std=26.059984 soc_aux=0.000000 subtype_aux=0.226083 subtype_acc=0.946 subtype_action_ce=0.000000 subtype_action_margin=0.000000 awbc_label_rate=1.000
custom_ppo_update update=77 timesteps=78848 loss=347.409441 entropy=1.066251 adv_std=34.182049 soc_aux=0.000000 subtype_aux=0.230358 subtype_acc=0.952 subtype_action_ce=0.000000 subtype_action_margin=0.000000 awbc_label_rate=1.000
custom_ppo_update update=78 timesteps=79872 loss=392.837101 entropy=0.924336 adv_std=39.044319 soc_aux=0.000000 subtype_aux=0.099956 subtype_acc=0.974 subtype_action_ce=0.000000 subtype_action_margin=0.000000 awbc_label_rate=1.000
custom_ppo_update update=79 timesteps=80896 loss=298.210037 entropy=1.025179 adv_std=30.664013 soc_aux=0.000000 subtype_aux=0.075122 subtype_acc=0.979 subtype_action_ce=0.000000 subtype_action_margin=0.000000 awbc_label_rate=1.000
custom_ppo_update update=80 timesteps=81920 loss=411.944926 entropy=1.032799 adv_std=36.184177 soc_aux=0.000000 subtype_aux=0.077100 subtype_acc=0.982 subtype_action_ce=0.000000 subtype_action_margin=0.000000 awbc_label_rate=1.000
custom_ppo_update update=81 timesteps=82944 loss=289.613594 entropy=0.986767 adv_std=31.894430 soc_aux=0.000000 subtype_aux=0.030932 subtype_acc=0.990 subtype_action_ce=0.000000 subtype_action_margin=0.000000 awbc_label_rate=1.000
custom_ppo_update update=82 timesteps=83968 loss=260.358247 entropy=0.972180 adv_std=32.423119 soc_aux=0.000000 subtype_aux=0.016997 subtype_acc=0.995 subtype_action_ce=0.000000 subtype_action_margin=0.000000 awbc_label_rate=1.000
custom_ppo_update update=83 timesteps=84992 loss=280.678857 entropy=0.899908 adv_std=31.953255 soc_aux=0.000000 subtype_aux=0.063830 subtype_acc=0.983 subtype_action_ce=0.000000 subtype_action_margin=0.000000 awbc_label_rate=1.000
custom_ppo_update update=84 timesteps=86016 loss=303.919590 entropy=0.937893 adv_std=30.929543 soc_aux=0.000000 subtype_aux=0.025061 subtype_acc=0.994 subtype_action_ce=0.000000 subtype_action_margin=0.000000 awbc_label_rate=1.000
custom_ppo_update update=85 timesteps=87040 loss=285.808937 entropy=0.900624 adv_std=33.107613 soc_aux=0.000000 subtype_aux=0.030787 subtype_acc=0.992 subtype_action_ce=0.000000 subtype_action_margin=0.000000 awbc_label_rate=1.000
custom_ppo_update update=86 timesteps=88064 loss=281.132726 entropy=0.931268 adv_std=31.249126 soc_aux=0.000000 subtype_aux=0.056456 subtype_acc=0.983 subtype_action_ce=0.000000 subtype_action_margin=0.000000 awbc_label_rate=1.000
custom_ppo_update update=87 timesteps=89088 loss=244.130732 entropy=0.815942 adv_std=29.666243 soc_aux=0.000000 subtype_aux=0.013458 subtype_acc=0.997 subtype_action_ce=0.000000 subtype_action_margin=0.000000 awbc_label_rate=1.000
custom_ppo_update update=88 timesteps=90112 loss=217.244310 entropy=0.816222 adv_std=24.398296 soc_aux=0.000000 subtype_aux=0.027229 subtype_acc=0.993 subtype_action_ce=0.000000 subtype_action_margin=0.000000 awbc_label_rate=1.000
custom_ppo_update update=89 timesteps=91136 loss=343.207217 entropy=0.994281 adv_std=34.687733 soc_aux=0.000000 subtype_aux=0.082647 subtype_acc=0.983 subtype_action_ce=0.000000 subtype_action_margin=0.000000 awbc_label_rate=1.000
custom_ppo_update update=90 timesteps=92160 loss=270.161834 entropy=0.947244 adv_std=28.834957 soc_aux=0.000000 subtype_aux=0.013138 subtype_acc=0.997 subtype_action_ce=0.000000 subtype_action_margin=0.000000 awbc_label_rate=1.000
custom_ppo_update update=91 timesteps=93184 loss=201.900421 entropy=0.911214 adv_std=26.563162 soc_aux=0.000000 subtype_aux=0.016361 subtype_acc=0.996 subtype_action_ce=0.000000 subtype_action_margin=0.000000 awbc_label_rate=1.000
custom_ppo_update update=92 timesteps=94208 loss=257.779451 entropy=0.872751 adv_std=29.906406 soc_aux=0.000000 subtype_aux=0.016645 subtype_acc=0.995 subtype_action_ce=0.000000 subtype_action_margin=0.000000 awbc_label_rate=1.000
custom_ppo_update update=93 timesteps=95232 loss=231.355001 entropy=1.006429 adv_std=30.126577 soc_aux=0.000000 subtype_aux=0.025367 subtype_acc=0.993 subtype_action_ce=0.000000 subtype_action_margin=0.000000 awbc_label_rate=1.000
custom_ppo_update update=94 timesteps=96256 loss=343.061830 entropy=0.976719 adv_std=35.208172 soc_aux=0.000000 subtype_aux=0.067767 subtype_acc=0.984 subtype_action_ce=0.000000 subtype_action_margin=0.000000 awbc_label_rate=1.000
custom_ppo_update update=95 timesteps=97280 loss=191.943794 entropy=0.836102 adv_std=24.912075 soc_aux=0.000000 subtype_aux=0.011817 subtype_acc=0.997 subtype_action_ce=0.000000 subtype_action_margin=0.000000 awbc_label_rate=1.000
custom_ppo_update update=96 timesteps=98304 loss=251.291154 entropy=0.864364 adv_std=32.525448 soc_aux=0.000000 subtype_aux=0.022877 subtype_acc=0.993 subtype_action_ce=0.000000 subtype_action_margin=0.000000 awbc_label_rate=1.000
custom_ppo_update update=97 timesteps=99328 loss=202.369443 entropy=0.884753 adv_std=29.046398 soc_aux=0.000000 subtype_aux=0.078525 subtype_acc=0.982 subtype_action_ce=0.000000 subtype_action_margin=0.000000 awbc_label_rate=1.000
custom_ppo_update update=98 timesteps=100352 loss=165.780853 entropy=0.678547 adv_std=20.391533 soc_aux=0.000000 subtype_aux=0.010486 subtype_acc=0.998 subtype_action_ce=0.000000 subtype_action_margin=0.000000 awbc_label_rate=1.000
custom_ppo_update update=99 timesteps=101376 loss=163.109154 entropy=0.747716 adv_std=23.786987 soc_aux=0.000000 subtype_aux=0.009246 subtype_acc=0.998 subtype_action_ce=0.000000 subtype_action_margin=0.000000 awbc_label_rate=1.000
custom_ppo_update update=100 timesteps=102400 loss=203.326696 entropy=0.780710 adv_std=29.900650 soc_aux=0.000000 subtype_aux=0.015387 subtype_acc=0.995 subtype_action_ce=0.000000 subtype_action_margin=0.000000 awbc_label_rate=1.000
custom_ppo_update update=101 timesteps=103424 loss=215.863699 entropy=0.873821 adv_std=27.047209 soc_aux=0.000000 subtype_aux=0.038652 subtype_acc=0.991 subtype_action_ce=0.000000 subtype_action_margin=0.000000 awbc_label_rate=1.000
custom_ppo_update update=102 timesteps=104448 loss=123.038539 entropy=0.696134 adv_std=19.144863 soc_aux=0.000000 subtype_aux=0.013394 subtype_acc=0.997 subtype_action_ce=0.000000 subtype_action_margin=0.000000 awbc_label_rate=1.000
custom_ppo_update update=103 timesteps=105472 loss=175.140565 entropy=0.749093 adv_std=25.957304 soc_aux=0.000000 subtype_aux=0.052960 subtype_acc=0.989 subtype_action_ce=0.000000 subtype_action_margin=0.000000 awbc_label_rate=1.000
custom_ppo_update update=104 timesteps=106496 loss=285.212909 entropy=0.928849 adv_std=30.611359 soc_aux=0.000000 subtype_aux=0.020738 subtype_acc=0.995 subtype_action_ce=0.000000 subtype_action_margin=0.000000 awbc_label_rate=1.000
custom_ppo_update update=105 timesteps=107520 loss=227.139028 entropy=0.751993 adv_std=26.994810 soc_aux=0.000000 subtype_aux=0.005344 subtype_acc=0.998 subtype_action_ce=0.000000 subtype_action_margin=0.000000 awbc_label_rate=1.000
custom_ppo_update update=106 timesteps=108544 loss=159.125161 entropy=0.724396 adv_std=25.659878 soc_aux=0.000000 subtype_aux=0.019487 subtype_acc=0.996 subtype_action_ce=0.000000 subtype_action_margin=0.000000 awbc_label_rate=1.000
custom_ppo_update update=107 timesteps=109568 loss=215.756851 entropy=0.750978 adv_std=30.880640 soc_aux=0.000000 subtype_aux=0.032789 subtype_acc=0.993 subtype_action_ce=0.000000 subtype_action_margin=0.000000 awbc_label_rate=1.000
custom_ppo_update update=108 timesteps=110592 loss=177.132494 entropy=0.723440 adv_std=26.241337 soc_aux=0.000000 subtype_aux=0.004858 subtype_acc=0.999 subtype_action_ce=0.000000 subtype_action_margin=0.000000 awbc_label_rate=1.000
custom_ppo_update update=109 timesteps=111616 loss=228.255141 entropy=1.007284 adv_std=28.207567 soc_aux=0.000000 subtype_aux=0.011616 subtype_acc=0.996 subtype_action_ce=0.000000 subtype_action_margin=0.000000 awbc_label_rate=1.000
custom_ppo_update update=110 timesteps=112640 loss=246.468818 entropy=0.875718 adv_std=35.625401 soc_aux=0.000000 subtype_aux=0.012128 subtype_acc=0.996 subtype_action_ce=0.000000 subtype_action_margin=0.000000 awbc_label_rate=1.000
custom_ppo_update update=111 timesteps=113664 loss=187.684288 entropy=0.726789 adv_std=27.488203 soc_aux=0.000000 subtype_aux=0.004157 subtype_acc=0.999 subtype_action_ce=0.000000 subtype_action_margin=0.000000 awbc_label_rate=1.000
custom_ppo_update update=112 timesteps=114688 loss=341.045630 entropy=0.899041 adv_std=36.252491 soc_aux=0.000000 subtype_aux=0.042414 subtype_acc=0.991 subtype_action_ce=0.000000 subtype_action_margin=0.000000 awbc_label_rate=1.000
custom_ppo_update update=113 timesteps=115712 loss=207.362726 entropy=0.725084 adv_std=32.313213 soc_aux=0.000000 subtype_aux=0.064569 subtype_acc=0.987 subtype_action_ce=0.000000 subtype_action_margin=0.000000 awbc_label_rate=1.000
custom_ppo_update update=114 timesteps=116736 loss=205.944879 entropy=0.733298 adv_std=33.002987 soc_aux=0.000000 subtype_aux=0.016564 subtype_acc=0.996 subtype_action_ce=0.000000 subtype_action_margin=0.000000 awbc_label_rate=1.000
custom_ppo_update update=115 timesteps=117760 loss=335.412617 entropy=0.826189 adv_std=34.026390 soc_aux=0.000000 subtype_aux=0.002696 subtype_acc=1.000 subtype_action_ce=0.000000 subtype_action_margin=0.000000 awbc_label_rate=1.000
custom_ppo_update update=116 timesteps=118784 loss=293.576775 entropy=0.798927 adv_std=36.264465 soc_aux=0.000000 subtype_aux=0.053713 subtype_acc=0.987 subtype_action_ce=0.000000 subtype_action_margin=0.000000 awbc_label_rate=1.000
custom_ppo_update update=117 timesteps=119808 loss=235.702775 entropy=0.773689 adv_std=34.803875 soc_aux=0.000000 subtype_aux=0.009000 subtype_acc=0.997 subtype_action_ce=0.000000 subtype_action_margin=0.000000 awbc_label_rate=1.000
custom_ppo_update update=118 timesteps=120832 loss=208.030118 entropy=0.782951 adv_std=33.308872 soc_aux=0.000000 subtype_aux=0.008016 subtype_acc=0.997 subtype_action_ce=0.000000 subtype_action_margin=0.000000 awbc_label_rate=1.000
custom_ppo_update update=119 timesteps=121856 loss=266.523081 entropy=0.842443 adv_std=37.775822 soc_aux=0.000000 subtype_aux=0.016208 subtype_acc=0.996 subtype_action_ce=0.000000 subtype_action_margin=0.000000 awbc_label_rate=1.000
custom_ppo_update update=120 timesteps=122880 loss=219.052315 entropy=0.639431 adv_std=28.399046 soc_aux=0.000000 subtype_aux=0.000896 subtype_acc=1.000 subtype_action_ce=0.000000 subtype_action_margin=0.000000 awbc_label_rate=1.000
custom_ppo_update update=121 timesteps=123904 loss=233.933336 entropy=0.709119 adv_std=31.909946 soc_aux=0.000000 subtype_aux=0.016338 subtype_acc=0.996 subtype_action_ce=0.000000 subtype_action_margin=0.000000 awbc_label_rate=1.000
custom_ppo_update update=122 timesteps=124928 loss=238.127675 entropy=0.731839 adv_std=32.129658 soc_aux=0.000000 subtype_aux=0.000570 subtype_acc=1.000 subtype_action_ce=0.000000 subtype_action_margin=0.000000 awbc_label_rate=1.000
custom_ppo_update update=123 timesteps=125952 loss=291.108818 entropy=0.704468 adv_std=37.564735 soc_aux=0.000000 subtype_aux=0.012668 subtype_acc=0.996 subtype_action_ce=0.000000 subtype_action_margin=0.000000 awbc_label_rate=1.000
custom_ppo_update update=124 timesteps=126976 loss=242.285195 entropy=0.763079 adv_std=31.178110 soc_aux=0.000000 subtype_aux=0.028559 subtype_acc=0.993 subtype_action_ce=0.000000 subtype_action_margin=0.000000 awbc_label_rate=1.000
custom_ppo_update update=125 timesteps=128000 loss=179.166045 entropy=0.797359 adv_std=29.794699 soc_aux=0.000000 subtype_aux=0.002786 subtype_acc=0.999 subtype_action_ce=0.000000 subtype_action_margin=0.000000 awbc_label_rate=1.000
custom_ppo_update update=126 timesteps=129024 loss=156.841200 entropy=0.764507 adv_std=28.186878 soc_aux=0.000000 subtype_aux=0.012077 subtype_acc=0.997 subtype_action_ce=0.000000 subtype_action_margin=0.000000 awbc_label_rate=1.000
custom_ppo_update update=127 timesteps=130048 loss=160.861755 entropy=0.645040 adv_std=26.248987 soc_aux=0.000000 subtype_aux=0.001287 subtype_acc=1.000 subtype_action_ce=0.000000 subtype_action_margin=0.000000 awbc_label_rate=1.000
custom_ppo_update update=128 timesteps=131072 loss=258.266740 entropy=0.829607 adv_std=36.466904 soc_aux=0.000000 subtype_aux=0.027043 subtype_acc=0.993 subtype_action_ce=0.000000 subtype_action_margin=0.000000 awbc_label_rate=1.000
custom_ppo_update update=129 timesteps=132096 loss=179.962614 entropy=0.779072 adv_std=28.853323 soc_aux=0.000000 subtype_aux=0.003475 subtype_acc=0.999 subtype_action_ce=0.000000 subtype_action_margin=0.000000 awbc_label_rate=1.000
custom_ppo_update update=130 timesteps=133120 loss=105.175024 entropy=0.563149 adv_std=20.610762 soc_aux=0.000000 subtype_aux=0.016320 subtype_acc=0.997 subtype_action_ce=0.000000 subtype_action_margin=0.000000 awbc_label_rate=1.000
custom_ppo_update update=131 timesteps=134144 loss=129.955595 entropy=0.586699 adv_std=25.389051 soc_aux=0.000000 subtype_aux=0.017349 subtype_acc=0.996 subtype_action_ce=0.000000 subtype_action_margin=0.000000 awbc_label_rate=1.000
custom_ppo_update update=132 timesteps=135168 loss=121.199323 entropy=0.536765 adv_std=22.467007 soc_aux=0.000000 subtype_aux=0.058427 subtype_acc=0.989 subtype_action_ce=0.000000 subtype_action_margin=0.000000 awbc_label_rate=1.000
custom_ppo_update update=133 timesteps=136192 loss=128.035088 entropy=0.513667 adv_std=20.959726 soc_aux=0.000000 subtype_aux=0.026386 subtype_acc=0.994 subtype_action_ce=0.000000 subtype_action_margin=0.000000 awbc_label_rate=1.000
custom_ppo_update update=134 timesteps=137216 loss=166.633023 entropy=0.637771 adv_std=28.406591 soc_aux=0.000000 subtype_aux=0.280466 subtype_acc=0.965 subtype_action_ce=0.000000 subtype_action_margin=0.000000 awbc_label_rate=1.000
custom_ppo_update update=135 timesteps=138240 loss=264.616117 entropy=0.692674 adv_std=35.344440 soc_aux=0.000000 subtype_aux=0.214553 subtype_acc=0.959 subtype_action_ce=0.000000 subtype_action_margin=0.000000 awbc_label_rate=1.000
custom_ppo_update update=136 timesteps=139264 loss=179.948943 entropy=0.741086 adv_std=27.689888 soc_aux=0.000000 subtype_aux=0.033385 subtype_acc=0.990 subtype_action_ce=0.000000 subtype_action_margin=0.000000 awbc_label_rate=1.000
custom_ppo_update update=137 timesteps=140288 loss=149.344950 entropy=0.509199 adv_std=24.605402 soc_aux=0.000000 subtype_aux=0.003738 subtype_acc=0.999 subtype_action_ce=0.000000 subtype_action_margin=0.000000 awbc_label_rate=1.000
custom_ppo_update update=138 timesteps=141312 loss=242.326650 entropy=0.628854 adv_std=31.018446 soc_aux=0.000000 subtype_aux=0.005991 subtype_acc=0.999 subtype_action_ce=0.000000 subtype_action_margin=0.000000 awbc_label_rate=1.000
custom_ppo_update update=139 timesteps=142336 loss=264.696400 entropy=0.684235 adv_std=36.100430 soc_aux=0.000000 subtype_aux=0.021661 subtype_acc=0.995 subtype_action_ce=0.000000 subtype_action_margin=0.000000 awbc_label_rate=1.000
custom_ppo_update update=140 timesteps=143360 loss=172.750675 entropy=0.673144 adv_std=31.156261 soc_aux=0.000000 subtype_aux=0.014183 subtype_acc=0.997 subtype_action_ce=0.000000 subtype_action_margin=0.000000 awbc_label_rate=1.000
custom_ppo_update update=141 timesteps=144384 loss=126.891420 entropy=0.535410 adv_std=22.029734 soc_aux=0.000000 subtype_aux=0.011769 subtype_acc=0.997 subtype_action_ce=0.000000 subtype_action_margin=0.000000 awbc_label_rate=1.000
custom_ppo_update update=142 timesteps=145408 loss=205.207223 entropy=0.538258 adv_std=33.039253 soc_aux=0.000000 subtype_aux=0.028229 subtype_acc=0.994 subtype_action_ce=0.000000 subtype_action_margin=0.000000 awbc_label_rate=1.000
custom_ppo_update update=143 timesteps=146432 loss=211.217076 entropy=0.505984 adv_std=33.450871 soc_aux=0.000000 subtype_aux=0.008742 subtype_acc=0.997 subtype_action_ce=0.000000 subtype_action_margin=0.000000 awbc_label_rate=1.000
custom_ppo_update update=144 timesteps=147456 loss=112.703840 entropy=0.469925 adv_std=22.362242 soc_aux=0.000000 subtype_aux=0.002167 subtype_acc=1.000 subtype_action_ce=0.000000 subtype_action_margin=0.000000 awbc_label_rate=1.000
custom_ppo_update update=145 timesteps=148480 loss=120.099318 entropy=0.684986 adv_std=23.812441 soc_aux=0.000000 subtype_aux=0.020702 subtype_acc=0.994 subtype_action_ce=0.000000 subtype_action_margin=0.000000 awbc_label_rate=1.000
custom_ppo_update update=146 timesteps=149504 loss=104.323635 entropy=0.481454 adv_std=21.437626 soc_aux=0.000000 subtype_aux=0.005637 subtype_acc=0.998 subtype_action_ce=0.000000 subtype_action_margin=0.000000 awbc_label_rate=1.000
custom_ppo_update update=147 timesteps=150528 loss=140.021294 entropy=0.582010 adv_std=24.486246 soc_aux=0.000000 subtype_aux=0.004524 subtype_acc=0.999 subtype_action_ce=0.000000 subtype_action_margin=0.000000 awbc_label_rate=1.000
custom_ppo_update update=148 timesteps=151552 loss=111.469354 entropy=0.474369 adv_std=21.929998 soc_aux=0.000000 subtype_aux=0.025533 subtype_acc=0.995 subtype_action_ce=0.000000 subtype_action_margin=0.000000 awbc_label_rate=1.000
custom_ppo_update update=149 timesteps=152576 loss=109.410443 entropy=0.543423 adv_std=23.283804 soc_aux=0.000000 subtype_aux=0.013188 subtype_acc=0.996 subtype_action_ce=0.000000 subtype_action_margin=0.000000 awbc_label_rate=1.000
custom_ppo_update update=150 timesteps=153600 loss=104.689326 entropy=0.424394 adv_std=20.954113 soc_aux=0.000000 subtype_aux=0.015569 subtype_acc=0.996 subtype_action_ce=0.000000 subtype_action_margin=0.000000 awbc_label_rate=1.000
custom_ppo_update update=151 timesteps=154624 loss=132.773670 entropy=0.455263 adv_std=23.917347 soc_aux=0.000000 subtype_aux=0.019503 subtype_acc=0.998 subtype_action_ce=0.000000 subtype_action_margin=0.000000 awbc_label_rate=1.000
custom_ppo_update update=152 timesteps=155648 loss=118.911950 entropy=0.378387 adv_std=22.523130 soc_aux=0.000000 subtype_aux=0.008699 subtype_acc=0.998 subtype_action_ce=0.000000 subtype_action_margin=0.000000 awbc_label_rate=1.000
custom_ppo_update update=153 timesteps=156672 loss=133.038912 entropy=0.443036 adv_std=28.699299 soc_aux=0.000000 subtype_aux=0.019121 subtype_acc=0.995 subtype_action_ce=0.000000 subtype_action_margin=0.000000 awbc_label_rate=1.000
custom_ppo_update update=154 timesteps=157696 loss=149.952876 entropy=0.476432 adv_std=23.680058 soc_aux=0.000000 subtype_aux=0.040414 subtype_acc=0.990 subtype_action_ce=0.000000 subtype_action_margin=0.000000 awbc_label_rate=1.000
custom_ppo_update update=155 timesteps=158720 loss=86.999011 entropy=0.363424 adv_std=18.059807 soc_aux=0.000000 subtype_aux=0.001491 subtype_acc=1.000 subtype_action_ce=0.000000 subtype_action_margin=0.000000 awbc_label_rate=1.000
custom_ppo_update update=156 timesteps=159744 loss=98.835633 entropy=0.360882 adv_std=22.219997 soc_aux=0.000000 subtype_aux=0.002208 subtype_acc=0.999 subtype_action_ce=0.000000 subtype_action_margin=0.000000 awbc_label_rate=1.000
custom_ppo_update update=157 timesteps=160768 loss=151.678160 entropy=0.380944 adv_std=29.446615 soc_aux=0.000000 subtype_aux=0.013169 subtype_acc=0.996 subtype_action_ce=0.000000 subtype_action_margin=0.000000 awbc_label_rate=1.000
custom_ppo_update update=158 timesteps=161792 loss=100.796533 entropy=0.386955 adv_std=22.318184 soc_aux=0.000000 subtype_aux=0.024211 subtype_acc=0.995 subtype_action_ce=0.000000 subtype_action_margin=0.000000 awbc_label_rate=1.000
custom_ppo_update update=159 timesteps=162816 loss=190.410336 entropy=0.522601 adv_std=31.287754 soc_aux=0.000000 subtype_aux=0.032752 subtype_acc=0.993 subtype_action_ce=0.000000 subtype_action_margin=0.000000 awbc_label_rate=1.000
custom_ppo_update update=160 timesteps=163840 loss=265.956277 entropy=0.378568 adv_std=30.732866 soc_aux=0.000000 subtype_aux=0.002814 subtype_acc=0.999 subtype_action_ce=0.000000 subtype_action_margin=0.000000 awbc_label_rate=1.000
custom_ppo_update update=161 timesteps=164864 loss=167.121150 entropy=0.325730 adv_std=29.633326 soc_aux=0.000000 subtype_aux=0.014706 subtype_acc=0.996 subtype_action_ce=0.000000 subtype_action_margin=0.000000 awbc_label_rate=1.000
custom_ppo_update update=162 timesteps=165888 loss=143.264725 entropy=0.361873 adv_std=27.823092 soc_aux=0.000000 subtype_aux=0.022186 subtype_acc=0.995 subtype_action_ce=0.000000 subtype_action_margin=0.000000 awbc_label_rate=1.000
custom_ppo_update update=163 timesteps=166912 loss=135.683893 entropy=0.296485 adv_std=23.346487 soc_aux=0.000000 subtype_aux=0.001315 subtype_acc=1.000 subtype_action_ce=0.000000 subtype_action_margin=0.000000 awbc_label_rate=1.000
custom_ppo_update update=164 timesteps=167936 loss=124.214016 entropy=0.448997 adv_std=20.828194 soc_aux=0.000000 subtype_aux=0.069350 subtype_acc=0.989 subtype_action_ce=0.000000 subtype_action_margin=0.000000 awbc_label_rate=1.000
custom_ppo_update update=165 timesteps=168960 loss=137.337635 entropy=0.478685 adv_std=27.700020 soc_aux=0.000000 subtype_aux=0.019626 subtype_acc=0.996 subtype_action_ce=0.000000 subtype_action_margin=0.000000 awbc_label_rate=1.000
custom_ppo_update update=166 timesteps=169984 loss=75.404989 entropy=0.399607 adv_std=18.857855 soc_aux=0.000000 subtype_aux=0.000871 subtype_acc=1.000 subtype_action_ce=0.000000 subtype_action_margin=0.000000 awbc_label_rate=1.000
custom_ppo_update update=167 timesteps=171008 loss=80.899006 entropy=0.348726 adv_std=20.103609 soc_aux=0.000000 subtype_aux=0.001825 subtype_acc=0.999 subtype_action_ce=0.000000 subtype_action_margin=0.000000 awbc_label_rate=1.000
custom_ppo_update update=168 timesteps=172032 loss=95.897912 entropy=0.317904 adv_std=24.064083 soc_aux=0.000000 subtype_aux=0.002560 subtype_acc=0.999 subtype_action_ce=0.000000 subtype_action_margin=0.000000 awbc_label_rate=1.000
custom_ppo_update update=169 timesteps=173056 loss=122.175099 entropy=0.427296 adv_std=28.267778 soc_aux=0.000000 subtype_aux=0.013061 subtype_acc=0.997 subtype_action_ce=0.000000 subtype_action_margin=0.000000 awbc_label_rate=1.000
custom_ppo_update update=170 timesteps=174080 loss=119.963900 entropy=0.363585 adv_std=27.262527 soc_aux=0.000000 subtype_aux=0.032686 subtype_acc=0.994 subtype_action_ce=0.000000 subtype_action_margin=0.000000 awbc_label_rate=1.000
custom_ppo_update update=171 timesteps=175104 loss=98.772739 entropy=0.404015 adv_std=27.371103 soc_aux=0.000000 subtype_aux=0.076967 subtype_acc=0.985 subtype_action_ce=0.000000 subtype_action_margin=0.000000 awbc_label_rate=1.000
custom_ppo_update update=172 timesteps=176128 loss=92.500686 entropy=0.329771 adv_std=21.328489 soc_aux=0.000000 subtype_aux=0.004441 subtype_acc=0.999 subtype_action_ce=0.000000 subtype_action_margin=0.000000 awbc_label_rate=1.000
custom_ppo_update update=173 timesteps=177152 loss=88.422380 entropy=0.307993 adv_std=22.476091 soc_aux=0.000000 subtype_aux=0.004297 subtype_acc=0.998 subtype_action_ce=0.000000 subtype_action_margin=0.000000 awbc_label_rate=1.000
custom_ppo_update update=174 timesteps=178176 loss=117.208489 entropy=0.294611 adv_std=25.192465 soc_aux=0.000000 subtype_aux=0.011894 subtype_acc=0.997 subtype_action_ce=0.000000 subtype_action_margin=0.000000 awbc_label_rate=1.000
custom_ppo_update update=175 timesteps=179200 loss=78.267723 entropy=0.267825 adv_std=18.508978 soc_aux=0.000000 subtype_aux=0.021898 subtype_acc=0.996 subtype_action_ce=0.000000 subtype_action_margin=0.000000 awbc_label_rate=1.000
custom_ppo_update update=176 timesteps=180224 loss=69.368539 entropy=0.323140 adv_std=19.850435 soc_aux=0.000000 subtype_aux=0.023612 subtype_acc=0.994 subtype_action_ce=0.000000 subtype_action_margin=0.000000 awbc_label_rate=1.000
custom_ppo_update update=177 timesteps=181248 loss=125.425366 entropy=0.356156 adv_std=27.611277 soc_aux=0.000000 subtype_aux=0.005455 subtype_acc=0.999 subtype_action_ce=0.000000 subtype_action_margin=0.000000 awbc_label_rate=1.000
custom_ppo_update update=178 timesteps=182272 loss=68.045688 entropy=0.316746 adv_std=19.578131 soc_aux=0.000000 subtype_aux=0.013014 subtype_acc=0.997 subtype_action_ce=0.000000 subtype_action_margin=0.000000 awbc_label_rate=1.000
custom_ppo_update update=179 timesteps=183296 loss=148.712013 entropy=0.343955 adv_std=29.905321 soc_aux=0.000000 subtype_aux=0.002172 subtype_acc=0.999 subtype_action_ce=0.000000 subtype_action_margin=0.000000 awbc_label_rate=1.000
custom_ppo_update update=180 timesteps=184320 loss=147.427751 entropy=0.368602 adv_std=28.185822 soc_aux=0.000000 subtype_aux=0.014869 subtype_acc=0.996 subtype_action_ce=0.000000 subtype_action_margin=0.000000 awbc_label_rate=1.000
custom_ppo_update update=181 timesteps=185344 loss=111.646734 entropy=0.260633 adv_std=25.036909 soc_aux=0.000000 subtype_aux=0.001153 subtype_acc=0.999 subtype_action_ce=0.000000 subtype_action_margin=0.000000 awbc_label_rate=1.000
custom_ppo_update update=182 timesteps=186368 loss=91.680573 entropy=0.257171 adv_std=24.295317 soc_aux=0.000000 subtype_aux=0.009913 subtype_acc=0.998 subtype_action_ce=0.000000 subtype_action_margin=0.000000 awbc_label_rate=1.000
custom_ppo_update update=183 timesteps=187392 loss=51.420025 entropy=0.221284 adv_std=18.189795 soc_aux=0.000000 subtype_aux=0.002371 subtype_acc=0.999 subtype_action_ce=0.000000 subtype_action_margin=0.000000 awbc_label_rate=1.000
custom_ppo_update update=184 timesteps=188416 loss=161.956072 entropy=0.370554 adv_std=29.238516 soc_aux=0.000000 subtype_aux=0.023690 subtype_acc=0.995 subtype_action_ce=0.000000 subtype_action_margin=0.000000 awbc_label_rate=1.000
custom_ppo_update update=185 timesteps=189440 loss=56.239110 entropy=0.213706 adv_std=18.898968 soc_aux=0.000000 subtype_aux=0.001687 subtype_acc=1.000 subtype_action_ce=0.000000 subtype_action_margin=0.000000 awbc_label_rate=1.000
custom_ppo_update update=186 timesteps=190464 loss=83.808881 entropy=0.264082 adv_std=22.254831 soc_aux=0.000000 subtype_aux=0.005462 subtype_acc=0.998 subtype_action_ce=0.000000 subtype_action_margin=0.000000 awbc_label_rate=1.000
custom_ppo_update update=187 timesteps=191488 loss=96.602424 entropy=0.300750 adv_std=25.553434 soc_aux=0.000000 subtype_aux=0.004990 subtype_acc=0.999 subtype_action_ce=0.000000 subtype_action_margin=0.000000 awbc_label_rate=1.000
custom_ppo_update update=188 timesteps=192512 loss=133.574080 entropy=0.370382 adv_std=25.921022 soc_aux=0.000000 subtype_aux=0.017611 subtype_acc=0.996 subtype_action_ce=0.000000 subtype_action_margin=0.000000 awbc_label_rate=1.000
custom_ppo_update update=189 timesteps=193536 loss=90.499285 entropy=0.268116 adv_std=24.458496 soc_aux=0.000000 subtype_aux=0.005538 subtype_acc=0.998 subtype_action_ce=0.000000 subtype_action_margin=0.000000 awbc_label_rate=1.000
custom_ppo_update update=190 timesteps=194560 loss=137.933039 entropy=0.378837 adv_std=29.067461 soc_aux=0.000000 subtype_aux=0.004610 subtype_acc=0.999 subtype_action_ce=0.000000 subtype_action_margin=0.000000 awbc_label_rate=1.000
custom_ppo_update update=191 timesteps=195584 loss=59.103033 entropy=0.282326 adv_std=19.445927 soc_aux=0.000000 subtype_aux=0.001275 subtype_acc=1.000 subtype_action_ce=0.000000 subtype_action_margin=0.000000 awbc_label_rate=1.000
custom_ppo_update update=192 timesteps=196608 loss=102.782355 entropy=0.290472 adv_std=24.541676 soc_aux=0.000000 subtype_aux=0.002481 subtype_acc=0.999 subtype_action_ce=0.000000 subtype_action_margin=0.000000 awbc_label_rate=1.000
custom_ppo_update update=193 timesteps=197632 loss=41.611208 entropy=0.207077 adv_std=15.036310 soc_aux=0.000000 subtype_aux=0.001309 subtype_acc=1.000 subtype_action_ce=0.000000 subtype_action_margin=0.000000 awbc_label_rate=1.000
custom_ppo_update update=194 timesteps=198656 loss=27.281606 entropy=0.192616 adv_std=14.242012 soc_aux=0.000000 subtype_aux=0.003691 subtype_acc=0.999 subtype_action_ce=0.000000 subtype_action_margin=0.000000 awbc_label_rate=1.000
custom_ppo_update update=195 timesteps=199680 loss=166.695568 entropy=0.291923 adv_std=32.557407 soc_aux=0.000000 subtype_aux=0.305152 subtype_acc=0.956 subtype_action_ce=0.000000 subtype_action_margin=0.000000 awbc_label_rate=1.000
custom_ppo_update update=196 timesteps=200000 loss=35.247267 entropy=0.156474 adv_std=11.102735 soc_aux=0.000000 subtype_aux=0.000429 subtype_acc=1.000 subtype_action_ce=0.000000 subtype_action_margin=0.000000 awbc_label_rate=1.000
reports/v31_metpair_backbone_context_ortholinear_balancedobjective_scenebal2_seed136_h075ctxolscbal2_20260621/evaluation/v2_eval_overall.csv
                    policy  steps  weighted_normalized_mae      mae      rmse    smape  pearson      dtw  oracle_loss_mean  reward_mean  power_mean  power_max  peak_power_max  steady_violation_rate  peak_violation_rate  event_rate  warmup_abort_count  warmup_abort_rate  switches_per_step  always_on_sensor_count  always_off_sensor_count  mid_duty_sensor_count  duty_entropy  duty_min  duty_max  duty_std  obs_reconstruction_mae  forecast_samples  forecast_weighted_mae_overall  forecast_raw_mae_overall  forecast_weighted_mae_event  forecast_weighted_mae_non_event  forecast_weighted_mae_low_temp  forecast_weighted_mae_normal
                custom_ppo   4096                 0.934173 5.840691 23.507271 0.836669 0.759397 5.643305          1.438198    -1.438203    0.642368       0.74            0.92                    0.0                  0.0    0.578125                   0                0.0           0.004558                       1                        1                      4      0.528846  0.000000       1.0  0.316526                0.934173              4096                     612.076876               4924.222932                   631.290106                       518.865258                      745.132270                      0.245853
               round_robin   4096                 1.728703 3.429687 19.449380 0.838187 0.689372 2.867197          1.656633    -1.656679    0.584570       0.74            0.87                    0.0                  0.0    0.578125                   0                0.0           0.045584                       1                        0                      5      0.600529  0.191406       1.0  0.298555                1.728703              4096                     612.137102               4924.027162                   631.366442                       518.847333                      745.182419                      0.160494
validation_selected_static   4096                 0.480011 6.875160 23.895961 0.848030 0.975683 6.872979          1.492666    -1.492667    0.740000       0.74            0.92                    0.0                  0.0    0.578125                   0                0.0           0.000000                       2                        4                      0     -0.000000  0.000000       1.0  0.471405                0.480011              4096                     612.141641               4924.478017                   631.369521                       518.858952                      745.186508                      0.179697
   full_open_unconstrained   4096                 1.706700 1.157021  2.916544 0.792267 0.850545 1.089453          1.510731    -1.510733    1.980000       1.98            2.48                    1.0                  1.0    0.578125                   0                0.0           0.000000                       6                        0                      0     -0.000000  1.000000       1.0  0.000000                1.706700              4096                     612.145197               4924.598353                   631.366243                       518.895668                      745.196005                      0.273292
                       aoi   4096                 1.756132 3.916489 23.548819 0.840857 0.695164 3.120185          1.666206    -1.666262    0.594961       0.74            0.87                    0.0                  0.0    0.578125                   0                0.0           0.055352                       1                        0                      5      0.601598  0.199219       1.0  0.298146                1.756132              4096                     612.146717               4924.187624                   631.372658                       518.873440                      745.185974                      0.227289
 feasible_static_projected   4096                 0.630251 2.480073  5.631483 0.884274 0.995703 2.469281          1.665159    -1.665159    0.330000       0.33            0.40                    0.0                  0.0    0.578125                   0                0.0           0.000000                       2                        4                      0     -0.000000  0.000000       1.0  0.471405                0.630251              4096                     612.152586               4924.037563                   631.389055                       518.828228                      745.187554                      0.176902
                    random   4096                 1.497465 4.050123 23.113004 0.837605 0.700337 3.112043          1.661026    -1.661080    0.614746       0.74            0.92                    0.0                  0.0    0.578125                   0                0.0           0.053968                       1                        0                      5      0.595382  0.144531       1.0  0.300438                1.497465              4096                     612.152811               4924.152667                   631.383427                       518.856850                      745.201081                      0.174650
reports/v31_metpair_backbone_context_ortholinear_balancedobjective_scenebal2_seed136_h075ctxolscbal2_20260621/v2_custom_ppo_metrics.csv
                    policy  steps  reward_mean  instant_mae  oracle_loss_mean  dtw_mean  power_mean  peak_power_max  event_rate  warmup_abort_count  switches_per_step  always_on_sensor_count  always_off_sensor_count  mid_duty_sensor_count  duty_entropy  duty_min  duty_max  duty_std  oracle_loss_event  oracle_loss_non_event  oracle_loss_subtype_particle  steps_subtype_particle  oracle_loss_subtype_flux  steps_subtype_flux  oracle_loss_subtype_thermal  steps_subtype_thermal  oracle_loss_macro_subtype_event  macro_subtype_event_count  oracle_loss_subtype_particle_staticnorm  oracle_loss_subtype_flux_staticnorm  oracle_loss_subtype_thermal_staticnorm  oracle_loss_macro_subtype_event_staticnorm
                custom_ppo   4096    -1.438203     4.505952          1.438198  4.317262    0.642368            0.92    0.578125                   0           0.004558                       1                        1                      4      0.528846  0.000000       1.0  0.316526           2.036393               0.618449                      1.330891                     837                  4.717657                 580                     1.022064                    951                         2.356870                          3                                 0.743779                             0.930167                                0.705417                                    0.793121
   full_open_unconstrained   4096    -1.510733     1.723814          1.510731  1.604933    1.980000            2.48    0.578125                   0           0.000000                       6                        0                      0     -0.000000  1.000000       1.0  0.000000           2.116948               0.679989                      1.354626                     837                  4.937506                 580                     1.067673                    951                         2.453269                          3                                 0.757044                             0.973514                                0.736896                                    0.822485
validation_selected_static   4096    -1.492667     5.118580          1.492666  5.055438    0.740000            0.92    0.578125                   0           0.000000                       2                        4                      0     -0.000000  0.000000       1.0  0.471405           2.114132               0.641028                      1.382071                     837                  4.646956                 580                     1.213708                    951                         2.414245                          3                                 0.772382                             0.916227                                0.837688                                    0.842099
               round_robin   4096    -1.656679     3.108643          1.656633  2.690436    0.584570            0.87    0.578125                   0           0.045584                       1                        0                      5      0.600529  0.191406       1.0  0.298555           2.408364               0.626483                      1.366810                     837                  5.931333                 580                     1.176460                    951                         2.824868                          3                                 0.763853                             1.169464                                0.811980                                    0.915099
                    random   4096    -1.661080     3.500626          1.661026  2.855431    0.614746            0.92    0.578125                   0           0.053968                       1                        0                      5      0.595382  0.144531       1.0  0.300438           2.412823               0.630786                      1.403287                     837                  5.941562                 580                     1.149219                    951                         2.831356                          3                                 0.784239                             1.171481                                0.793179                                    0.916299
                       aoi   4096    -1.666262     3.434864          1.666206  2.864065    0.594961            0.87    0.578125                   0           0.055352                       1                        0                      5      0.601598  0.199219       1.0  0.298146           2.413703               0.641858                      1.378803                     837                  5.928609                 580                     1.180861                    951                         2.829424                          3                                 0.770555                             1.168927                                0.815017                                    0.918167
 feasible_static_projected   4096    -1.665159     2.421325          1.665159  2.361971    0.330000            0.40    0.578125                   0           0.000000                       2                        4                      0     -0.000000  0.000000       1.0  0.471405           2.428624               0.618929                      1.385047                     837                  5.932255                 580                     1.210293                    951                         2.842532                          3                                 0.774045                             1.169646                                0.835331                                    0.926341
reports/v31_metpair_backbone_context_ortholinear_balancedobjective_scenebal2_seed136_h075ctxolscbal2_20260621/split_protocol_manifest.json
reports/v31_metpair_backbone_context_ortholinear_balancedobjective_scenebal2_seed136_h075ctxolscbal2_20260621/eval_router_conf08/v2_custom_ppo_metrics.csv
                    policy  steps  reward_mean  instant_mae  oracle_loss_mean  dtw_mean  power_mean  peak_power_max  event_rate  warmup_abort_count  switches_per_step  always_on_sensor_count  always_off_sensor_count  mid_duty_sensor_count  duty_entropy  duty_min  duty_max  duty_std
                custom_ppo   4096    -1.438203     4.505952          1.438198  4.317262    0.642368            0.92    0.578125                   0           0.004558                       1                        1                      4      0.528846  0.000000       1.0  0.316526
validation_selected_static   4096    -1.492667     5.118580          1.492666  5.055438    0.740000            0.92    0.578125                   0           0.000000                       2                        4                      0     -0.000000  0.000000       1.0  0.471405
   full_open_unconstrained   4096    -1.510733     1.723814          1.510731  1.604933    1.980000            2.48    0.578125                   0           0.000000                       6                        0                      0     -0.000000  1.000000       1.0  0.000000
               round_robin   4096    -1.656679     3.108643          1.656633  2.690436    0.584570            0.87    0.578125                   0           0.045584                       1                        0                      5      0.600529  0.191406       1.0  0.298555
                    random   4096    -1.661080     3.500626          1.661026  2.855431    0.614746            0.92    0.578125                   0           0.053968                       1                        0                      5      0.595382  0.144531       1.0  0.300438
 feasible_static_projected   4096    -1.665159     2.421325          1.665159  2.361971    0.330000            0.40    0.578125                   0           0.000000                       2                        4                      0     -0.000000  0.000000       1.0  0.471405
                       aoi   4096    -1.666262     3.434864          1.666206  2.864065    0.594961            0.87    0.578125                   0           0.055352                       1                        0                      5      0.601598  0.199219       1.0  0.298146
{
  "source_run_dir": "reports/v31_metpair_backbone_context_ortholinear_balancedobjective_scenebal2_seed136_h075ctxolscbal2_20260621",
  "replay_family": "subtype_explicit",
  "eval_steps": 512,
  "eval_start_indices": [
    64750,
    65710,
    66222,
    66734,
    67246,
    68206,
    68846,
    69358
  ],
  "reference_policy": "validation_selected_static",
  "reference_oracle_loss_mean": 1.4926662882580786,
  "required_margin_abs": 0.014926662882580786,
  "source_reference_gate_pass": true,
  "static_reference_policy": "static_action5",
  "static_reference_oracle_loss_mean": 1.4941497241393336,
  "static_required_margin_abs": 0.014941497241393336,
  "best_static_reference_event_loss": 2.120519270591054,
  "best_static_reference_non_event_loss": 0.6357914567795686,
  "static_macro_reference_policy": "static_action5",
  "static_macro_reference_oracle_loss_macro_subtype_event": 0.9275972706814307,
  "macro_score_column": "oracle_loss_macro_subtype_event_staticnorm",
  "static_macro_reference_score": 0.9275972706814307,
  "static_macro_required_margin_abs": 0.009275972706814307,
  "macro_min_margin_abs": 0.005,
  "macro_min_margin_rel": 0.01,
  "enforce_static_candidate_reference": true,
  "static_reference_duty_guard": "off",
  "best_replay_policy": "split_metpair_subtype_explicit_l16",
  "best_replay_oracle_loss_mean": 1.4173941828985335,
  "best_replay_event_loss": 2.015087026895049,
  "best_replay_non_event_loss": 0.5983336189033084,
  "best_replay_macro_subtype_policy": "split_metpair_subtype_explicit_l8",
  "best_replay_oracle_loss_macro_subtype_event": 0.855644687091734,
  "best_replay_macro_score": 0.855644687091734,
  "margin_abs_vs_reference": 0.0752721053595451,
  "margin_rel_vs_reference": 0.05042795295349413,
  "margin_abs_vs_static_reference": 0.07675554124080008,
  "margin_rel_vs_static_reference": 0.051370716067302515,
  "margin_abs_vs_static_macro_reference": 0.0719525835896967,
  "margin_rel_vs_static_macro_reference": 0.07756877457912198,
  "static_reference_gate_pass": true,
  "static_macro_positive_pass": true,
  "static_macro_reference_gate_pass": true,
  "gate_pass": true,
  "top_sizes": [
    2,
    3,
    5
  ],
  "subtype_top_size_cap": 2,
  "lead_steps": [
    0,
    4,
    8,
    12,
    16
  ],
  "dwell_steps": [
    6,
    10,
    16,
    24
  ]
}
                            policy  steps  reward_mean  instant_mae  oracle_loss_mean  dtw_mean  power_mean  peak_power_max  event_rate  warmup_abort_count  switches_per_step  always_on_sensor_count  always_off_sensor_count  mid_duty_sensor_count  duty_entropy  duty_min  duty_max  duty_std  oracle_loss_event  oracle_loss_non_event  oracle_loss_subtype_particle  steps_subtype_particle  oracle_loss_subtype_flux  steps_subtype_flux  oracle_loss_subtype_thermal  steps_subtype_thermal  oracle_loss_macro_subtype_event  macro_subtype_event_count    replay_family  requested_top_size  top_size  lead_steps  dwell_steps  calm_action_idx  particle_action_idx  flux_action_idx  thermal_action_idx                        calm_sensor_ids                particle_sensor_ids           flux_sensor_ids               thermal_sensor_ids                   calm_pool_sensor_ids           particle_pool_sensor_ids      flux_pool_sensor_ids          thermal_pool_sensor_ids  oracle_loss_subtype_particle_staticnorm  oracle_loss_subtype_flux_staticnorm  oracle_loss_subtype_thermal_staticnorm  oracle_loss_macro_subtype_event_staticnorm           reference_policy  reference_oracle_loss_mean  margin_abs_vs_reference  margin_rel_vs_reference  source_reference_gate_pass static_reference_policy  static_reference_oracle_loss_mean  margin_abs_vs_static_reference  margin_rel_vs_static_reference  static_reference_gate_pass static_macro_reference_policy  static_macro_reference_oracle_loss_macro_subtype_event        static_macro_reference_score_column  margin_abs_vs_static_macro_reference  margin_rel_vs_static_macro_reference  static_macro_positive_pass  static_macro_reference_gate_pass  gate_pass
split_metpair_subtype_explicit_l16   4096    -1.417398     4.629959          1.417394  4.462490    0.641460            0.92    0.578125                   0           0.003093                       1                        1                      4      0.532416       0.0       1.0  0.315190           2.015087               0.598334                      1.326610                     837                  4.642657                 580                     1.018520                    951                         2.329262                          3 subtype_explicit                   0         0          16            0                2                    4                5                   3 met_station_core|shielded_thermo_hygro met_station_core|laser_disdrometer met_station_core|fc4_flux met_station_core|surface_temp_ir met_station_core|shielded_thermo_hygro met_station_core|laser_disdrometer met_station_core|fc4_flux met_station_core|surface_temp_ir                                 0.967903                             0.775130                                0.832937                                    0.858657 validation_selected_static                    1.492666                 0.075272                 0.050428                        True          static_action5                            1.49415                        0.076756                        0.051371                        True                static_action5                                                0.927597 oracle_loss_macro_subtype_event_staticnorm                              0.068940                              0.074321                        True                              True       True
split_metpair_subtype_explicit_l12   4096    -1.417524     4.629939          1.417520  4.462152    0.641157            0.92    0.578125                   0           0.003093                       1                        1                      4      0.532213       0.0       1.0  0.315269           2.015277               0.598371                      1.326610                     837                  4.643434                 580                     1.018520                    951                         2.329521                          3 subtype_explicit                   0         0          12            0                2                    4                5                   3 met_station_core|shielded_thermo_hygro met_station_core|laser_disdrometer met_station_core|fc4_flux met_station_core|surface_temp_ir met_station_core|shielded_thermo_hygro met_station_core|laser_disdrometer met_station_core|fc4_flux met_station_core|surface_temp_ir                                 0.967903                             0.775260                                0.832937                                    0.858700 validation_selected_static                    1.492666                 0.075146                 0.050344                        True          static_action5                            1.49415                        0.076630                        0.051287                        True                static_action5                                                0.927597 oracle_loss_macro_subtype_event_staticnorm                              0.068897                              0.074275                        True                              True       True
 split_metpair_subtype_explicit_l8   4096    -1.422655     4.597989          1.422648  4.426225    0.626323            0.92    0.578125                   0           0.006431                       1                        1                      4      0.526026       0.0       1.0  0.317959           2.007002               0.621865                      1.320027                     837                  4.620080                 580                     1.017952                    951                         2.319353                          3 subtype_explicit                   0         0           8            0                2                    4                5                   3 met_station_core|shielded_thermo_hygro met_station_core|laser_disdrometer met_station_core|fc4_flux met_station_core|surface_temp_ir met_station_core|shielded_thermo_hygro met_station_core|laser_disdrometer met_station_core|fc4_flux met_station_core|surface_temp_ir                                 0.963100                             0.771361                                0.832473                                    0.855645 validation_selected_static                    1.492666                 0.070019                 0.046908                        True          static_action5                            1.49415                        0.071502                        0.047855                        True                static_action5                                                0.927597 oracle_loss_macro_subtype_event_staticnorm                              0.071953                              0.077569                        True                              True       True
 split_metpair_subtype_explicit_l4   4096    -1.424378     4.582404          1.424370  4.409925    0.620042            0.92    0.578125                   0           0.007733                       1                        1                      4      0.521781       0.0       1.0  0.319777           2.009775               0.622148                      1.322003                     837                  4.627222                 580                     1.018761                    951                         2.322662                          3 subtype_explicit                   0         0           4            0                2                    4                5                   3 met_station_core|shielded_thermo_hygro met_station_core|laser_disdrometer met_station_core|fc4_flux met_station_core|surface_temp_ir met_station_core|shielded_thermo_hygro met_station_core|laser_disdrometer met_station_core|fc4_flux met_station_core|surface_temp_ir                                 0.964542                             0.772553                                0.833134                                    0.856743 validation_selected_static                    1.492666                 0.068296                 0.045755                        True          static_action5                            1.49415                        0.069780                        0.046702                        True                static_action5                                                0.927597 oracle_loss_macro_subtype_event_staticnorm                              0.070854                              0.076384                        True                              True       True
 split_metpair_subtype_explicit_l0   4096    -1.437771     4.607515          1.437763  4.434825    0.609521            0.92    0.578125                   0           0.007733                       1                        1                      4      0.514049       0.0       1.0  0.323176           2.032461               0.622806                      1.331987                     837                  4.695376                 580                     1.024896                    951                         2.350753                          3 subtype_explicit                   0         0           0            0                2                    4                5                   3 met_station_core|shielded_thermo_hygro met_station_core|laser_disdrometer met_station_core|fc4_flux met_station_core|surface_temp_ir met_station_core|shielded_thermo_hygro met_station_core|laser_disdrometer met_station_core|fc4_flux met_station_core|surface_temp_ir                                 0.971827                             0.783932                                0.838152                                    0.864637 validation_selected_static                    1.492666                 0.054904                 0.036782                        True          static_action5                            1.49415                        0.056387                        0.037739                        True                static_action5                                                0.927597 oracle_loss_macro_subtype_event_staticnorm                              0.062961                              0.067875                        True                              True       True
reports/v31_metpair_backbone_context_ortholinear_balancedobjective_scenebal2_seed136_h075ctxolscbal2_20260621/behavior_audit_v2/behavior_complexity_summary.csv
{
  "policy": "custom_ppo",
  "steps": 4096,
  "unique_mask_count": 4,
  "top3_mask_fraction": 0.852294921875,
  "mask_entropy_bits": 1.9448427933783743,
  "transition_entropy_bits": 2.0567482910004005,
  "best_period": 1,
  "best_period_match": 0.9863247863247864,
  "event_sensor_l1": 1.4690315315315314,
  "event_mask_mi_bits": 0.5487363717581306,
  "event_state_dependent": true,
  "subtype_sensor_l1": 2.0,
  "subtype_mask_mi_bits": 0.6090605885253859,
  "subtype_state_dependent": true,
  "state_dependent": true,
  "fixed_like": false,
  "simple_cycle_like": false,
  "low_complexity": false,
  "weak_state_dependence": false,
  "behavior_complexity_gate_pass": true
}
{
  "policy": "validation_selected_static",
  "steps": 4096,
  "unique_mask_count": 1,
  "top3_mask_fraction": 1.0,
  "mask_entropy_bits": -0.0,
  "transition_entropy_bits": -0.0,
  "best_period": 1,
  "best_period_match": 1.0,
  "event_sensor_l1": 0.0,
  "event_mask_mi_bits": 0.0,
  "event_state_dependent": false,
  "subtype_sensor_l1": 0.0,
  "subtype_mask_mi_bits": 0.0,
  "subtype_state_dependent": false,
  "state_dependent": false,
  "fixed_like": true,
  "simple_cycle_like": false,
  "low_complexity": true,
  "weak_state_dependence": true,
  "behavior_complexity_gate_pass": false
}
{
  "policy": "custom_ppo",
  "steps": 4096,
  "unique_mask_count": 4,
  "top3_mask_fraction": 0.852294921875,
  "mask_entropy_bits": 1.9448427933783743,
  "transition_entropy_bits": 2.0567482910004005,
  "best_period": 1,
  "best_period_match": 0.9863247863247864,
  "event_sensor_l1": 1.4690315315315314,
  "event_mask_mi_bits": 0.5487363717581306,
  "event_state_dependent": true,
  "subtype_sensor_l1": 2.0,
  "subtype_mask_mi_bits": 0.6090605885253859,
  "subtype_state_dependent": true,
  "state_dependent": true,
  "fixed_like": false,
  "simple_cycle_like": false,
  "low_complexity": false,
  "weak_state_dependence": false,
  "behavior_complexity_gate_pass": true
}
scenebal2_seed_done seed=136 gpu=1 date=2026-06-21T18:18:28+08:00
