scenebal2_seed_start seed=137 gpu=2 date=2026-06-21T17:57:42+08:00
[metpair-backbone-context] seed=137 out_dir=reports/v31_metpair_backbone_context_ortholinear_balancedobjective_scenebal2_seed137_h075ctxolscbal2_20260621
reports/v31_metpair_backbone_context_ortholinear_balancedobjective_scenebal2_seed137_h075ctxolscbal2_20260621/truth_v31_split.csv
reports/v31_metpair_backbone_context_ortholinear_balancedobjective_scenebal2_seed137_h075ctxolscbal2_20260621/dataset_validation/synthetic_validation.csv
custom_ppo_bc_pretrain steps=10000 loss=7.580236 accuracy=0.941 subtype_acc=0.975 unique_actions=4
custom_ppo_update update=1 timesteps=1024 loss=861.233556 entropy=1.345348 adv_std=38.585484 soc_aux=0.000000 subtype_aux=0.509553 subtype_acc=0.868 subtype_action_ce=0.000000 subtype_action_margin=0.000000 awbc_label_rate=1.000
custom_ppo_update update=2 timesteps=2048 loss=1209.328610 entropy=1.346948 adv_std=39.986225 soc_aux=0.000000 subtype_aux=0.483402 subtype_acc=0.875 subtype_action_ce=0.000000 subtype_action_margin=0.000000 awbc_label_rate=1.000
custom_ppo_update update=3 timesteps=3072 loss=1266.859756 entropy=1.338919 adv_std=40.299961 soc_aux=0.000000 subtype_aux=0.541784 subtype_acc=0.853 subtype_action_ce=0.000000 subtype_action_margin=0.000000 awbc_label_rate=1.000
custom_ppo_update update=4 timesteps=4096 loss=835.345130 entropy=1.354741 adv_std=37.929642 soc_aux=0.000000 subtype_aux=0.747900 subtype_acc=0.768 subtype_action_ce=0.000000 subtype_action_margin=0.000000 awbc_label_rate=1.000
custom_ppo_update update=5 timesteps=5120 loss=1060.456516 entropy=1.337249 adv_std=39.172218 soc_aux=0.000000 subtype_aux=0.668622 subtype_acc=0.789 subtype_action_ce=0.000000 subtype_action_margin=0.000000 awbc_label_rate=1.000
custom_ppo_update update=6 timesteps=6144 loss=788.947476 entropy=1.367883 adv_std=37.176254 soc_aux=0.000000 subtype_aux=0.430533 subtype_acc=0.856 subtype_action_ce=0.000000 subtype_action_margin=0.000000 awbc_label_rate=1.000
custom_ppo_update update=7 timesteps=7168 loss=830.584378 entropy=1.311415 adv_std=37.462856 soc_aux=0.000000 subtype_aux=0.337141 subtype_acc=0.880 subtype_action_ce=0.000000 subtype_action_margin=0.000000 awbc_label_rate=1.000
custom_ppo_update update=8 timesteps=8192 loss=463.418440 entropy=1.241902 adv_std=29.329149 soc_aux=0.000000 subtype_aux=0.171919 subtype_acc=0.939 subtype_action_ce=0.000000 subtype_action_margin=0.000000 awbc_label_rate=1.000
custom_ppo_update update=9 timesteps=9216 loss=953.588579 entropy=1.302777 adv_std=38.907356 soc_aux=0.000000 subtype_aux=0.386252 subtype_acc=0.887 subtype_action_ce=0.000000 subtype_action_margin=0.000000 awbc_label_rate=1.000
custom_ppo_update update=10 timesteps=10240 loss=782.845117 entropy=1.293281 adv_std=36.010975 soc_aux=0.000000 subtype_aux=0.272437 subtype_acc=0.915 subtype_action_ce=0.000000 subtype_action_margin=0.000000 awbc_label_rate=1.000
custom_ppo_update update=11 timesteps=11264 loss=1039.733715 entropy=1.361177 adv_std=39.558025 soc_aux=0.000000 subtype_aux=0.540424 subtype_acc=0.843 subtype_action_ce=0.000000 subtype_action_margin=0.000000 awbc_label_rate=1.000
custom_ppo_update update=12 timesteps=12288 loss=1002.274416 entropy=1.346577 adv_std=41.024097 soc_aux=0.000000 subtype_aux=0.306312 subtype_acc=0.908 subtype_action_ce=0.000000 subtype_action_margin=0.000000 awbc_label_rate=1.000
custom_ppo_update update=13 timesteps=13312 loss=1061.931103 entropy=1.327114 adv_std=37.589569 soc_aux=0.000000 subtype_aux=0.376166 subtype_acc=0.891 subtype_action_ce=0.000000 subtype_action_margin=0.000000 awbc_label_rate=1.000
custom_ppo_update update=14 timesteps=14336 loss=611.093655 entropy=1.299722 adv_std=33.595387 soc_aux=0.000000 subtype_aux=0.229383 subtype_acc=0.936 subtype_action_ce=0.000000 subtype_action_margin=0.000000 awbc_label_rate=1.000
custom_ppo_update update=15 timesteps=15360 loss=1104.817434 entropy=1.381602 adv_std=39.603447 soc_aux=0.000000 subtype_aux=0.567546 subtype_acc=0.829 subtype_action_ce=0.000000 subtype_action_margin=0.000000 awbc_label_rate=1.000
custom_ppo_update update=16 timesteps=16384 loss=1249.082863 entropy=1.367985 adv_std=40.050575 soc_aux=0.000000 subtype_aux=0.413493 subtype_acc=0.874 subtype_action_ce=0.000000 subtype_action_margin=0.000000 awbc_label_rate=1.000
custom_ppo_update update=17 timesteps=17408 loss=558.615571 entropy=1.270188 adv_std=31.586813 soc_aux=0.000000 subtype_aux=0.116428 subtype_acc=0.967 subtype_action_ce=0.000000 subtype_action_margin=0.000000 awbc_label_rate=1.000
custom_ppo_update update=18 timesteps=18432 loss=716.787530 entropy=1.279004 adv_std=36.119144 soc_aux=0.000000 subtype_aux=0.276996 subtype_acc=0.917 subtype_action_ce=0.000000 subtype_action_margin=0.000000 awbc_label_rate=1.000
custom_ppo_update update=19 timesteps=19456 loss=710.978026 entropy=1.262358 adv_std=36.152729 soc_aux=0.000000 subtype_aux=0.395904 subtype_acc=0.885 subtype_action_ce=0.000000 subtype_action_margin=0.000000 awbc_label_rate=1.000
custom_ppo_update update=20 timesteps=20480 loss=634.063732 entropy=1.244755 adv_std=34.724369 soc_aux=0.000000 subtype_aux=0.133474 subtype_acc=0.954 subtype_action_ce=0.000000 subtype_action_margin=0.000000 awbc_label_rate=1.000
custom_ppo_update update=21 timesteps=21504 loss=1055.974061 entropy=1.298624 adv_std=41.959103 soc_aux=0.000000 subtype_aux=0.436931 subtype_acc=0.881 subtype_action_ce=0.000000 subtype_action_margin=0.000000 awbc_label_rate=1.000
custom_ppo_update update=22 timesteps=22528 loss=989.146384 entropy=1.283737 adv_std=41.223297 soc_aux=0.000000 subtype_aux=0.146582 subtype_acc=0.955 subtype_action_ce=0.000000 subtype_action_margin=0.000000 awbc_label_rate=1.000
custom_ppo_update update=23 timesteps=23552 loss=619.038630 entropy=1.275467 adv_std=33.997620 soc_aux=0.000000 subtype_aux=0.236723 subtype_acc=0.926 subtype_action_ce=0.000000 subtype_action_margin=0.000000 awbc_label_rate=1.000
custom_ppo_update update=24 timesteps=24576 loss=545.436801 entropy=1.194013 adv_std=33.359440 soc_aux=0.000000 subtype_aux=0.150590 subtype_acc=0.957 subtype_action_ce=0.000000 subtype_action_margin=0.000000 awbc_label_rate=1.000
custom_ppo_update update=25 timesteps=25600 loss=690.561354 entropy=1.232239 adv_std=37.698803 soc_aux=0.000000 subtype_aux=0.146625 subtype_acc=0.954 subtype_action_ce=0.000000 subtype_action_margin=0.000000 awbc_label_rate=1.000
custom_ppo_update update=26 timesteps=26624 loss=945.555248 entropy=1.220949 adv_std=41.836082 soc_aux=0.000000 subtype_aux=0.186424 subtype_acc=0.941 subtype_action_ce=0.000000 subtype_action_margin=0.000000 awbc_label_rate=1.000
custom_ppo_update update=27 timesteps=27648 loss=956.755436 entropy=1.291924 adv_std=40.051838 soc_aux=0.000000 subtype_aux=0.194798 subtype_acc=0.938 subtype_action_ce=0.000000 subtype_action_margin=0.000000 awbc_label_rate=1.000
custom_ppo_update update=28 timesteps=28672 loss=438.028130 entropy=1.144352 adv_std=31.148083 soc_aux=0.000000 subtype_aux=0.070639 subtype_acc=0.979 subtype_action_ce=0.000000 subtype_action_margin=0.000000 awbc_label_rate=1.000
custom_ppo_update update=29 timesteps=29696 loss=1095.338936 entropy=1.305019 adv_std=43.994907 soc_aux=0.000000 subtype_aux=0.348316 subtype_acc=0.903 subtype_action_ce=0.000000 subtype_action_margin=0.000000 awbc_label_rate=1.000
custom_ppo_update update=30 timesteps=30720 loss=662.445465 entropy=1.165158 adv_std=36.592258 soc_aux=0.000000 subtype_aux=0.093379 subtype_acc=0.971 subtype_action_ce=0.000000 subtype_action_margin=0.000000 awbc_label_rate=1.000
custom_ppo_update update=31 timesteps=31744 loss=656.691507 entropy=1.136435 adv_std=37.647549 soc_aux=0.000000 subtype_aux=0.091856 subtype_acc=0.974 subtype_action_ce=0.000000 subtype_action_margin=0.000000 awbc_label_rate=1.000
custom_ppo_update update=32 timesteps=32768 loss=722.749634 entropy=1.163022 adv_std=38.757256 soc_aux=0.000000 subtype_aux=0.203926 subtype_acc=0.942 subtype_action_ce=0.000000 subtype_action_margin=0.000000 awbc_label_rate=1.000
custom_ppo_update update=33 timesteps=33792 loss=593.715670 entropy=1.168982 adv_std=36.149532 soc_aux=0.000000 subtype_aux=0.163239 subtype_acc=0.947 subtype_action_ce=0.000000 subtype_action_margin=0.000000 awbc_label_rate=1.000
custom_ppo_update update=34 timesteps=34816 loss=875.440737 entropy=1.241869 adv_std=40.853241 soc_aux=0.000000 subtype_aux=0.131089 subtype_acc=0.959 subtype_action_ce=0.000000 subtype_action_margin=0.000000 awbc_label_rate=1.000
custom_ppo_update update=35 timesteps=35840 loss=503.559525 entropy=1.108565 adv_std=33.902088 soc_aux=0.000000 subtype_aux=0.103488 subtype_acc=0.968 subtype_action_ce=0.000000 subtype_action_margin=0.000000 awbc_label_rate=1.000
custom_ppo_update update=36 timesteps=36864 loss=506.817308 entropy=1.139444 adv_std=35.124622 soc_aux=0.000000 subtype_aux=0.081035 subtype_acc=0.972 subtype_action_ce=0.000000 subtype_action_margin=0.000000 awbc_label_rate=1.000
custom_ppo_update update=37 timesteps=37888 loss=592.241358 entropy=1.157477 adv_std=36.801250 soc_aux=0.000000 subtype_aux=0.076433 subtype_acc=0.977 subtype_action_ce=0.000000 subtype_action_margin=0.000000 awbc_label_rate=1.000
custom_ppo_update update=38 timesteps=38912 loss=973.863327 entropy=1.252602 adv_std=44.471840 soc_aux=0.000000 subtype_aux=0.151193 subtype_acc=0.953 subtype_action_ce=0.000000 subtype_action_margin=0.000000 awbc_label_rate=1.000
custom_ppo_update update=39 timesteps=39936 loss=467.560831 entropy=1.130007 adv_std=32.841133 soc_aux=0.000000 subtype_aux=0.091598 subtype_acc=0.971 subtype_action_ce=0.000000 subtype_action_margin=0.000000 awbc_label_rate=1.000
custom_ppo_update update=40 timesteps=40960 loss=492.859935 entropy=1.100026 adv_std=34.813431 soc_aux=0.000000 subtype_aux=0.167842 subtype_acc=0.953 subtype_action_ce=0.000000 subtype_action_margin=0.000000 awbc_label_rate=1.000
custom_ppo_update update=41 timesteps=41984 loss=463.935756 entropy=1.132240 adv_std=32.884705 soc_aux=0.000000 subtype_aux=0.096861 subtype_acc=0.971 subtype_action_ce=0.000000 subtype_action_margin=0.000000 awbc_label_rate=1.000
custom_ppo_update update=42 timesteps=43008 loss=473.201352 entropy=1.133913 adv_std=33.740242 soc_aux=0.000000 subtype_aux=0.063744 subtype_acc=0.982 subtype_action_ce=0.000000 subtype_action_margin=0.000000 awbc_label_rate=1.000
custom_ppo_update update=43 timesteps=44032 loss=1056.961812 entropy=1.265843 adv_std=42.898193 soc_aux=0.000000 subtype_aux=0.160039 subtype_acc=0.952 subtype_action_ce=0.000000 subtype_action_margin=0.000000 awbc_label_rate=1.000
custom_ppo_update update=44 timesteps=45056 loss=911.934855 entropy=1.277717 adv_std=42.338951 soc_aux=0.000000 subtype_aux=0.142543 subtype_acc=0.959 subtype_action_ce=0.000000 subtype_action_margin=0.000000 awbc_label_rate=1.000
custom_ppo_update update=45 timesteps=46080 loss=1054.602647 entropy=1.269698 adv_std=45.670616 soc_aux=0.000000 subtype_aux=0.087698 subtype_acc=0.974 subtype_action_ce=0.000000 subtype_action_margin=0.000000 awbc_label_rate=1.000
custom_ppo_update update=46 timesteps=47104 loss=666.348520 entropy=1.215176 adv_std=39.598969 soc_aux=0.000000 subtype_aux=0.116115 subtype_acc=0.969 subtype_action_ce=0.000000 subtype_action_margin=0.000000 awbc_label_rate=1.000
custom_ppo_update update=47 timesteps=48128 loss=697.577425 entropy=1.215434 adv_std=40.525761 soc_aux=0.000000 subtype_aux=0.058595 subtype_acc=0.984 subtype_action_ce=0.000000 subtype_action_margin=0.000000 awbc_label_rate=1.000
custom_ppo_update update=48 timesteps=49152 loss=738.990388 entropy=1.284821 adv_std=40.910973 soc_aux=0.000000 subtype_aux=0.116965 subtype_acc=0.969 subtype_action_ce=0.000000 subtype_action_margin=0.000000 awbc_label_rate=1.000
custom_ppo_update update=49 timesteps=50176 loss=847.181455 entropy=1.253138 adv_std=44.491421 soc_aux=0.000000 subtype_aux=0.068556 subtype_acc=0.980 subtype_action_ce=0.000000 subtype_action_margin=0.000000 awbc_label_rate=1.000
custom_ppo_update update=50 timesteps=51200 loss=360.170358 entropy=1.186728 adv_std=30.841099 soc_aux=0.000000 subtype_aux=0.042362 subtype_acc=0.990 subtype_action_ce=0.000000 subtype_action_margin=0.000000 awbc_label_rate=1.000
custom_ppo_update update=51 timesteps=52224 loss=686.745841 entropy=1.220847 adv_std=40.405052 soc_aux=0.000000 subtype_aux=0.109970 subtype_acc=0.964 subtype_action_ce=0.000000 subtype_action_margin=0.000000 awbc_label_rate=1.000
custom_ppo_update update=52 timesteps=53248 loss=677.553128 entropy=1.123202 adv_std=39.549591 soc_aux=0.000000 subtype_aux=0.068497 subtype_acc=0.979 subtype_action_ce=0.000000 subtype_action_margin=0.000000 awbc_label_rate=1.000
custom_ppo_update update=53 timesteps=54272 loss=789.970503 entropy=1.182022 adv_std=41.458290 soc_aux=0.000000 subtype_aux=0.121088 subtype_acc=0.969 subtype_action_ce=0.000000 subtype_action_margin=0.000000 awbc_label_rate=1.000
custom_ppo_update update=54 timesteps=55296 loss=781.824777 entropy=1.170120 adv_std=42.962597 soc_aux=0.000000 subtype_aux=0.037233 subtype_acc=0.990 subtype_action_ce=0.000000 subtype_action_margin=0.000000 awbc_label_rate=1.000
custom_ppo_update update=55 timesteps=56320 loss=737.775942 entropy=1.134909 adv_std=42.112110 soc_aux=0.000000 subtype_aux=0.081257 subtype_acc=0.974 subtype_action_ce=0.000000 subtype_action_margin=0.000000 awbc_label_rate=1.000
custom_ppo_update update=56 timesteps=57344 loss=598.645107 entropy=1.113700 adv_std=38.411694 soc_aux=0.000000 subtype_aux=0.072102 subtype_acc=0.977 subtype_action_ce=0.000000 subtype_action_margin=0.000000 awbc_label_rate=1.000
custom_ppo_update update=57 timesteps=58368 loss=626.759019 entropy=1.143242 adv_std=40.997185 soc_aux=0.000000 subtype_aux=0.035616 subtype_acc=0.990 subtype_action_ce=0.000000 subtype_action_margin=0.000000 awbc_label_rate=1.000
custom_ppo_update update=58 timesteps=59392 loss=461.505242 entropy=1.159288 adv_std=36.606030 soc_aux=0.000000 subtype_aux=0.044499 subtype_acc=0.988 subtype_action_ce=0.000000 subtype_action_margin=0.000000 awbc_label_rate=1.000
custom_ppo_update update=59 timesteps=60416 loss=721.168149 entropy=1.203788 adv_std=40.413658 soc_aux=0.000000 subtype_aux=0.062607 subtype_acc=0.980 subtype_action_ce=0.000000 subtype_action_margin=0.000000 awbc_label_rate=1.000
custom_ppo_update update=60 timesteps=61440 loss=671.347137 entropy=1.295776 adv_std=43.142490 soc_aux=0.000000 subtype_aux=0.067600 subtype_acc=0.979 subtype_action_ce=0.000000 subtype_action_margin=0.000000 awbc_label_rate=1.000
custom_ppo_update update=61 timesteps=62464 loss=732.587268 entropy=1.238096 adv_std=42.111446 soc_aux=0.000000 subtype_aux=0.061022 subtype_acc=0.983 subtype_action_ce=0.000000 subtype_action_margin=0.000000 awbc_label_rate=1.000
custom_ppo_update update=62 timesteps=63488 loss=728.176144 entropy=1.159782 adv_std=43.731583 soc_aux=0.000000 subtype_aux=0.063868 subtype_acc=0.980 subtype_action_ce=0.000000 subtype_action_margin=0.000000 awbc_label_rate=1.000
custom_ppo_update update=63 timesteps=64512 loss=462.872318 entropy=1.187528 adv_std=37.521961 soc_aux=0.000000 subtype_aux=0.012170 subtype_acc=0.997 subtype_action_ce=0.000000 subtype_action_margin=0.000000 awbc_label_rate=1.000
custom_ppo_update update=64 timesteps=65536 loss=625.536368 entropy=1.165645 adv_std=41.138641 soc_aux=0.000000 subtype_aux=0.084762 subtype_acc=0.978 subtype_action_ce=0.000000 subtype_action_margin=0.000000 awbc_label_rate=1.000
custom_ppo_update update=65 timesteps=66560 loss=630.601451 entropy=1.224823 adv_std=45.629707 soc_aux=0.000000 subtype_aux=0.114504 subtype_acc=0.964 subtype_action_ce=0.000000 subtype_action_margin=0.000000 awbc_label_rate=1.000
custom_ppo_update update=66 timesteps=67584 loss=731.550235 entropy=1.120123 adv_std=43.575047 soc_aux=0.000000 subtype_aux=0.040063 subtype_acc=0.988 subtype_action_ce=0.000000 subtype_action_margin=0.000000 awbc_label_rate=1.000
custom_ppo_update update=67 timesteps=68608 loss=603.151316 entropy=1.180373 adv_std=41.534420 soc_aux=0.000000 subtype_aux=0.036855 subtype_acc=0.989 subtype_action_ce=0.000000 subtype_action_margin=0.000000 awbc_label_rate=1.000
custom_ppo_update update=68 timesteps=69632 loss=400.034037 entropy=1.222757 adv_std=34.231998 soc_aux=0.000000 subtype_aux=0.046376 subtype_acc=0.988 subtype_action_ce=0.000000 subtype_action_margin=0.000000 awbc_label_rate=1.000
custom_ppo_update update=69 timesteps=70656 loss=467.190044 entropy=1.154524 adv_std=38.471199 soc_aux=0.000000 subtype_aux=0.071700 subtype_acc=0.984 subtype_action_ce=0.000000 subtype_action_margin=0.000000 awbc_label_rate=1.000
custom_ppo_update update=70 timesteps=71680 loss=325.804266 entropy=1.083091 adv_std=32.693069 soc_aux=0.000000 subtype_aux=0.048727 subtype_acc=0.986 subtype_action_ce=0.000000 subtype_action_margin=0.000000 awbc_label_rate=1.000
custom_ppo_update update=71 timesteps=72704 loss=522.792294 entropy=1.100125 adv_std=39.212360 soc_aux=0.000000 subtype_aux=0.041153 subtype_acc=0.987 subtype_action_ce=0.000000 subtype_action_margin=0.000000 awbc_label_rate=1.000
custom_ppo_update update=72 timesteps=73728 loss=433.811865 entropy=1.096545 adv_std=37.864937 soc_aux=0.000000 subtype_aux=0.021606 subtype_acc=0.994 subtype_action_ce=0.000000 subtype_action_margin=0.000000 awbc_label_rate=1.000
custom_ppo_update update=73 timesteps=74752 loss=491.535877 entropy=1.088152 adv_std=38.973557 soc_aux=0.000000 subtype_aux=0.039266 subtype_acc=0.988 subtype_action_ce=0.000000 subtype_action_margin=0.000000 awbc_label_rate=1.000
custom_ppo_update update=74 timesteps=75776 loss=339.800412 entropy=1.104124 adv_std=32.251308 soc_aux=0.000000 subtype_aux=0.048571 subtype_acc=0.984 subtype_action_ce=0.000000 subtype_action_margin=0.000000 awbc_label_rate=1.000
custom_ppo_update update=75 timesteps=76800 loss=347.746801 entropy=1.024474 adv_std=35.513351 soc_aux=0.000000 subtype_aux=0.049563 subtype_acc=0.987 subtype_action_ce=0.000000 subtype_action_margin=0.000000 awbc_label_rate=1.000
custom_ppo_update update=76 timesteps=77824 loss=375.756111 entropy=1.132330 adv_std=37.384182 soc_aux=0.000000 subtype_aux=0.116610 subtype_acc=0.973 subtype_action_ce=0.000000 subtype_action_margin=0.000000 awbc_label_rate=1.000
custom_ppo_update update=77 timesteps=78848 loss=446.433205 entropy=1.066772 adv_std=39.799873 soc_aux=0.000000 subtype_aux=0.040323 subtype_acc=0.987 subtype_action_ce=0.000000 subtype_action_margin=0.000000 awbc_label_rate=1.000
custom_ppo_update update=78 timesteps=79872 loss=310.302624 entropy=1.099202 adv_std=34.540623 soc_aux=0.000000 subtype_aux=0.055156 subtype_acc=0.988 subtype_action_ce=0.000000 subtype_action_margin=0.000000 awbc_label_rate=1.000
custom_ppo_update update=79 timesteps=80896 loss=481.900030 entropy=1.023931 adv_std=39.397934 soc_aux=0.000000 subtype_aux=0.029569 subtype_acc=0.993 subtype_action_ce=0.000000 subtype_action_margin=0.000000 awbc_label_rate=1.000
custom_ppo_update update=80 timesteps=81920 loss=514.098622 entropy=1.154935 adv_std=37.703232 soc_aux=0.000000 subtype_aux=0.062998 subtype_acc=0.983 subtype_action_ce=0.000000 subtype_action_margin=0.000000 awbc_label_rate=1.000
custom_ppo_update update=81 timesteps=82944 loss=454.172553 entropy=1.049335 adv_std=39.299149 soc_aux=0.000000 subtype_aux=0.012671 subtype_acc=0.995 subtype_action_ce=0.000000 subtype_action_margin=0.000000 awbc_label_rate=1.000
custom_ppo_update update=82 timesteps=83968 loss=426.225232 entropy=1.202251 adv_std=36.174011 soc_aux=0.000000 subtype_aux=0.088936 subtype_acc=0.976 subtype_action_ce=0.000000 subtype_action_margin=0.000000 awbc_label_rate=1.000
custom_ppo_update update=83 timesteps=84992 loss=424.875632 entropy=1.084326 adv_std=40.281586 soc_aux=0.000000 subtype_aux=0.064985 subtype_acc=0.980 subtype_action_ce=0.000000 subtype_action_margin=0.000000 awbc_label_rate=1.000
custom_ppo_update update=84 timesteps=86016 loss=446.252336 entropy=1.065369 adv_std=37.834824 soc_aux=0.000000 subtype_aux=0.027669 subtype_acc=0.992 subtype_action_ce=0.000000 subtype_action_margin=0.000000 awbc_label_rate=1.000
custom_ppo_update update=85 timesteps=87040 loss=423.587448 entropy=1.012670 adv_std=38.792732 soc_aux=0.000000 subtype_aux=0.048512 subtype_acc=0.987 subtype_action_ce=0.000000 subtype_action_margin=0.000000 awbc_label_rate=1.000
custom_ppo_update update=86 timesteps=88064 loss=443.328523 entropy=1.091656 adv_std=38.228584 soc_aux=0.000000 subtype_aux=0.028540 subtype_acc=0.992 subtype_action_ce=0.000000 subtype_action_margin=0.000000 awbc_label_rate=1.000
custom_ppo_update update=87 timesteps=89088 loss=545.164525 entropy=1.152665 adv_std=44.522106 soc_aux=0.000000 subtype_aux=0.040567 subtype_acc=0.986 subtype_action_ce=0.000000 subtype_action_margin=0.000000 awbc_label_rate=1.000
custom_ppo_update update=88 timesteps=90112 loss=355.414423 entropy=1.108233 adv_std=34.990803 soc_aux=0.000000 subtype_aux=0.010284 subtype_acc=0.997 subtype_action_ce=0.000000 subtype_action_margin=0.000000 awbc_label_rate=1.000
custom_ppo_update update=89 timesteps=91136 loss=399.196561 entropy=1.063570 adv_std=39.351044 soc_aux=0.000000 subtype_aux=0.023421 subtype_acc=0.994 subtype_action_ce=0.000000 subtype_action_margin=0.000000 awbc_label_rate=1.000
custom_ppo_update update=90 timesteps=92160 loss=324.293570 entropy=1.062388 adv_std=34.795654 soc_aux=0.000000 subtype_aux=0.100965 subtype_acc=0.981 subtype_action_ce=0.000000 subtype_action_margin=0.000000 awbc_label_rate=1.000
custom_ppo_update update=91 timesteps=93184 loss=432.710937 entropy=1.085172 adv_std=41.433201 soc_aux=0.000000 subtype_aux=0.032748 subtype_acc=0.992 subtype_action_ce=0.000000 subtype_action_margin=0.000000 awbc_label_rate=1.000
custom_ppo_update update=92 timesteps=94208 loss=289.426647 entropy=1.050112 adv_std=36.664730 soc_aux=0.000000 subtype_aux=0.034956 subtype_acc=0.990 subtype_action_ce=0.000000 subtype_action_margin=0.000000 awbc_label_rate=1.000
custom_ppo_update update=93 timesteps=95232 loss=434.435974 entropy=1.002073 adv_std=37.423462 soc_aux=0.000000 subtype_aux=0.009934 subtype_acc=0.997 subtype_action_ce=0.000000 subtype_action_margin=0.000000 awbc_label_rate=1.000
custom_ppo_update update=94 timesteps=96256 loss=329.649508 entropy=0.944025 adv_std=36.417530 soc_aux=0.000000 subtype_aux=0.032398 subtype_acc=0.993 subtype_action_ce=0.000000 subtype_action_margin=0.000000 awbc_label_rate=1.000
custom_ppo_update update=95 timesteps=97280 loss=296.920949 entropy=0.961488 adv_std=33.888916 soc_aux=0.000000 subtype_aux=0.015203 subtype_acc=0.996 subtype_action_ce=0.000000 subtype_action_margin=0.000000 awbc_label_rate=1.000
custom_ppo_update update=96 timesteps=98304 loss=430.354077 entropy=1.002075 adv_std=38.800259 soc_aux=0.000000 subtype_aux=0.014030 subtype_acc=0.995 subtype_action_ce=0.000000 subtype_action_margin=0.000000 awbc_label_rate=1.000
custom_ppo_update update=97 timesteps=99328 loss=318.832259 entropy=1.008742 adv_std=38.099003 soc_aux=0.000000 subtype_aux=0.011004 subtype_acc=0.996 subtype_action_ce=0.000000 subtype_action_margin=0.000000 awbc_label_rate=1.000
custom_ppo_update update=98 timesteps=100352 loss=406.770153 entropy=1.007952 adv_std=37.402752 soc_aux=0.000000 subtype_aux=0.028081 subtype_acc=0.993 subtype_action_ce=0.000000 subtype_action_margin=0.000000 awbc_label_rate=1.000
custom_ppo_update update=99 timesteps=101376 loss=301.808264 entropy=0.921246 adv_std=32.964451 soc_aux=0.000000 subtype_aux=0.014378 subtype_acc=0.997 subtype_action_ce=0.000000 subtype_action_margin=0.000000 awbc_label_rate=1.000
custom_ppo_update update=100 timesteps=102400 loss=454.656084 entropy=1.074015 adv_std=41.790886 soc_aux=0.000000 subtype_aux=0.022710 subtype_acc=0.994 subtype_action_ce=0.000000 subtype_action_margin=0.000000 awbc_label_rate=1.000
custom_ppo_update update=101 timesteps=103424 loss=505.989263 entropy=0.960834 adv_std=38.151588 soc_aux=0.000000 subtype_aux=0.010214 subtype_acc=0.997 subtype_action_ce=0.000000 subtype_action_margin=0.000000 awbc_label_rate=1.000
custom_ppo_update update=102 timesteps=104448 loss=265.988846 entropy=1.055413 adv_std=33.957924 soc_aux=0.000000 subtype_aux=0.009834 subtype_acc=0.998 subtype_action_ce=0.000000 subtype_action_margin=0.000000 awbc_label_rate=1.000
custom_ppo_update update=103 timesteps=105472 loss=294.710413 entropy=1.004942 adv_std=32.974384 soc_aux=0.000000 subtype_aux=0.004743 subtype_acc=0.999 subtype_action_ce=0.000000 subtype_action_margin=0.000000 awbc_label_rate=1.000
custom_ppo_update update=104 timesteps=106496 loss=221.011639 entropy=0.886392 adv_std=28.817682 soc_aux=0.000000 subtype_aux=0.005463 subtype_acc=0.999 subtype_action_ce=0.000000 subtype_action_margin=0.000000 awbc_label_rate=1.000
custom_ppo_update update=105 timesteps=107520 loss=355.120618 entropy=0.902268 adv_std=35.657764 soc_aux=0.000000 subtype_aux=0.008405 subtype_acc=0.998 subtype_action_ce=0.000000 subtype_action_margin=0.000000 awbc_label_rate=1.000
custom_ppo_update update=106 timesteps=108544 loss=273.122839 entropy=1.002709 adv_std=35.429626 soc_aux=0.000000 subtype_aux=0.016956 subtype_acc=0.995 subtype_action_ce=0.000000 subtype_action_margin=0.000000 awbc_label_rate=1.000
custom_ppo_update update=107 timesteps=109568 loss=409.863448 entropy=0.982570 adv_std=40.164299 soc_aux=0.000000 subtype_aux=0.002368 subtype_acc=1.000 subtype_action_ce=0.000000 subtype_action_margin=0.000000 awbc_label_rate=1.000
custom_ppo_update update=108 timesteps=110592 loss=259.374092 entropy=0.964033 adv_std=35.906666 soc_aux=0.000000 subtype_aux=0.034375 subtype_acc=0.992 subtype_action_ce=0.000000 subtype_action_margin=0.000000 awbc_label_rate=1.000
custom_ppo_update update=109 timesteps=111616 loss=410.524533 entropy=0.975060 adv_std=40.020206 soc_aux=0.000000 subtype_aux=0.037392 subtype_acc=0.992 subtype_action_ce=0.000000 subtype_action_margin=0.000000 awbc_label_rate=1.000
custom_ppo_update update=110 timesteps=112640 loss=206.839592 entropy=1.031679 adv_std=27.163340 soc_aux=0.000000 subtype_aux=0.048586 subtype_acc=0.989 subtype_action_ce=0.000000 subtype_action_margin=0.000000 awbc_label_rate=1.000
custom_ppo_update update=111 timesteps=113664 loss=236.217348 entropy=0.906759 adv_std=33.034496 soc_aux=0.000000 subtype_aux=0.043174 subtype_acc=0.988 subtype_action_ce=0.000000 subtype_action_margin=0.000000 awbc_label_rate=1.000
custom_ppo_update update=112 timesteps=114688 loss=202.232151 entropy=1.015394 adv_std=31.438725 soc_aux=0.000000 subtype_aux=0.043782 subtype_acc=0.990 subtype_action_ce=0.000000 subtype_action_margin=0.000000 awbc_label_rate=1.000
custom_ppo_update update=113 timesteps=115712 loss=317.133706 entropy=1.063438 adv_std=36.609486 soc_aux=0.000000 subtype_aux=0.014075 subtype_acc=0.994 subtype_action_ce=0.000000 subtype_action_margin=0.000000 awbc_label_rate=1.000
custom_ppo_update update=114 timesteps=116736 loss=380.814051 entropy=0.978890 adv_std=37.993542 soc_aux=0.000000 subtype_aux=0.055499 subtype_acc=0.987 subtype_action_ce=0.000000 subtype_action_margin=0.000000 awbc_label_rate=1.000
custom_ppo_update update=115 timesteps=117760 loss=291.062502 entropy=0.946837 adv_std=35.906147 soc_aux=0.000000 subtype_aux=0.012095 subtype_acc=0.997 subtype_action_ce=0.000000 subtype_action_margin=0.000000 awbc_label_rate=1.000
custom_ppo_update update=116 timesteps=118784 loss=256.202563 entropy=0.965768 adv_std=35.325867 soc_aux=0.000000 subtype_aux=0.021721 subtype_acc=0.995 subtype_action_ce=0.000000 subtype_action_margin=0.000000 awbc_label_rate=1.000
custom_ppo_update update=117 timesteps=119808 loss=433.376623 entropy=0.996263 adv_std=38.910240 soc_aux=0.000000 subtype_aux=0.011570 subtype_acc=0.997 subtype_action_ce=0.000000 subtype_action_margin=0.000000 awbc_label_rate=1.000
custom_ppo_update update=118 timesteps=120832 loss=304.888533 entropy=0.918618 adv_std=38.466034 soc_aux=0.000000 subtype_aux=0.006371 subtype_acc=0.998 subtype_action_ce=0.000000 subtype_action_margin=0.000000 awbc_label_rate=1.000
custom_ppo_update update=119 timesteps=121856 loss=315.237723 entropy=0.968898 adv_std=37.611767 soc_aux=0.000000 subtype_aux=0.003877 subtype_acc=0.999 subtype_action_ce=0.000000 subtype_action_margin=0.000000 awbc_label_rate=1.000
custom_ppo_update update=120 timesteps=122880 loss=206.809939 entropy=1.038648 adv_std=29.849455 soc_aux=0.000000 subtype_aux=0.043307 subtype_acc=0.988 subtype_action_ce=0.000000 subtype_action_margin=0.000000 awbc_label_rate=1.000
custom_ppo_update update=121 timesteps=123904 loss=334.775749 entropy=0.977823 adv_std=36.911362 soc_aux=0.000000 subtype_aux=0.012261 subtype_acc=0.997 subtype_action_ce=0.000000 subtype_action_margin=0.000000 awbc_label_rate=1.000
custom_ppo_update update=122 timesteps=124928 loss=301.159929 entropy=0.987658 adv_std=40.211788 soc_aux=0.000000 subtype_aux=0.008128 subtype_acc=0.998 subtype_action_ce=0.000000 subtype_action_margin=0.000000 awbc_label_rate=1.000
custom_ppo_update update=123 timesteps=125952 loss=374.409793 entropy=0.933286 adv_std=38.764477 soc_aux=0.000000 subtype_aux=0.013712 subtype_acc=0.996 subtype_action_ce=0.000000 subtype_action_margin=0.000000 awbc_label_rate=1.000
custom_ppo_update update=124 timesteps=126976 loss=225.616507 entropy=0.999951 adv_std=32.958153 soc_aux=0.000000 subtype_aux=0.045686 subtype_acc=0.989 subtype_action_ce=0.000000 subtype_action_margin=0.000000 awbc_label_rate=1.000
custom_ppo_update update=125 timesteps=128000 loss=194.081384 entropy=0.914036 adv_std=28.903612 soc_aux=0.000000 subtype_aux=0.032600 subtype_acc=0.992 subtype_action_ce=0.000000 subtype_action_margin=0.000000 awbc_label_rate=1.000
custom_ppo_update update=126 timesteps=129024 loss=264.237064 entropy=0.933098 adv_std=36.867588 soc_aux=0.000000 subtype_aux=0.040081 subtype_acc=0.991 subtype_action_ce=0.000000 subtype_action_margin=0.000000 awbc_label_rate=1.000
custom_ppo_update update=127 timesteps=130048 loss=392.737040 entropy=1.024947 adv_std=39.534107 soc_aux=0.000000 subtype_aux=0.014560 subtype_acc=0.996 subtype_action_ce=0.000000 subtype_action_margin=0.000000 awbc_label_rate=1.000
custom_ppo_update update=128 timesteps=131072 loss=169.327907 entropy=0.897341 adv_std=25.199202 soc_aux=0.000000 subtype_aux=0.027898 subtype_acc=0.993 subtype_action_ce=0.000000 subtype_action_margin=0.000000 awbc_label_rate=1.000
custom_ppo_update update=129 timesteps=132096 loss=309.460082 entropy=0.907315 adv_std=36.825520 soc_aux=0.000000 subtype_aux=0.066050 subtype_acc=0.987 subtype_action_ce=0.000000 subtype_action_margin=0.000000 awbc_label_rate=1.000
custom_ppo_update update=130 timesteps=133120 loss=214.318472 entropy=0.895356 adv_std=31.703773 soc_aux=0.000000 subtype_aux=0.044381 subtype_acc=0.991 subtype_action_ce=0.000000 subtype_action_margin=0.000000 awbc_label_rate=1.000
custom_ppo_update update=131 timesteps=134144 loss=172.190246 entropy=0.851434 adv_std=27.706026 soc_aux=0.000000 subtype_aux=0.027507 subtype_acc=0.993 subtype_action_ce=0.000000 subtype_action_margin=0.000000 awbc_label_rate=1.000
custom_ppo_update update=132 timesteps=135168 loss=264.867040 entropy=0.889185 adv_std=34.310814 soc_aux=0.000000 subtype_aux=0.014572 subtype_acc=0.997 subtype_action_ce=0.000000 subtype_action_margin=0.000000 awbc_label_rate=1.000
custom_ppo_update update=133 timesteps=136192 loss=430.308307 entropy=0.919685 adv_std=45.731400 soc_aux=0.000000 subtype_aux=0.042956 subtype_acc=0.991 subtype_action_ce=0.000000 subtype_action_margin=0.000000 awbc_label_rate=1.000
custom_ppo_update update=134 timesteps=137216 loss=163.170442 entropy=0.801487 adv_std=26.536724 soc_aux=0.000000 subtype_aux=0.009303 subtype_acc=0.997 subtype_action_ce=0.000000 subtype_action_margin=0.000000 awbc_label_rate=1.000
custom_ppo_update update=135 timesteps=138240 loss=330.682389 entropy=0.952513 adv_std=39.653351 soc_aux=0.000000 subtype_aux=0.016989 subtype_acc=0.995 subtype_action_ce=0.000000 subtype_action_margin=0.000000 awbc_label_rate=1.000
custom_ppo_update update=136 timesteps=139264 loss=288.574220 entropy=0.847738 adv_std=37.125786 soc_aux=0.000000 subtype_aux=0.018369 subtype_acc=0.995 subtype_action_ce=0.000000 subtype_action_margin=0.000000 awbc_label_rate=1.000
custom_ppo_update update=137 timesteps=140288 loss=364.176685 entropy=0.805725 adv_std=38.880199 soc_aux=0.000000 subtype_aux=0.006340 subtype_acc=0.998 subtype_action_ce=0.000000 subtype_action_margin=0.000000 awbc_label_rate=1.000
custom_ppo_update update=138 timesteps=141312 loss=331.104140 entropy=0.860636 adv_std=36.428005 soc_aux=0.000000 subtype_aux=0.013109 subtype_acc=0.996 subtype_action_ce=0.000000 subtype_action_margin=0.000000 awbc_label_rate=1.000
custom_ppo_update update=139 timesteps=142336 loss=219.389976 entropy=0.819136 adv_std=28.178045 soc_aux=0.000000 subtype_aux=0.004162 subtype_acc=0.999 subtype_action_ce=0.000000 subtype_action_margin=0.000000 awbc_label_rate=1.000
custom_ppo_update update=140 timesteps=143360 loss=223.509476 entropy=0.813988 adv_std=35.406498 soc_aux=0.000000 subtype_aux=0.007119 subtype_acc=0.997 subtype_action_ce=0.000000 subtype_action_margin=0.000000 awbc_label_rate=1.000
custom_ppo_update update=141 timesteps=144384 loss=147.307434 entropy=0.772358 adv_std=27.090090 soc_aux=0.000000 subtype_aux=0.041933 subtype_acc=0.992 subtype_action_ce=0.000000 subtype_action_margin=0.000000 awbc_label_rate=1.000
custom_ppo_update update=142 timesteps=145408 loss=142.530538 entropy=0.748148 adv_std=24.419888 soc_aux=0.000000 subtype_aux=0.001243 subtype_acc=1.000 subtype_action_ce=0.000000 subtype_action_margin=0.000000 awbc_label_rate=1.000
custom_ppo_update update=143 timesteps=146432 loss=122.862522 entropy=0.719319 adv_std=23.876591 soc_aux=0.000000 subtype_aux=0.005925 subtype_acc=0.998 subtype_action_ce=0.000000 subtype_action_margin=0.000000 awbc_label_rate=1.000
custom_ppo_update update=144 timesteps=147456 loss=153.086091 entropy=0.712496 adv_std=25.262062 soc_aux=0.000000 subtype_aux=0.007641 subtype_acc=0.998 subtype_action_ce=0.000000 subtype_action_margin=0.000000 awbc_label_rate=1.000
custom_ppo_update update=145 timesteps=148480 loss=127.702756 entropy=0.702729 adv_std=25.238953 soc_aux=0.000000 subtype_aux=0.012428 subtype_acc=0.996 subtype_action_ce=0.000000 subtype_action_margin=0.000000 awbc_label_rate=1.000
custom_ppo_update update=146 timesteps=149504 loss=227.496451 entropy=0.822343 adv_std=32.113453 soc_aux=0.000000 subtype_aux=0.056335 subtype_acc=0.990 subtype_action_ce=0.000000 subtype_action_margin=0.000000 awbc_label_rate=1.000
custom_ppo_update update=147 timesteps=150528 loss=274.187151 entropy=0.748172 adv_std=37.261593 soc_aux=0.000000 subtype_aux=0.018483 subtype_acc=0.996 subtype_action_ce=0.000000 subtype_action_margin=0.000000 awbc_label_rate=1.000
custom_ppo_update update=148 timesteps=151552 loss=151.292346 entropy=0.732468 adv_std=29.580439 soc_aux=0.000000 subtype_aux=0.019379 subtype_acc=0.995 subtype_action_ce=0.000000 subtype_action_margin=0.000000 awbc_label_rate=1.000
custom_ppo_update update=149 timesteps=152576 loss=267.464707 entropy=0.811291 adv_std=36.988434 soc_aux=0.000000 subtype_aux=0.053196 subtype_acc=0.988 subtype_action_ce=0.000000 subtype_action_margin=0.000000 awbc_label_rate=1.000
custom_ppo_update update=150 timesteps=153600 loss=208.809824 entropy=0.685022 adv_std=31.848446 soc_aux=0.000000 subtype_aux=0.010252 subtype_acc=0.998 subtype_action_ce=0.000000 subtype_action_margin=0.000000 awbc_label_rate=1.000
custom_ppo_update update=151 timesteps=154624 loss=174.836723 entropy=0.729237 adv_std=32.362461 soc_aux=0.000000 subtype_aux=0.025610 subtype_acc=0.995 subtype_action_ce=0.000000 subtype_action_margin=0.000000 awbc_label_rate=1.000
custom_ppo_update update=152 timesteps=155648 loss=186.150401 entropy=0.653848 adv_std=34.654446 soc_aux=0.000000 subtype_aux=0.017000 subtype_acc=0.996 subtype_action_ce=0.000000 subtype_action_margin=0.000000 awbc_label_rate=1.000
custom_ppo_update update=153 timesteps=156672 loss=231.174466 entropy=0.707876 adv_std=35.603886 soc_aux=0.000000 subtype_aux=0.050520 subtype_acc=0.986 subtype_action_ce=0.000000 subtype_action_margin=0.000000 awbc_label_rate=1.000
custom_ppo_update update=154 timesteps=157696 loss=244.496663 entropy=0.693210 adv_std=36.609463 soc_aux=0.000000 subtype_aux=0.018551 subtype_acc=0.995 subtype_action_ce=0.000000 subtype_action_margin=0.000000 awbc_label_rate=1.000
custom_ppo_update update=155 timesteps=158720 loss=349.834426 entropy=0.737478 adv_std=42.263676 soc_aux=0.000000 subtype_aux=0.045774 subtype_acc=0.989 subtype_action_ce=0.000000 subtype_action_margin=0.000000 awbc_label_rate=1.000
custom_ppo_update update=156 timesteps=159744 loss=138.770539 entropy=0.628557 adv_std=24.759047 soc_aux=0.000000 subtype_aux=0.020613 subtype_acc=0.995 subtype_action_ce=0.000000 subtype_action_margin=0.000000 awbc_label_rate=1.000
custom_ppo_update update=157 timesteps=160768 loss=261.095730 entropy=0.649089 adv_std=33.192898 soc_aux=0.000000 subtype_aux=0.057698 subtype_acc=0.989 subtype_action_ce=0.000000 subtype_action_margin=0.000000 awbc_label_rate=1.000
custom_ppo_update update=158 timesteps=161792 loss=127.809706 entropy=0.551684 adv_std=24.066978 soc_aux=0.000000 subtype_aux=0.006327 subtype_acc=0.998 subtype_action_ce=0.000000 subtype_action_margin=0.000000 awbc_label_rate=1.000
custom_ppo_update update=159 timesteps=162816 loss=128.377231 entropy=0.525938 adv_std=24.743965 soc_aux=0.000000 subtype_aux=0.012240 subtype_acc=0.997 subtype_action_ce=0.000000 subtype_action_margin=0.000000 awbc_label_rate=1.000
custom_ppo_update update=160 timesteps=163840 loss=271.821577 entropy=0.608311 adv_std=37.225117 soc_aux=0.000000 subtype_aux=0.010836 subtype_acc=0.997 subtype_action_ce=0.000000 subtype_action_margin=0.000000 awbc_label_rate=1.000
custom_ppo_update update=161 timesteps=164864 loss=333.193298 entropy=0.594911 adv_std=40.390755 soc_aux=0.000000 subtype_aux=0.004389 subtype_acc=0.999 subtype_action_ce=0.000000 subtype_action_margin=0.000000 awbc_label_rate=1.000
custom_ppo_update update=162 timesteps=165888 loss=302.531965 entropy=0.620926 adv_std=36.832458 soc_aux=0.000000 subtype_aux=0.003871 subtype_acc=0.999 subtype_action_ce=0.000000 subtype_action_margin=0.000000 awbc_label_rate=1.000
custom_ppo_update update=163 timesteps=166912 loss=349.032933 entropy=0.727644 adv_std=39.414322 soc_aux=0.000000 subtype_aux=0.040402 subtype_acc=0.990 subtype_action_ce=0.000000 subtype_action_margin=0.000000 awbc_label_rate=1.000
custom_ppo_update update=164 timesteps=167936 loss=264.063105 entropy=0.537961 adv_std=39.816799 soc_aux=0.000000 subtype_aux=0.019598 subtype_acc=0.995 subtype_action_ce=0.000000 subtype_action_margin=0.000000 awbc_label_rate=1.000
custom_ppo_update update=165 timesteps=168960 loss=350.992818 entropy=0.682805 adv_std=39.322018 soc_aux=0.000000 subtype_aux=0.007939 subtype_acc=0.998 subtype_action_ce=0.000000 subtype_action_margin=0.000000 awbc_label_rate=1.000
custom_ppo_update update=166 timesteps=169984 loss=162.233856 entropy=0.523914 adv_std=28.252308 soc_aux=0.000000 subtype_aux=0.002981 subtype_acc=0.999 subtype_action_ce=0.000000 subtype_action_margin=0.000000 awbc_label_rate=1.000
custom_ppo_update update=167 timesteps=171008 loss=291.355571 entropy=0.554124 adv_std=35.742306 soc_aux=0.000000 subtype_aux=0.002445 subtype_acc=1.000 subtype_action_ce=0.000000 subtype_action_margin=0.000000 awbc_label_rate=1.000
custom_ppo_update update=168 timesteps=172032 loss=265.077739 entropy=0.525624 adv_std=36.528595 soc_aux=0.000000 subtype_aux=0.006027 subtype_acc=0.998 subtype_action_ce=0.000000 subtype_action_margin=0.000000 awbc_label_rate=1.000
custom_ppo_update update=169 timesteps=173056 loss=98.575913 entropy=0.408471 adv_std=20.482468 soc_aux=0.000000 subtype_aux=0.004492 subtype_acc=0.998 subtype_action_ce=0.000000 subtype_action_margin=0.000000 awbc_label_rate=1.000
custom_ppo_update update=170 timesteps=174080 loss=164.277818 entropy=0.448978 adv_std=27.974457 soc_aux=0.000000 subtype_aux=0.075077 subtype_acc=0.988 subtype_action_ce=0.000000 subtype_action_margin=0.000000 awbc_label_rate=1.000
custom_ppo_update update=171 timesteps=175104 loss=180.096268 entropy=0.493257 adv_std=28.384548 soc_aux=0.000000 subtype_aux=0.015228 subtype_acc=0.997 subtype_action_ce=0.000000 subtype_action_margin=0.000000 awbc_label_rate=1.000
custom_ppo_update update=172 timesteps=176128 loss=158.839511 entropy=0.548998 adv_std=29.289095 soc_aux=0.000000 subtype_aux=0.010498 subtype_acc=0.998 subtype_action_ce=0.000000 subtype_action_margin=0.000000 awbc_label_rate=1.000
custom_ppo_update update=173 timesteps=177152 loss=179.924083 entropy=0.560572 adv_std=31.140188 soc_aux=0.000000 subtype_aux=0.009678 subtype_acc=0.997 subtype_action_ce=0.000000 subtype_action_margin=0.000000 awbc_label_rate=1.000
custom_ppo_update update=174 timesteps=178176 loss=240.090789 entropy=0.482322 adv_std=33.292347 soc_aux=0.000000 subtype_aux=0.005161 subtype_acc=0.999 subtype_action_ce=0.000000 subtype_action_margin=0.000000 awbc_label_rate=1.000
custom_ppo_update update=175 timesteps=179200 loss=114.467387 entropy=0.448796 adv_std=25.337627 soc_aux=0.000000 subtype_aux=0.026439 subtype_acc=0.993 subtype_action_ce=0.000000 subtype_action_margin=0.000000 awbc_label_rate=1.000
custom_ppo_update update=176 timesteps=180224 loss=225.389083 entropy=0.394331 adv_std=32.465187 soc_aux=0.000000 subtype_aux=0.000886 subtype_acc=1.000 subtype_action_ce=0.000000 subtype_action_margin=0.000000 awbc_label_rate=1.000
custom_ppo_update update=177 timesteps=181248 loss=184.714682 entropy=0.420848 adv_std=33.442951 soc_aux=0.000000 subtype_aux=0.003559 subtype_acc=0.999 subtype_action_ce=0.000000 subtype_action_margin=0.000000 awbc_label_rate=1.000
custom_ppo_update update=178 timesteps=182272 loss=100.750862 entropy=0.363464 adv_std=24.428190 soc_aux=0.000000 subtype_aux=0.000315 subtype_acc=1.000 subtype_action_ce=0.000000 subtype_action_margin=0.000000 awbc_label_rate=1.000
custom_ppo_update update=179 timesteps=183296 loss=214.199895 entropy=0.405729 adv_std=31.628056 soc_aux=0.000000 subtype_aux=0.001765 subtype_acc=0.999 subtype_action_ce=0.000000 subtype_action_margin=0.000000 awbc_label_rate=1.000
custom_ppo_update update=180 timesteps=184320 loss=158.763215 entropy=0.485448 adv_std=31.315498 soc_aux=0.000000 subtype_aux=0.031577 subtype_acc=0.993 subtype_action_ce=0.000000 subtype_action_margin=0.000000 awbc_label_rate=1.000
custom_ppo_update update=181 timesteps=185344 loss=168.319911 entropy=0.515107 adv_std=31.381800 soc_aux=0.000000 subtype_aux=0.011598 subtype_acc=0.997 subtype_action_ce=0.000000 subtype_action_margin=0.000000 awbc_label_rate=1.000
custom_ppo_update update=182 timesteps=186368 loss=178.007092 entropy=0.431791 adv_std=31.442101 soc_aux=0.000000 subtype_aux=0.015883 subtype_acc=0.996 subtype_action_ce=0.000000 subtype_action_margin=0.000000 awbc_label_rate=1.000
custom_ppo_update update=183 timesteps=187392 loss=202.459535 entropy=0.472065 adv_std=32.801582 soc_aux=0.000000 subtype_aux=0.011130 subtype_acc=0.997 subtype_action_ce=0.000000 subtype_action_margin=0.000000 awbc_label_rate=1.000
custom_ppo_update update=184 timesteps=188416 loss=73.692584 entropy=0.399579 adv_std=21.085014 soc_aux=0.000000 subtype_aux=0.001958 subtype_acc=0.999 subtype_action_ce=0.000000 subtype_action_margin=0.000000 awbc_label_rate=1.000
custom_ppo_update update=185 timesteps=189440 loss=98.617930 entropy=0.420328 adv_std=21.643126 soc_aux=0.000000 subtype_aux=0.024395 subtype_acc=0.995 subtype_action_ce=0.000000 subtype_action_margin=0.000000 awbc_label_rate=1.000
custom_ppo_update update=186 timesteps=190464 loss=126.446897 entropy=0.417325 adv_std=22.557402 soc_aux=0.000000 subtype_aux=0.006581 subtype_acc=0.998 subtype_action_ce=0.000000 subtype_action_margin=0.000000 awbc_label_rate=1.000
custom_ppo_update update=187 timesteps=191488 loss=165.546108 entropy=0.428336 adv_std=31.813120 soc_aux=0.000000 subtype_aux=0.036968 subtype_acc=0.992 subtype_action_ce=0.000000 subtype_action_margin=0.000000 awbc_label_rate=1.000
custom_ppo_update update=188 timesteps=192512 loss=147.057495 entropy=0.386909 adv_std=30.831289 soc_aux=0.000000 subtype_aux=0.009965 subtype_acc=0.997 subtype_action_ce=0.000000 subtype_action_margin=0.000000 awbc_label_rate=1.000
custom_ppo_update update=189 timesteps=193536 loss=172.039884 entropy=0.341619 adv_std=28.790993 soc_aux=0.000000 subtype_aux=0.007872 subtype_acc=0.997 subtype_action_ce=0.000000 subtype_action_margin=0.000000 awbc_label_rate=1.000
custom_ppo_update update=190 timesteps=194560 loss=175.461231 entropy=0.352252 adv_std=32.137554 soc_aux=0.000000 subtype_aux=0.020351 subtype_acc=0.995 subtype_action_ce=0.000000 subtype_action_margin=0.000000 awbc_label_rate=1.000
custom_ppo_update update=191 timesteps=195584 loss=127.265619 entropy=0.567341 adv_std=29.314270 soc_aux=0.000000 subtype_aux=0.041633 subtype_acc=0.987 subtype_action_ce=0.000000 subtype_action_margin=0.000000 awbc_label_rate=1.000
custom_ppo_update update=192 timesteps=196608 loss=133.809063 entropy=0.367715 adv_std=25.906090 soc_aux=0.000000 subtype_aux=0.021643 subtype_acc=0.995 subtype_action_ce=0.000000 subtype_action_margin=0.000000 awbc_label_rate=1.000
custom_ppo_update update=193 timesteps=197632 loss=64.607972 entropy=0.376026 adv_std=20.188192 soc_aux=0.000000 subtype_aux=0.003116 subtype_acc=0.999 subtype_action_ce=0.000000 subtype_action_margin=0.000000 awbc_label_rate=1.000
custom_ppo_update update=194 timesteps=198656 loss=187.546564 entropy=0.360771 adv_std=29.413673 soc_aux=0.000000 subtype_aux=0.002069 subtype_acc=0.999 subtype_action_ce=0.000000 subtype_action_margin=0.000000 awbc_label_rate=1.000
custom_ppo_update update=195 timesteps=199680 loss=96.343831 entropy=0.357832 adv_std=25.493736 soc_aux=0.000000 subtype_aux=0.003143 subtype_acc=0.999 subtype_action_ce=0.000000 subtype_action_margin=0.000000 awbc_label_rate=1.000
custom_ppo_update update=196 timesteps=200000 loss=153.370433 entropy=0.321677 adv_std=25.104246 soc_aux=0.000000 subtype_aux=0.001027 subtype_acc=1.000 subtype_action_ce=0.000000 subtype_action_margin=0.000000 awbc_label_rate=1.000
reports/v31_metpair_backbone_context_ortholinear_balancedobjective_scenebal2_seed137_h075ctxolscbal2_20260621/evaluation/v2_eval_overall.csv
                    policy  steps  weighted_normalized_mae      mae      rmse    smape  pearson      dtw  oracle_loss_mean  reward_mean  power_mean  power_max  peak_power_max  steady_violation_rate  peak_violation_rate  event_rate  warmup_abort_count  warmup_abort_rate  switches_per_step  always_on_sensor_count  always_off_sensor_count  mid_duty_sensor_count  duty_entropy  duty_min  duty_max  duty_std  obs_reconstruction_mae  forecast_samples  forecast_weighted_mae_overall  forecast_raw_mae_overall  forecast_weighted_mae_event  forecast_weighted_mae_non_event  forecast_weighted_mae_low_temp  forecast_weighted_mae_normal
                custom_ppo   4096                 0.854265 6.644264 25.581042 0.807383 0.774516 6.493178          1.705030    -1.705035    0.675139       0.74            0.92                    0.0                  0.0    0.675781                   0                0.0           0.005128                       1                        1                      4      0.538411  0.000000       1.0  0.312813                0.854265              4096                     513.849562               5107.393899                   547.538072                       156.636827                      490.292143                    795.555719
   full_open_unconstrained   4096                 1.801594 1.169872  2.908283 0.747632 0.853484 1.082763          1.823756    -1.823758    1.980000       1.98            2.48                    1.0                  1.0    0.675781                   0                0.0           0.000000                       6                        0                      0     -0.000000  1.000000       1.0  0.000000                1.801594              4096                     513.904629               5107.798911                   547.594431                       156.678203                      490.346128                    795.567549
validation_selected_static   4096                 2.197147 7.313120 25.801847 0.864290 0.785414 7.265951          2.181578    -2.181578    0.740000       0.74            0.92                    0.0                  0.0    0.675781                   0                0.0           0.000000                       2                        4                      0     -0.000000  0.000000       1.0  0.471405                2.197147              4096                     513.956709               5107.119988                   547.651824                       156.673948                      490.377927                    795.691785
               round_robin   4096                 1.563660 4.240634 23.473460 0.811627 0.708923 3.359913          2.120759    -2.120805    0.584570       0.74            0.87                    0.0                  0.0    0.675781                   0                0.0           0.045584                       1                        0                      5      0.600529  0.191406       1.0  0.298555                1.563660              4096                     513.968822               5107.248739                   547.665007                       156.674715                      490.374710                    795.670900
                       aoi   4096                 1.760334 4.674688 26.585719 0.807093 0.723922 3.689525          2.143682    -2.143738    0.594961       0.74            0.87                    0.0                  0.0    0.675781                   0                0.0           0.055352                       1                        0                      5      0.601598  0.199219       1.0  0.298146                1.760334              4096                     513.978293               5107.293444                   547.676778                       156.659794                      490.379171                    795.650080
                    random   4096                 2.121349 4.782679 26.521331 0.816718 0.681631 3.505393          2.177260    -2.177314    0.603164       0.74            0.92                    0.0                  0.0    0.675781                   0                0.0           0.053968                       1                        0                      5      0.601087  0.181641       1.0  0.298336                2.121349              4096                     513.983326               5107.096407                   547.682905                       156.653225                      490.387805                    795.599497
 feasible_static_projected   4096                 0.760218 2.368986  5.336482 0.854973 0.995746 2.364020          2.182633    -2.182633    0.330000       0.33            0.40                    0.0                  0.0    0.675781                   0                0.0           0.000000                       2                        4                      0     -0.000000  0.000000       1.0  0.471405                0.760218              4096                     514.004361               5107.431881                   547.706622                       156.645829                      490.405090                    795.605599
reports/v31_metpair_backbone_context_ortholinear_balancedobjective_scenebal2_seed137_h075ctxolscbal2_20260621/v2_custom_ppo_metrics.csv
                    policy  steps  reward_mean  instant_mae  oracle_loss_mean  dtw_mean  power_mean  peak_power_max  event_rate  warmup_abort_count  switches_per_step  always_on_sensor_count  always_off_sensor_count  mid_duty_sensor_count  duty_entropy  duty_min  duty_max  duty_std  oracle_loss_event  oracle_loss_non_event  oracle_loss_subtype_particle  steps_subtype_particle  oracle_loss_subtype_flux  steps_subtype_flux  oracle_loss_subtype_thermal  steps_subtype_thermal  oracle_loss_macro_subtype_event  macro_subtype_event_count  oracle_loss_subtype_particle_staticnorm  oracle_loss_subtype_flux_staticnorm  oracle_loss_subtype_thermal_staticnorm  oracle_loss_macro_subtype_event_staticnorm
                custom_ppo   4096    -1.705035     4.952171          1.705030  4.785585    0.675139            0.92    0.675781                   0           0.005128                       1                        1                      4      0.538411  0.000000       1.0  0.312813           2.058659               0.967947                      0.390665                     805                  4.194906                 997                     1.243852                    966                         1.943141                          3                                 0.638303                             0.665870                                0.811562                                    0.705245
   full_open_unconstrained   4096    -1.823758     1.722258          1.823756  1.610402    1.980000            2.48    0.675781                   0           0.000000                       6                        0                      0     -0.000000  1.000000       1.0  0.000000           2.224180               0.989138                      0.413946                     805                  4.591075                 997                     1.289858                    966                         2.098293                          3                                 0.676341                             0.728754                                0.841579                                    0.748891
validation_selected_static   4096    -2.181578     5.372857          2.181578  5.283769    0.740000            0.92    0.675781                   0           0.000000                       2                        4                      0     -0.000000  0.000000       1.0  0.471405           2.756442               0.983365                      0.396738                     805                  5.944372                 997                     1.432629                    966                         2.591246                          3                                 0.648225                             0.943567                                0.934731                                    0.842174
               round_robin   4096    -2.120805     3.597370          2.120759  2.983684    0.584570            0.87    0.675781                   0           0.045584                       1                        0                      5      0.600529  0.191406       1.0  0.298555           2.668617               0.978836                      0.507744                     805                  5.616825                 997                     1.426526                    966                         2.517032                          3                                 0.829597                             0.891575                                0.930750                                    0.883974
                       aoi   4096    -2.143738     3.868449          2.143682  3.181153    0.594961            0.87    0.675781                   0           0.055352                       1                        0                      5      0.601598  0.199219       1.0  0.298146           2.705383               0.972909                      0.488502                     805                  5.703292                 997                     1.458667                    966                         2.550154                          3                                 0.798158                             0.905300                                0.951720                                    0.885059
                    random   4096    -2.177314     3.946786          2.177260  3.089850    0.603164            0.92    0.675781                   0           0.053968                       1                        0                      5      0.601087  0.181641       1.0  0.298336           2.754521               0.974052                      0.495644                     805                  5.846026                 997                     1.446204                    966                         2.595958                          3                                 0.809826                             0.927956                                0.943589                                    0.893790
 feasible_static_projected   4096    -2.182633     2.359441          2.182633  2.305443    0.330000            0.40    0.675781                   0           0.000000                       2                        4                      0     -0.000000  0.000000       1.0  0.471405           2.756777               0.985922                      0.513333                     805                  5.805426                 997                     1.479830                    966                         2.599530                          3                                 0.838728                             0.921512                                0.965528                                    0.908589
reports/v31_metpair_backbone_context_ortholinear_balancedobjective_scenebal2_seed137_h075ctxolscbal2_20260621/split_protocol_manifest.json
reports/v31_metpair_backbone_context_ortholinear_balancedobjective_scenebal2_seed137_h075ctxolscbal2_20260621/eval_router_conf08/v2_custom_ppo_metrics.csv
                    policy  steps  reward_mean  instant_mae  oracle_loss_mean  dtw_mean  power_mean  peak_power_max  event_rate  warmup_abort_count  switches_per_step  always_on_sensor_count  always_off_sensor_count  mid_duty_sensor_count  duty_entropy  duty_min  duty_max  duty_std
                custom_ppo   4096    -1.705035     4.952171          1.705030  4.785585    0.675139            0.92    0.675781                   0           0.005128                       1                        1                      4      0.538411  0.000000       1.0  0.312813
   full_open_unconstrained   4096    -1.823758     1.722258          1.823756  1.610402    1.980000            2.48    0.675781                   0           0.000000                       6                        0                      0     -0.000000  1.000000       1.0  0.000000
               round_robin   4096    -2.120805     3.597370          2.120759  2.983684    0.584570            0.87    0.675781                   0           0.045584                       1                        0                      5      0.600529  0.191406       1.0  0.298555
                       aoi   4096    -2.143738     3.868449          2.143682  3.181153    0.594961            0.87    0.675781                   0           0.055352                       1                        0                      5      0.601598  0.199219       1.0  0.298146
                    random   4096    -2.177314     3.946786          2.177260  3.089850    0.603164            0.92    0.675781                   0           0.053968                       1                        0                      5      0.601087  0.181641       1.0  0.298336
validation_selected_static   4096    -2.181578     5.372857          2.181578  5.283769    0.740000            0.92    0.675781                   0           0.000000                       2                        4                      0     -0.000000  0.000000       1.0  0.471405
 feasible_static_projected   4096    -2.182633     2.359441          2.182633  2.305443    0.330000            0.40    0.675781                   0           0.000000                       2                        4                      0     -0.000000  0.000000       1.0  0.471405
{
  "source_run_dir": "reports/v31_metpair_backbone_context_ortholinear_balancedobjective_scenebal2_seed137_h075ctxolscbal2_20260621",
  "replay_family": "subtype_explicit",
  "eval_steps": 512,
  "eval_start_indices": [
    64750,
    65262,
    65774,
    67374,
    67886,
    68398,
    68910,
    69479
  ],
  "reference_policy": "round_robin",
  "reference_oracle_loss_mean": 2.120758629515876,
  "required_margin_abs": 0.02120758629515876,
  "source_reference_gate_pass": true,
  "static_reference_policy": "static_action5",
  "static_reference_oracle_loss_mean": 1.7822415967602865,
  "static_required_margin_abs": 0.017822415967602864,
  "best_static_reference_event_loss": 2.153329546547177,
  "best_static_reference_non_event_loss": 1.0087691231080926,
  "static_macro_reference_policy": "static_action5",
  "static_macro_reference_oracle_loss_macro_subtype_event": 0.905691384965681,
  "macro_score_column": "oracle_loss_macro_subtype_event_staticnorm",
  "static_macro_reference_score": 0.905691384965681,
  "static_macro_required_margin_abs": 0.00905691384965681,
  "macro_min_margin_abs": 0.005,
  "macro_min_margin_rel": 0.01,
  "enforce_static_candidate_reference": true,
  "static_reference_duty_guard": "off",
  "best_replay_policy": "split_metpair_subtype_explicit_l8",
  "best_replay_oracle_loss_mean": 1.7068204890970264,
  "best_replay_event_loss": 2.062609293819082,
  "best_replay_non_event_loss": 0.96523659491732,
  "best_replay_macro_subtype_policy": "split_metpair_subtype_explicit_l8",
  "best_replay_oracle_loss_macro_subtype_event": 0.7740724717670329,
  "best_replay_macro_score": 0.7740724717670329,
  "margin_abs_vs_reference": 0.41393814041884935,
  "margin_rel_vs_reference": 0.19518399437721146,
  "margin_abs_vs_static_reference": 0.07542110766326005,
  "margin_rel_vs_static_reference": 0.04231811657878405,
  "margin_abs_vs_static_macro_reference": 0.13161891319864816,
  "margin_rel_vs_static_macro_reference": 0.14532424110850467,
  "static_reference_gate_pass": true,
  "static_macro_positive_pass": true,
  "static_macro_reference_gate_pass": true,
  "gate_pass": true,
  "top_sizes": [
    2,
    3,
    5
  ],
  "subtype_top_size_cap": 2,
  "lead_steps": [
    0,
    4,
    8,
    12,
    16
  ],
  "dwell_steps": [
    6,
    10,
    16,
    24
  ]
}
                            policy  steps  reward_mean  instant_mae  oracle_loss_mean  dtw_mean  power_mean  peak_power_max  event_rate  warmup_abort_count  switches_per_step  always_on_sensor_count  always_off_sensor_count  mid_duty_sensor_count  duty_entropy  duty_min  duty_max  duty_std  oracle_loss_event  oracle_loss_non_event  oracle_loss_subtype_particle  steps_subtype_particle  oracle_loss_subtype_flux  steps_subtype_flux  oracle_loss_subtype_thermal  steps_subtype_thermal  oracle_loss_macro_subtype_event  macro_subtype_event_count    replay_family  requested_top_size  top_size  lead_steps  dwell_steps  calm_action_idx  particle_action_idx  flux_action_idx  thermal_action_idx                        calm_sensor_ids                particle_sensor_ids           flux_sensor_ids               thermal_sensor_ids                   calm_pool_sensor_ids           particle_pool_sensor_ids      flux_pool_sensor_ids          thermal_pool_sensor_ids  oracle_loss_subtype_particle_staticnorm  oracle_loss_subtype_flux_staticnorm  oracle_loss_subtype_thermal_staticnorm  oracle_loss_macro_subtype_event_staticnorm reference_policy  reference_oracle_loss_mean  margin_abs_vs_reference  margin_rel_vs_reference  source_reference_gate_pass static_reference_policy  static_reference_oracle_loss_mean  margin_abs_vs_static_reference  margin_rel_vs_static_reference  static_reference_gate_pass static_macro_reference_policy  static_macro_reference_oracle_loss_macro_subtype_event        static_macro_reference_score_column  margin_abs_vs_static_macro_reference  margin_rel_vs_static_macro_reference  static_macro_positive_pass  static_macro_reference_gate_pass  gate_pass
 split_metpair_subtype_explicit_l8   4096    -1.706828     4.962958          1.706820  4.812979    0.659775            0.92    0.675781                   0           0.007000                       1                        1                      4      0.539927       0.0       1.0  0.312182           2.062609               0.965237                      0.370980                     805                  4.231072                 997                     1.234250                    966                         1.945434                          3 subtype_explicit                   0         0           8            0                2                    4                5                   3 met_station_core|shielded_thermo_hygro met_station_core|laser_disdrometer met_station_core|fc4_flux met_station_core|surface_temp_ir met_station_core|shielded_thermo_hygro met_station_core|laser_disdrometer met_station_core|fc4_flux met_station_core|surface_temp_ir                                 0.745780                             0.728618                                0.847819                                    0.774072      round_robin                    2.120759                 0.413938                 0.195184                        True          static_action5                           1.782242                        0.075421                        0.042318                        True                static_action5                                                0.905691 oracle_loss_macro_subtype_event_staticnorm                              0.131619                              0.145324                        True                              True       True
split_metpair_subtype_explicit_l16   4096    -1.707110     4.969019          1.707107  4.812432    0.677561            0.92    0.675781                   0           0.002930                       1                        1                      4      0.537674       0.0       1.0  0.313111           2.062608               0.966122                      0.372377                     805                  4.225305                 997                     1.239034                    966                         1.945572                          3 subtype_explicit                   0         0          16            0                2                    4                5                   3 met_station_core|shielded_thermo_hygro met_station_core|laser_disdrometer met_station_core|fc4_flux met_station_core|surface_temp_ir met_station_core|shielded_thermo_hygro met_station_core|laser_disdrometer met_station_core|fc4_flux met_station_core|surface_temp_ir                                 0.748590                             0.727625                                0.851105                                    0.775773      round_robin                    2.120759                 0.413652                 0.195049                        True          static_action5                           1.782242                        0.075135                        0.042158                        True                static_action5                                                0.905691 oracle_loss_macro_subtype_event_staticnorm                              0.129918                              0.143447                        True                              True       True
split_metpair_subtype_explicit_l12   4096    -1.707690     4.970336          1.707686  4.812746    0.676956            0.92    0.675781                   0           0.002930                       1                        1                      4      0.537874       0.0       1.0  0.313031           2.063312               0.966443                      0.372377                     805                  4.227268                 997                     1.239024                    966                         1.946223                          3 subtype_explicit                   0         0          12            0                2                    4                5                   3 met_station_core|shielded_thermo_hygro met_station_core|laser_disdrometer met_station_core|fc4_flux met_station_core|surface_temp_ir met_station_core|shielded_thermo_hygro met_station_core|laser_disdrometer met_station_core|fc4_flux met_station_core|surface_temp_ir                                 0.748590                             0.727963                                0.851098                                    0.775884      round_robin                    2.120759                 0.413072                 0.194776                        True          static_action5                           1.782242                        0.074555                        0.041832                        True                static_action5                                                0.905691 oracle_loss_macro_subtype_event_staticnorm                              0.129808                              0.143325                        True                              True       True
 split_metpair_subtype_explicit_l4   4096    -1.709837     4.957969          1.709828  4.806965    0.652283            0.92    0.675781                   0           0.008547                       1                        1                      4      0.538965       0.0       1.0  0.312579           2.066312               0.966795                      0.373242                     805                  4.232424                 997                     1.241578                    966                         1.949081                          3 subtype_explicit                   0         0           4            0                2                    4                5                   3 met_station_core|shielded_thermo_hygro met_station_core|laser_disdrometer met_station_core|fc4_flux met_station_core|surface_temp_ir met_station_core|shielded_thermo_hygro met_station_core|laser_disdrometer met_station_core|fc4_flux met_station_core|surface_temp_ir                                 0.750327                             0.728851                                0.852853                                    0.777344      round_robin                    2.120759                 0.410931                 0.193766                        True          static_action5                           1.782242                        0.072414                        0.040631                        True                static_action5                                                0.905691 oracle_loss_macro_subtype_event_staticnorm                              0.128348                              0.141712                        True                              True       True
 split_metpair_subtype_explicit_l0   4096    -1.729355     4.980529          1.729346  4.819560    0.639492            0.92    0.675781                   0           0.008547                       1                        1                      4      0.535428       0.0       1.0  0.314098           2.094254               0.968755                      0.382455                     805                  4.294148                 997                     1.250263                    966                         1.975622                          3 subtype_explicit                   0         0           0            0                2                    4                5                   3 met_station_core|shielded_thermo_hygro met_station_core|laser_disdrometer met_station_core|fc4_flux met_station_core|surface_temp_ir met_station_core|shielded_thermo_hygro met_station_core|laser_disdrometer met_station_core|fc4_flux met_station_core|surface_temp_ir                                 0.768850                             0.739480                                0.858818                                    0.789050      round_robin                    2.120759                 0.391412                 0.184562                        True          static_action5                           1.782242                        0.052895                        0.029679                        True                static_action5                                                0.905691 oracle_loss_macro_subtype_event_staticnorm                              0.116642                              0.128788                        True                              True       True
reports/v31_metpair_backbone_context_ortholinear_balancedobjective_scenebal2_seed137_h075ctxolscbal2_20260621/behavior_audit_v2/behavior_complexity_summary.csv
{
  "policy": "custom_ppo",
  "steps": 4096,
  "unique_mask_count": 4,
  "top3_mask_fraction": 0.790771484375,
  "mask_entropy_bits": 1.9889784290886008,
  "transition_entropy_bits": 2.119747267393405,
  "best_period": 1,
  "best_period_match": 0.9846153846153847,
  "event_sensor_l1": 1.2906626506024095,
  "event_mask_mi_bits": 0.4378474775192909,
  "event_state_dependent": true,
  "subtype_sensor_l1": 2.0,
  "subtype_mask_mi_bits": 0.6781253729671963,
  "subtype_state_dependent": true,
  "state_dependent": true,
  "fixed_like": false,
  "simple_cycle_like": false,
  "low_complexity": false,
  "weak_state_dependence": false,
  "behavior_complexity_gate_pass": true
}
{
  "policy": "validation_selected_static",
  "steps": 4096,
  "unique_mask_count": 1,
  "top3_mask_fraction": 1.0,
  "mask_entropy_bits": -0.0,
  "transition_entropy_bits": -0.0,
  "best_period": 1,
  "best_period_match": 1.0,
  "event_sensor_l1": 0.0,
  "event_mask_mi_bits": 0.0,
  "event_state_dependent": false,
  "subtype_sensor_l1": 0.0,
  "subtype_mask_mi_bits": 0.0,
  "subtype_state_dependent": false,
  "state_dependent": false,
  "fixed_like": true,
  "simple_cycle_like": false,
  "low_complexity": true,
  "weak_state_dependence": true,
  "behavior_complexity_gate_pass": false
}
{
  "policy": "custom_ppo",
  "steps": 4096,
  "unique_mask_count": 4,
  "top3_mask_fraction": 0.790771484375,
  "mask_entropy_bits": 1.9889784290886008,
  "transition_entropy_bits": 2.119747267393405,
  "best_period": 1,
  "best_period_match": 0.9846153846153847,
  "event_sensor_l1": 1.2906626506024095,
  "event_mask_mi_bits": 0.4378474775192909,
  "event_state_dependent": true,
  "subtype_sensor_l1": 2.0,
  "subtype_mask_mi_bits": 0.6781253729671963,
  "subtype_state_dependent": true,
  "state_dependent": true,
  "fixed_like": false,
  "simple_cycle_like": false,
  "low_complexity": false,
  "weak_state_dependence": false,
  "behavior_complexity_gate_pass": true
}
scenebal2_seed_done seed=137 gpu=2 date=2026-06-21T18:18:35+08:00
