scenebal2_seed_start seed=118 gpu=4 date=2026-07-02T03:26:15+08:00
[metpair-backbone-context] seed=118 out_dir=reports/v31_metpair_backbone_context_ortholinear_balancedobjective_scenebal2_reward_aoi_seed118_h075ctxolscbal2_aoi_20260702aoi
reports/v31_metpair_backbone_context_ortholinear_balancedobjective_scenebal2_reward_aoi_seed118_h075ctxolscbal2_aoi_20260702aoi/truth_v31_split.csv
reports/v31_metpair_backbone_context_ortholinear_balancedobjective_scenebal2_reward_aoi_seed118_h075ctxolscbal2_aoi_20260702aoi/dataset_validation/synthetic_validation.csv
custom_ppo_bc_pretrain steps=10000 loss=7.197796 accuracy=0.947 subtype_acc=0.970 unique_actions=4
custom_ppo_update update=1 timesteps=1024 loss=6.199521 entropy=1.130948 adv_std=0.946365 soc_aux=0.000000 subtype_aux=0.255507 subtype_acc=0.943 subtype_action_ce=0.000000 subtype_action_margin=0.000000 awbc_label_rate=1.000
custom_ppo_update update=2 timesteps=2048 loss=11.094612 entropy=1.149960 adv_std=1.543739 soc_aux=0.000000 subtype_aux=0.615001 subtype_acc=0.856 subtype_action_ce=0.000000 subtype_action_margin=0.000000 awbc_label_rate=1.000
custom_ppo_update update=3 timesteps=3072 loss=9.331392 entropy=1.187564 adv_std=2.460451 soc_aux=0.000000 subtype_aux=0.348821 subtype_acc=0.908 subtype_action_ce=0.000000 subtype_action_margin=0.000000 awbc_label_rate=1.000
custom_ppo_update update=4 timesteps=4096 loss=9.320623 entropy=1.094451 adv_std=2.375283 soc_aux=0.000000 subtype_aux=0.426206 subtype_acc=0.900 subtype_action_ce=0.000000 subtype_action_margin=0.000000 awbc_label_rate=1.000
custom_ppo_update update=5 timesteps=5120 loss=7.322864 entropy=1.048127 adv_std=2.543349 soc_aux=0.000000 subtype_aux=0.332053 subtype_acc=0.921 subtype_action_ce=0.000000 subtype_action_margin=0.000000 awbc_label_rate=1.000
custom_ppo_update update=6 timesteps=6144 loss=7.521683 entropy=0.985964 adv_std=2.721738 soc_aux=0.000000 subtype_aux=0.272198 subtype_acc=0.927 subtype_action_ce=0.000000 subtype_action_margin=0.000000 awbc_label_rate=1.000
custom_ppo_update update=7 timesteps=7168 loss=8.622061 entropy=1.183816 adv_std=3.023421 soc_aux=0.000000 subtype_aux=0.338476 subtype_acc=0.918 subtype_action_ce=0.000000 subtype_action_margin=0.000000 awbc_label_rate=1.000
custom_ppo_update update=8 timesteps=8192 loss=8.884726 entropy=1.067808 adv_std=3.180694 soc_aux=0.000000 subtype_aux=0.357551 subtype_acc=0.906 subtype_action_ce=0.000000 subtype_action_margin=0.000000 awbc_label_rate=1.000
custom_ppo_update update=9 timesteps=9216 loss=9.131800 entropy=1.095433 adv_std=3.397237 soc_aux=0.000000 subtype_aux=0.410992 subtype_acc=0.898 subtype_action_ce=0.000000 subtype_action_margin=0.000000 awbc_label_rate=1.000
custom_ppo_update update=10 timesteps=10240 loss=9.193838 entropy=1.210669 adv_std=3.836698 soc_aux=0.000000 subtype_aux=0.195587 subtype_acc=0.942 subtype_action_ce=0.000000 subtype_action_margin=0.000000 awbc_label_rate=1.000
custom_ppo_update update=11 timesteps=11264 loss=9.279709 entropy=1.092643 adv_std=3.664306 soc_aux=0.000000 subtype_aux=0.158314 subtype_acc=0.963 subtype_action_ce=0.000000 subtype_action_margin=0.000000 awbc_label_rate=1.000
custom_ppo_update update=12 timesteps=12288 loss=7.460662 entropy=1.101070 adv_std=3.783417 soc_aux=0.000000 subtype_aux=0.168580 subtype_acc=0.953 subtype_action_ce=0.000000 subtype_action_margin=0.000000 awbc_label_rate=1.000
custom_ppo_update update=13 timesteps=13312 loss=7.732724 entropy=1.092908 adv_std=4.311552 soc_aux=0.000000 subtype_aux=0.236648 subtype_acc=0.951 subtype_action_ce=0.000000 subtype_action_margin=0.000000 awbc_label_rate=1.000
custom_ppo_update update=14 timesteps=14336 loss=9.135834 entropy=1.230892 adv_std=4.041823 soc_aux=0.000000 subtype_aux=0.241914 subtype_acc=0.936 subtype_action_ce=0.000000 subtype_action_margin=0.000000 awbc_label_rate=1.000
custom_ppo_update update=15 timesteps=15360 loss=4.846299 entropy=1.055125 adv_std=3.923369 soc_aux=0.000000 subtype_aux=0.194467 subtype_acc=0.953 subtype_action_ce=0.000000 subtype_action_margin=0.000000 awbc_label_rate=1.000
custom_ppo_update update=16 timesteps=16384 loss=10.280168 entropy=1.237748 adv_std=4.690893 soc_aux=0.000000 subtype_aux=0.260009 subtype_acc=0.940 subtype_action_ce=0.000000 subtype_action_margin=0.000000 awbc_label_rate=1.000
custom_ppo_update update=17 timesteps=17408 loss=9.550697 entropy=1.157181 adv_std=5.074867 soc_aux=0.000000 subtype_aux=0.194601 subtype_acc=0.957 subtype_action_ce=0.000000 subtype_action_margin=0.000000 awbc_label_rate=1.000
custom_ppo_update update=18 timesteps=18432 loss=11.796970 entropy=1.142424 adv_std=4.549011 soc_aux=0.000000 subtype_aux=0.171788 subtype_acc=0.954 subtype_action_ce=0.000000 subtype_action_margin=0.000000 awbc_label_rate=1.000
custom_ppo_update update=19 timesteps=19456 loss=3.503883 entropy=1.122270 adv_std=3.235955 soc_aux=0.000000 subtype_aux=0.092316 subtype_acc=0.970 subtype_action_ce=0.000000 subtype_action_margin=0.000000 awbc_label_rate=1.000
custom_ppo_update update=20 timesteps=20480 loss=12.893960 entropy=1.094159 adv_std=4.962091 soc_aux=0.000000 subtype_aux=0.279137 subtype_acc=0.931 subtype_action_ce=0.000000 subtype_action_margin=0.000000 awbc_label_rate=1.000
custom_ppo_update update=21 timesteps=21504 loss=5.769605 entropy=1.097152 adv_std=4.336341 soc_aux=0.000000 subtype_aux=0.244547 subtype_acc=0.933 subtype_action_ce=0.000000 subtype_action_margin=0.000000 awbc_label_rate=1.000
custom_ppo_update update=22 timesteps=22528 loss=9.829789 entropy=1.058126 adv_std=4.378710 soc_aux=0.000000 subtype_aux=0.073061 subtype_acc=0.978 subtype_action_ce=0.000000 subtype_action_margin=0.000000 awbc_label_rate=1.000
custom_ppo_update update=23 timesteps=23552 loss=7.158652 entropy=1.076446 adv_std=4.391054 soc_aux=0.000000 subtype_aux=0.075189 subtype_acc=0.978 subtype_action_ce=0.000000 subtype_action_margin=0.000000 awbc_label_rate=1.000
custom_ppo_update update=24 timesteps=24576 loss=5.100182 entropy=1.005807 adv_std=4.634838 soc_aux=0.000000 subtype_aux=0.100922 subtype_acc=0.975 subtype_action_ce=0.000000 subtype_action_margin=0.000000 awbc_label_rate=1.000
custom_ppo_update update=25 timesteps=25600 loss=5.812416 entropy=1.022693 adv_std=4.649458 soc_aux=0.000000 subtype_aux=0.080994 subtype_acc=0.980 subtype_action_ce=0.000000 subtype_action_margin=0.000000 awbc_label_rate=1.000
custom_ppo_update update=26 timesteps=26624 loss=11.572629 entropy=1.020273 adv_std=4.851802 soc_aux=0.000000 subtype_aux=0.237851 subtype_acc=0.949 subtype_action_ce=0.000000 subtype_action_margin=0.000000 awbc_label_rate=1.000
custom_ppo_update update=27 timesteps=27648 loss=6.757547 entropy=0.969231 adv_std=4.788092 soc_aux=0.000000 subtype_aux=0.094877 subtype_acc=0.977 subtype_action_ce=0.000000 subtype_action_margin=0.000000 awbc_label_rate=1.000
custom_ppo_update update=28 timesteps=28672 loss=5.950460 entropy=1.056089 adv_std=5.068578 soc_aux=0.000000 subtype_aux=0.063631 subtype_acc=0.982 subtype_action_ce=0.000000 subtype_action_margin=0.000000 awbc_label_rate=1.000
custom_ppo_update update=29 timesteps=29696 loss=5.386773 entropy=1.050506 adv_std=5.466360 soc_aux=0.000000 subtype_aux=0.095423 subtype_acc=0.979 subtype_action_ce=0.000000 subtype_action_margin=0.000000 awbc_label_rate=1.000
custom_ppo_update update=30 timesteps=30720 loss=4.688257 entropy=1.070077 adv_std=4.845687 soc_aux=0.000000 subtype_aux=0.129650 subtype_acc=0.964 subtype_action_ce=0.000000 subtype_action_margin=0.000000 awbc_label_rate=1.000
custom_ppo_update update=31 timesteps=31744 loss=4.471492 entropy=0.946526 adv_std=4.470892 soc_aux=0.000000 subtype_aux=0.137185 subtype_acc=0.967 subtype_action_ce=0.000000 subtype_action_margin=0.000000 awbc_label_rate=1.000
custom_ppo_update update=32 timesteps=32768 loss=3.412182 entropy=0.879938 adv_std=4.294478 soc_aux=0.000000 subtype_aux=0.075591 subtype_acc=0.978 subtype_action_ce=0.000000 subtype_action_margin=0.000000 awbc_label_rate=1.000
custom_ppo_update update=33 timesteps=33792 loss=6.113225 entropy=0.974300 adv_std=5.356769 soc_aux=0.000000 subtype_aux=0.127880 subtype_acc=0.964 subtype_action_ce=0.000000 subtype_action_margin=0.000000 awbc_label_rate=1.000
custom_ppo_update update=34 timesteps=34816 loss=2.486462 entropy=0.785021 adv_std=3.796992 soc_aux=0.000000 subtype_aux=0.041030 subtype_acc=0.989 subtype_action_ce=0.000000 subtype_action_margin=0.000000 awbc_label_rate=1.000
custom_ppo_update update=35 timesteps=35840 loss=4.716443 entropy=0.828423 adv_std=4.325378 soc_aux=0.000000 subtype_aux=0.094504 subtype_acc=0.977 subtype_action_ce=0.000000 subtype_action_margin=0.000000 awbc_label_rate=1.000
custom_ppo_update update=36 timesteps=36864 loss=4.224339 entropy=0.927471 adv_std=4.203272 soc_aux=0.000000 subtype_aux=0.107113 subtype_acc=0.974 subtype_action_ce=0.000000 subtype_action_margin=0.000000 awbc_label_rate=1.000
custom_ppo_update update=37 timesteps=37888 loss=4.096573 entropy=0.819943 adv_std=4.519853 soc_aux=0.000000 subtype_aux=0.049783 subtype_acc=0.984 subtype_action_ce=0.000000 subtype_action_margin=0.000000 awbc_label_rate=1.000
custom_ppo_update update=38 timesteps=38912 loss=4.226740 entropy=0.768771 adv_std=4.350678 soc_aux=0.000000 subtype_aux=0.053794 subtype_acc=0.988 subtype_action_ce=0.000000 subtype_action_margin=0.000000 awbc_label_rate=1.000
custom_ppo_update update=39 timesteps=39936 loss=3.229334 entropy=0.727400 adv_std=4.613176 soc_aux=0.000000 subtype_aux=0.010892 subtype_acc=0.996 subtype_action_ce=0.000000 subtype_action_margin=0.000000 awbc_label_rate=1.000
custom_ppo_update update=40 timesteps=40960 loss=5.299360 entropy=0.879723 adv_std=4.880875 soc_aux=0.000000 subtype_aux=0.216483 subtype_acc=0.953 subtype_action_ce=0.000000 subtype_action_margin=0.000000 awbc_label_rate=1.000
custom_ppo_update update=41 timesteps=41984 loss=5.305213 entropy=0.734677 adv_std=4.872448 soc_aux=0.000000 subtype_aux=0.020539 subtype_acc=0.993 subtype_action_ce=0.000000 subtype_action_margin=0.000000 awbc_label_rate=1.000
custom_ppo_update update=42 timesteps=43008 loss=3.822526 entropy=0.821706 adv_std=4.649010 soc_aux=0.000000 subtype_aux=0.064203 subtype_acc=0.982 subtype_action_ce=0.000000 subtype_action_margin=0.000000 awbc_label_rate=1.000
custom_ppo_update update=43 timesteps=44032 loss=2.945612 entropy=0.744222 adv_std=3.955726 soc_aux=0.000000 subtype_aux=0.034033 subtype_acc=0.989 subtype_action_ce=0.000000 subtype_action_margin=0.000000 awbc_label_rate=1.000
custom_ppo_update update=44 timesteps=45056 loss=5.002528 entropy=0.913901 adv_std=5.076894 soc_aux=0.000000 subtype_aux=0.079080 subtype_acc=0.982 subtype_action_ce=0.000000 subtype_action_margin=0.000000 awbc_label_rate=1.000
custom_ppo_update update=45 timesteps=46080 loss=4.333762 entropy=0.688788 adv_std=4.535297 soc_aux=0.000000 subtype_aux=0.074191 subtype_acc=0.985 subtype_action_ce=0.000000 subtype_action_margin=0.000000 awbc_label_rate=1.000
custom_ppo_update update=46 timesteps=47104 loss=3.533639 entropy=0.730219 adv_std=4.405610 soc_aux=0.000000 subtype_aux=0.053517 subtype_acc=0.985 subtype_action_ce=0.000000 subtype_action_margin=0.000000 awbc_label_rate=1.000
custom_ppo_update update=47 timesteps=48128 loss=4.378521 entropy=0.585587 adv_std=4.830542 soc_aux=0.000000 subtype_aux=0.037341 subtype_acc=0.992 subtype_action_ce=0.000000 subtype_action_margin=0.000000 awbc_label_rate=1.000
custom_ppo_update update=48 timesteps=49152 loss=3.150659 entropy=0.670551 adv_std=4.120279 soc_aux=0.000000 subtype_aux=0.057486 subtype_acc=0.986 subtype_action_ce=0.000000 subtype_action_margin=0.000000 awbc_label_rate=1.000
custom_ppo_update update=49 timesteps=50176 loss=2.459820 entropy=0.488270 adv_std=4.247463 soc_aux=0.000000 subtype_aux=0.004565 subtype_acc=0.999 subtype_action_ce=0.000000 subtype_action_margin=0.000000 awbc_label_rate=1.000
custom_ppo_update update=50 timesteps=51200 loss=5.193480 entropy=0.718246 adv_std=4.845232 soc_aux=0.000000 subtype_aux=0.062390 subtype_acc=0.982 subtype_action_ce=0.000000 subtype_action_margin=0.000000 awbc_label_rate=1.000
custom_ppo_update update=51 timesteps=52224 loss=4.174193 entropy=0.903179 adv_std=3.970185 soc_aux=0.000000 subtype_aux=0.049948 subtype_acc=0.988 subtype_action_ce=0.000000 subtype_action_margin=0.000000 awbc_label_rate=1.000
custom_ppo_update update=52 timesteps=53248 loss=3.965838 entropy=0.722186 adv_std=4.225099 soc_aux=0.000000 subtype_aux=0.111103 subtype_acc=0.978 subtype_action_ce=0.000000 subtype_action_margin=0.000000 awbc_label_rate=1.000
custom_ppo_update update=53 timesteps=54272 loss=4.274833 entropy=0.754960 adv_std=3.936684 soc_aux=0.000000 subtype_aux=0.097600 subtype_acc=0.972 subtype_action_ce=0.000000 subtype_action_margin=0.000000 awbc_label_rate=1.000
custom_ppo_update update=54 timesteps=55296 loss=3.050709 entropy=0.695415 adv_std=4.257149 soc_aux=0.000000 subtype_aux=0.044094 subtype_acc=0.987 subtype_action_ce=0.000000 subtype_action_margin=0.000000 awbc_label_rate=1.000
custom_ppo_update update=55 timesteps=56320 loss=3.956944 entropy=0.725247 adv_std=4.788118 soc_aux=0.000000 subtype_aux=0.051211 subtype_acc=0.988 subtype_action_ce=0.000000 subtype_action_margin=0.000000 awbc_label_rate=1.000
custom_ppo_update update=56 timesteps=57344 loss=4.385369 entropy=0.557087 adv_std=3.864625 soc_aux=0.000000 subtype_aux=0.062265 subtype_acc=0.987 subtype_action_ce=0.000000 subtype_action_margin=0.000000 awbc_label_rate=1.000
custom_ppo_update update=57 timesteps=58368 loss=4.084408 entropy=0.707890 adv_std=4.489816 soc_aux=0.000000 subtype_aux=0.050667 subtype_acc=0.988 subtype_action_ce=0.000000 subtype_action_margin=0.000000 awbc_label_rate=1.000
custom_ppo_update update=58 timesteps=59392 loss=3.360503 entropy=0.499738 adv_std=4.385114 soc_aux=0.000000 subtype_aux=0.018269 subtype_acc=0.995 subtype_action_ce=0.000000 subtype_action_margin=0.000000 awbc_label_rate=1.000
custom_ppo_update update=59 timesteps=60416 loss=5.195405 entropy=0.799528 adv_std=4.712307 soc_aux=0.000000 subtype_aux=0.073986 subtype_acc=0.979 subtype_action_ce=0.000000 subtype_action_margin=0.000000 awbc_label_rate=1.000
custom_ppo_update update=60 timesteps=61440 loss=3.004557 entropy=0.533642 adv_std=4.201742 soc_aux=0.000000 subtype_aux=0.020997 subtype_acc=0.993 subtype_action_ce=0.000000 subtype_action_margin=0.000000 awbc_label_rate=1.000
custom_ppo_update update=61 timesteps=62464 loss=5.176992 entropy=0.769342 adv_std=4.845753 soc_aux=0.000000 subtype_aux=0.068797 subtype_acc=0.984 subtype_action_ce=0.000000 subtype_action_margin=0.000000 awbc_label_rate=1.000
custom_ppo_update update=62 timesteps=63488 loss=4.114719 entropy=0.517817 adv_std=4.027255 soc_aux=0.000000 subtype_aux=0.021764 subtype_acc=0.994 subtype_action_ce=0.000000 subtype_action_margin=0.000000 awbc_label_rate=1.000
custom_ppo_update update=63 timesteps=64512 loss=5.150964 entropy=0.623782 adv_std=4.425412 soc_aux=0.000000 subtype_aux=0.070148 subtype_acc=0.982 subtype_action_ce=0.000000 subtype_action_margin=0.000000 awbc_label_rate=1.000
custom_ppo_update update=64 timesteps=65536 loss=3.648941 entropy=0.539485 adv_std=4.866602 soc_aux=0.000000 subtype_aux=0.023446 subtype_acc=0.994 subtype_action_ce=0.000000 subtype_action_margin=0.000000 awbc_label_rate=1.000
custom_ppo_update update=65 timesteps=66560 loss=3.458851 entropy=0.629622 adv_std=4.512153 soc_aux=0.000000 subtype_aux=0.054237 subtype_acc=0.987 subtype_action_ce=0.000000 subtype_action_margin=0.000000 awbc_label_rate=1.000
custom_ppo_update update=66 timesteps=67584 loss=5.978243 entropy=0.599572 adv_std=5.121395 soc_aux=0.000000 subtype_aux=0.046065 subtype_acc=0.989 subtype_action_ce=0.000000 subtype_action_margin=0.000000 awbc_label_rate=1.000
custom_ppo_update update=67 timesteps=68608 loss=5.286623 entropy=0.665104 adv_std=4.668969 soc_aux=0.000000 subtype_aux=0.068824 subtype_acc=0.982 subtype_action_ce=0.000000 subtype_action_margin=0.000000 awbc_label_rate=1.000
custom_ppo_update update=68 timesteps=69632 loss=4.227015 entropy=0.640163 adv_std=4.274394 soc_aux=0.000000 subtype_aux=0.066044 subtype_acc=0.984 subtype_action_ce=0.000000 subtype_action_margin=0.000000 awbc_label_rate=1.000
custom_ppo_update update=69 timesteps=70656 loss=4.819800 entropy=0.572532 adv_std=4.719732 soc_aux=0.000000 subtype_aux=0.022627 subtype_acc=0.993 subtype_action_ce=0.000000 subtype_action_margin=0.000000 awbc_label_rate=1.000
custom_ppo_update update=70 timesteps=71680 loss=5.293735 entropy=0.521055 adv_std=5.112749 soc_aux=0.000000 subtype_aux=0.018480 subtype_acc=0.994 subtype_action_ce=0.000000 subtype_action_margin=0.000000 awbc_label_rate=1.000
custom_ppo_update update=71 timesteps=72704 loss=3.324526 entropy=0.559619 adv_std=4.521498 soc_aux=0.000000 subtype_aux=0.057524 subtype_acc=0.987 subtype_action_ce=0.000000 subtype_action_margin=0.000000 awbc_label_rate=1.000
custom_ppo_update update=72 timesteps=73728 loss=4.251398 entropy=0.581295 adv_std=4.600728 soc_aux=0.000000 subtype_aux=0.093459 subtype_acc=0.978 subtype_action_ce=0.000000 subtype_action_margin=0.000000 awbc_label_rate=1.000
custom_ppo_update update=73 timesteps=74752 loss=2.858642 entropy=0.554387 adv_std=4.082391 soc_aux=0.000000 subtype_aux=0.039819 subtype_acc=0.990 subtype_action_ce=0.000000 subtype_action_margin=0.000000 awbc_label_rate=1.000
custom_ppo_update update=74 timesteps=75776 loss=2.735915 entropy=0.547612 adv_std=4.192841 soc_aux=0.000000 subtype_aux=0.029417 subtype_acc=0.994 subtype_action_ce=0.000000 subtype_action_margin=0.000000 awbc_label_rate=1.000
custom_ppo_update update=75 timesteps=76800 loss=4.281643 entropy=0.539081 adv_std=4.448186 soc_aux=0.000000 subtype_aux=0.041121 subtype_acc=0.988 subtype_action_ce=0.000000 subtype_action_margin=0.000000 awbc_label_rate=1.000
custom_ppo_update update=76 timesteps=77824 loss=2.108739 entropy=0.418070 adv_std=3.514530 soc_aux=0.000000 subtype_aux=0.027368 subtype_acc=0.993 subtype_action_ce=0.000000 subtype_action_margin=0.000000 awbc_label_rate=1.000
custom_ppo_update update=77 timesteps=78848 loss=3.306565 entropy=0.597391 adv_std=3.915757 soc_aux=0.000000 subtype_aux=0.049751 subtype_acc=0.990 subtype_action_ce=0.000000 subtype_action_margin=0.000000 awbc_label_rate=1.000
custom_ppo_update update=78 timesteps=79872 loss=4.102633 entropy=0.442624 adv_std=4.396297 soc_aux=0.000000 subtype_aux=0.026691 subtype_acc=0.993 subtype_action_ce=0.000000 subtype_action_margin=0.000000 awbc_label_rate=1.000
custom_ppo_update update=79 timesteps=80896 loss=4.834909 entropy=0.453392 adv_std=5.200362 soc_aux=0.000000 subtype_aux=0.016579 subtype_acc=0.995 subtype_action_ce=0.000000 subtype_action_margin=0.000000 awbc_label_rate=1.000
custom_ppo_update update=80 timesteps=81920 loss=3.615930 entropy=0.429160 adv_std=4.350726 soc_aux=0.000000 subtype_aux=0.014586 subtype_acc=0.997 subtype_action_ce=0.000000 subtype_action_margin=0.000000 awbc_label_rate=1.000
custom_ppo_update update=81 timesteps=82944 loss=3.507927 entropy=0.490415 adv_std=4.259977 soc_aux=0.000000 subtype_aux=0.036984 subtype_acc=0.992 subtype_action_ce=0.000000 subtype_action_margin=0.000000 awbc_label_rate=1.000
custom_ppo_update update=82 timesteps=83968 loss=4.320715 entropy=0.427050 adv_std=4.460299 soc_aux=0.000000 subtype_aux=0.020533 subtype_acc=0.994 subtype_action_ce=0.000000 subtype_action_margin=0.000000 awbc_label_rate=1.000
custom_ppo_update update=83 timesteps=84992 loss=4.036592 entropy=0.417631 adv_std=4.426391 soc_aux=0.000000 subtype_aux=0.023373 subtype_acc=0.995 subtype_action_ce=0.000000 subtype_action_margin=0.000000 awbc_label_rate=1.000
custom_ppo_update update=84 timesteps=86016 loss=2.281074 entropy=0.365590 adv_std=3.980848 soc_aux=0.000000 subtype_aux=0.024142 subtype_acc=0.995 subtype_action_ce=0.000000 subtype_action_margin=0.000000 awbc_label_rate=1.000
custom_ppo_update update=85 timesteps=87040 loss=4.937910 entropy=0.398070 adv_std=5.589177 soc_aux=0.000000 subtype_aux=0.022645 subtype_acc=0.995 subtype_action_ce=0.000000 subtype_action_margin=0.000000 awbc_label_rate=1.000
custom_ppo_update update=86 timesteps=88064 loss=2.928744 entropy=0.361467 adv_std=4.337924 soc_aux=0.000000 subtype_aux=0.005697 subtype_acc=0.998 subtype_action_ce=0.000000 subtype_action_margin=0.000000 awbc_label_rate=1.000
custom_ppo_update update=87 timesteps=89088 loss=3.179392 entropy=0.358459 adv_std=4.376849 soc_aux=0.000000 subtype_aux=0.027016 subtype_acc=0.995 subtype_action_ce=0.000000 subtype_action_margin=0.000000 awbc_label_rate=1.000
custom_ppo_update update=88 timesteps=90112 loss=3.080668 entropy=0.301341 adv_std=4.394546 soc_aux=0.000000 subtype_aux=0.013876 subtype_acc=0.995 subtype_action_ce=0.000000 subtype_action_margin=0.000000 awbc_label_rate=1.000
custom_ppo_update update=89 timesteps=91136 loss=3.593641 entropy=0.301390 adv_std=4.289305 soc_aux=0.000000 subtype_aux=0.005739 subtype_acc=0.998 subtype_action_ce=0.000000 subtype_action_margin=0.000000 awbc_label_rate=1.000
custom_ppo_update update=90 timesteps=92160 loss=3.318418 entropy=0.298876 adv_std=4.284761 soc_aux=0.000000 subtype_aux=0.013257 subtype_acc=0.997 subtype_action_ce=0.000000 subtype_action_margin=0.000000 awbc_label_rate=1.000
custom_ppo_update update=91 timesteps=93184 loss=2.033348 entropy=0.242402 adv_std=3.744108 soc_aux=0.000000 subtype_aux=0.003435 subtype_acc=0.999 subtype_action_ce=0.000000 subtype_action_margin=0.000000 awbc_label_rate=1.000
custom_ppo_update update=92 timesteps=94208 loss=4.291259 entropy=0.322088 adv_std=4.276661 soc_aux=0.000000 subtype_aux=0.006457 subtype_acc=0.999 subtype_action_ce=0.000000 subtype_action_margin=0.000000 awbc_label_rate=1.000
custom_ppo_update update=93 timesteps=95232 loss=3.314361 entropy=0.224818 adv_std=4.457904 soc_aux=0.000000 subtype_aux=0.013545 subtype_acc=0.997 subtype_action_ce=0.000000 subtype_action_margin=0.000000 awbc_label_rate=1.000
custom_ppo_update update=94 timesteps=96256 loss=2.376811 entropy=0.428529 adv_std=3.970137 soc_aux=0.000000 subtype_aux=0.016320 subtype_acc=0.996 subtype_action_ce=0.000000 subtype_action_margin=0.000000 awbc_label_rate=1.000
custom_ppo_update update=95 timesteps=97280 loss=2.931303 entropy=0.286200 adv_std=4.134433 soc_aux=0.000000 subtype_aux=0.011144 subtype_acc=0.997 subtype_action_ce=0.000000 subtype_action_margin=0.000000 awbc_label_rate=1.000
custom_ppo_update update=96 timesteps=98304 loss=4.040613 entropy=0.386578 adv_std=4.477168 soc_aux=0.000000 subtype_aux=0.034071 subtype_acc=0.993 subtype_action_ce=0.000000 subtype_action_margin=0.000000 awbc_label_rate=1.000
custom_ppo_update update=97 timesteps=99328 loss=2.923835 entropy=0.400435 adv_std=3.566961 soc_aux=0.000000 subtype_aux=0.065010 subtype_acc=0.986 subtype_action_ce=0.000000 subtype_action_margin=0.000000 awbc_label_rate=1.000
custom_ppo_update update=98 timesteps=100352 loss=2.640681 entropy=0.314601 adv_std=3.990506 soc_aux=0.000000 subtype_aux=0.018719 subtype_acc=0.994 subtype_action_ce=0.000000 subtype_action_margin=0.000000 awbc_label_rate=1.000
custom_ppo_update update=99 timesteps=101376 loss=4.338256 entropy=0.349271 adv_std=4.685228 soc_aux=0.000000 subtype_aux=0.053835 subtype_acc=0.990 subtype_action_ce=0.000000 subtype_action_margin=0.000000 awbc_label_rate=1.000
custom_ppo_update update=100 timesteps=102400 loss=5.151973 entropy=0.355019 adv_std=5.127420 soc_aux=0.000000 subtype_aux=0.021925 subtype_acc=0.995 subtype_action_ce=0.000000 subtype_action_margin=0.000000 awbc_label_rate=1.000
custom_ppo_update update=101 timesteps=103424 loss=3.046963 entropy=0.279159 adv_std=4.383373 soc_aux=0.000000 subtype_aux=0.006453 subtype_acc=0.998 subtype_action_ce=0.000000 subtype_action_margin=0.000000 awbc_label_rate=1.000
custom_ppo_update update=102 timesteps=104448 loss=3.077115 entropy=0.299442 adv_std=4.314253 soc_aux=0.000000 subtype_aux=0.004393 subtype_acc=0.999 subtype_action_ce=0.000000 subtype_action_margin=0.000000 awbc_label_rate=1.000
custom_ppo_update update=103 timesteps=105472 loss=4.707405 entropy=0.313196 adv_std=4.959253 soc_aux=0.000000 subtype_aux=0.012963 subtype_acc=0.996 subtype_action_ce=0.000000 subtype_action_margin=0.000000 awbc_label_rate=1.000
custom_ppo_update update=104 timesteps=106496 loss=4.434864 entropy=0.318811 adv_std=5.201619 soc_aux=0.000000 subtype_aux=0.034952 subtype_acc=0.991 subtype_action_ce=0.000000 subtype_action_margin=0.000000 awbc_label_rate=1.000
custom_ppo_update update=105 timesteps=107520 loss=3.047743 entropy=0.270662 adv_std=4.332522 soc_aux=0.000000 subtype_aux=0.009705 subtype_acc=0.997 subtype_action_ce=0.000000 subtype_action_margin=0.000000 awbc_label_rate=1.000
custom_ppo_update update=106 timesteps=108544 loss=2.611145 entropy=0.234101 adv_std=4.286431 soc_aux=0.000000 subtype_aux=0.008092 subtype_acc=0.998 subtype_action_ce=0.000000 subtype_action_margin=0.000000 awbc_label_rate=1.000
custom_ppo_update update=107 timesteps=109568 loss=3.195904 entropy=0.324993 adv_std=4.261292 soc_aux=0.000000 subtype_aux=0.049334 subtype_acc=0.989 subtype_action_ce=0.000000 subtype_action_margin=0.000000 awbc_label_rate=1.000
custom_ppo_update update=108 timesteps=110592 loss=2.884583 entropy=0.215517 adv_std=4.506608 soc_aux=0.000000 subtype_aux=0.004720 subtype_acc=0.999 subtype_action_ce=0.000000 subtype_action_margin=0.000000 awbc_label_rate=1.000
custom_ppo_update update=109 timesteps=111616 loss=3.160005 entropy=0.275512 adv_std=4.211265 soc_aux=0.000000 subtype_aux=0.044268 subtype_acc=0.989 subtype_action_ce=0.000000 subtype_action_margin=0.000000 awbc_label_rate=1.000
custom_ppo_update update=110 timesteps=112640 loss=4.881620 entropy=0.282737 adv_std=4.965251 soc_aux=0.000000 subtype_aux=0.060047 subtype_acc=0.988 subtype_action_ce=0.000000 subtype_action_margin=0.000000 awbc_label_rate=1.000
custom_ppo_update update=111 timesteps=113664 loss=5.938623 entropy=0.239974 adv_std=5.639980 soc_aux=0.000000 subtype_aux=0.022776 subtype_acc=0.994 subtype_action_ce=0.000000 subtype_action_margin=0.000000 awbc_label_rate=1.000
custom_ppo_update update=112 timesteps=114688 loss=3.461428 entropy=0.284500 adv_std=4.540195 soc_aux=0.000000 subtype_aux=0.046319 subtype_acc=0.989 subtype_action_ce=0.000000 subtype_action_margin=0.000000 awbc_label_rate=1.000
custom_ppo_update update=113 timesteps=115712 loss=5.225091 entropy=0.280197 adv_std=5.396539 soc_aux=0.000000 subtype_aux=0.020438 subtype_acc=0.994 subtype_action_ce=0.000000 subtype_action_margin=0.000000 awbc_label_rate=1.000
custom_ppo_update update=114 timesteps=116736 loss=2.561960 entropy=0.259979 adv_std=4.069530 soc_aux=0.000000 subtype_aux=0.007582 subtype_acc=0.998 subtype_action_ce=0.000000 subtype_action_margin=0.000000 awbc_label_rate=1.000
custom_ppo_update update=115 timesteps=117760 loss=3.650134 entropy=0.209489 adv_std=4.403295 soc_aux=0.000000 subtype_aux=0.017256 subtype_acc=0.996 subtype_action_ce=0.000000 subtype_action_margin=0.000000 awbc_label_rate=1.000
custom_ppo_update update=116 timesteps=118784 loss=2.721512 entropy=0.227080 adv_std=4.051127 soc_aux=0.000000 subtype_aux=0.027385 subtype_acc=0.993 subtype_action_ce=0.000000 subtype_action_margin=0.000000 awbc_label_rate=1.000
custom_ppo_update update=117 timesteps=119808 loss=5.635079 entropy=0.238298 adv_std=5.214462 soc_aux=0.000000 subtype_aux=0.031450 subtype_acc=0.992 subtype_action_ce=0.000000 subtype_action_margin=0.000000 awbc_label_rate=1.000
custom_ppo_update update=118 timesteps=120832 loss=4.667044 entropy=0.263012 adv_std=4.660956 soc_aux=0.000000 subtype_aux=0.008330 subtype_acc=0.998 subtype_action_ce=0.000000 subtype_action_margin=0.000000 awbc_label_rate=1.000
custom_ppo_update update=119 timesteps=121856 loss=2.720694 entropy=0.239395 adv_std=3.954682 soc_aux=0.000000 subtype_aux=0.041231 subtype_acc=0.991 subtype_action_ce=0.000000 subtype_action_margin=0.000000 awbc_label_rate=1.000
custom_ppo_update update=120 timesteps=122880 loss=3.423243 entropy=0.226021 adv_std=4.470862 soc_aux=0.000000 subtype_aux=0.005952 subtype_acc=0.998 subtype_action_ce=0.000000 subtype_action_margin=0.000000 awbc_label_rate=1.000
custom_ppo_update update=121 timesteps=123904 loss=5.807680 entropy=0.202863 adv_std=5.658471 soc_aux=0.000000 subtype_aux=0.082334 subtype_acc=0.986 subtype_action_ce=0.000000 subtype_action_margin=0.000000 awbc_label_rate=1.000
custom_ppo_update update=122 timesteps=124928 loss=4.025868 entropy=0.201301 adv_std=4.481052 soc_aux=0.000000 subtype_aux=0.003009 subtype_acc=0.999 subtype_action_ce=0.000000 subtype_action_margin=0.000000 awbc_label_rate=1.000
custom_ppo_update update=123 timesteps=125952 loss=5.068681 entropy=0.225872 adv_std=4.720751 soc_aux=0.000000 subtype_aux=0.017873 subtype_acc=0.995 subtype_action_ce=0.000000 subtype_action_margin=0.000000 awbc_label_rate=1.000
custom_ppo_update update=124 timesteps=126976 loss=5.623022 entropy=0.210732 adv_std=5.823704 soc_aux=0.000000 subtype_aux=0.015619 subtype_acc=0.996 subtype_action_ce=0.000000 subtype_action_margin=0.000000 awbc_label_rate=1.000
custom_ppo_update update=125 timesteps=128000 loss=3.720353 entropy=0.169940 adv_std=4.912348 soc_aux=0.000000 subtype_aux=0.002254 subtype_acc=0.999 subtype_action_ce=0.000000 subtype_action_margin=0.000000 awbc_label_rate=1.000
custom_ppo_update update=126 timesteps=129024 loss=5.073910 entropy=0.213036 adv_std=5.179115 soc_aux=0.000000 subtype_aux=0.011294 subtype_acc=0.997 subtype_action_ce=0.000000 subtype_action_margin=0.000000 awbc_label_rate=1.000
custom_ppo_update update=127 timesteps=130048 loss=2.723265 entropy=0.156029 adv_std=4.077130 soc_aux=0.000000 subtype_aux=0.002581 subtype_acc=0.999 subtype_action_ce=0.000000 subtype_action_margin=0.000000 awbc_label_rate=1.000
custom_ppo_update update=128 timesteps=131072 loss=2.342539 entropy=0.136167 adv_std=3.999950 soc_aux=0.000000 subtype_aux=0.001107 subtype_acc=1.000 subtype_action_ce=0.000000 subtype_action_margin=0.000000 awbc_label_rate=1.000
custom_ppo_update update=129 timesteps=132096 loss=2.059387 entropy=0.165138 adv_std=3.705746 soc_aux=0.000000 subtype_aux=0.032957 subtype_acc=0.995 subtype_action_ce=0.000000 subtype_action_margin=0.000000 awbc_label_rate=1.000
custom_ppo_update update=130 timesteps=133120 loss=2.247684 entropy=0.158323 adv_std=3.909122 soc_aux=0.000000 subtype_aux=0.012526 subtype_acc=0.997 subtype_action_ce=0.000000 subtype_action_margin=0.000000 awbc_label_rate=1.000
custom_ppo_update update=131 timesteps=134144 loss=3.297326 entropy=0.200144 adv_std=4.325458 soc_aux=0.000000 subtype_aux=0.027165 subtype_acc=0.995 subtype_action_ce=0.000000 subtype_action_margin=0.000000 awbc_label_rate=1.000
custom_ppo_update update=132 timesteps=135168 loss=2.138113 entropy=0.139959 adv_std=4.005794 soc_aux=0.000000 subtype_aux=0.002557 subtype_acc=0.999 subtype_action_ce=0.000000 subtype_action_margin=0.000000 awbc_label_rate=1.000
custom_ppo_update update=133 timesteps=136192 loss=2.530130 entropy=0.168816 adv_std=4.132906 soc_aux=0.000000 subtype_aux=0.010863 subtype_acc=0.997 subtype_action_ce=0.000000 subtype_action_margin=0.000000 awbc_label_rate=1.000
custom_ppo_update update=134 timesteps=137216 loss=2.225890 entropy=0.157715 adv_std=4.050121 soc_aux=0.000000 subtype_aux=0.015986 subtype_acc=0.996 subtype_action_ce=0.000000 subtype_action_margin=0.000000 awbc_label_rate=1.000
custom_ppo_update update=135 timesteps=138240 loss=3.507268 entropy=0.166549 adv_std=4.341674 soc_aux=0.000000 subtype_aux=0.019530 subtype_acc=0.996 subtype_action_ce=0.000000 subtype_action_margin=0.000000 awbc_label_rate=1.000
custom_ppo_update update=136 timesteps=139264 loss=5.027248 entropy=0.162837 adv_std=5.666085 soc_aux=0.000000 subtype_aux=0.025031 subtype_acc=0.994 subtype_action_ce=0.000000 subtype_action_margin=0.000000 awbc_label_rate=1.000
custom_ppo_update update=137 timesteps=140288 loss=3.898148 entropy=0.180087 adv_std=4.573030 soc_aux=0.000000 subtype_aux=0.020137 subtype_acc=0.994 subtype_action_ce=0.000000 subtype_action_margin=0.000000 awbc_label_rate=1.000
custom_ppo_update update=138 timesteps=141312 loss=1.962761 entropy=0.150655 adv_std=3.187979 soc_aux=0.000000 subtype_aux=0.014428 subtype_acc=0.997 subtype_action_ce=0.000000 subtype_action_margin=0.000000 awbc_label_rate=1.000
custom_ppo_update update=139 timesteps=142336 loss=3.532592 entropy=0.143258 adv_std=4.407827 soc_aux=0.000000 subtype_aux=0.006737 subtype_acc=0.998 subtype_action_ce=0.000000 subtype_action_margin=0.000000 awbc_label_rate=1.000
custom_ppo_update update=140 timesteps=143360 loss=6.734818 entropy=0.155940 adv_std=5.380073 soc_aux=0.000000 subtype_aux=0.003424 subtype_acc=1.000 subtype_action_ce=0.000000 subtype_action_margin=0.000000 awbc_label_rate=1.000
custom_ppo_update update=141 timesteps=144384 loss=3.193968 entropy=0.144577 adv_std=4.600839 soc_aux=0.000000 subtype_aux=0.010036 subtype_acc=0.997 subtype_action_ce=0.000000 subtype_action_margin=0.000000 awbc_label_rate=1.000
custom_ppo_update update=142 timesteps=145408 loss=2.790813 entropy=0.132010 adv_std=4.589404 soc_aux=0.000000 subtype_aux=0.004927 subtype_acc=0.999 subtype_action_ce=0.000000 subtype_action_margin=0.000000 awbc_label_rate=1.000
custom_ppo_update update=143 timesteps=146432 loss=3.883239 entropy=0.115713 adv_std=4.825850 soc_aux=0.000000 subtype_aux=0.000543 subtype_acc=1.000 subtype_action_ce=0.000000 subtype_action_margin=0.000000 awbc_label_rate=1.000
custom_ppo_update update=144 timesteps=147456 loss=2.508173 entropy=0.123498 adv_std=4.060557 soc_aux=0.000000 subtype_aux=0.005109 subtype_acc=0.998 subtype_action_ce=0.000000 subtype_action_margin=0.000000 awbc_label_rate=1.000
custom_ppo_update update=145 timesteps=148480 loss=4.822585 entropy=0.112475 adv_std=4.282348 soc_aux=0.000000 subtype_aux=0.002417 subtype_acc=0.999 subtype_action_ce=0.000000 subtype_action_margin=0.000000 awbc_label_rate=1.000
custom_ppo_update update=146 timesteps=149504 loss=2.925544 entropy=0.118554 adv_std=3.966328 soc_aux=0.000000 subtype_aux=0.001403 subtype_acc=1.000 subtype_action_ce=0.000000 subtype_action_margin=0.000000 awbc_label_rate=1.000
custom_ppo_update update=147 timesteps=150528 loss=4.063845 entropy=0.153766 adv_std=4.800808 soc_aux=0.000000 subtype_aux=0.003807 subtype_acc=0.999 subtype_action_ce=0.000000 subtype_action_margin=0.000000 awbc_label_rate=1.000
custom_ppo_update update=148 timesteps=151552 loss=2.346002 entropy=0.124548 adv_std=3.668905 soc_aux=0.000000 subtype_aux=0.008657 subtype_acc=0.997 subtype_action_ce=0.000000 subtype_action_margin=0.000000 awbc_label_rate=1.000
custom_ppo_update update=149 timesteps=152576 loss=4.240117 entropy=0.128354 adv_std=4.418445 soc_aux=0.000000 subtype_aux=0.005408 subtype_acc=0.999 subtype_action_ce=0.000000 subtype_action_margin=0.000000 awbc_label_rate=1.000
custom_ppo_update update=150 timesteps=153600 loss=6.955636 entropy=0.132183 adv_std=5.998059 soc_aux=0.000000 subtype_aux=0.003634 subtype_acc=0.999 subtype_action_ce=0.000000 subtype_action_margin=0.000000 awbc_label_rate=1.000
custom_ppo_update update=151 timesteps=154624 loss=2.458834 entropy=0.118257 adv_std=4.081180 soc_aux=0.000000 subtype_aux=0.000361 subtype_acc=1.000 subtype_action_ce=0.000000 subtype_action_margin=0.000000 awbc_label_rate=1.000
custom_ppo_update update=152 timesteps=155648 loss=2.136881 entropy=0.127813 adv_std=4.347550 soc_aux=0.000000 subtype_aux=0.002797 subtype_acc=1.000 subtype_action_ce=0.000000 subtype_action_margin=0.000000 awbc_label_rate=1.000
custom_ppo_update update=153 timesteps=156672 loss=5.535910 entropy=0.091145 adv_std=4.841218 soc_aux=0.000000 subtype_aux=0.000418 subtype_acc=1.000 subtype_action_ce=0.000000 subtype_action_margin=0.000000 awbc_label_rate=1.000
custom_ppo_update update=154 timesteps=157696 loss=3.009890 entropy=0.101264 adv_std=4.581006 soc_aux=0.000000 subtype_aux=0.006080 subtype_acc=0.998 subtype_action_ce=0.000000 subtype_action_margin=0.000000 awbc_label_rate=1.000
custom_ppo_update update=155 timesteps=158720 loss=5.439981 entropy=0.072845 adv_std=5.357695 soc_aux=0.000000 subtype_aux=0.002922 subtype_acc=0.999 subtype_action_ce=0.000000 subtype_action_margin=0.000000 awbc_label_rate=1.000
custom_ppo_update update=156 timesteps=159744 loss=4.538838 entropy=0.102552 adv_std=5.836312 soc_aux=0.000000 subtype_aux=0.009494 subtype_acc=0.998 subtype_action_ce=0.000000 subtype_action_margin=0.000000 awbc_label_rate=1.000
custom_ppo_update update=157 timesteps=160768 loss=2.615738 entropy=0.098690 adv_std=4.351937 soc_aux=0.000000 subtype_aux=0.000400 subtype_acc=1.000 subtype_action_ce=0.000000 subtype_action_margin=0.000000 awbc_label_rate=1.000
custom_ppo_update update=158 timesteps=161792 loss=2.741912 entropy=0.082607 adv_std=4.398161 soc_aux=0.000000 subtype_aux=0.000081 subtype_acc=1.000 subtype_action_ce=0.000000 subtype_action_margin=0.000000 awbc_label_rate=1.000
custom_ppo_update update=159 timesteps=162816 loss=6.056593 entropy=0.156442 adv_std=5.527076 soc_aux=0.000000 subtype_aux=0.014155 subtype_acc=0.997 subtype_action_ce=0.000000 subtype_action_margin=0.000000 awbc_label_rate=1.000
custom_ppo_update update=160 timesteps=163840 loss=4.528201 entropy=0.072281 adv_std=5.128550 soc_aux=0.000000 subtype_aux=0.002119 subtype_acc=1.000 subtype_action_ce=0.000000 subtype_action_margin=0.000000 awbc_label_rate=1.000
custom_ppo_update update=161 timesteps=164864 loss=3.177815 entropy=0.066560 adv_std=4.437988 soc_aux=0.000000 subtype_aux=0.000533 subtype_acc=1.000 subtype_action_ce=0.000000 subtype_action_margin=0.000000 awbc_label_rate=1.000
custom_ppo_update update=162 timesteps=165888 loss=2.097314 entropy=0.086383 adv_std=3.881404 soc_aux=0.000000 subtype_aux=0.003156 subtype_acc=0.999 subtype_action_ce=0.000000 subtype_action_margin=0.000000 awbc_label_rate=1.000
custom_ppo_update update=163 timesteps=166912 loss=6.079798 entropy=0.183966 adv_std=5.773260 soc_aux=0.000000 subtype_aux=0.005925 subtype_acc=0.998 subtype_action_ce=0.000000 subtype_action_margin=0.000000 awbc_label_rate=1.000
custom_ppo_update update=164 timesteps=167936 loss=3.236882 entropy=0.096242 adv_std=3.962261 soc_aux=0.000000 subtype_aux=0.000531 subtype_acc=1.000 subtype_action_ce=0.000000 subtype_action_margin=0.000000 awbc_label_rate=1.000
custom_ppo_update update=165 timesteps=168960 loss=4.510740 entropy=0.106586 adv_std=4.811924 soc_aux=0.000000 subtype_aux=0.033022 subtype_acc=0.993 subtype_action_ce=0.000000 subtype_action_margin=0.000000 awbc_label_rate=1.000
custom_ppo_update update=166 timesteps=169984 loss=5.257035 entropy=0.062878 adv_std=4.976059 soc_aux=0.000000 subtype_aux=0.014504 subtype_acc=0.998 subtype_action_ce=0.000000 subtype_action_margin=0.000000 awbc_label_rate=1.000
custom_ppo_update update=167 timesteps=171008 loss=2.799166 entropy=0.087998 adv_std=4.487247 soc_aux=0.000000 subtype_aux=0.000764 subtype_acc=1.000 subtype_action_ce=0.000000 subtype_action_margin=0.000000 awbc_label_rate=1.000
custom_ppo_update update=168 timesteps=172032 loss=4.822294 entropy=0.090767 adv_std=4.302606 soc_aux=0.000000 subtype_aux=0.023493 subtype_acc=0.995 subtype_action_ce=0.000000 subtype_action_margin=0.000000 awbc_label_rate=1.000
custom_ppo_update update=169 timesteps=173056 loss=2.689639 entropy=0.134266 adv_std=4.233945 soc_aux=0.000000 subtype_aux=0.023128 subtype_acc=0.995 subtype_action_ce=0.000000 subtype_action_margin=0.000000 awbc_label_rate=1.000
custom_ppo_update update=170 timesteps=174080 loss=2.697329 entropy=0.150900 adv_std=3.775008 soc_aux=0.000000 subtype_aux=0.025479 subtype_acc=0.992 subtype_action_ce=0.000000 subtype_action_margin=0.000000 awbc_label_rate=1.000
custom_ppo_update update=171 timesteps=175104 loss=1.957034 entropy=0.091834 adv_std=3.787848 soc_aux=0.000000 subtype_aux=0.002151 subtype_acc=0.999 subtype_action_ce=0.000000 subtype_action_margin=0.000000 awbc_label_rate=1.000
custom_ppo_update update=172 timesteps=176128 loss=2.703006 entropy=0.070309 adv_std=4.025083 soc_aux=0.000000 subtype_aux=0.004775 subtype_acc=0.999 subtype_action_ce=0.000000 subtype_action_margin=0.000000 awbc_label_rate=1.000
custom_ppo_update update=173 timesteps=177152 loss=5.772146 entropy=0.068749 adv_std=5.118337 soc_aux=0.000000 subtype_aux=0.016859 subtype_acc=0.997 subtype_action_ce=0.000000 subtype_action_margin=0.000000 awbc_label_rate=1.000
custom_ppo_update update=174 timesteps=178176 loss=7.477678 entropy=0.105835 adv_std=6.643747 soc_aux=0.000000 subtype_aux=0.010605 subtype_acc=0.998 subtype_action_ce=0.000000 subtype_action_margin=0.000000 awbc_label_rate=1.000
custom_ppo_update update=175 timesteps=179200 loss=4.806909 entropy=0.100291 adv_std=4.477458 soc_aux=0.000000 subtype_aux=0.008713 subtype_acc=0.997 subtype_action_ce=0.000000 subtype_action_margin=0.000000 awbc_label_rate=1.000
custom_ppo_update update=176 timesteps=180224 loss=5.186370 entropy=0.086390 adv_std=5.670212 soc_aux=0.000000 subtype_aux=0.028787 subtype_acc=0.994 subtype_action_ce=0.000000 subtype_action_margin=0.000000 awbc_label_rate=1.000
custom_ppo_update update=177 timesteps=181248 loss=2.782600 entropy=0.094119 adv_std=3.969682 soc_aux=0.000000 subtype_aux=0.053265 subtype_acc=0.990 subtype_action_ce=0.000000 subtype_action_margin=0.000000 awbc_label_rate=1.000
custom_ppo_update update=178 timesteps=182272 loss=3.780197 entropy=0.078666 adv_std=4.658709 soc_aux=0.000000 subtype_aux=0.002698 subtype_acc=1.000 subtype_action_ce=0.000000 subtype_action_margin=0.000000 awbc_label_rate=1.000
custom_ppo_update update=179 timesteps=183296 loss=2.862298 entropy=0.069445 adv_std=4.159272 soc_aux=0.000000 subtype_aux=0.001710 subtype_acc=0.999 subtype_action_ce=0.000000 subtype_action_margin=0.000000 awbc_label_rate=1.000
custom_ppo_update update=180 timesteps=184320 loss=5.083886 entropy=0.067464 adv_std=4.730770 soc_aux=0.000000 subtype_aux=0.003653 subtype_acc=0.999 subtype_action_ce=0.000000 subtype_action_margin=0.000000 awbc_label_rate=1.000
custom_ppo_update update=181 timesteps=185344 loss=5.754929 entropy=0.065478 adv_std=4.536854 soc_aux=0.000000 subtype_aux=0.003704 subtype_acc=0.999 subtype_action_ce=0.000000 subtype_action_margin=0.000000 awbc_label_rate=1.000
custom_ppo_update update=182 timesteps=186368 loss=3.806371 entropy=0.112852 adv_std=4.844964 soc_aux=0.000000 subtype_aux=0.044314 subtype_acc=0.992 subtype_action_ce=0.000000 subtype_action_margin=0.000000 awbc_label_rate=1.000
custom_ppo_update update=183 timesteps=187392 loss=3.656171 entropy=0.056479 adv_std=4.637961 soc_aux=0.000000 subtype_aux=0.002377 subtype_acc=0.999 subtype_action_ce=0.000000 subtype_action_margin=0.000000 awbc_label_rate=1.000
custom_ppo_update update=184 timesteps=188416 loss=3.410566 entropy=0.058146 adv_std=4.501945 soc_aux=0.000000 subtype_aux=0.004692 subtype_acc=0.999 subtype_action_ce=0.000000 subtype_action_margin=0.000000 awbc_label_rate=1.000
custom_ppo_update update=185 timesteps=189440 loss=4.844281 entropy=0.060011 adv_std=4.055567 soc_aux=0.000000 subtype_aux=0.003979 subtype_acc=0.999 subtype_action_ce=0.000000 subtype_action_margin=0.000000 awbc_label_rate=1.000
custom_ppo_update update=186 timesteps=190464 loss=4.929649 entropy=0.104613 adv_std=4.373202 soc_aux=0.000000 subtype_aux=0.025830 subtype_acc=0.995 subtype_action_ce=0.000000 subtype_action_margin=0.000000 awbc_label_rate=1.000
custom_ppo_update update=187 timesteps=191488 loss=3.619177 entropy=0.067242 adv_std=4.092134 soc_aux=0.000000 subtype_aux=0.028797 subtype_acc=0.994 subtype_action_ce=0.000000 subtype_action_margin=0.000000 awbc_label_rate=1.000
custom_ppo_update update=188 timesteps=192512 loss=4.651714 entropy=0.105342 adv_std=5.521480 soc_aux=0.000000 subtype_aux=0.013609 subtype_acc=0.996 subtype_action_ce=0.000000 subtype_action_margin=0.000000 awbc_label_rate=1.000
custom_ppo_update update=189 timesteps=193536 loss=4.199823 entropy=0.062295 adv_std=4.837604 soc_aux=0.000000 subtype_aux=0.026153 subtype_acc=0.996 subtype_action_ce=0.000000 subtype_action_margin=0.000000 awbc_label_rate=1.000
custom_ppo_update update=190 timesteps=194560 loss=2.487127 entropy=0.047056 adv_std=3.838694 soc_aux=0.000000 subtype_aux=0.001095 subtype_acc=1.000 subtype_action_ce=0.000000 subtype_action_margin=0.000000 awbc_label_rate=1.000
custom_ppo_update update=191 timesteps=195584 loss=6.966793 entropy=0.096268 adv_std=5.914936 soc_aux=0.000000 subtype_aux=0.021668 subtype_acc=0.995 subtype_action_ce=0.000000 subtype_action_margin=0.000000 awbc_label_rate=1.000
custom_ppo_update update=192 timesteps=196608 loss=5.427558 entropy=0.086872 adv_std=5.205091 soc_aux=0.000000 subtype_aux=0.005675 subtype_acc=0.998 subtype_action_ce=0.000000 subtype_action_margin=0.000000 awbc_label_rate=1.000
custom_ppo_update update=193 timesteps=197632 loss=5.486481 entropy=0.070497 adv_std=5.150783 soc_aux=0.000000 subtype_aux=0.006173 subtype_acc=0.998 subtype_action_ce=0.000000 subtype_action_margin=0.000000 awbc_label_rate=1.000
custom_ppo_update update=194 timesteps=198656 loss=4.915403 entropy=0.038142 adv_std=5.066974 soc_aux=0.000000 subtype_aux=0.000186 subtype_acc=1.000 subtype_action_ce=0.000000 subtype_action_margin=0.000000 awbc_label_rate=1.000
custom_ppo_update update=195 timesteps=199680 loss=5.576457 entropy=0.059824 adv_std=5.132149 soc_aux=0.000000 subtype_aux=0.001564 subtype_acc=1.000 subtype_action_ce=0.000000 subtype_action_margin=0.000000 awbc_label_rate=1.000
custom_ppo_update update=196 timesteps=200000 loss=1.154957 entropy=0.039117 adv_std=2.315156 soc_aux=0.000000 subtype_aux=0.000910 subtype_acc=1.000 subtype_action_ce=0.000000 subtype_action_margin=0.000000 awbc_label_rate=1.000
reports/v31_metpair_backbone_context_ortholinear_balancedobjective_scenebal2_reward_aoi_seed118_h075ctxolscbal2_aoi_20260702aoi/evaluation/v2_eval_overall.csv
                    policy  steps  weighted_normalized_mae      mae      rmse    smape  pearson      dtw  oracle_loss_mean  reward_mean  power_mean  power_max  peak_power_max  steady_violation_rate  peak_violation_rate  event_rate  warmup_abort_count  warmup_abort_rate  switches_per_step  always_on_sensor_count  always_off_sensor_count  mid_duty_sensor_count  duty_entropy  duty_min  duty_max  duty_std  obs_reconstruction_mae  forecast_samples  forecast_weighted_mae_overall  forecast_raw_mae_overall  forecast_weighted_mae_event  forecast_weighted_mae_non_event  forecast_weighted_mae_low_temp  forecast_weighted_mae_normal
                custom_ppo   4096                 0.820233 6.026186 20.895479 0.847033 0.705144 5.849664          1.436311    -0.426252    0.697542       0.74            0.92                    0.0                  0.0     0.73584                   0                0.0           0.004314                       1                        1                      4      0.519236  0.000000       1.0  0.320586                0.820233              4096                     314.217354               4079.251823                   292.351036                       595.959310                      283.895242                      0.629982
   full_open_unconstrained   4096                 1.513953 1.123569  2.925819 0.778694 0.836472 1.051534          1.496290    -1.496291    1.980000       1.98            2.48                    1.0                  1.0     0.73584                   0                0.0           0.000000                       6                        0                      0     -0.000000  1.000000       1.0  0.000000                1.513953              4096                     314.251729               4079.349543                   292.386122                       595.984517                      283.931540                      0.613465
                    random   4096                 1.181114 4.343390 22.360089 0.818158 0.706032 3.037652          1.721119    -1.721172    0.583867       0.74            0.87                    0.0                  0.0     0.73584                   0                0.0           0.052666                       1                        0                      5      0.600177  0.171875       1.0  0.298676                1.181114              4096                     314.339585               4079.282909                   292.484582                       595.935735                      283.996418                      0.583410
               round_robin   4096                 1.549997 3.766806 20.071086 0.818842 0.718753 2.889300          1.723920    -1.723966    0.584570       0.74            0.87                    0.0                  0.0     0.73584                   0                0.0           0.045584                       1                        0                      5      0.600529  0.191406       1.0  0.298555                1.549997              4096                     314.341955               4079.382848                   292.486102                       595.949063                      283.995830                      0.578928
                       aoi   4096                 1.521190 4.167647 22.364977 0.822967 0.698864 3.277965          1.735111    -1.735167    0.594961       0.74            0.87                    0.0                  0.0     0.73584                   0                0.0           0.055352                       1                        0                      5      0.601598  0.199219       1.0  0.298146                1.521190              4096                     314.348741               4079.405510                   292.492282                       595.963656                      284.001550                      0.733461
validation_selected_static   4096                 0.448085 7.149131 21.411070 0.836266 0.979032 7.147176          1.531966    -1.531967    0.740000       0.74            0.92                    0.0                  0.0     0.73584                   0                0.0           0.000000                       2                        4                      0     -0.000000  0.000000       1.0  0.471405                0.448085              4096                     314.402376               4079.449992                   292.549393                       595.972506                      284.069452                      0.634672
 feasible_static_projected   4096                 0.631552 2.676930  6.208010 0.880393 0.994390 2.669127          1.730588    -1.730589    0.330000       0.33            0.40                    0.0                  0.0     0.73584                   0                0.0           0.000000                       2                        4                      0     -0.000000  0.000000       1.0  0.471405                0.631552              4096                     314.411943               4079.019453                   292.560824                       595.958060                      284.069333                      0.776707
reports/v31_metpair_backbone_context_ortholinear_balancedobjective_scenebal2_reward_aoi_seed118_h075ctxolscbal2_aoi_20260702aoi/v2_custom_ppo_metrics.csv
                    policy  steps  reward_mean  instant_mae  oracle_loss_mean  dtw_mean  power_mean  peak_power_max  event_rate  warmup_abort_count  switches_per_step  always_on_sensor_count  always_off_sensor_count  mid_duty_sensor_count  duty_entropy  duty_min  duty_max  duty_std  oracle_loss_event  oracle_loss_non_event  oracle_loss_subtype_particle  steps_subtype_particle  oracle_loss_subtype_flux  steps_subtype_flux  oracle_loss_subtype_thermal  steps_subtype_thermal  oracle_loss_macro_subtype_event  macro_subtype_event_count  oracle_loss_subtype_particle_staticnorm  oracle_loss_subtype_flux_staticnorm  oracle_loss_subtype_thermal_staticnorm  oracle_loss_macro_subtype_event_staticnorm
                custom_ppo   4096    -0.426252     4.588542          1.436311  4.410181    0.697542            0.92     0.73584                   0           0.004314                       1                        1                      4      0.519236  0.000000       1.0  0.320586           1.583040               1.027586                      0.650586                     999                  3.542333                 630                     1.364388                   1385                         1.852436                          3                                 0.641517                             0.434022                                0.912497                                    0.662678
   full_open_unconstrained   4096    -1.496291     1.698994          1.496290  1.589182    1.980000            2.48     0.73584                   0           0.000000                       6                        0                      0     -0.000000  1.000000       1.0  0.000000           1.668144               1.017574                      0.649482                     999                  3.907465                 630                     1.384297                   1385                         1.980415                          3                                 0.640428                             0.478759                                0.925812                                    0.681666
validation_selected_static   4096    -1.531967     5.259231          1.531966  5.200810    0.740000            0.92     0.73584                   0           0.000000                       2                        4                      0     -0.000000  0.000000       1.0  0.471405           1.689079               1.094316                      0.706775                     999                  3.579915                 630                     1.537523                   1385                         1.941404                          3                                 0.696922                             0.438627                                1.028289                                    0.721279
 feasible_static_projected   4096    -1.730589     2.530032          1.730588  2.472391    0.330000            0.40     0.73584                   0           0.000000                       2                        4                      0     -0.000000  0.000000       1.0  0.471405           1.960371               1.090510                      0.705501                     999                  4.933180                 630                     1.513255                   1385                         2.383979                          3                                 0.695666                             0.604434                                1.012058                                    0.770720
               round_robin   4096    -1.723966     3.293112          1.723920  2.667400    0.584570            0.87     0.73584                   0           0.045584                       1                        0                      5      0.600529  0.191406       1.0  0.298555           1.967607               1.045109                      0.686995                     999                  4.877491                 630                     1.567682                   1385                         2.377389                          3                                 0.677418                             0.597611                                1.048459                                    0.774496
                    random   4096    -1.721172     3.650922          1.721119  2.782733    0.583867            0.87     0.73584                   0           0.052666                       1                        0                      5      0.600177  0.171875       1.0  0.298676           1.965077               1.041554                      0.692120                     999                  4.845783                 630                     1.572904                   1385                         2.370269                          3                                 0.682471                             0.593726                                1.051952                                    0.776050
                       aoi   4096    -1.735167     3.567854          1.735111  2.944267    0.594961            0.87     0.73584                   0           0.055352                       1                        0                      5      0.601598  0.199219       1.0  0.298146           1.977620               1.059584                      0.704739                     999                  4.938466                 630                     1.548937                   1385                         2.397381                          3                                 0.694914                             0.605082                                1.035923                                    0.778640
reports/v31_metpair_backbone_context_ortholinear_balancedobjective_scenebal2_reward_aoi_seed118_h075ctxolscbal2_aoi_20260702aoi/split_protocol_manifest.json
reports/v31_metpair_backbone_context_ortholinear_balancedobjective_scenebal2_reward_aoi_seed118_h075ctxolscbal2_aoi_20260702aoi/eval_router_conf08/v2_custom_ppo_metrics.csv
                    policy  steps  reward_mean  instant_mae  oracle_loss_mean  dtw_mean  power_mean  peak_power_max  event_rate  warmup_abort_count  switches_per_step  always_on_sensor_count  always_off_sensor_count  mid_duty_sensor_count  duty_entropy  duty_min  duty_max  duty_std
                custom_ppo   4096    -1.436316     4.588542          1.436311  4.410181    0.697542            0.92     0.73584                   0           0.004314                       1                        1                      4      0.519236  0.000000       1.0  0.320586
   full_open_unconstrained   4096    -1.496291     1.698994          1.496290  1.589182    1.980000            2.48     0.73584                   0           0.000000                       6                        0                      0     -0.000000  1.000000       1.0  0.000000
validation_selected_static   4096    -1.531967     5.259231          1.531966  5.200810    0.740000            0.92     0.73584                   0           0.000000                       2                        4                      0     -0.000000  0.000000       1.0  0.471405
                    random   4096    -1.721172     3.650922          1.721119  2.782733    0.583867            0.87     0.73584                   0           0.052666                       1                        0                      5      0.600177  0.171875       1.0  0.298676
               round_robin   4096    -1.723966     3.293112          1.723920  2.667400    0.584570            0.87     0.73584                   0           0.045584                       1                        0                      5      0.600529  0.191406       1.0  0.298555
 feasible_static_projected   4096    -1.730589     2.530032          1.730588  2.472391    0.330000            0.40     0.73584                   0           0.000000                       2                        4                      0     -0.000000  0.000000       1.0  0.471405
                       aoi   4096    -1.735167     3.567854          1.735111  2.944267    0.594961            0.87     0.73584                   0           0.055352                       1                        0                      5      0.601598  0.199219       1.0  0.298146
{
  "source_run_dir": "reports/v31_metpair_backbone_context_ortholinear_balancedobjective_scenebal2_reward_aoi_seed118_h075ctxolscbal2_aoi_20260702aoi",
  "replay_family": "subtype_explicit",
  "eval_steps": 512,
  "eval_start_indices": [
    64750,
    65262,
    65774,
    66542,
    67054,
    67566,
    68078,
    69294
  ],
  "reference_policy": "validation_selected_static",
  "reference_oracle_loss_mean": 1.5319661988546611,
  "required_margin_abs": 0.015319661988546611,
  "source_reference_gate_pass": true,
  "static_reference_policy": "static_action5",
  "static_reference_oracle_loss_mean": 1.52886771651265,
  "static_required_margin_abs": 0.015288677165126502,
  "best_static_reference_event_loss": 1.6836691211844783,
  "best_static_reference_non_event_loss": 1.0976556705968548,
  "static_macro_reference_policy": "static_action5",
  "static_macro_reference_oracle_loss_macro_subtype_event": 0.9125215256601279,
  "macro_score_column": "oracle_loss_macro_subtype_event_staticnorm",
  "static_macro_reference_score": 0.9125215256601279,
  "static_macro_required_margin_abs": 0.00912521525660128,
  "macro_min_margin_abs": 0.005,
  "macro_min_margin_rel": 0.01,
  "enforce_static_candidate_reference": true,
  "static_reference_duty_guard": "off",
  "best_replay_policy": "split_metpair_subtype_explicit_l16",
  "best_replay_oracle_loss_mean": 1.432733367712899,
  "best_replay_event_loss": 1.5781351236345935,
  "best_replay_non_event_loss": 1.0277048165594915,
  "best_replay_macro_subtype_policy": "split_metpair_subtype_explicit_l16",
  "best_replay_oracle_loss_macro_subtype_event": 0.8417652006878815,
  "best_replay_macro_score": 0.8417652006878815,
  "margin_abs_vs_reference": 0.09923283114176207,
  "margin_rel_vs_reference": 0.06477481762714556,
  "margin_abs_vs_static_reference": 0.09613434879975102,
  "margin_rel_vs_static_reference": 0.06287944193042001,
  "margin_abs_vs_static_macro_reference": 0.07075632497224638,
  "margin_rel_vs_static_macro_reference": 0.07753934891679458,
  "static_reference_gate_pass": true,
  "static_macro_positive_pass": true,
  "static_macro_reference_gate_pass": true,
  "gate_pass": true,
  "top_sizes": [
    2,
    3,
    5
  ],
  "subtype_top_size_cap": 2,
  "lead_steps": [
    0,
    4,
    8,
    12,
    16
  ],
  "dwell_steps": [
    6,
    10,
    16,
    24
  ]
}
                            policy  steps  reward_mean  instant_mae  oracle_loss_mean  dtw_mean  power_mean  peak_power_max  event_rate  warmup_abort_count  switches_per_step  always_on_sensor_count  always_off_sensor_count  mid_duty_sensor_count  duty_entropy  duty_min  duty_max  duty_std  oracle_loss_event  oracle_loss_non_event  oracle_loss_subtype_particle  steps_subtype_particle  oracle_loss_subtype_flux  steps_subtype_flux  oracle_loss_subtype_thermal  steps_subtype_thermal  oracle_loss_macro_subtype_event  macro_subtype_event_count    replay_family  requested_top_size  top_size  lead_steps  dwell_steps  calm_action_idx  particle_action_idx  flux_action_idx  thermal_action_idx                        calm_sensor_ids                particle_sensor_ids           flux_sensor_ids               thermal_sensor_ids                   calm_pool_sensor_ids           particle_pool_sensor_ids      flux_pool_sensor_ids          thermal_pool_sensor_ids  oracle_loss_subtype_particle_staticnorm  oracle_loss_subtype_flux_staticnorm  oracle_loss_subtype_thermal_staticnorm  oracle_loss_macro_subtype_event_staticnorm           reference_policy  reference_oracle_loss_mean  margin_abs_vs_reference  margin_rel_vs_reference  source_reference_gate_pass static_reference_policy  static_reference_oracle_loss_mean  margin_abs_vs_static_reference  margin_rel_vs_static_reference  static_reference_gate_pass static_macro_reference_policy  static_macro_reference_oracle_loss_macro_subtype_event        static_macro_reference_score_column  margin_abs_vs_static_macro_reference  margin_rel_vs_static_macro_reference  static_macro_positive_pass  static_macro_reference_gate_pass  gate_pass
split_metpair_subtype_explicit_l16   4096    -1.432737     4.597293          1.432733  4.412199    0.697012            0.92     0.73584                   0           0.003337                       1                        1                      4      0.515918       0.0       1.0  0.322028           1.578135               1.027705                      0.648007                     999                  3.566854                 630                     1.344420                   1385                         1.853094                          3 subtype_explicit                   0         0          16            0                2                    4                5                   3 met_station_core|shielded_thermo_hygro met_station_core|laser_disdrometer met_station_core|fc4_flux met_station_core|surface_temp_ir met_station_core|shielded_thermo_hygro met_station_core|laser_disdrometer met_station_core|fc4_flux met_station_core|surface_temp_ir                                 0.923271                             0.712909                                0.889115                                    0.841765 validation_selected_static                    1.531966                 0.099233                 0.064775                        True          static_action5                           1.528868                        0.096134                        0.062879                        True                static_action5                                                0.912522 oracle_loss_macro_subtype_event_staticnorm                              0.070756                              0.077539                        True                              True       True
split_metpair_subtype_explicit_l12   4096    -1.433762     4.595589          1.433758  4.411953    0.696255            0.92     0.73584                   0           0.003419                       1                        1                      4      0.516097       0.0       1.0  0.321976           1.579539               1.027671                      0.648367                     999                  3.575611                 630                     1.343233                   1385                         1.855737                          3 subtype_explicit                   0         0          12            0                2                    4                5                   3 met_station_core|shielded_thermo_hygro met_station_core|laser_disdrometer met_station_core|fc4_flux met_station_core|surface_temp_ir met_station_core|shielded_thermo_hygro met_station_core|laser_disdrometer met_station_core|fc4_flux met_station_core|surface_temp_ir                                 0.923785                             0.714659                                0.888330                                    0.842258 validation_selected_static                    1.531966                 0.098209                 0.064106                        True          static_action5                           1.528868                        0.095110                        0.062209                        True                static_action5                                                0.912522 oracle_loss_macro_subtype_event_staticnorm                              0.070263                              0.076999                        True                              True       True
 split_metpair_subtype_explicit_l4   4096    -1.437560     4.585444          1.437550  4.410453    0.670598            0.92     0.73584                   0           0.009280                       1                        1                      4      0.528211       0.0       1.0  0.317051           1.582780               1.032999                      0.649880                     999                  3.567958                 630                     1.352675                   1385                         1.856838                          3 subtype_explicit                   0         0           4            0                2                    4                5                   3 met_station_core|shielded_thermo_hygro met_station_core|laser_disdrometer met_station_core|fc4_flux met_station_core|surface_temp_ir met_station_core|shielded_thermo_hygro met_station_core|laser_disdrometer met_station_core|fc4_flux met_station_core|surface_temp_ir                                 0.925940                             0.713129                                0.894575                                    0.844548 validation_selected_static                    1.531966                 0.094417                 0.061631                        True          static_action5                           1.528868                        0.091318                        0.059729                        True                static_action5                                                0.912522 oracle_loss_macro_subtype_event_staticnorm                              0.067973                              0.074490                        True                              True       True
 split_metpair_subtype_explicit_l8   4096    -1.438776     4.592516          1.438769  4.405154    0.681875            0.92     0.73584                   0           0.006838                       1                        1                      4      0.524409       0.0       1.0  0.318716           1.584686               1.032304                      0.650393                     999                  3.578469                 630                     1.351672                   1385                         1.860178                          3 subtype_explicit                   0         0           8            0                2                    4                5                   3 met_station_core|shielded_thermo_hygro met_station_core|laser_disdrometer met_station_core|fc4_flux met_station_core|surface_temp_ir met_station_core|shielded_thermo_hygro met_station_core|laser_disdrometer met_station_core|fc4_flux met_station_core|surface_temp_ir                                 0.926671                             0.715230                                0.893912                                    0.845271 validation_selected_static                    1.531966                 0.093197                 0.060835                        True          static_action5                           1.528868                        0.090099                        0.058932                        True                static_action5                                                0.912522 oracle_loss_macro_subtype_event_staticnorm                              0.067251                              0.073698                        True                              True       True
 split_metpair_subtype_explicit_l0   4096    -1.448814     4.599241          1.448804  4.418618    0.658262            0.92     0.73584                   0           0.009280                       1                        1                      4      0.529353       0.0       1.0  0.316427           1.598154               1.032777                      0.649942                     999                  3.624878                 630                     1.360195                   1385                         1.878339                          3 subtype_explicit                   0         0           0            0                2                    4                5                   3 met_station_core|shielded_thermo_hygro met_station_core|laser_disdrometer met_station_core|fc4_flux met_station_core|surface_temp_ir met_station_core|shielded_thermo_hygro met_station_core|laser_disdrometer met_station_core|fc4_flux met_station_core|surface_temp_ir                                 0.926029                             0.724506                                0.899548                                    0.850028 validation_selected_static                    1.531966                 0.083162                 0.054285                        True          static_action5                           1.528868                        0.080064                        0.052368                        True                static_action5                                                0.912522 oracle_loss_macro_subtype_event_staticnorm                              0.062494                              0.068485                        True                              True       True
reports/v31_metpair_backbone_context_ortholinear_balancedobjective_scenebal2_reward_aoi_seed118_h075ctxolscbal2_aoi_20260702aoi/behavior_audit_v2/behavior_complexity_summary.csv
{
  "policy": "custom_ppo",
  "steps": 4096,
  "unique_mask_count": 4,
  "top3_mask_fraction": 0.863037109375,
  "mask_entropy_bits": 1.9027390716275026,
  "transition_entropy_bits": 2.0169729837527495,
  "best_period": 1,
  "best_period_match": 0.9870573870573871,
  "event_sensor_l1": 1.0369685767097967,
  "event_mask_mi_bits": 0.3128791848247612,
  "event_state_dependent": true,
  "subtype_sensor_l1": 2.0,
  "subtype_mask_mi_bits": 0.6006958270472043,
  "subtype_state_dependent": true,
  "state_dependent": true,
  "fixed_like": false,
  "simple_cycle_like": false,
  "low_complexity": false,
  "weak_state_dependence": false,
  "behavior_complexity_gate_pass": true
}
{
  "policy": "validation_selected_static",
  "steps": 4096,
  "unique_mask_count": 1,
  "top3_mask_fraction": 1.0,
  "mask_entropy_bits": -0.0,
  "transition_entropy_bits": -0.0,
  "best_period": 1,
  "best_period_match": 1.0,
  "event_sensor_l1": 0.0,
  "event_mask_mi_bits": 0.0,
  "event_state_dependent": false,
  "subtype_sensor_l1": 0.0,
  "subtype_mask_mi_bits": 0.0,
  "subtype_state_dependent": false,
  "state_dependent": false,
  "fixed_like": true,
  "simple_cycle_like": false,
  "low_complexity": true,
  "weak_state_dependence": true,
  "behavior_complexity_gate_pass": false
}
{
  "policy": "custom_ppo",
  "steps": 4096,
  "unique_mask_count": 4,
  "top3_mask_fraction": 0.863037109375,
  "mask_entropy_bits": 1.9027390716275026,
  "transition_entropy_bits": 2.0169729837527495,
  "best_period": 1,
  "best_period_match": 0.9870573870573871,
  "event_sensor_l1": 1.0369685767097967,
  "event_mask_mi_bits": 0.3128791848247612,
  "event_state_dependent": true,
  "subtype_sensor_l1": 2.0,
  "subtype_mask_mi_bits": 0.6006958270472043,
  "subtype_state_dependent": true,
  "state_dependent": true,
  "fixed_like": false,
  "simple_cycle_like": false,
  "low_complexity": false,
  "weak_state_dependence": false,
  "behavior_complexity_gate_pass": true
}
scenebal2_seed_done seed=118 gpu=4 date=2026-07-02T03:55:26+08:00
