scenebal2_seed_start seed=131 gpu=2 date=2026-06-21T17:27:20+08:00
[metpair-backbone-context] seed=131 out_dir=reports/v31_metpair_backbone_context_ortholinear_balancedobjective_scenebal2_seed131_h075ctxolscbal2_20260621
reports/v31_metpair_backbone_context_ortholinear_balancedobjective_scenebal2_seed131_h075ctxolscbal2_20260621/truth_v31_split.csv
reports/v31_metpair_backbone_context_ortholinear_balancedobjective_scenebal2_seed131_h075ctxolscbal2_20260621/dataset_validation/synthetic_validation.csv
custom_ppo_bc_pretrain steps=10000 loss=6.649815 accuracy=0.947 subtype_acc=0.969 unique_actions=4
custom_ppo_update update=1 timesteps=1024 loss=933.970685 entropy=1.177638 adv_std=35.298409 soc_aux=0.000000 subtype_aux=0.969490 subtype_acc=0.782 subtype_action_ce=0.000000 subtype_action_margin=0.000000 awbc_label_rate=1.000
custom_ppo_update update=2 timesteps=2048 loss=843.220552 entropy=1.257096 adv_std=38.540653 soc_aux=0.000000 subtype_aux=0.756464 subtype_acc=0.826 subtype_action_ce=0.000000 subtype_action_margin=0.000000 awbc_label_rate=1.000
custom_ppo_update update=3 timesteps=3072 loss=676.718719 entropy=1.128038 adv_std=30.519688 soc_aux=0.000000 subtype_aux=0.663138 subtype_acc=0.809 subtype_action_ce=0.000000 subtype_action_margin=0.000000 awbc_label_rate=1.000
custom_ppo_update update=4 timesteps=4096 loss=1188.331534 entropy=1.123780 adv_std=39.308460 soc_aux=0.000000 subtype_aux=0.923810 subtype_acc=0.761 subtype_action_ce=0.000000 subtype_action_margin=0.000000 awbc_label_rate=1.000
custom_ppo_update update=5 timesteps=5120 loss=1002.207633 entropy=1.207869 adv_std=38.590176 soc_aux=0.000000 subtype_aux=0.832109 subtype_acc=0.738 subtype_action_ce=0.000000 subtype_action_margin=0.000000 awbc_label_rate=1.000
custom_ppo_update update=6 timesteps=6144 loss=804.362706 entropy=1.124116 adv_std=35.528011 soc_aux=0.000000 subtype_aux=0.499102 subtype_acc=0.830 subtype_action_ce=0.000000 subtype_action_margin=0.000000 awbc_label_rate=1.000
custom_ppo_update update=7 timesteps=7168 loss=766.850167 entropy=1.079540 adv_std=36.454819 soc_aux=0.000000 subtype_aux=0.247212 subtype_acc=0.922 subtype_action_ce=0.000000 subtype_action_margin=0.000000 awbc_label_rate=1.000
custom_ppo_update update=8 timesteps=8192 loss=475.921251 entropy=1.254145 adv_std=30.577869 soc_aux=0.000000 subtype_aux=0.228908 subtype_acc=0.939 subtype_action_ce=0.000000 subtype_action_margin=0.000000 awbc_label_rate=1.000
custom_ppo_update update=9 timesteps=9216 loss=739.974647 entropy=1.123590 adv_std=35.084694 soc_aux=0.000000 subtype_aux=0.364074 subtype_acc=0.888 subtype_action_ce=0.000000 subtype_action_margin=0.000000 awbc_label_rate=1.000
custom_ppo_update update=10 timesteps=10240 loss=605.887141 entropy=1.193919 adv_std=33.539284 soc_aux=0.000000 subtype_aux=0.214141 subtype_acc=0.938 subtype_action_ce=0.000000 subtype_action_margin=0.000000 awbc_label_rate=1.000
custom_ppo_update update=11 timesteps=11264 loss=1284.816515 entropy=1.240429 adv_std=43.099426 soc_aux=0.000000 subtype_aux=0.686953 subtype_acc=0.817 subtype_action_ce=0.000000 subtype_action_margin=0.000000 awbc_label_rate=1.000
custom_ppo_update update=12 timesteps=12288 loss=463.245590 entropy=0.960421 adv_std=30.079819 soc_aux=0.000000 subtype_aux=0.116766 subtype_acc=0.962 subtype_action_ce=0.000000 subtype_action_margin=0.000000 awbc_label_rate=1.000
custom_ppo_update update=13 timesteps=13312 loss=799.411672 entropy=1.092464 adv_std=37.946918 soc_aux=0.000000 subtype_aux=0.448597 subtype_acc=0.875 subtype_action_ce=0.000000 subtype_action_margin=0.000000 awbc_label_rate=1.000
custom_ppo_update update=14 timesteps=14336 loss=1148.819683 entropy=1.190886 adv_std=42.730598 soc_aux=0.000000 subtype_aux=0.255865 subtype_acc=0.939 subtype_action_ce=0.000000 subtype_action_margin=0.000000 awbc_label_rate=1.000
custom_ppo_update update=15 timesteps=15360 loss=728.944793 entropy=1.045315 adv_std=35.732658 soc_aux=0.000000 subtype_aux=0.241623 subtype_acc=0.931 subtype_action_ce=0.000000 subtype_action_margin=0.000000 awbc_label_rate=1.000
custom_ppo_update update=16 timesteps=16384 loss=784.258759 entropy=1.033593 adv_std=36.719383 soc_aux=0.000000 subtype_aux=0.262921 subtype_acc=0.928 subtype_action_ce=0.000000 subtype_action_margin=0.000000 awbc_label_rate=1.000
custom_ppo_update update=17 timesteps=17408 loss=1201.342971 entropy=1.151700 adv_std=39.876156 soc_aux=0.000000 subtype_aux=0.428970 subtype_acc=0.877 subtype_action_ce=0.000000 subtype_action_margin=0.000000 awbc_label_rate=1.000
custom_ppo_update update=18 timesteps=18432 loss=763.980317 entropy=1.022973 adv_std=36.471043 soc_aux=0.000000 subtype_aux=0.160149 subtype_acc=0.947 subtype_action_ce=0.000000 subtype_action_margin=0.000000 awbc_label_rate=1.000
custom_ppo_update update=19 timesteps=19456 loss=822.849672 entropy=1.004407 adv_std=38.348835 soc_aux=0.000000 subtype_aux=0.139653 subtype_acc=0.962 subtype_action_ce=0.000000 subtype_action_margin=0.000000 awbc_label_rate=1.000
custom_ppo_update update=20 timesteps=20480 loss=964.966143 entropy=1.073115 adv_std=39.257374 soc_aux=0.000000 subtype_aux=0.281816 subtype_acc=0.918 subtype_action_ce=0.000000 subtype_action_margin=0.000000 awbc_label_rate=1.000
custom_ppo_update update=21 timesteps=21504 loss=720.424125 entropy=0.971956 adv_std=37.028431 soc_aux=0.000000 subtype_aux=0.142784 subtype_acc=0.956 subtype_action_ce=0.000000 subtype_action_margin=0.000000 awbc_label_rate=1.000
custom_ppo_update update=22 timesteps=22528 loss=776.692558 entropy=1.015194 adv_std=37.466133 soc_aux=0.000000 subtype_aux=0.271900 subtype_acc=0.927 subtype_action_ce=0.000000 subtype_action_margin=0.000000 awbc_label_rate=1.000
custom_ppo_update update=23 timesteps=23552 loss=889.294335 entropy=1.064508 adv_std=37.328148 soc_aux=0.000000 subtype_aux=0.288158 subtype_acc=0.912 subtype_action_ce=0.000000 subtype_action_margin=0.000000 awbc_label_rate=1.000
custom_ppo_update update=24 timesteps=24576 loss=639.270509 entropy=0.964418 adv_std=35.439533 soc_aux=0.000000 subtype_aux=0.175900 subtype_acc=0.952 subtype_action_ce=0.000000 subtype_action_margin=0.000000 awbc_label_rate=1.000
custom_ppo_update update=25 timesteps=25600 loss=1151.417885 entropy=1.089227 adv_std=43.890953 soc_aux=0.000000 subtype_aux=0.282842 subtype_acc=0.922 subtype_action_ce=0.000000 subtype_action_margin=0.000000 awbc_label_rate=1.000
custom_ppo_update update=26 timesteps=26624 loss=516.875575 entropy=0.941254 adv_std=33.061638 soc_aux=0.000000 subtype_aux=0.086922 subtype_acc=0.974 subtype_action_ce=0.000000 subtype_action_margin=0.000000 awbc_label_rate=1.000
custom_ppo_update update=27 timesteps=27648 loss=546.972031 entropy=0.953497 adv_std=33.241291 soc_aux=0.000000 subtype_aux=0.153733 subtype_acc=0.959 subtype_action_ce=0.000000 subtype_action_margin=0.000000 awbc_label_rate=1.000
custom_ppo_update update=28 timesteps=28672 loss=730.261869 entropy=0.972156 adv_std=38.897423 soc_aux=0.000000 subtype_aux=0.215673 subtype_acc=0.947 subtype_action_ce=0.000000 subtype_action_margin=0.000000 awbc_label_rate=1.000
custom_ppo_update update=29 timesteps=29696 loss=516.255038 entropy=1.036316 adv_std=34.763012 soc_aux=0.000000 subtype_aux=0.221250 subtype_acc=0.933 subtype_action_ce=0.000000 subtype_action_margin=0.000000 awbc_label_rate=1.000
custom_ppo_update update=30 timesteps=30720 loss=491.624546 entropy=1.252849 adv_std=33.724167 soc_aux=0.000000 subtype_aux=0.224561 subtype_acc=0.932 subtype_action_ce=0.000000 subtype_action_margin=0.000000 awbc_label_rate=1.000
custom_ppo_update update=31 timesteps=31744 loss=769.158427 entropy=1.103896 adv_std=40.835873 soc_aux=0.000000 subtype_aux=0.189419 subtype_acc=0.940 subtype_action_ce=0.000000 subtype_action_margin=0.000000 awbc_label_rate=1.000
custom_ppo_update update=32 timesteps=32768 loss=636.987219 entropy=1.007787 adv_std=36.000767 soc_aux=0.000000 subtype_aux=0.169983 subtype_acc=0.944 subtype_action_ce=0.000000 subtype_action_margin=0.000000 awbc_label_rate=1.000
custom_ppo_update update=33 timesteps=33792 loss=633.758310 entropy=1.041132 adv_std=35.989529 soc_aux=0.000000 subtype_aux=0.089553 subtype_acc=0.974 subtype_action_ce=0.000000 subtype_action_margin=0.000000 awbc_label_rate=1.000
custom_ppo_update update=34 timesteps=34816 loss=1036.024963 entropy=1.299360 adv_std=46.513176 soc_aux=0.000000 subtype_aux=0.322800 subtype_acc=0.908 subtype_action_ce=0.000000 subtype_action_margin=0.000000 awbc_label_rate=1.000
custom_ppo_update update=35 timesteps=35840 loss=500.149876 entropy=1.108067 adv_std=33.952057 soc_aux=0.000000 subtype_aux=0.094125 subtype_acc=0.973 subtype_action_ce=0.000000 subtype_action_margin=0.000000 awbc_label_rate=1.000
custom_ppo_update update=36 timesteps=36864 loss=860.749187 entropy=1.147367 adv_std=40.784492 soc_aux=0.000000 subtype_aux=0.218144 subtype_acc=0.941 subtype_action_ce=0.000000 subtype_action_margin=0.000000 awbc_label_rate=1.000
custom_ppo_update update=37 timesteps=37888 loss=548.259711 entropy=0.948732 adv_std=35.030674 soc_aux=0.000000 subtype_aux=0.052554 subtype_acc=0.986 subtype_action_ce=0.000000 subtype_action_margin=0.000000 awbc_label_rate=1.000
custom_ppo_update update=38 timesteps=38912 loss=356.673774 entropy=1.267973 adv_std=31.150841 soc_aux=0.000000 subtype_aux=0.301595 subtype_acc=0.926 subtype_action_ce=0.000000 subtype_action_margin=0.000000 awbc_label_rate=1.000
custom_ppo_update update=39 timesteps=39936 loss=437.665805 entropy=1.035071 adv_std=32.243633 soc_aux=0.000000 subtype_aux=0.146456 subtype_acc=0.953 subtype_action_ce=0.000000 subtype_action_margin=0.000000 awbc_label_rate=1.000
custom_ppo_update update=40 timesteps=40960 loss=774.390155 entropy=1.116930 adv_std=39.187077 soc_aux=0.000000 subtype_aux=0.289520 subtype_acc=0.926 subtype_action_ce=0.000000 subtype_action_margin=0.000000 awbc_label_rate=1.000
custom_ppo_update update=41 timesteps=41984 loss=787.114172 entropy=1.077890 adv_std=39.156021 soc_aux=0.000000 subtype_aux=0.128320 subtype_acc=0.964 subtype_action_ce=0.000000 subtype_action_margin=0.000000 awbc_label_rate=1.000
custom_ppo_update update=42 timesteps=43008 loss=545.127554 entropy=1.007134 adv_std=37.305267 soc_aux=0.000000 subtype_aux=0.077509 subtype_acc=0.974 subtype_action_ce=0.000000 subtype_action_margin=0.000000 awbc_label_rate=1.000
custom_ppo_update update=43 timesteps=44032 loss=396.507039 entropy=1.182065 adv_std=32.438297 soc_aux=0.000000 subtype_aux=0.108874 subtype_acc=0.967 subtype_action_ce=0.000000 subtype_action_margin=0.000000 awbc_label_rate=1.000
custom_ppo_update update=44 timesteps=45056 loss=486.419601 entropy=1.014252 adv_std=34.798061 soc_aux=0.000000 subtype_aux=0.178828 subtype_acc=0.951 subtype_action_ce=0.000000 subtype_action_margin=0.000000 awbc_label_rate=1.000
custom_ppo_update update=45 timesteps=46080 loss=429.725880 entropy=0.930520 adv_std=32.260685 soc_aux=0.000000 subtype_aux=0.083187 subtype_acc=0.975 subtype_action_ce=0.000000 subtype_action_margin=0.000000 awbc_label_rate=1.000
custom_ppo_update update=46 timesteps=47104 loss=365.072461 entropy=0.920968 adv_std=30.922729 soc_aux=0.000000 subtype_aux=0.086502 subtype_acc=0.977 subtype_action_ce=0.000000 subtype_action_margin=0.000000 awbc_label_rate=1.000
custom_ppo_update update=47 timesteps=48128 loss=465.631616 entropy=1.131758 adv_std=36.082306 soc_aux=0.000000 subtype_aux=0.172655 subtype_acc=0.953 subtype_action_ce=0.000000 subtype_action_margin=0.000000 awbc_label_rate=1.000
custom_ppo_update update=48 timesteps=49152 loss=373.964396 entropy=0.905462 adv_std=30.612846 soc_aux=0.000000 subtype_aux=0.092723 subtype_acc=0.974 subtype_action_ce=0.000000 subtype_action_margin=0.000000 awbc_label_rate=1.000
custom_ppo_update update=49 timesteps=50176 loss=733.954008 entropy=1.059061 adv_std=41.060188 soc_aux=0.000000 subtype_aux=0.252880 subtype_acc=0.935 subtype_action_ce=0.000000 subtype_action_margin=0.000000 awbc_label_rate=1.000
custom_ppo_update update=50 timesteps=51200 loss=596.159694 entropy=0.999545 adv_std=38.223019 soc_aux=0.000000 subtype_aux=0.131952 subtype_acc=0.964 subtype_action_ce=0.000000 subtype_action_margin=0.000000 awbc_label_rate=1.000
custom_ppo_update update=51 timesteps=52224 loss=395.644662 entropy=0.952206 adv_std=35.484337 soc_aux=0.000000 subtype_aux=0.085290 subtype_acc=0.972 subtype_action_ce=0.000000 subtype_action_margin=0.000000 awbc_label_rate=1.000
custom_ppo_update update=52 timesteps=53248 loss=679.546193 entropy=1.031562 adv_std=39.590672 soc_aux=0.000000 subtype_aux=0.185663 subtype_acc=0.958 subtype_action_ce=0.000000 subtype_action_margin=0.000000 awbc_label_rate=1.000
custom_ppo_update update=53 timesteps=54272 loss=675.345592 entropy=1.088734 adv_std=43.272892 soc_aux=0.000000 subtype_aux=0.108477 subtype_acc=0.973 subtype_action_ce=0.000000 subtype_action_margin=0.000000 awbc_label_rate=1.000
custom_ppo_update update=54 timesteps=55296 loss=482.008599 entropy=1.033792 adv_std=35.649208 soc_aux=0.000000 subtype_aux=0.142421 subtype_acc=0.952 subtype_action_ce=0.000000 subtype_action_margin=0.000000 awbc_label_rate=1.000
custom_ppo_update update=55 timesteps=56320 loss=455.019579 entropy=1.038370 adv_std=36.129726 soc_aux=0.000000 subtype_aux=0.114140 subtype_acc=0.973 subtype_action_ce=0.000000 subtype_action_margin=0.000000 awbc_label_rate=1.000
custom_ppo_update update=56 timesteps=57344 loss=344.855169 entropy=0.924719 adv_std=30.961269 soc_aux=0.000000 subtype_aux=0.105743 subtype_acc=0.971 subtype_action_ce=0.000000 subtype_action_margin=0.000000 awbc_label_rate=1.000
custom_ppo_update update=57 timesteps=58368 loss=437.653821 entropy=0.996189 adv_std=37.408073 soc_aux=0.000000 subtype_aux=0.100205 subtype_acc=0.972 subtype_action_ce=0.000000 subtype_action_margin=0.000000 awbc_label_rate=1.000
custom_ppo_update update=58 timesteps=59392 loss=420.227490 entropy=0.932696 adv_std=34.272518 soc_aux=0.000000 subtype_aux=0.058024 subtype_acc=0.984 subtype_action_ce=0.000000 subtype_action_margin=0.000000 awbc_label_rate=1.000
custom_ppo_update update=59 timesteps=60416 loss=519.269102 entropy=0.968901 adv_std=37.452545 soc_aux=0.000000 subtype_aux=0.066934 subtype_acc=0.979 subtype_action_ce=0.000000 subtype_action_margin=0.000000 awbc_label_rate=1.000
custom_ppo_update update=60 timesteps=61440 loss=383.808327 entropy=0.878862 adv_std=33.463100 soc_aux=0.000000 subtype_aux=0.010456 subtype_acc=0.997 subtype_action_ce=0.000000 subtype_action_margin=0.000000 awbc_label_rate=1.000
custom_ppo_update update=61 timesteps=62464 loss=333.049917 entropy=0.997784 adv_std=33.253468 soc_aux=0.000000 subtype_aux=0.087029 subtype_acc=0.977 subtype_action_ce=0.000000 subtype_action_margin=0.000000 awbc_label_rate=1.000
custom_ppo_update update=62 timesteps=63488 loss=472.662850 entropy=0.916044 adv_std=36.983768 soc_aux=0.000000 subtype_aux=0.067307 subtype_acc=0.980 subtype_action_ce=0.000000 subtype_action_margin=0.000000 awbc_label_rate=1.000
custom_ppo_update update=63 timesteps=64512 loss=347.466116 entropy=0.900141 adv_std=32.697811 soc_aux=0.000000 subtype_aux=0.034948 subtype_acc=0.989 subtype_action_ce=0.000000 subtype_action_margin=0.000000 awbc_label_rate=1.000
custom_ppo_update update=64 timesteps=65536 loss=513.858513 entropy=1.048404 adv_std=42.897591 soc_aux=0.000000 subtype_aux=0.071153 subtype_acc=0.979 subtype_action_ce=0.000000 subtype_action_margin=0.000000 awbc_label_rate=1.000
custom_ppo_update update=65 timesteps=66560 loss=502.419262 entropy=0.982128 adv_std=37.177380 soc_aux=0.000000 subtype_aux=0.091505 subtype_acc=0.964 subtype_action_ce=0.000000 subtype_action_margin=0.000000 awbc_label_rate=1.000
custom_ppo_update update=66 timesteps=67584 loss=345.280317 entropy=0.949455 adv_std=32.023075 soc_aux=0.000000 subtype_aux=0.034403 subtype_acc=0.990 subtype_action_ce=0.000000 subtype_action_margin=0.000000 awbc_label_rate=1.000
custom_ppo_update update=67 timesteps=68608 loss=458.030763 entropy=0.915437 adv_std=37.845158 soc_aux=0.000000 subtype_aux=0.013456 subtype_acc=0.997 subtype_action_ce=0.000000 subtype_action_margin=0.000000 awbc_label_rate=1.000
custom_ppo_update update=68 timesteps=69632 loss=297.025261 entropy=0.805297 adv_std=31.044928 soc_aux=0.000000 subtype_aux=0.016428 subtype_acc=0.995 subtype_action_ce=0.000000 subtype_action_margin=0.000000 awbc_label_rate=1.000
custom_ppo_update update=69 timesteps=70656 loss=467.481435 entropy=0.977936 adv_std=37.600151 soc_aux=0.000000 subtype_aux=0.094354 subtype_acc=0.976 subtype_action_ce=0.000000 subtype_action_margin=0.000000 awbc_label_rate=1.000
custom_ppo_update update=70 timesteps=71680 loss=343.901314 entropy=0.964045 adv_std=31.801682 soc_aux=0.000000 subtype_aux=0.031085 subtype_acc=0.991 subtype_action_ce=0.000000 subtype_action_margin=0.000000 awbc_label_rate=1.000
custom_ppo_update update=71 timesteps=72704 loss=544.993735 entropy=1.208087 adv_std=40.572857 soc_aux=0.000000 subtype_aux=0.127400 subtype_acc=0.965 subtype_action_ce=0.000000 subtype_action_margin=0.000000 awbc_label_rate=1.000
custom_ppo_update update=72 timesteps=73728 loss=403.210677 entropy=1.047551 adv_std=34.502621 soc_aux=0.000000 subtype_aux=0.053652 subtype_acc=0.985 subtype_action_ce=0.000000 subtype_action_margin=0.000000 awbc_label_rate=1.000
custom_ppo_update update=73 timesteps=74752 loss=485.350918 entropy=0.818725 adv_std=35.890862 soc_aux=0.000000 subtype_aux=0.010717 subtype_acc=0.998 subtype_action_ce=0.000000 subtype_action_margin=0.000000 awbc_label_rate=1.000
custom_ppo_update update=74 timesteps=75776 loss=288.722163 entropy=0.986620 adv_std=30.345026 soc_aux=0.000000 subtype_aux=0.035411 subtype_acc=0.990 subtype_action_ce=0.000000 subtype_action_margin=0.000000 awbc_label_rate=1.000
custom_ppo_update update=75 timesteps=76800 loss=635.801664 entropy=1.058682 adv_std=40.816414 soc_aux=0.000000 subtype_aux=0.045709 subtype_acc=0.985 subtype_action_ce=0.000000 subtype_action_margin=0.000000 awbc_label_rate=1.000
custom_ppo_update update=76 timesteps=77824 loss=283.428036 entropy=0.772217 adv_std=29.112942 soc_aux=0.000000 subtype_aux=0.012031 subtype_acc=0.996 subtype_action_ce=0.000000 subtype_action_margin=0.000000 awbc_label_rate=1.000
custom_ppo_update update=77 timesteps=78848 loss=242.582561 entropy=0.753029 adv_std=25.495886 soc_aux=0.000000 subtype_aux=0.009597 subtype_acc=0.997 subtype_action_ce=0.000000 subtype_action_margin=0.000000 awbc_label_rate=1.000
custom_ppo_update update=78 timesteps=79872 loss=382.212419 entropy=0.880811 adv_std=36.891747 soc_aux=0.000000 subtype_aux=0.053459 subtype_acc=0.986 subtype_action_ce=0.000000 subtype_action_margin=0.000000 awbc_label_rate=1.000
custom_ppo_update update=79 timesteps=80896 loss=430.535226 entropy=0.803951 adv_std=34.559025 soc_aux=0.000000 subtype_aux=0.025617 subtype_acc=0.992 subtype_action_ce=0.000000 subtype_action_margin=0.000000 awbc_label_rate=1.000
custom_ppo_update update=80 timesteps=81920 loss=323.436895 entropy=0.831676 adv_std=34.630318 soc_aux=0.000000 subtype_aux=0.022204 subtype_acc=0.994 subtype_action_ce=0.000000 subtype_action_margin=0.000000 awbc_label_rate=1.000
custom_ppo_update update=81 timesteps=82944 loss=317.158172 entropy=0.847214 adv_std=33.627018 soc_aux=0.000000 subtype_aux=0.020182 subtype_acc=0.995 subtype_action_ce=0.000000 subtype_action_margin=0.000000 awbc_label_rate=1.000
custom_ppo_update update=82 timesteps=83968 loss=320.594574 entropy=0.847686 adv_std=33.645016 soc_aux=0.000000 subtype_aux=0.015720 subtype_acc=0.995 subtype_action_ce=0.000000 subtype_action_margin=0.000000 awbc_label_rate=1.000
custom_ppo_update update=83 timesteps=84992 loss=255.870490 entropy=1.263255 adv_std=30.331909 soc_aux=0.000000 subtype_aux=0.146244 subtype_acc=0.954 subtype_action_ce=0.000000 subtype_action_margin=0.000000 awbc_label_rate=1.000
custom_ppo_update update=84 timesteps=86016 loss=348.706016 entropy=1.042735 adv_std=34.632244 soc_aux=0.000000 subtype_aux=0.023107 subtype_acc=0.993 subtype_action_ce=0.000000 subtype_action_margin=0.000000 awbc_label_rate=1.000
custom_ppo_update update=85 timesteps=87040 loss=398.549273 entropy=0.926874 adv_std=36.479092 soc_aux=0.000000 subtype_aux=0.036266 subtype_acc=0.990 subtype_action_ce=0.000000 subtype_action_margin=0.000000 awbc_label_rate=1.000
custom_ppo_update update=86 timesteps=88064 loss=268.098042 entropy=0.982579 adv_std=27.926865 soc_aux=0.000000 subtype_aux=0.011147 subtype_acc=0.997 subtype_action_ce=0.000000 subtype_action_margin=0.000000 awbc_label_rate=1.000
custom_ppo_update update=87 timesteps=89088 loss=298.510931 entropy=0.911222 adv_std=33.813366 soc_aux=0.000000 subtype_aux=0.029156 subtype_acc=0.993 subtype_action_ce=0.000000 subtype_action_margin=0.000000 awbc_label_rate=1.000
custom_ppo_update update=88 timesteps=90112 loss=256.559797 entropy=0.840359 adv_std=28.235081 soc_aux=0.000000 subtype_aux=0.011866 subtype_acc=0.997 subtype_action_ce=0.000000 subtype_action_margin=0.000000 awbc_label_rate=1.000
custom_ppo_update update=89 timesteps=91136 loss=199.444086 entropy=0.820330 adv_std=22.903397 soc_aux=0.000000 subtype_aux=0.024154 subtype_acc=0.991 subtype_action_ce=0.000000 subtype_action_margin=0.000000 awbc_label_rate=1.000
custom_ppo_update update=90 timesteps=92160 loss=316.746322 entropy=0.906871 adv_std=33.112156 soc_aux=0.000000 subtype_aux=0.028718 subtype_acc=0.991 subtype_action_ce=0.000000 subtype_action_margin=0.000000 awbc_label_rate=1.000
custom_ppo_update update=91 timesteps=93184 loss=258.552746 entropy=0.895567 adv_std=30.290726 soc_aux=0.000000 subtype_aux=0.056289 subtype_acc=0.983 subtype_action_ce=0.000000 subtype_action_margin=0.000000 awbc_label_rate=1.000
custom_ppo_update update=92 timesteps=94208 loss=285.242373 entropy=0.741943 adv_std=30.573984 soc_aux=0.000000 subtype_aux=0.009842 subtype_acc=0.997 subtype_action_ce=0.000000 subtype_action_margin=0.000000 awbc_label_rate=1.000
custom_ppo_update update=93 timesteps=95232 loss=237.695909 entropy=0.786678 adv_std=28.897354 soc_aux=0.000000 subtype_aux=0.010227 subtype_acc=0.996 subtype_action_ce=0.000000 subtype_action_margin=0.000000 awbc_label_rate=1.000
custom_ppo_update update=94 timesteps=96256 loss=221.860517 entropy=0.779873 adv_std=27.892729 soc_aux=0.000000 subtype_aux=0.039134 subtype_acc=0.989 subtype_action_ce=0.000000 subtype_action_margin=0.000000 awbc_label_rate=1.000
custom_ppo_update update=95 timesteps=97280 loss=331.577586 entropy=0.893957 adv_std=35.075146 soc_aux=0.000000 subtype_aux=0.047670 subtype_acc=0.987 subtype_action_ce=0.000000 subtype_action_margin=0.000000 awbc_label_rate=1.000
custom_ppo_update update=96 timesteps=98304 loss=289.174082 entropy=0.751009 adv_std=31.866024 soc_aux=0.000000 subtype_aux=0.008140 subtype_acc=0.998 subtype_action_ce=0.000000 subtype_action_margin=0.000000 awbc_label_rate=1.000
custom_ppo_update update=97 timesteps=99328 loss=273.764961 entropy=0.741873 adv_std=31.834856 soc_aux=0.000000 subtype_aux=0.003505 subtype_acc=0.999 subtype_action_ce=0.000000 subtype_action_margin=0.000000 awbc_label_rate=1.000
custom_ppo_update update=98 timesteps=100352 loss=330.313223 entropy=0.947528 adv_std=35.495636 soc_aux=0.000000 subtype_aux=0.128046 subtype_acc=0.971 subtype_action_ce=0.000000 subtype_action_margin=0.000000 awbc_label_rate=1.000
custom_ppo_update update=99 timesteps=101376 loss=282.932840 entropy=1.053370 adv_std=34.147350 soc_aux=0.000000 subtype_aux=0.034205 subtype_acc=0.991 subtype_action_ce=0.000000 subtype_action_margin=0.000000 awbc_label_rate=1.000
custom_ppo_update update=100 timesteps=102400 loss=260.420511 entropy=0.740063 adv_std=30.805090 soc_aux=0.000000 subtype_aux=0.020906 subtype_acc=0.993 subtype_action_ce=0.000000 subtype_action_margin=0.000000 awbc_label_rate=1.000
custom_ppo_update update=101 timesteps=103424 loss=450.644796 entropy=0.929105 adv_std=37.067226 soc_aux=0.000000 subtype_aux=0.081807 subtype_acc=0.981 subtype_action_ce=0.000000 subtype_action_margin=0.000000 awbc_label_rate=1.000
custom_ppo_update update=102 timesteps=104448 loss=204.139906 entropy=0.763712 adv_std=24.950224 soc_aux=0.000000 subtype_aux=0.022578 subtype_acc=0.996 subtype_action_ce=0.000000 subtype_action_margin=0.000000 awbc_label_rate=1.000
custom_ppo_update update=103 timesteps=105472 loss=313.037735 entropy=0.923653 adv_std=32.891979 soc_aux=0.000000 subtype_aux=0.028745 subtype_acc=0.993 subtype_action_ce=0.000000 subtype_action_margin=0.000000 awbc_label_rate=1.000
custom_ppo_update update=104 timesteps=106496 loss=283.899869 entropy=0.886560 adv_std=34.202087 soc_aux=0.000000 subtype_aux=0.096050 subtype_acc=0.979 subtype_action_ce=0.000000 subtype_action_margin=0.000000 awbc_label_rate=1.000
custom_ppo_update update=105 timesteps=107520 loss=327.103884 entropy=0.889050 adv_std=36.302681 soc_aux=0.000000 subtype_aux=0.057890 subtype_acc=0.988 subtype_action_ce=0.000000 subtype_action_margin=0.000000 awbc_label_rate=1.000
custom_ppo_update update=106 timesteps=108544 loss=275.405246 entropy=0.850658 adv_std=35.704010 soc_aux=0.000000 subtype_aux=0.012296 subtype_acc=0.996 subtype_action_ce=0.000000 subtype_action_margin=0.000000 awbc_label_rate=1.000
custom_ppo_update update=107 timesteps=109568 loss=276.529584 entropy=0.790764 adv_std=34.468384 soc_aux=0.000000 subtype_aux=0.010902 subtype_acc=0.997 subtype_action_ce=0.000000 subtype_action_margin=0.000000 awbc_label_rate=1.000
custom_ppo_update update=108 timesteps=110592 loss=326.059702 entropy=0.756879 adv_std=35.393017 soc_aux=0.000000 subtype_aux=0.017237 subtype_acc=0.996 subtype_action_ce=0.000000 subtype_action_margin=0.000000 awbc_label_rate=1.000
custom_ppo_update update=109 timesteps=111616 loss=264.133751 entropy=0.718086 adv_std=30.206800 soc_aux=0.000000 subtype_aux=0.011853 subtype_acc=0.996 subtype_action_ce=0.000000 subtype_action_margin=0.000000 awbc_label_rate=1.000
custom_ppo_update update=110 timesteps=112640 loss=254.656049 entropy=0.799803 adv_std=34.400471 soc_aux=0.000000 subtype_aux=0.026280 subtype_acc=0.993 subtype_action_ce=0.000000 subtype_action_margin=0.000000 awbc_label_rate=1.000
custom_ppo_update update=111 timesteps=113664 loss=395.760373 entropy=0.825212 adv_std=41.256401 soc_aux=0.000000 subtype_aux=0.031436 subtype_acc=0.992 subtype_action_ce=0.000000 subtype_action_margin=0.000000 awbc_label_rate=1.000
custom_ppo_update update=112 timesteps=114688 loss=522.529298 entropy=0.860754 adv_std=45.696339 soc_aux=0.000000 subtype_aux=0.012165 subtype_acc=0.997 subtype_action_ce=0.000000 subtype_action_margin=0.000000 awbc_label_rate=1.000
custom_ppo_update update=113 timesteps=115712 loss=490.217734 entropy=0.865170 adv_std=40.494320 soc_aux=0.000000 subtype_aux=0.004969 subtype_acc=0.998 subtype_action_ce=0.000000 subtype_action_margin=0.000000 awbc_label_rate=1.000
custom_ppo_update update=114 timesteps=116736 loss=257.449509 entropy=0.752340 adv_std=33.364536 soc_aux=0.000000 subtype_aux=0.007630 subtype_acc=0.998 subtype_action_ce=0.000000 subtype_action_margin=0.000000 awbc_label_rate=1.000
custom_ppo_update update=115 timesteps=117760 loss=235.421762 entropy=0.793419 adv_std=29.342611 soc_aux=0.000000 subtype_aux=0.034055 subtype_acc=0.991 subtype_action_ce=0.000000 subtype_action_margin=0.000000 awbc_label_rate=1.000
custom_ppo_update update=116 timesteps=118784 loss=395.801067 entropy=0.790778 adv_std=34.310074 soc_aux=0.000000 subtype_aux=0.017834 subtype_acc=0.995 subtype_action_ce=0.000000 subtype_action_margin=0.000000 awbc_label_rate=1.000
custom_ppo_update update=117 timesteps=119808 loss=377.096113 entropy=0.896520 adv_std=43.123119 soc_aux=0.000000 subtype_aux=0.037342 subtype_acc=0.992 subtype_action_ce=0.000000 subtype_action_margin=0.000000 awbc_label_rate=1.000
custom_ppo_update update=118 timesteps=120832 loss=326.454763 entropy=0.885386 adv_std=35.368587 soc_aux=0.000000 subtype_aux=0.043181 subtype_acc=0.989 subtype_action_ce=0.000000 subtype_action_margin=0.000000 awbc_label_rate=1.000
custom_ppo_update update=119 timesteps=121856 loss=213.978947 entropy=0.694062 adv_std=26.618790 soc_aux=0.000000 subtype_aux=0.013401 subtype_acc=0.996 subtype_action_ce=0.000000 subtype_action_margin=0.000000 awbc_label_rate=1.000
custom_ppo_update update=120 timesteps=122880 loss=322.522771 entropy=0.891044 adv_std=37.221401 soc_aux=0.000000 subtype_aux=0.010765 subtype_acc=0.997 subtype_action_ce=0.000000 subtype_action_margin=0.000000 awbc_label_rate=1.000
custom_ppo_update update=121 timesteps=123904 loss=283.963894 entropy=0.732124 adv_std=33.838642 soc_aux=0.000000 subtype_aux=0.020486 subtype_acc=0.996 subtype_action_ce=0.000000 subtype_action_margin=0.000000 awbc_label_rate=1.000
custom_ppo_update update=122 timesteps=124928 loss=242.457441 entropy=0.656284 adv_std=31.110256 soc_aux=0.000000 subtype_aux=0.001395 subtype_acc=1.000 subtype_action_ce=0.000000 subtype_action_margin=0.000000 awbc_label_rate=1.000
custom_ppo_update update=123 timesteps=125952 loss=381.301214 entropy=0.696719 adv_std=36.990383 soc_aux=0.000000 subtype_aux=0.040155 subtype_acc=0.993 subtype_action_ce=0.000000 subtype_action_margin=0.000000 awbc_label_rate=1.000
custom_ppo_update update=124 timesteps=126976 loss=183.129725 entropy=0.598103 adv_std=26.070005 soc_aux=0.000000 subtype_aux=0.004453 subtype_acc=0.999 subtype_action_ce=0.000000 subtype_action_margin=0.000000 awbc_label_rate=1.000
custom_ppo_update update=125 timesteps=128000 loss=101.896946 entropy=0.740434 adv_std=17.443174 soc_aux=0.000000 subtype_aux=0.021877 subtype_acc=0.994 subtype_action_ce=0.000000 subtype_action_margin=0.000000 awbc_label_rate=1.000
custom_ppo_update update=126 timesteps=129024 loss=253.650074 entropy=0.805485 adv_std=34.097759 soc_aux=0.000000 subtype_aux=0.024615 subtype_acc=0.992 subtype_action_ce=0.000000 subtype_action_margin=0.000000 awbc_label_rate=1.000
custom_ppo_update update=127 timesteps=130048 loss=178.084302 entropy=0.714555 adv_std=26.602503 soc_aux=0.000000 subtype_aux=0.004140 subtype_acc=0.999 subtype_action_ce=0.000000 subtype_action_margin=0.000000 awbc_label_rate=1.000
custom_ppo_update update=128 timesteps=131072 loss=124.268477 entropy=0.600085 adv_std=19.778000 soc_aux=0.000000 subtype_aux=0.013736 subtype_acc=0.997 subtype_action_ce=0.000000 subtype_action_margin=0.000000 awbc_label_rate=1.000
custom_ppo_update update=129 timesteps=132096 loss=157.131050 entropy=0.635662 adv_std=26.076529 soc_aux=0.000000 subtype_aux=0.032550 subtype_acc=0.992 subtype_action_ce=0.000000 subtype_action_margin=0.000000 awbc_label_rate=1.000
custom_ppo_update update=130 timesteps=133120 loss=224.523062 entropy=0.702424 adv_std=30.214159 soc_aux=0.000000 subtype_aux=0.031629 subtype_acc=0.993 subtype_action_ce=0.000000 subtype_action_margin=0.000000 awbc_label_rate=1.000
custom_ppo_update update=131 timesteps=134144 loss=192.570698 entropy=0.640942 adv_std=29.016769 soc_aux=0.000000 subtype_aux=0.004744 subtype_acc=0.998 subtype_action_ce=0.000000 subtype_action_margin=0.000000 awbc_label_rate=1.000
custom_ppo_update update=132 timesteps=135168 loss=131.444909 entropy=0.557924 adv_std=24.512939 soc_aux=0.000000 subtype_aux=0.005816 subtype_acc=0.998 subtype_action_ce=0.000000 subtype_action_margin=0.000000 awbc_label_rate=1.000
custom_ppo_update update=133 timesteps=136192 loss=157.822140 entropy=0.761960 adv_std=25.735012 soc_aux=0.000000 subtype_aux=0.143915 subtype_acc=0.969 subtype_action_ce=0.000000 subtype_action_margin=0.000000 awbc_label_rate=1.000
custom_ppo_update update=134 timesteps=137216 loss=139.947012 entropy=0.555083 adv_std=24.673630 soc_aux=0.000000 subtype_aux=0.011361 subtype_acc=0.996 subtype_action_ce=0.000000 subtype_action_margin=0.000000 awbc_label_rate=1.000
custom_ppo_update update=135 timesteps=138240 loss=119.274198 entropy=0.616677 adv_std=20.199860 soc_aux=0.000000 subtype_aux=0.054388 subtype_acc=0.989 subtype_action_ce=0.000000 subtype_action_margin=0.000000 awbc_label_rate=1.000
custom_ppo_update update=136 timesteps=139264 loss=268.426543 entropy=0.768767 adv_std=34.419559 soc_aux=0.000000 subtype_aux=0.026826 subtype_acc=0.993 subtype_action_ce=0.000000 subtype_action_margin=0.000000 awbc_label_rate=1.000
custom_ppo_update update=137 timesteps=140288 loss=157.439883 entropy=0.676428 adv_std=28.363054 soc_aux=0.000000 subtype_aux=0.012944 subtype_acc=0.997 subtype_action_ce=0.000000 subtype_action_margin=0.000000 awbc_label_rate=1.000
custom_ppo_update update=138 timesteps=141312 loss=126.075802 entropy=0.572268 adv_std=23.200144 soc_aux=0.000000 subtype_aux=0.002322 subtype_acc=1.000 subtype_action_ce=0.000000 subtype_action_margin=0.000000 awbc_label_rate=1.000
custom_ppo_update update=139 timesteps=142336 loss=185.725003 entropy=0.553835 adv_std=28.872961 soc_aux=0.000000 subtype_aux=0.009549 subtype_acc=0.997 subtype_action_ce=0.000000 subtype_action_margin=0.000000 awbc_label_rate=1.000
custom_ppo_update update=140 timesteps=143360 loss=226.582694 entropy=0.655762 adv_std=31.111717 soc_aux=0.000000 subtype_aux=0.036903 subtype_acc=0.991 subtype_action_ce=0.000000 subtype_action_margin=0.000000 awbc_label_rate=1.000
custom_ppo_update update=141 timesteps=144384 loss=185.150058 entropy=0.667347 adv_std=31.713379 soc_aux=0.000000 subtype_aux=0.009089 subtype_acc=0.998 subtype_action_ce=0.000000 subtype_action_margin=0.000000 awbc_label_rate=1.000
custom_ppo_update update=142 timesteps=145408 loss=159.914695 entropy=0.596800 adv_std=27.532051 soc_aux=0.000000 subtype_aux=0.053662 subtype_acc=0.992 subtype_action_ce=0.000000 subtype_action_margin=0.000000 awbc_label_rate=1.000
custom_ppo_update update=143 timesteps=146432 loss=180.051480 entropy=0.593658 adv_std=33.715019 soc_aux=0.000000 subtype_aux=0.002521 subtype_acc=1.000 subtype_action_ce=0.000000 subtype_action_margin=0.000000 awbc_label_rate=1.000
custom_ppo_update update=144 timesteps=147456 loss=268.315954 entropy=0.537188 adv_std=33.022362 soc_aux=0.000000 subtype_aux=0.006772 subtype_acc=0.999 subtype_action_ce=0.000000 subtype_action_margin=0.000000 awbc_label_rate=1.000
custom_ppo_update update=145 timesteps=148480 loss=276.252748 entropy=0.530593 adv_std=32.022537 soc_aux=0.000000 subtype_aux=0.001484 subtype_acc=1.000 subtype_action_ce=0.000000 subtype_action_margin=0.000000 awbc_label_rate=1.000
custom_ppo_update update=146 timesteps=149504 loss=109.261728 entropy=0.486885 adv_std=18.569077 soc_aux=0.000000 subtype_aux=0.009192 subtype_acc=0.997 subtype_action_ce=0.000000 subtype_action_margin=0.000000 awbc_label_rate=1.000
custom_ppo_update update=147 timesteps=150528 loss=171.649103 entropy=0.595100 adv_std=30.599396 soc_aux=0.000000 subtype_aux=0.024612 subtype_acc=0.994 subtype_action_ce=0.000000 subtype_action_margin=0.000000 awbc_label_rate=1.000
custom_ppo_update update=148 timesteps=151552 loss=91.936771 entropy=0.469958 adv_std=20.284641 soc_aux=0.000000 subtype_aux=0.025634 subtype_acc=0.995 subtype_action_ce=0.000000 subtype_action_margin=0.000000 awbc_label_rate=1.000
custom_ppo_update update=149 timesteps=152576 loss=191.622899 entropy=0.706343 adv_std=29.534765 soc_aux=0.000000 subtype_aux=0.072321 subtype_acc=0.985 subtype_action_ce=0.000000 subtype_action_margin=0.000000 awbc_label_rate=1.000
custom_ppo_update update=150 timesteps=153600 loss=144.539760 entropy=0.544712 adv_std=27.544043 soc_aux=0.000000 subtype_aux=0.022682 subtype_acc=0.995 subtype_action_ce=0.000000 subtype_action_margin=0.000000 awbc_label_rate=1.000
custom_ppo_update update=151 timesteps=154624 loss=116.577850 entropy=0.431213 adv_std=24.416887 soc_aux=0.000000 subtype_aux=0.012057 subtype_acc=0.997 subtype_action_ce=0.000000 subtype_action_margin=0.000000 awbc_label_rate=1.000
custom_ppo_update update=152 timesteps=155648 loss=186.454193 entropy=0.423410 adv_std=27.686207 soc_aux=0.000000 subtype_aux=0.004287 subtype_acc=0.999 subtype_action_ce=0.000000 subtype_action_margin=0.000000 awbc_label_rate=1.000
custom_ppo_update update=153 timesteps=156672 loss=102.052811 entropy=0.420819 adv_std=19.600714 soc_aux=0.000000 subtype_aux=0.004599 subtype_acc=0.999 subtype_action_ce=0.000000 subtype_action_margin=0.000000 awbc_label_rate=1.000
custom_ppo_update update=154 timesteps=157696 loss=196.991538 entropy=0.529142 adv_std=31.469156 soc_aux=0.000000 subtype_aux=0.040461 subtype_acc=0.992 subtype_action_ce=0.000000 subtype_action_margin=0.000000 awbc_label_rate=1.000
custom_ppo_update update=155 timesteps=158720 loss=87.510179 entropy=0.519494 adv_std=20.304764 soc_aux=0.000000 subtype_aux=0.030778 subtype_acc=0.994 subtype_action_ce=0.000000 subtype_action_margin=0.000000 awbc_label_rate=1.000
custom_ppo_update update=156 timesteps=159744 loss=242.652014 entropy=0.571520 adv_std=34.233189 soc_aux=0.000000 subtype_aux=0.026530 subtype_acc=0.995 subtype_action_ce=0.000000 subtype_action_margin=0.000000 awbc_label_rate=1.000
custom_ppo_update update=157 timesteps=160768 loss=160.317508 entropy=0.507862 adv_std=27.462954 soc_aux=0.000000 subtype_aux=0.018135 subtype_acc=0.995 subtype_action_ce=0.000000 subtype_action_margin=0.000000 awbc_label_rate=1.000
custom_ppo_update update=158 timesteps=161792 loss=220.293503 entropy=0.529183 adv_std=32.458435 soc_aux=0.000000 subtype_aux=0.066854 subtype_acc=0.986 subtype_action_ce=0.000000 subtype_action_margin=0.000000 awbc_label_rate=1.000
custom_ppo_update update=159 timesteps=162816 loss=184.020345 entropy=0.484043 adv_std=31.610249 soc_aux=0.000000 subtype_aux=0.001950 subtype_acc=1.000 subtype_action_ce=0.000000 subtype_action_margin=0.000000 awbc_label_rate=1.000
custom_ppo_update update=160 timesteps=163840 loss=104.901455 entropy=0.406058 adv_std=22.990898 soc_aux=0.000000 subtype_aux=0.036070 subtype_acc=0.994 subtype_action_ce=0.000000 subtype_action_margin=0.000000 awbc_label_rate=1.000
custom_ppo_update update=161 timesteps=164864 loss=138.416154 entropy=0.495295 adv_std=26.774099 soc_aux=0.000000 subtype_aux=0.039137 subtype_acc=0.990 subtype_action_ce=0.000000 subtype_action_margin=0.000000 awbc_label_rate=1.000
custom_ppo_update update=162 timesteps=165888 loss=124.650825 entropy=0.432701 adv_std=25.747648 soc_aux=0.000000 subtype_aux=0.010649 subtype_acc=0.998 subtype_action_ce=0.000000 subtype_action_margin=0.000000 awbc_label_rate=1.000
custom_ppo_update update=163 timesteps=166912 loss=84.127811 entropy=0.355674 adv_std=18.132092 soc_aux=0.000000 subtype_aux=0.013524 subtype_acc=0.997 subtype_action_ce=0.000000 subtype_action_margin=0.000000 awbc_label_rate=1.000
custom_ppo_update update=164 timesteps=167936 loss=122.779557 entropy=0.472778 adv_std=25.885115 soc_aux=0.000000 subtype_aux=0.075609 subtype_acc=0.985 subtype_action_ce=0.000000 subtype_action_margin=0.000000 awbc_label_rate=1.000
custom_ppo_update update=165 timesteps=168960 loss=100.731294 entropy=0.350277 adv_std=21.170004 soc_aux=0.000000 subtype_aux=0.017972 subtype_acc=0.996 subtype_action_ce=0.000000 subtype_action_margin=0.000000 awbc_label_rate=1.000
custom_ppo_update update=166 timesteps=169984 loss=87.822835 entropy=0.356006 adv_std=19.823278 soc_aux=0.000000 subtype_aux=0.049012 subtype_acc=0.987 subtype_action_ce=0.000000 subtype_action_margin=0.000000 awbc_label_rate=1.000
custom_ppo_update update=167 timesteps=171008 loss=112.921500 entropy=0.375572 adv_std=22.499826 soc_aux=0.000000 subtype_aux=0.006332 subtype_acc=0.999 subtype_action_ce=0.000000 subtype_action_margin=0.000000 awbc_label_rate=1.000
custom_ppo_update update=168 timesteps=172032 loss=225.024882 entropy=0.493880 adv_std=34.524998 soc_aux=0.000000 subtype_aux=0.035430 subtype_acc=0.991 subtype_action_ce=0.000000 subtype_action_margin=0.000000 awbc_label_rate=1.000
custom_ppo_update update=169 timesteps=173056 loss=98.116482 entropy=0.370305 adv_std=22.619085 soc_aux=0.000000 subtype_aux=0.029817 subtype_acc=0.991 subtype_action_ce=0.000000 subtype_action_margin=0.000000 awbc_label_rate=1.000
custom_ppo_update update=170 timesteps=174080 loss=143.396948 entropy=0.475982 adv_std=28.944479 soc_aux=0.000000 subtype_aux=0.025173 subtype_acc=0.993 subtype_action_ce=0.000000 subtype_action_margin=0.000000 awbc_label_rate=1.000
custom_ppo_update update=171 timesteps=175104 loss=97.147990 entropy=0.281353 adv_std=20.416018 soc_aux=0.000000 subtype_aux=0.000668 subtype_acc=1.000 subtype_action_ce=0.000000 subtype_action_margin=0.000000 awbc_label_rate=1.000
custom_ppo_update update=172 timesteps=176128 loss=110.904382 entropy=0.462469 adv_std=24.523375 soc_aux=0.000000 subtype_aux=0.022769 subtype_acc=0.994 subtype_action_ce=0.000000 subtype_action_margin=0.000000 awbc_label_rate=1.000
custom_ppo_update update=173 timesteps=177152 loss=155.134613 entropy=0.455041 adv_std=30.390312 soc_aux=0.000000 subtype_aux=0.014543 subtype_acc=0.996 subtype_action_ce=0.000000 subtype_action_margin=0.000000 awbc_label_rate=1.000
custom_ppo_update update=174 timesteps=178176 loss=93.829649 entropy=0.370704 adv_std=22.575741 soc_aux=0.000000 subtype_aux=0.025604 subtype_acc=0.995 subtype_action_ce=0.000000 subtype_action_margin=0.000000 awbc_label_rate=1.000
custom_ppo_update update=175 timesteps=179200 loss=218.755033 entropy=0.479805 adv_std=35.230614 soc_aux=0.000000 subtype_aux=0.008119 subtype_acc=0.998 subtype_action_ce=0.000000 subtype_action_margin=0.000000 awbc_label_rate=1.000
custom_ppo_update update=176 timesteps=180224 loss=126.789027 entropy=0.394998 adv_std=28.238091 soc_aux=0.000000 subtype_aux=0.025851 subtype_acc=0.993 subtype_action_ce=0.000000 subtype_action_margin=0.000000 awbc_label_rate=1.000
custom_ppo_update update=177 timesteps=181248 loss=151.395503 entropy=0.338138 adv_std=27.179312 soc_aux=0.000000 subtype_aux=0.002103 subtype_acc=0.999 subtype_action_ce=0.000000 subtype_action_margin=0.000000 awbc_label_rate=1.000
custom_ppo_update update=178 timesteps=182272 loss=89.723632 entropy=0.322012 adv_std=23.558813 soc_aux=0.000000 subtype_aux=0.003874 subtype_acc=0.998 subtype_action_ce=0.000000 subtype_action_margin=0.000000 awbc_label_rate=1.000
custom_ppo_update update=179 timesteps=183296 loss=182.714111 entropy=0.413486 adv_std=32.754864 soc_aux=0.000000 subtype_aux=0.002367 subtype_acc=0.999 subtype_action_ce=0.000000 subtype_action_margin=0.000000 awbc_label_rate=1.000
custom_ppo_update update=180 timesteps=184320 loss=57.914254 entropy=0.228407 adv_std=17.037691 soc_aux=0.000000 subtype_aux=0.003572 subtype_acc=0.999 subtype_action_ce=0.000000 subtype_action_margin=0.000000 awbc_label_rate=1.000
custom_ppo_update update=181 timesteps=185344 loss=70.387655 entropy=0.279053 adv_std=19.415302 soc_aux=0.000000 subtype_aux=0.001511 subtype_acc=1.000 subtype_action_ce=0.000000 subtype_action_margin=0.000000 awbc_label_rate=1.000
custom_ppo_update update=182 timesteps=186368 loss=186.885717 entropy=0.432483 adv_std=31.498913 soc_aux=0.000000 subtype_aux=0.008373 subtype_acc=0.997 subtype_action_ce=0.000000 subtype_action_margin=0.000000 awbc_label_rate=1.000
custom_ppo_update update=183 timesteps=187392 loss=148.947653 entropy=0.300000 adv_std=29.975157 soc_aux=0.000000 subtype_aux=0.016987 subtype_acc=0.996 subtype_action_ce=0.000000 subtype_action_margin=0.000000 awbc_label_rate=1.000
custom_ppo_update update=184 timesteps=188416 loss=82.692062 entropy=0.275898 adv_std=22.610821 soc_aux=0.000000 subtype_aux=0.010559 subtype_acc=0.998 subtype_action_ce=0.000000 subtype_action_margin=0.000000 awbc_label_rate=1.000
custom_ppo_update update=185 timesteps=189440 loss=144.827983 entropy=0.302187 adv_std=30.007820 soc_aux=0.000000 subtype_aux=0.005577 subtype_acc=0.999 subtype_action_ce=0.000000 subtype_action_margin=0.000000 awbc_label_rate=1.000
custom_ppo_update update=186 timesteps=190464 loss=120.048708 entropy=0.246834 adv_std=25.058601 soc_aux=0.000000 subtype_aux=0.001185 subtype_acc=1.000 subtype_action_ce=0.000000 subtype_action_margin=0.000000 awbc_label_rate=1.000
custom_ppo_update update=187 timesteps=191488 loss=131.819090 entropy=0.284140 adv_std=27.935534 soc_aux=0.000000 subtype_aux=0.009617 subtype_acc=0.997 subtype_action_ce=0.000000 subtype_action_margin=0.000000 awbc_label_rate=1.000
custom_ppo_update update=188 timesteps=192512 loss=93.965287 entropy=0.243834 adv_std=25.181053 soc_aux=0.000000 subtype_aux=0.007361 subtype_acc=0.999 subtype_action_ce=0.000000 subtype_action_margin=0.000000 awbc_label_rate=1.000
custom_ppo_update update=189 timesteps=193536 loss=63.205786 entropy=0.237576 adv_std=18.157385 soc_aux=0.000000 subtype_aux=0.013462 subtype_acc=0.996 subtype_action_ce=0.000000 subtype_action_margin=0.000000 awbc_label_rate=1.000
custom_ppo_update update=190 timesteps=194560 loss=111.465631 entropy=0.281584 adv_std=24.625099 soc_aux=0.000000 subtype_aux=0.002333 subtype_acc=0.999 subtype_action_ce=0.000000 subtype_action_margin=0.000000 awbc_label_rate=1.000
custom_ppo_update update=191 timesteps=195584 loss=190.765349 entropy=0.289957 adv_std=30.269159 soc_aux=0.000000 subtype_aux=0.009473 subtype_acc=0.998 subtype_action_ce=0.000000 subtype_action_margin=0.000000 awbc_label_rate=1.000
custom_ppo_update update=192 timesteps=196608 loss=134.904225 entropy=0.251781 adv_std=27.286785 soc_aux=0.000000 subtype_aux=0.001681 subtype_acc=1.000 subtype_action_ce=0.000000 subtype_action_margin=0.000000 awbc_label_rate=1.000
custom_ppo_update update=193 timesteps=197632 loss=119.037902 entropy=0.236753 adv_std=25.594954 soc_aux=0.000000 subtype_aux=0.004279 subtype_acc=0.999 subtype_action_ce=0.000000 subtype_action_margin=0.000000 awbc_label_rate=1.000
custom_ppo_update update=194 timesteps=198656 loss=102.418078 entropy=0.224324 adv_std=23.595951 soc_aux=0.000000 subtype_aux=0.009503 subtype_acc=0.998 subtype_action_ce=0.000000 subtype_action_margin=0.000000 awbc_label_rate=1.000
custom_ppo_update update=195 timesteps=199680 loss=41.493172 entropy=0.180686 adv_std=14.631306 soc_aux=0.000000 subtype_aux=0.010794 subtype_acc=0.998 subtype_action_ce=0.000000 subtype_action_margin=0.000000 awbc_label_rate=1.000
custom_ppo_update update=196 timesteps=200000 loss=84.763258 entropy=0.232770 adv_std=19.626278 soc_aux=0.000000 subtype_aux=0.000348 subtype_acc=1.000 subtype_action_ce=0.000000 subtype_action_margin=0.000000 awbc_label_rate=1.000
reports/v31_metpair_backbone_context_ortholinear_balancedobjective_scenebal2_seed131_h075ctxolscbal2_20260621/evaluation/v2_eval_overall.csv
                    policy  steps  weighted_normalized_mae      mae      rmse    smape  pearson      dtw  oracle_loss_mean  reward_mean  power_mean  power_max  peak_power_max  steady_violation_rate  peak_violation_rate  event_rate  warmup_abort_count  warmup_abort_rate  switches_per_step  always_on_sensor_count  always_off_sensor_count  mid_duty_sensor_count  duty_entropy  duty_min  duty_max  duty_std  obs_reconstruction_mae  forecast_samples  forecast_weighted_mae_overall  forecast_raw_mae_overall  forecast_weighted_mae_event  forecast_weighted_mae_non_event  forecast_weighted_mae_low_temp  forecast_weighted_mae_normal
                custom_ppo   4096                 0.953856 6.511444 22.887814 0.839548 0.706890 6.371973          1.491221    -1.491225    0.664543       0.74            0.92                    0.0                  0.0    0.646484                   0                0.0           0.003500                       1                        1                      4      0.528947  0.000000       1.0  0.316795                0.953856              4096                    1566.781437              10070.444678                  1362.532836                      3507.666859                     1882.908982                      0.162341
               round_robin   4096                 1.596053 4.146955 22.739994 0.821666 0.710348 3.176303          1.679277    -1.679323    0.584570       0.74            0.87                    0.0                  0.0    0.646484                   0                0.0           0.045584                       1                        0                      5      0.600529  0.191406       1.0  0.298555                1.596053              4096                    1566.810589              10070.545417                  1362.563707                      3507.679675                     1882.931620                      0.198759
                    random   4096                 1.545838 4.662520 25.003789 0.839596 0.668126 3.349487          1.672562    -1.672615    0.609414       0.74            0.87                    0.0                  0.0    0.646484                   0                0.0           0.053317                       1                        0                      5      0.598766  0.179688       1.0  0.299238                1.545838              4096                    1566.818943              10070.543744                  1362.572505                      3507.683821                     1882.938465                      0.174122
   full_open_unconstrained   4096                 1.557569 1.150686  2.958857 0.768876 0.855681 1.073256          1.528792    -1.528794    1.980000       1.98            2.48                    1.0                  1.0    0.646484                   0                0.0           0.000000                       6                        0                      0     -0.000000  1.000000       1.0  0.000000                1.557569              4096                    1566.819135              10070.362620                  1362.568285                      3507.725936                     1882.947903                      0.227699
validation_selected_static   4096                 0.510094 7.080617 23.082196 0.835771 0.983062 7.078643          1.523266    -1.523267    0.740000       0.74            0.92                    0.0                  0.0    0.646484                   0                0.0           0.000000                       2                        4                      0     -0.000000  0.000000       1.0  0.471405                0.510094              4096                    1566.825861              10070.392187                  1362.580735                      3507.678268                     1882.945827                      0.175438
                       aoi   4096                 1.710612 4.387722 23.558156 0.822546 0.688667 3.463533          1.703975    -1.704031    0.594961       0.74            0.87                    0.0                  0.0    0.646484                   0                0.0           0.055352                       1                        0                      5      0.601598  0.199219       1.0  0.298146                1.710612              4096                    1566.831239              10070.488866                  1362.586581                      3507.679194                     1882.952407                      0.180983
 feasible_static_projected   4096                 0.683289 2.498105  5.745314 0.871071 0.994990 2.486905          1.711632    -1.711633    0.330000       0.33            0.40                    0.0                  0.0    0.646484                   0                0.0           0.000000                       2                        4                      0     -0.000000  0.000000       1.0  0.471405                0.683289              4096                    1566.844713              10070.712908                  1362.602199                      3507.672287                     1882.975224                      0.150326
reports/v31_metpair_backbone_context_ortholinear_balancedobjective_scenebal2_seed131_h075ctxolscbal2_20260621/v2_custom_ppo_metrics.csv
                    policy  steps  reward_mean  instant_mae  oracle_loss_mean  dtw_mean  power_mean  peak_power_max  event_rate  warmup_abort_count  switches_per_step  always_on_sensor_count  always_off_sensor_count  mid_duty_sensor_count  duty_entropy  duty_min  duty_max  duty_std  oracle_loss_event  oracle_loss_non_event  oracle_loss_subtype_particle  steps_subtype_particle  oracle_loss_subtype_flux  steps_subtype_flux  oracle_loss_subtype_thermal  steps_subtype_thermal  oracle_loss_macro_subtype_event  macro_subtype_event_count  oracle_loss_subtype_particle_staticnorm  oracle_loss_subtype_flux_staticnorm  oracle_loss_subtype_thermal_staticnorm  oracle_loss_macro_subtype_event_staticnorm
                custom_ppo   4096    -1.491225     4.853454          1.491221  4.701109    0.664543            0.92    0.646484                   0           0.003500                       1                        1                      4      0.528947  0.000000       1.0  0.316795           1.841101               0.851385                      1.024742                    1233                  4.834684                 601                     0.867425                    814                         2.242283                          3                                 0.807461                             0.844483                                0.742341                                    0.798095
   full_open_unconstrained   4096    -1.528794     1.712436          1.528792  1.598822    1.980000            2.48    0.646484                   0           0.000000                       6                        0                      0     -0.000000  1.000000       1.0  0.000000           1.867751               0.908928                      1.022710                    1233                  4.990007                 601                     0.842518                    814                         2.285079                          3                                 0.805860                             0.871614                                0.721026                                    0.799500
validation_selected_static   4096    -1.523267     5.229487          1.523266  5.177326    0.740000            0.92    0.646484                   0           0.000000                       2                        4                      0     -0.000000  0.000000       1.0  0.471405           1.873830               0.882181                      1.039295                    1233                  4.693934                 601                     1.055769                    814                         2.262999                          3                                 0.818928                             0.819898                                0.903526                                    0.847451
                    random   4096    -1.672615     3.852038          1.672562  2.982272    0.609414            0.87    0.646484                   0           0.053317                       1                        0                      5      0.598766  0.179688       1.0  0.299238           2.113182               0.866786                      1.040175                    1233                  5.929976                 601                     0.920461                    814                         2.630204                          3                                 0.819621                             1.035800                                0.787729                                    0.881050
               round_robin   4096    -1.679323     3.534840          1.679277  2.869704    0.584570            0.87    0.646484                   0           0.045584                       1                        0                      5      0.600529  0.191406       1.0  0.298555           2.136665               0.842839                      1.037367                    1233                  5.948381                 601                     0.987515                    814                         2.657755                          3                                 0.817409                             1.039015                                0.845114                                    0.900513
                       aoi   4096    -1.704031     3.669319          1.703975  3.034611    0.594961            0.87    0.646484                   0           0.055352                       1                        0                      5      0.601598  0.199219       1.0  0.298146           2.161985               0.866397                      1.047274                    1233                  6.064860                 601                     0.968879                    814                         2.693671                          3                                 0.825216                             1.059360                                0.829165                                    0.904580
 feasible_static_projected   4096    -1.711633     2.410748          1.711632  2.356143    0.330000            0.40    0.646484                   0           0.000000                       2                        4                      0     -0.000000  0.000000       1.0  0.471405           2.159910               0.891853                      1.041065                    1233                  5.918412                 601                     1.079660                    814                         2.679712                          3                                 0.820323                             1.033780                                0.923971                                    0.926025
reports/v31_metpair_backbone_context_ortholinear_balancedobjective_scenebal2_seed131_h075ctxolscbal2_20260621/split_protocol_manifest.json
reports/v31_metpair_backbone_context_ortholinear_balancedobjective_scenebal2_seed131_h075ctxolscbal2_20260621/eval_router_conf08/v2_custom_ppo_metrics.csv
                    policy  steps  reward_mean  instant_mae  oracle_loss_mean  dtw_mean  power_mean  peak_power_max  event_rate  warmup_abort_count  switches_per_step  always_on_sensor_count  always_off_sensor_count  mid_duty_sensor_count  duty_entropy  duty_min  duty_max  duty_std
                custom_ppo   4096    -1.491225     4.853454          1.491221  4.701109    0.664543            0.92    0.646484                   0           0.003500                       1                        1                      4      0.528947  0.000000       1.0  0.316795
validation_selected_static   4096    -1.523267     5.229487          1.523266  5.177326    0.740000            0.92    0.646484                   0           0.000000                       2                        4                      0     -0.000000  0.000000       1.0  0.471405
   full_open_unconstrained   4096    -1.528794     1.712436          1.528792  1.598822    1.980000            2.48    0.646484                   0           0.000000                       6                        0                      0     -0.000000  1.000000       1.0  0.000000
                    random   4096    -1.672615     3.852038          1.672562  2.982272    0.609414            0.87    0.646484                   0           0.053317                       1                        0                      5      0.598766  0.179688       1.0  0.299238
               round_robin   4096    -1.679323     3.534840          1.679277  2.869704    0.584570            0.87    0.646484                   0           0.045584                       1                        0                      5      0.600529  0.191406       1.0  0.298555
                       aoi   4096    -1.704031     3.669319          1.703975  3.034611    0.594961            0.87    0.646484                   0           0.055352                       1                        0                      5      0.601598  0.199219       1.0  0.298146
 feasible_static_projected   4096    -1.711633     2.410748          1.711632  2.356143    0.330000            0.40    0.646484                   0           0.000000                       2                        4                      0     -0.000000  0.000000       1.0  0.471405
{
  "source_run_dir": "reports/v31_metpair_backbone_context_ortholinear_balancedobjective_scenebal2_seed131_h075ctxolscbal2_20260621",
  "replay_family": "subtype_explicit",
  "eval_steps": 512,
  "eval_start_indices": [
    64750,
    65262,
    65966,
    66478,
    66990,
    67502,
    68782,
    69294
  ],
  "reference_policy": "validation_selected_static",
  "reference_oracle_loss_mean": 1.523266355900887,
  "required_margin_abs": 0.015232663559008871,
  "source_reference_gate_pass": true,
  "static_reference_policy": "static_action5",
  "static_reference_oracle_loss_mean": 1.5397092338039329,
  "static_required_margin_abs": 0.015397092338039329,
  "best_static_reference_event_loss": 1.9015197316135402,
  "best_static_reference_non_event_loss": 0.8780557820084633,
  "static_macro_reference_policy": "static_action3",
  "static_macro_reference_oracle_loss_macro_subtype_event": 0.9308224505198842,
  "macro_score_column": "oracle_loss_macro_subtype_event_staticnorm",
  "static_macro_reference_score": 0.9308224505198842,
  "static_macro_required_margin_abs": 0.009308224505198843,
  "macro_min_margin_abs": 0.005,
  "macro_min_margin_rel": 0.01,
  "enforce_static_candidate_reference": true,
  "static_reference_duty_guard": "off",
  "best_replay_policy": "split_metpair_subtype_explicit_l4",
  "best_replay_oracle_loss_mean": 1.4765426871385898,
  "best_replay_event_loss": 1.8201022606949375,
  "best_replay_non_event_loss": 0.8482652349443849,
  "best_replay_macro_subtype_policy": "split_metpair_subtype_explicit_l4",
  "best_replay_oracle_loss_macro_subtype_event": 0.8555314768932573,
  "best_replay_macro_score": 0.8555314768932573,
  "margin_abs_vs_reference": 0.046723668762297166,
  "margin_rel_vs_reference": 0.030673341258603427,
  "margin_abs_vs_static_reference": 0.06316654666534305,
  "margin_rel_vs_static_reference": 0.04102498398953338,
  "margin_abs_vs_static_macro_reference": 0.07529097362662696,
  "margin_rel_vs_static_macro_reference": 0.08088650374147652,
  "static_reference_gate_pass": true,
  "static_macro_positive_pass": true,
  "static_macro_reference_gate_pass": true,
  "gate_pass": true,
  "top_sizes": [
    2,
    3,
    5
  ],
  "subtype_top_size_cap": 2,
  "lead_steps": [
    0,
    4,
    8,
    12,
    16
  ],
  "dwell_steps": [
    6,
    10,
    16,
    24
  ]
}
                            policy  steps  reward_mean  instant_mae  oracle_loss_mean  dtw_mean  power_mean  peak_power_max  event_rate  warmup_abort_count  switches_per_step  always_on_sensor_count  always_off_sensor_count  mid_duty_sensor_count  duty_entropy  duty_min  duty_max  duty_std  oracle_loss_event  oracle_loss_non_event  oracle_loss_subtype_particle  steps_subtype_particle  oracle_loss_subtype_flux  steps_subtype_flux  oracle_loss_subtype_thermal  steps_subtype_thermal  oracle_loss_macro_subtype_event  macro_subtype_event_count    replay_family  requested_top_size  top_size  lead_steps  dwell_steps  calm_action_idx  particle_action_idx  flux_action_idx  thermal_action_idx                        calm_sensor_ids                particle_sensor_ids           flux_sensor_ids               thermal_sensor_ids                   calm_pool_sensor_ids           particle_pool_sensor_ids      flux_pool_sensor_ids          thermal_pool_sensor_ids  oracle_loss_subtype_particle_staticnorm  oracle_loss_subtype_flux_staticnorm  oracle_loss_subtype_thermal_staticnorm  oracle_loss_macro_subtype_event_staticnorm           reference_policy  reference_oracle_loss_mean  margin_abs_vs_reference  margin_rel_vs_reference  source_reference_gate_pass static_reference_policy  static_reference_oracle_loss_mean  margin_abs_vs_static_reference  margin_rel_vs_static_reference  static_reference_gate_pass static_macro_reference_policy  static_macro_reference_oracle_loss_macro_subtype_event        static_macro_reference_score_column  margin_abs_vs_static_macro_reference  margin_rel_vs_static_macro_reference  static_macro_positive_pass  static_macro_reference_gate_pass  gate_pass
 split_metpair_subtype_explicit_l4   4096    -1.476551     4.928979          1.476543  4.769279    0.641611            0.92    0.646484                   0           0.007652                       1                        1                      4      0.527643       0.0       1.0  0.317112           1.820102               0.848265                      1.020537                    1233                  4.770536                 601                     0.852846                    814                         2.214640                          3 subtype_explicit                   0         0           4            0                2                    4                5                   3 met_station_core|shielded_thermo_hygro met_station_core|laser_disdrometer met_station_core|fc4_flux met_station_core|surface_temp_ir met_station_core|shielded_thermo_hygro met_station_core|laser_disdrometer met_station_core|fc4_flux met_station_core|surface_temp_ir                                 0.988600                             0.800858                                0.777136                                    0.855531 validation_selected_static                    1.523266                 0.046724                 0.030673                        True          static_action5                           1.539709                        0.063167                        0.041025                        True                static_action3                                                0.930822 oracle_loss_macro_subtype_event_staticnorm                              0.075291                              0.080887                        True                              True       True
split_metpair_subtype_explicit_l12   4096    -1.478652     4.920625          1.478649  4.769066    0.663408            0.92    0.646484                   0           0.002523                       1                        1                      4      0.530080       0.0       1.0  0.316322           1.824400               0.846363                      1.019011                    1233                  4.794438                 601                     0.851490                    814                         2.221647                          3 subtype_explicit                   0         0          12            0                2                    4                5                   3 met_station_core|shielded_thermo_hygro met_station_core|laser_disdrometer met_station_core|fc4_flux met_station_core|surface_temp_ir met_station_core|shielded_thermo_hygro met_station_core|laser_disdrometer met_station_core|fc4_flux met_station_core|surface_temp_ir                                 0.987122                             0.804871                                0.775901                                    0.855965 validation_selected_static                    1.523266                 0.044618                 0.029291                        True          static_action5                           1.539709                        0.061061                        0.039657                        True                static_action3                                                0.930822 oracle_loss_macro_subtype_event_staticnorm                              0.074858                              0.080421                        True                              True       True
split_metpair_subtype_explicit_l16   4096    -1.479168     4.918276          1.479164  4.767834    0.664014            0.92    0.646484                   0           0.002523                       1                        1                      4      0.529839       0.0       1.0  0.316432           1.825046               0.846640                      1.018772                    1233                  4.796464                 601                     0.852460                    814                         2.222565                          3 subtype_explicit                   0         0          16            0                2                    4                5                   3 met_station_core|shielded_thermo_hygro met_station_core|laser_disdrometer met_station_core|fc4_flux met_station_core|surface_temp_ir met_station_core|shielded_thermo_hygro met_station_core|laser_disdrometer met_station_core|fc4_flux met_station_core|surface_temp_ir                                 0.986890                             0.805211                                0.776785                                    0.856295 validation_selected_static                    1.523266                 0.044102                 0.028952                        True          static_action5                           1.539709                        0.060545                        0.039322                        True                static_action3                                                0.930822 oracle_loss_macro_subtype_event_staticnorm                              0.074527                              0.080066                        True                              True       True
 split_metpair_subtype_explicit_l8   4096    -1.480348     4.923933          1.480341  4.768259    0.648271            0.92    0.646484                   0           0.006186                       1                        1                      4      0.529479       0.0       1.0  0.316406           1.826951               0.846487                      1.018443                    1233                  4.806003                 601                     0.852110                    814                         2.225519                          3 subtype_explicit                   0         0           8            0                2                    4                5                   3 met_station_core|shielded_thermo_hygro met_station_core|laser_disdrometer met_station_core|fc4_flux met_station_core|surface_temp_ir met_station_core|shielded_thermo_hygro met_station_core|laser_disdrometer met_station_core|fc4_flux met_station_core|surface_temp_ir                                 0.986572                             0.806812                                0.776465                                    0.856616 validation_selected_static                    1.523266                 0.042925                 0.028180                        True          static_action5                           1.539709                        0.059368                        0.038558                        True                static_action3                                                0.930822 oracle_loss_macro_subtype_event_staticnorm                              0.074206                              0.079721                        True                              True       True
 split_metpair_subtype_explicit_l0   4096    -1.487226     4.924363          1.487217  4.766176    0.630410            0.92    0.646484                   0           0.007652                       1                        1                      4      0.523447       0.0       1.0  0.318838           1.836357               0.848736                      1.021236                    1233                  4.834838                 601                     0.857188                    814                         2.237754                          3 subtype_explicit                   0         0           0            0                2                    4                5                   3 met_station_core|shielded_thermo_hygro met_station_core|laser_disdrometer met_station_core|fc4_flux met_station_core|surface_temp_ir met_station_core|shielded_thermo_hygro met_station_core|laser_disdrometer met_station_core|fc4_flux met_station_core|surface_temp_ir                                 0.989278                             0.811653                                0.781093                                    0.860674 validation_selected_static                    1.523266                 0.036049                 0.023666                        True          static_action5                           1.539709                        0.052492                        0.034092                        True                static_action3                                                0.930822 oracle_loss_macro_subtype_event_staticnorm                              0.070148                              0.075361                        True                              True       True
reports/v31_metpair_backbone_context_ortholinear_balancedobjective_scenebal2_seed131_h075ctxolscbal2_20260621/behavior_audit_v2/behavior_complexity_summary.csv
{
  "policy": "custom_ppo",
  "steps": 4096,
  "unique_mask_count": 4,
  "top3_mask_fraction": 0.832763671875,
  "mask_entropy_bits": 1.9470111531317342,
  "transition_entropy_bits": 2.041430461132465,
  "best_period": 1,
  "best_period_match": 0.9894993894993895,
  "event_sensor_l1": 1.368525813289713,
  "event_mask_mi_bits": 0.47312290788132483,
  "event_state_dependent": true,
  "subtype_sensor_l1": 2.0,
  "subtype_mask_mi_bits": 0.6358895445228525,
  "subtype_state_dependent": true,
  "state_dependent": true,
  "fixed_like": false,
  "simple_cycle_like": false,
  "low_complexity": false,
  "weak_state_dependence": false,
  "behavior_complexity_gate_pass": true
}
{
  "policy": "validation_selected_static",
  "steps": 4096,
  "unique_mask_count": 1,
  "top3_mask_fraction": 1.0,
  "mask_entropy_bits": -0.0,
  "transition_entropy_bits": -0.0,
  "best_period": 1,
  "best_period_match": 1.0,
  "event_sensor_l1": 0.0,
  "event_mask_mi_bits": 0.0,
  "event_state_dependent": false,
  "subtype_sensor_l1": 0.0,
  "subtype_mask_mi_bits": 0.0,
  "subtype_state_dependent": false,
  "state_dependent": false,
  "fixed_like": true,
  "simple_cycle_like": false,
  "low_complexity": true,
  "weak_state_dependence": true,
  "behavior_complexity_gate_pass": false
}
{
  "policy": "custom_ppo",
  "steps": 4096,
  "unique_mask_count": 4,
  "top3_mask_fraction": 0.832763671875,
  "mask_entropy_bits": 1.9470111531317342,
  "transition_entropy_bits": 2.041430461132465,
  "best_period": 1,
  "best_period_match": 0.9894993894993895,
  "event_sensor_l1": 1.368525813289713,
  "event_mask_mi_bits": 0.47312290788132483,
  "event_state_dependent": true,
  "subtype_sensor_l1": 2.0,
  "subtype_mask_mi_bits": 0.6358895445228525,
  "subtype_state_dependent": true,
  "state_dependent": true,
  "fixed_like": false,
  "simple_cycle_like": false,
  "low_complexity": false,
  "weak_state_dependence": false,
  "behavior_complexity_gate_pass": true
}
scenebal2_seed_done seed=131 gpu=2 date=2026-06-21T17:48:18+08:00
