{
  "budget": 1.0,
  "candidate_count": 96,
  "truth_event_rate": 0.25475,
  "eval_start_indices": [
    5441,
    10929,
    7265
  ],
  "event_loss_min": 0.28358476794673376,
  "non_event_loss_min": 0.20681595093951338,
  "best_overall": {
    "action_idx": -2000,
    "sensor_ids": "dynamic:diverse_top2_lead0_dwell16",
    "oracle_loss_mean": 0.26722438867899706,
    "power_mean": 0.5292708333333332,
    "peak_max": 1.0
  },
  "best_event_laser": null,
  "best_event_no_laser": {
    "action_idx": -2007,
    "sensor_ids": "dynamic:diverse_top5_lead4_dwell16",
    "oracle_loss_event": 0.28358476794673376,
    "power_mean": 0.5700520833333332,
    "peak_max": 1.18
  },
  "best_event_fc4": {
    "action_idx": -2007,
    "sensor_ids": "dynamic:diverse_top5_lead4_dwell16",
    "oracle_loss_event": 0.28358476794673376,
    "power_mean": 0.5700520833333332,
    "peak_max": 1.18
  },
  "best_event_no_fc4": {
    "action_idx": 23,
    "sensor_ids": "met_station_core|radiometer_basic|surface_temp_ir|shielded_thermo_hygro",
    "oracle_loss_event": 0.2881194311555528,
    "power_mean": 0.4100000000000001,
    "peak_max": 0.52
  },
  "best_non_event_laser": null,
  "best_non_event_no_laser": {
    "action_idx": 64,
    "sensor_ids": "met_station_core|radiometer_basic|surface_temp_ir|fc4_flux",
    "oracle_loss_non_event": 0.20681595093951338,
    "power_mean": 0.7999999999999999,
    "peak_max": 1.04
  },
  "laser_event_lift": NaN,
  "fc4_event_lift": 0.004534663208819012,
  "laser_non_event_lift": NaN,
  "sensor_cfg": "configs/sensors/windblown_sensors_physical_event_v7_flux_spc_tradeoff.yaml",
  "truth_csv": "reports/v31_static_break_calibration_v7_diverse_linear/truth_static_break_calibration.csv",
  "oracle_type": "linear",
  "target_weights": [
    0.2,
    0.2,
    0.3,
    0.05,
    0.05,
    0.05,
    8.0,
    4.0,
    4.0
  ],
  "target_scales": [
    5.0,
    5.0,
    5.0,
    1.0,
    1.0,
    100.0,
    0.0001,
    0.2,
    5.0
  ],
  "constraints": {
    "max_active": 4,
    "per_step_budget": 1.0,
    "startup_peak_budget": 1.6,
    "required_sensor_ids": [],
    "coverage_groups": []
  },
  "energy_account": {
    "enabled": false,
    "energy_capacity": 24.0,
    "initial_energy": 12.0,
    "harvest_per_step": 0.65,
    "reserve_energy": 2.0,
    "lambda_energy_deficit": 1.0
  },
  "eval_start_selection": "event_fraction",
  "eval_selection_stride": 64
}
reports/v31_static_break_calibration_v7_diverse_linear/transport_v6_b1p00_p1p60/oracle_lift_candidate_table.csv
