[calibrate] micro_flux_v6_b1p15_p1p55 -> reports/v31_static_break_v16_multiseed_structural_screen_20260609/seed41/micro_flux_v6_b1p15_p1p55
/home/zhangzhuyu/_code/microclimate_demo/rl_sensor_scheduling_framework/scripts/63_v31_static_break_calibration.py:199: FutureWarning: Downcasting object dtype arrays on .fillna, .ffill, .bfill is deprecated and will change in a future version. Call result.infer_objects(copy=False) instead. To opt-in to the future behavior, set `pd.set_option('future.no_silent_downcasting', True)`
  .fillna(False)
[calibrate] micro_particle_v6_b1p15_p1p55 -> reports/v31_static_break_v16_multiseed_structural_screen_20260609/seed41/micro_particle_v6_b1p15_p1p55
/home/zhangzhuyu/_code/microclimate_demo/rl_sensor_scheduling_framework/scripts/63_v31_static_break_calibration.py:199: FutureWarning: Downcasting object dtype arrays on .fillna, .ffill, .bfill is deprecated and will change in a future version. Call result.infer_objects(copy=False) instead. To opt-in to the future behavior, set `pd.set_option('future.no_silent_downcasting', True)`
  .fillna(False)
[calibrate] flux_micro_v6_b1p15_p1p55 -> reports/v31_static_break_v16_multiseed_structural_screen_20260609/seed41/flux_micro_v6_b1p15_p1p55
/home/zhangzhuyu/_code/microclimate_demo/rl_sensor_scheduling_framework/scripts/63_v31_static_break_calibration.py:199: FutureWarning: Downcasting object dtype arrays on .fillna, .ffill, .bfill is deprecated and will change in a future version. Call result.infer_objects(copy=False) instead. To opt-in to the future behavior, set `pd.set_option('future.no_silent_downcasting', True)`
  .fillna(False)
[calibrate] dual_flux_particle_v7_b1p15_p1p55 -> reports/v31_static_break_v16_multiseed_structural_screen_20260609/seed41/dual_flux_particle_v7_b1p15_p1p55
/home/zhangzhuyu/_code/microclimate_demo/rl_sensor_scheduling_framework/scripts/63_v31_static_break_calibration.py:199: FutureWarning: Downcasting object dtype arrays on .fillna, .ffill, .bfill is deprecated and will change in a future version. Call result.infer_objects(copy=False) instead. To opt-in to the future behavior, set `pd.set_option('future.no_silent_downcasting', True)`
  .fillna(False)
[calibrate] event_flux_particle_v7_b1p15_p1p55 -> reports/v31_static_break_v16_multiseed_structural_screen_20260609/seed41/event_flux_particle_v7_b1p15_p1p55
/home/zhangzhuyu/_code/microclimate_demo/rl_sensor_scheduling_framework/scripts/63_v31_static_break_calibration.py:199: FutureWarning: Downcasting object dtype arrays on .fillna, .ffill, .bfill is deprecated and will change in a future version. Call result.infer_objects(copy=False) instead. To opt-in to the future behavior, set `pd.set_option('future.no_silent_downcasting', True)`
  .fillna(False)
[calibrate] particle_heavy_flux_v7_b1p15_p1p55 -> reports/v31_static_break_v16_multiseed_structural_screen_20260609/seed41/particle_heavy_flux_v7_b1p15_p1p55
/home/zhangzhuyu/_code/microclimate_demo/rl_sensor_scheduling_framework/scripts/63_v31_static_break_calibration.py:199: FutureWarning: Downcasting object dtype arrays on .fillna, .ffill, .bfill is deprecated and will change in a future version. Call result.infer_objects(copy=False) instead. To opt-in to the future behavior, set `pd.set_option('future.no_silent_downcasting', True)`
  .fillna(False)
                             combo  static_reference  gate_pass  dynamic_margin  event_dynamic_margin  laser_shortcut_broken                              best_static_sensor_ids                                     best_deployable_static_sensor_ids          best_dynamic_sensor_ids  best_dynamic_mid_duty_sensor_count  best_dynamic_always_on_sensor_count  best_dynamic_always_off_sensor_count  dynamic_diversity_ok
 dual_flux_particle_v7_b1p15_p1p55 deployable_static       True        0.010630              0.012795                  False met_station_core|radiometer_basic|laser_disdrometer deployable_static:met_station_core|radiometer_basic|laser_disdrometer dynamic:auto_non32_event15_lead0                                   7                                    0                                     1                  True
         micro_flux_v6_b1p15_p1p55 deployable_static       True        0.010351              0.012731                  False met_station_core|radiometer_basic|laser_disdrometer deployable_static:met_station_core|radiometer_basic|laser_disdrometer dynamic:auto_non32_event15_lead0                                   7                                    0                                     1                  True
         flux_micro_v6_b1p15_p1p55 deployable_static       True        0.008108              0.009964                  False met_station_core|radiometer_basic|laser_disdrometer deployable_static:met_station_core|radiometer_basic|laser_disdrometer dynamic:auto_non32_event15_lead0                                   7                                    0                                     1                  True
particle_heavy_flux_v7_b1p15_p1p55 deployable_static       True        0.007960              0.009662                  False met_station_core|radiometer_basic|laser_disdrometer deployable_static:met_station_core|radiometer_basic|laser_disdrometer dynamic:auto_non14_event15_lead0                                   7                                    0                                     1                  True
     micro_particle_v6_b1p15_p1p55 deployable_static       True        0.007865              0.009656                  False met_station_core|radiometer_basic|laser_disdrometer deployable_static:met_station_core|radiometer_basic|laser_disdrometer dynamic:auto_non14_event15_lead0                                   7                                    0                                     1                  True
event_flux_particle_v7_b1p15_p1p55 deployable_static       True        0.007862              0.009780                  False met_station_core|radiometer_basic|laser_disdrometer deployable_static:met_station_core|radiometer_basic|laser_disdrometer dynamic:auto_non32_event15_lead0                                   7                                    0                                     1                  True
[calibrate] micro_flux_v6_b1p15_p1p55 -> reports/v31_static_break_v16_multiseed_structural_screen_20260609/seed42/micro_flux_v6_b1p15_p1p55
/home/zhangzhuyu/_code/microclimate_demo/rl_sensor_scheduling_framework/scripts/63_v31_static_break_calibration.py:199: FutureWarning: Downcasting object dtype arrays on .fillna, .ffill, .bfill is deprecated and will change in a future version. Call result.infer_objects(copy=False) instead. To opt-in to the future behavior, set `pd.set_option('future.no_silent_downcasting', True)`
  .fillna(False)
[calibrate] micro_particle_v6_b1p15_p1p55 -> reports/v31_static_break_v16_multiseed_structural_screen_20260609/seed42/micro_particle_v6_b1p15_p1p55
/home/zhangzhuyu/_code/microclimate_demo/rl_sensor_scheduling_framework/scripts/63_v31_static_break_calibration.py:199: FutureWarning: Downcasting object dtype arrays on .fillna, .ffill, .bfill is deprecated and will change in a future version. Call result.infer_objects(copy=False) instead. To opt-in to the future behavior, set `pd.set_option('future.no_silent_downcasting', True)`
  .fillna(False)
[calibrate] flux_micro_v6_b1p15_p1p55 -> reports/v31_static_break_v16_multiseed_structural_screen_20260609/seed42/flux_micro_v6_b1p15_p1p55
/home/zhangzhuyu/_code/microclimate_demo/rl_sensor_scheduling_framework/scripts/63_v31_static_break_calibration.py:199: FutureWarning: Downcasting object dtype arrays on .fillna, .ffill, .bfill is deprecated and will change in a future version. Call result.infer_objects(copy=False) instead. To opt-in to the future behavior, set `pd.set_option('future.no_silent_downcasting', True)`
  .fillna(False)
[calibrate] dual_flux_particle_v7_b1p15_p1p55 -> reports/v31_static_break_v16_multiseed_structural_screen_20260609/seed42/dual_flux_particle_v7_b1p15_p1p55
/home/zhangzhuyu/_code/microclimate_demo/rl_sensor_scheduling_framework/scripts/63_v31_static_break_calibration.py:199: FutureWarning: Downcasting object dtype arrays on .fillna, .ffill, .bfill is deprecated and will change in a future version. Call result.infer_objects(copy=False) instead. To opt-in to the future behavior, set `pd.set_option('future.no_silent_downcasting', True)`
  .fillna(False)
[calibrate] event_flux_particle_v7_b1p15_p1p55 -> reports/v31_static_break_v16_multiseed_structural_screen_20260609/seed42/event_flux_particle_v7_b1p15_p1p55
/home/zhangzhuyu/_code/microclimate_demo/rl_sensor_scheduling_framework/scripts/63_v31_static_break_calibration.py:199: FutureWarning: Downcasting object dtype arrays on .fillna, .ffill, .bfill is deprecated and will change in a future version. Call result.infer_objects(copy=False) instead. To opt-in to the future behavior, set `pd.set_option('future.no_silent_downcasting', True)`
  .fillna(False)
[calibrate] particle_heavy_flux_v7_b1p15_p1p55 -> reports/v31_static_break_v16_multiseed_structural_screen_20260609/seed42/particle_heavy_flux_v7_b1p15_p1p55
/home/zhangzhuyu/_code/microclimate_demo/rl_sensor_scheduling_framework/scripts/63_v31_static_break_calibration.py:199: FutureWarning: Downcasting object dtype arrays on .fillna, .ffill, .bfill is deprecated and will change in a future version. Call result.infer_objects(copy=False) instead. To opt-in to the future behavior, set `pd.set_option('future.no_silent_downcasting', True)`
  .fillna(False)
                             combo  static_reference  gate_pass  dynamic_margin  event_dynamic_margin  laser_shortcut_broken                                          best_static_sensor_ids                                     best_deployable_static_sensor_ids          best_dynamic_sensor_ids  best_dynamic_mid_duty_sensor_count  best_dynamic_always_on_sensor_count  best_dynamic_always_off_sensor_count  dynamic_diversity_ok
particle_heavy_flux_v7_b1p15_p1p55 deployable_static       True        0.046959              0.047220                   True met_station_core|surface_temp_ir|shielded_thermo_hygro|fc4_flux deployable_static:met_station_core|radiometer_basic|laser_disdrometer dynamic:auto_non24_event15_lead0                                   5                                    1                                     2                  True
     micro_particle_v6_b1p15_p1p55 deployable_static       True        0.046209              0.046391                   True met_station_core|surface_temp_ir|shielded_thermo_hygro|fc4_flux deployable_static:met_station_core|radiometer_basic|laser_disdrometer dynamic:auto_non24_event15_lead0                                   5                                    1                                     2                  True
 dual_flux_particle_v7_b1p15_p1p55 deployable_static       True        0.037666              0.037030                   True met_station_core|surface_temp_ir|shielded_thermo_hygro|fc4_flux deployable_static:met_station_core|radiometer_basic|laser_disdrometer dynamic:auto_non24_event15_lead0                                   5                                    1                                     2                  True
         micro_flux_v6_b1p15_p1p55 deployable_static       True        0.036134              0.035320                   True met_station_core|surface_temp_ir|shielded_thermo_hygro|fc4_flux deployable_static:met_station_core|radiometer_basic|laser_disdrometer dynamic:auto_non24_event15_lead0                                   5                                    1                                     2                  True
         flux_micro_v6_b1p15_p1p55 deployable_static       True        0.030265              0.028936                   True met_station_core|surface_temp_ir|shielded_thermo_hygro|fc4_flux deployable_static:met_station_core|radiometer_basic|laser_disdrometer dynamic:auto_non24_event15_lead0                                   5                                    1                                     2                  True
event_flux_particle_v7_b1p15_p1p55 deployable_static       True        0.029852              0.027790                   True met_station_core|surface_temp_ir|shielded_thermo_hygro|fc4_flux deployable_static:met_station_core|radiometer_basic|laser_disdrometer dynamic:auto_non29_event15_lead0                                   5                                    1                                     2                  True
[calibrate] micro_flux_v6_b1p15_p1p55 -> reports/v31_static_break_v16_multiseed_structural_screen_20260609/seed43/micro_flux_v6_b1p15_p1p55
/home/zhangzhuyu/_code/microclimate_demo/rl_sensor_scheduling_framework/scripts/63_v31_static_break_calibration.py:199: FutureWarning: Downcasting object dtype arrays on .fillna, .ffill, .bfill is deprecated and will change in a future version. Call result.infer_objects(copy=False) instead. To opt-in to the future behavior, set `pd.set_option('future.no_silent_downcasting', True)`
  .fillna(False)
[calibrate] micro_particle_v6_b1p15_p1p55 -> reports/v31_static_break_v16_multiseed_structural_screen_20260609/seed43/micro_particle_v6_b1p15_p1p55
/home/zhangzhuyu/_code/microclimate_demo/rl_sensor_scheduling_framework/scripts/63_v31_static_break_calibration.py:199: FutureWarning: Downcasting object dtype arrays on .fillna, .ffill, .bfill is deprecated and will change in a future version. Call result.infer_objects(copy=False) instead. To opt-in to the future behavior, set `pd.set_option('future.no_silent_downcasting', True)`
  .fillna(False)
[calibrate] flux_micro_v6_b1p15_p1p55 -> reports/v31_static_break_v16_multiseed_structural_screen_20260609/seed43/flux_micro_v6_b1p15_p1p55
/home/zhangzhuyu/_code/microclimate_demo/rl_sensor_scheduling_framework/scripts/63_v31_static_break_calibration.py:199: FutureWarning: Downcasting object dtype arrays on .fillna, .ffill, .bfill is deprecated and will change in a future version. Call result.infer_objects(copy=False) instead. To opt-in to the future behavior, set `pd.set_option('future.no_silent_downcasting', True)`
  .fillna(False)
[calibrate] dual_flux_particle_v7_b1p15_p1p55 -> reports/v31_static_break_v16_multiseed_structural_screen_20260609/seed43/dual_flux_particle_v7_b1p15_p1p55
/home/zhangzhuyu/_code/microclimate_demo/rl_sensor_scheduling_framework/scripts/63_v31_static_break_calibration.py:199: FutureWarning: Downcasting object dtype arrays on .fillna, .ffill, .bfill is deprecated and will change in a future version. Call result.infer_objects(copy=False) instead. To opt-in to the future behavior, set `pd.set_option('future.no_silent_downcasting', True)`
  .fillna(False)
[calibrate] event_flux_particle_v7_b1p15_p1p55 -> reports/v31_static_break_v16_multiseed_structural_screen_20260609/seed43/event_flux_particle_v7_b1p15_p1p55
/home/zhangzhuyu/_code/microclimate_demo/rl_sensor_scheduling_framework/scripts/63_v31_static_break_calibration.py:199: FutureWarning: Downcasting object dtype arrays on .fillna, .ffill, .bfill is deprecated and will change in a future version. Call result.infer_objects(copy=False) instead. To opt-in to the future behavior, set `pd.set_option('future.no_silent_downcasting', True)`
  .fillna(False)
[calibrate] particle_heavy_flux_v7_b1p15_p1p55 -> reports/v31_static_break_v16_multiseed_structural_screen_20260609/seed43/particle_heavy_flux_v7_b1p15_p1p55
/home/zhangzhuyu/_code/microclimate_demo/rl_sensor_scheduling_framework/scripts/63_v31_static_break_calibration.py:199: FutureWarning: Downcasting object dtype arrays on .fillna, .ffill, .bfill is deprecated and will change in a future version. Call result.infer_objects(copy=False) instead. To opt-in to the future behavior, set `pd.set_option('future.no_silent_downcasting', True)`
  .fillna(False)
                             combo  static_reference  gate_pass  dynamic_margin  event_dynamic_margin  laser_shortcut_broken                              best_static_sensor_ids                                     best_deployable_static_sensor_ids          best_dynamic_sensor_ids  best_dynamic_mid_duty_sensor_count  best_dynamic_always_on_sensor_count  best_dynamic_always_off_sensor_count  dynamic_diversity_ok
particle_heavy_flux_v7_b1p15_p1p55 deployable_static       True        0.019833              0.022977                  False met_station_core|radiometer_basic|laser_disdrometer deployable_static:met_station_core|radiometer_basic|laser_disdrometer dynamic:auto_non24_event15_lead0                                   5                                    1                                     2                  True
     micro_particle_v6_b1p15_p1p55 deployable_static       True        0.019446              0.022646                  False met_station_core|radiometer_basic|laser_disdrometer deployable_static:met_station_core|radiometer_basic|laser_disdrometer dynamic:auto_non24_event15_lead0                                   5                                    1                                     2                  True
 dual_flux_particle_v7_b1p15_p1p55 deployable_static       True        0.016260              0.019639                  False met_station_core|radiometer_basic|laser_disdrometer deployable_static:met_station_core|radiometer_basic|laser_disdrometer dynamic:auto_non24_event15_lead0                                   5                                    1                                     2                  True
         micro_flux_v6_b1p15_p1p55 deployable_static       True        0.016001              0.019459                  False met_station_core|radiometer_basic|laser_disdrometer deployable_static:met_station_core|radiometer_basic|laser_disdrometer dynamic:auto_non24_event15_lead0                                   5                                    1                                     2                  True
event_flux_particle_v7_b1p15_p1p55 deployable_static       True        0.010643              0.014068                  False met_station_core|radiometer_basic|laser_disdrometer deployable_static:met_station_core|radiometer_basic|laser_disdrometer  dynamic:auto_non6_event15_lead0                                   5                                    1                                     2                  True
         flux_micro_v6_b1p15_p1p55 deployable_static       True        0.010524              0.013981                  False met_station_core|radiometer_basic|laser_disdrometer deployable_static:met_station_core|radiometer_basic|laser_disdrometer  dynamic:auto_non6_event15_lead0                                   5                                    1                                     2                  True
