reports/v31_split_protocol_no_warmup_hguard_envdwell12_h75_vanilla_ppo_10seed/raw/budget1p70_seed49/truth_v31_split.csv
reports/v31_split_protocol_no_warmup_hguard_envdwell12_h75_vanilla_ppo_10seed/raw/budget1p70_seed49/dataset_validation/synthetic_validation.csv
custom_ppo_update update=1 timesteps=2048 loss=0.093021 entropy=2.393066 adv_std=0.532359 soc_aux=0.000000 awbc_label_rate=0.000
custom_ppo_update update=2 timesteps=4096 loss=0.095405 entropy=2.382297 adv_std=0.765206 soc_aux=0.000000 awbc_label_rate=0.000
custom_ppo_update update=3 timesteps=6144 loss=0.150385 entropy=2.376083 adv_std=1.413292 soc_aux=0.000000 awbc_label_rate=0.000
custom_ppo_update update=4 timesteps=8192 loss=0.180994 entropy=2.374707 adv_std=1.686175 soc_aux=0.000000 awbc_label_rate=0.000
custom_ppo_update update=5 timesteps=10240 loss=0.180629 entropy=2.367831 adv_std=1.590120 soc_aux=0.000000 awbc_label_rate=0.000
custom_ppo_update update=6 timesteps=12288 loss=0.257883 entropy=2.359569 adv_std=1.994130 soc_aux=0.000000 awbc_label_rate=0.000
custom_ppo_update update=7 timesteps=14336 loss=0.204456 entropy=2.355553 adv_std=2.081876 soc_aux=0.000000 awbc_label_rate=0.000
custom_ppo_update update=8 timesteps=16384 loss=0.239516 entropy=2.357372 adv_std=1.825767 soc_aux=0.000000 awbc_label_rate=0.000
custom_ppo_update update=9 timesteps=18432 loss=0.641631 entropy=2.348600 adv_std=2.952070 soc_aux=0.000000 awbc_label_rate=0.000
custom_ppo_update update=10 timesteps=20480 loss=0.284577 entropy=2.343648 adv_std=2.315587 soc_aux=0.000000 awbc_label_rate=0.000
custom_ppo_update update=11 timesteps=22528 loss=0.556390 entropy=2.335065 adv_std=2.929111 soc_aux=0.000000 awbc_label_rate=0.000
custom_ppo_update update=12 timesteps=24576 loss=0.284950 entropy=2.325525 adv_std=2.283162 soc_aux=0.000000 awbc_label_rate=0.000
custom_ppo_update update=13 timesteps=26624 loss=0.235230 entropy=2.313435 adv_std=1.764553 soc_aux=0.000000 awbc_label_rate=0.000
custom_ppo_update update=14 timesteps=28672 loss=0.144661 entropy=2.317513 adv_std=1.533613 soc_aux=0.000000 awbc_label_rate=0.000
custom_ppo_update update=15 timesteps=30720 loss=0.386677 entropy=2.303693 adv_std=2.262053 soc_aux=0.000000 awbc_label_rate=0.000
custom_ppo_update update=16 timesteps=32768 loss=0.426352 entropy=2.312400 adv_std=2.721248 soc_aux=0.000000 awbc_label_rate=0.000
custom_ppo_update update=17 timesteps=34816 loss=0.271062 entropy=2.291331 adv_std=2.205180 soc_aux=0.000000 awbc_label_rate=0.000
custom_ppo_update update=18 timesteps=36864 loss=0.384406 entropy=2.290371 adv_std=2.516072 soc_aux=0.000000 awbc_label_rate=0.000
custom_ppo_update update=19 timesteps=38912 loss=0.414669 entropy=2.289550 adv_std=2.523957 soc_aux=0.000000 awbc_label_rate=0.000
custom_ppo_update update=20 timesteps=40000 loss=0.270841 entropy=2.284079 adv_std=1.858709 soc_aux=0.000000 awbc_label_rate=0.000
reports/v31_split_protocol_no_warmup_hguard_envdwell12_h75_vanilla_ppo_10seed/raw/budget1p70_seed49/v2_custom_ppo_metrics.csv
                                     policy  steps  reward_mean  instant_mae  oracle_loss_mean  dtw_mean  power_mean  peak_power_max  event_rate  warmup_abort_count  switches_per_step  always_on_sensor_count  always_off_sensor_count  mid_duty_sensor_count  duty_entropy  duty_min  duty_max  duty_std
                    full_open_unconstrained   6144    -0.296351     1.647082          0.108654  1.592341    4.620000            6.28    0.207194                   0           0.000000                       8                        0                      0     -0.000000  1.000000  1.000000  0.000000
duty_constrained_validation_selected_static   6144    -0.129867     5.457752          0.127524  3.255234    1.539727            2.33    0.207194                   0           0.030685                       0                        0                      8      0.688032  0.127930  0.743164  0.287795
               duty_constrained_round_robin   6144    -0.132520     8.842666          0.130260  4.830171    1.598984            2.23    0.207194                   0           0.057057                       0                        0                      8      0.874028  0.128906  0.578125  0.156786
                                     random   6144    -0.134947     9.003173          0.134853  5.182054    1.604102            2.33    0.207194                   0           0.040168                       0                        0                      8      0.887756  0.173828  0.554688  0.144418
                    duty_constrained_random   6144    -0.135265     9.887708          0.135173  5.076561    1.620000            2.33    0.207194                   0           0.044441                       0                        0                      8      0.903912  0.166992  0.536133  0.125644
                       duty_constrained_aoi   6144    -0.136827    10.916464          0.136713  5.766042    1.651211            2.33    0.207194                   0           0.057220                       0                        0                      8      0.936484  0.308594  0.523438  0.076926
                                 custom_ppo   6144    -0.137849    11.319177          0.137571  6.851057    1.616927            2.33    0.207194                   0           0.041226                       0                        0                      8      0.899124  0.186849  0.620605  0.133248
                                        aoi   6144    -0.139273    11.113829          0.139162  5.588570    1.657734            2.33    0.207194                   0           0.055632                       0                        0                      8      0.919794  0.328125  0.660156  0.107936
 duty_constrained_feasible_static_projected   6144    -0.144379    10.195322          0.142078  4.986739    1.636250            2.33    0.207194                   0           0.052946                       0                        0                      8      0.923205  0.234375  0.531250  0.100296
                 validation_selected_static   6144    -0.279780     2.881226          0.153085  2.761888    1.460000            1.95    0.207194                   0           0.000000                       3                        5                      0     -0.000000  0.000000  1.000000  0.484123
                  feasible_static_projected   6144    -0.279780     2.881226          0.153085  2.761888    1.460000            1.95    0.207194                   0           0.000000                       3                        5                      0     -0.000000  0.000000  1.000000  0.484123
                                round_robin   6144    -0.253478     7.098429          0.161465  4.499560    1.509609            1.95    0.207194                   0           0.020959                       2                        4                      2      0.249989  0.000000  1.000000  0.414583
reports/v31_split_protocol_no_warmup_hguard_envdwell12_h75_vanilla_ppo_10seed/raw/budget1p70_seed49/split_protocol_manifest.json
