reports/v31_split_protocol_main/raw/budget1p70_seed43/truth_v31_split.csv
reports/v31_split_protocol_main/raw/budget1p70_seed43/dataset_validation/synthetic_validation.csv
custom_ppo_update update=1 timesteps=2048 loss=1.106709 entropy=2.065651 adv_std=2.091307 soc_aux=0.000000 awbc_label_rate=0.250
custom_ppo_update update=2 timesteps=4096 loss=0.812020 entropy=2.057021 adv_std=1.698498 soc_aux=0.000000 awbc_label_rate=0.250
custom_ppo_update update=3 timesteps=6144 loss=0.961668 entropy=2.055756 adv_std=2.371283 soc_aux=0.000000 awbc_label_rate=0.250
custom_ppo_update update=4 timesteps=8192 loss=0.687915 entropy=2.084449 adv_std=1.748368 soc_aux=0.000000 awbc_label_rate=0.250
custom_ppo_update update=5 timesteps=10240 loss=0.622403 entropy=2.092304 adv_std=1.719747 soc_aux=0.000000 awbc_label_rate=0.250
custom_ppo_update update=6 timesteps=12288 loss=0.562263 entropy=2.081083 adv_std=1.733889 soc_aux=0.000000 awbc_label_rate=0.250
custom_ppo_update update=7 timesteps=14336 loss=0.904476 entropy=2.075876 adv_std=1.971008 soc_aux=0.000000 awbc_label_rate=0.250
custom_ppo_update update=8 timesteps=16384 loss=0.524742 entropy=2.077532 adv_std=1.792455 soc_aux=0.000000 awbc_label_rate=0.250
custom_ppo_update update=9 timesteps=18432 loss=0.753515 entropy=2.073540 adv_std=2.290060 soc_aux=0.000000 awbc_label_rate=0.250
custom_ppo_update update=10 timesteps=20480 loss=0.605732 entropy=2.060761 adv_std=2.285824 soc_aux=0.000000 awbc_label_rate=0.250
custom_ppo_update update=11 timesteps=22528 loss=1.058537 entropy=2.076319 adv_std=3.275097 soc_aux=0.000000 awbc_label_rate=0.250
custom_ppo_update update=12 timesteps=24576 loss=0.756376 entropy=2.074105 adv_std=2.514460 soc_aux=0.000000 awbc_label_rate=0.250
custom_ppo_update update=13 timesteps=26624 loss=1.000028 entropy=2.074527 adv_std=2.765463 soc_aux=0.000000 awbc_label_rate=0.250
custom_ppo_update update=14 timesteps=28672 loss=0.531678 entropy=2.070574 adv_std=2.405092 soc_aux=0.000000 awbc_label_rate=0.250
custom_ppo_update update=15 timesteps=30720 loss=1.462225 entropy=2.082037 adv_std=3.569034 soc_aux=0.000000 awbc_label_rate=0.250
custom_ppo_update update=16 timesteps=32768 loss=0.901796 entropy=2.080795 adv_std=2.990859 soc_aux=0.000000 awbc_label_rate=0.250
custom_ppo_update update=17 timesteps=34816 loss=0.559179 entropy=2.067653 adv_std=2.425625 soc_aux=0.000000 awbc_label_rate=0.250
custom_ppo_update update=18 timesteps=36864 loss=0.720950 entropy=2.066007 adv_std=2.925927 soc_aux=0.000000 awbc_label_rate=0.250
custom_ppo_update update=19 timesteps=38912 loss=0.896133 entropy=2.062878 adv_std=2.789089 soc_aux=0.000000 awbc_label_rate=0.250
custom_ppo_update update=20 timesteps=40960 loss=0.987871 entropy=2.074459 adv_std=3.071699 soc_aux=0.000000 awbc_label_rate=0.250
custom_ppo_update update=21 timesteps=43008 loss=1.129606 entropy=2.078747 adv_std=3.185974 soc_aux=0.000000 awbc_label_rate=0.250
custom_ppo_update update=22 timesteps=45056 loss=0.929327 entropy=2.085843 adv_std=2.971718 soc_aux=0.000000 awbc_label_rate=0.250
custom_ppo_update update=23 timesteps=47104 loss=1.068820 entropy=2.094668 adv_std=3.054007 soc_aux=0.000000 awbc_label_rate=0.250
custom_ppo_update update=24 timesteps=49152 loss=0.935757 entropy=2.084303 adv_std=3.042723 soc_aux=0.000000 awbc_label_rate=0.250
custom_ppo_update update=25 timesteps=51200 loss=0.852750 entropy=2.083839 adv_std=2.949733 soc_aux=0.000000 awbc_label_rate=0.250
custom_ppo_update update=26 timesteps=53248 loss=0.939226 entropy=2.075013 adv_std=2.940243 soc_aux=0.000000 awbc_label_rate=0.250
custom_ppo_update update=27 timesteps=55296 loss=0.894877 entropy=2.074448 adv_std=2.951340 soc_aux=0.000000 awbc_label_rate=0.250
custom_ppo_update update=28 timesteps=57344 loss=0.684874 entropy=2.076985 adv_std=2.339370 soc_aux=0.000000 awbc_label_rate=0.250
custom_ppo_update update=29 timesteps=59392 loss=0.802323 entropy=2.067566 adv_std=2.966414 soc_aux=0.000000 awbc_label_rate=0.250
custom_ppo_update update=30 timesteps=61440 loss=0.663735 entropy=2.074550 adv_std=2.533019 soc_aux=0.000000 awbc_label_rate=0.250
custom_ppo_update update=31 timesteps=63488 loss=0.825885 entropy=2.060861 adv_std=2.654408 soc_aux=0.000000 awbc_label_rate=0.250
custom_ppo_update update=32 timesteps=65536 loss=0.809961 entropy=2.066251 adv_std=2.808959 soc_aux=0.000000 awbc_label_rate=0.250
custom_ppo_update update=33 timesteps=67584 loss=0.543731 entropy=2.075922 adv_std=2.265700 soc_aux=0.000000 awbc_label_rate=0.250
custom_ppo_update update=34 timesteps=69632 loss=0.882344 entropy=2.069677 adv_std=2.811996 soc_aux=0.000000 awbc_label_rate=0.250
custom_ppo_update update=35 timesteps=71680 loss=0.783921 entropy=2.078394 adv_std=2.534392 soc_aux=0.000000 awbc_label_rate=0.250
custom_ppo_update update=36 timesteps=73728 loss=0.823725 entropy=2.079680 adv_std=2.668180 soc_aux=0.000000 awbc_label_rate=0.250
custom_ppo_update update=37 timesteps=75776 loss=0.965362 entropy=2.092208 adv_std=3.356602 soc_aux=0.000000 awbc_label_rate=0.250
custom_ppo_update update=38 timesteps=77824 loss=0.668855 entropy=2.096167 adv_std=2.610678 soc_aux=0.000000 awbc_label_rate=0.250
custom_ppo_update update=39 timesteps=79872 loss=0.720332 entropy=2.081574 adv_std=2.550259 soc_aux=0.000000 awbc_label_rate=0.250
custom_ppo_update update=40 timesteps=81920 loss=0.791808 entropy=2.085332 adv_std=2.616836 soc_aux=0.000000 awbc_label_rate=0.250
custom_ppo_update update=41 timesteps=83968 loss=0.760678 entropy=2.077222 adv_std=2.821355 soc_aux=0.000000 awbc_label_rate=0.250
custom_ppo_update update=42 timesteps=86016 loss=0.727516 entropy=2.066625 adv_std=2.968894 soc_aux=0.000000 awbc_label_rate=0.250
custom_ppo_update update=43 timesteps=88064 loss=0.680496 entropy=2.053455 adv_std=2.327170 soc_aux=0.000000 awbc_label_rate=0.250
custom_ppo_update update=44 timesteps=90112 loss=0.756894 entropy=2.059693 adv_std=2.697550 soc_aux=0.000000 awbc_label_rate=0.250
custom_ppo_update update=45 timesteps=92160 loss=0.972261 entropy=2.067344 adv_std=3.209812 soc_aux=0.000000 awbc_label_rate=0.250
custom_ppo_update update=46 timesteps=94208 loss=1.089754 entropy=2.076177 adv_std=3.188069 soc_aux=0.000000 awbc_label_rate=0.250
custom_ppo_update update=47 timesteps=96256 loss=1.092769 entropy=2.069286 adv_std=3.388324 soc_aux=0.000000 awbc_label_rate=0.250
custom_ppo_update update=48 timesteps=98304 loss=0.949961 entropy=2.078307 adv_std=3.152928 soc_aux=0.000000 awbc_label_rate=0.250
custom_ppo_update update=49 timesteps=100000 loss=0.698834 entropy=2.076397 adv_std=2.684909 soc_aux=0.000000 awbc_label_rate=0.250
reports/v31_split_protocol_main/raw/budget1p70_seed43/evaluation/v2_eval_overall.csv
                    policy  steps  weighted_normalized_mae      mae     rmse    smape  pearson      dtw  oracle_loss_mean  reward_mean  power_mean  power_max  peak_power_max  steady_violation_rate  peak_violation_rate  event_rate  warmup_abort_count  warmup_abort_rate  obs_reconstruction_mae  forecast_samples  forecast_weighted_mae_overall  forecast_raw_mae_overall  forecast_weighted_mae_event  forecast_weighted_mae_non_event  forecast_weighted_mae_low_temp  forecast_weighted_mae_normal
   full_open_unconstrained   6144                 0.062116 0.780085 2.700019 0.800074 0.880520 0.762575          0.128558    -0.128560    4.620000       4.62            6.28                    1.0                  1.0    0.336426                   0           0.000000                0.062116              6144                       0.128555                  1.909572                     0.131335                         0.120540                        0.106798                      0.137565
                custom_ppo   6144                 0.218580 1.833106 4.426956 0.877221 0.841697 1.773282          0.148213    -0.149450    1.550462       1.60            2.05                    0.0                  0.0    0.336426                  92           0.014974                0.218580              6144                       0.148348                  1.945666                     0.153183                         0.134406                        0.129045                      0.146843
                    random   6144                 0.127831 1.369345 6.544309 0.860057 0.854573 1.041329          0.149693    -0.175043    1.603066       1.70            2.33                    0.0                  0.0    0.336426                1884           0.306641                0.127831              6144                       0.149690                  2.224307                     0.151274                         0.145123                        0.124618                      0.162010
 feasible_static_projected   6144                 0.251069 1.961663 4.720459 0.875107 0.914666 1.931842          0.150586    -0.150587    1.460000       1.46            1.95                    0.0                  0.0    0.336426                   0           0.000000                0.251069              6144                       0.150584                  1.967310                     0.156712                         0.132911                        0.134989                      0.141371
validation_selected_static   6144                 0.251069 1.961663 4.720459 0.875107 0.914666 1.931842          0.150586    -0.150587    1.460000       1.46            1.95                    0.0                  0.0    0.336426                   0           0.000000                0.251069              6144                       0.150584                  1.967310                     0.156712                         0.132911                        0.134989                      0.141371
                       aoi   6144                 0.121159 1.360108 5.882469 0.846091 0.851883 1.063227          0.155239    -0.186617    1.622279       1.70            2.33                    0.0                  0.0    0.336426                2340           0.380859                0.121159              6144                       0.155237                  2.119999                     0.155208                         0.155320                        0.125010                      0.182001
               round_robin   6144                 0.262620 2.030388 4.821912 0.869130 0.881354 1.962521          0.159559    -0.179981    1.555000       1.64            1.98                    0.0                  0.0    0.336426                1530           0.249023                0.262620              6144                       0.159561                  2.105873                     0.164792                         0.144477                        0.140231                      0.155727
reports/v31_split_protocol_main/raw/budget1p70_seed43/v2_custom_ppo_metrics.csv
                    policy  steps  reward_mean  instant_mae  oracle_loss_mean  dtw_mean  power_mean  peak_power_max  event_rate  warmup_abort_count
   full_open_unconstrained   6144    -0.128560     1.648128          0.128558  1.593283    4.620000            6.28    0.336426                   0
                custom_ppo   6144    -0.149450     2.836885          0.148213  2.679222    1.550462            2.05    0.336426                  92
                    random   6144    -0.175043     6.016719          0.149693  4.043569    1.603066            2.33    0.336426                1884
validation_selected_static   6144    -0.150587     2.930721          0.150586  2.804024    1.460000            1.95    0.336426                   0
 feasible_static_projected   6144    -0.150587     2.930721          0.150586  2.804024    1.460000            1.95    0.336426                   0
                       aoi   6144    -0.186617     5.924493          0.155239  3.552626    1.622279            2.33    0.336426                2340
               round_robin   6144    -0.179981     3.987594          0.159559  3.243220    1.555000            1.98    0.336426                1530
reports/v31_split_protocol_main/raw/budget1p70_seed43/split_protocol_manifest.json
