reports/v31_split_protocol_main/raw/budget1p75_seed45/truth_v31_split.csv
reports/v31_split_protocol_main/raw/budget1p75_seed45/dataset_validation/synthetic_validation.csv
custom_ppo_update update=1 timesteps=2048 loss=0.484074 entropy=2.230362 adv_std=0.765551 soc_aux=0.000000 awbc_label_rate=0.250
custom_ppo_update update=2 timesteps=4096 loss=0.798625 entropy=2.237900 adv_std=1.601320 soc_aux=0.000000 awbc_label_rate=0.250
custom_ppo_update update=3 timesteps=6144 loss=0.721877 entropy=2.242115 adv_std=1.888226 soc_aux=0.000000 awbc_label_rate=0.250
custom_ppo_update update=4 timesteps=8192 loss=0.576825 entropy=2.250748 adv_std=1.508108 soc_aux=0.000000 awbc_label_rate=0.250
custom_ppo_update update=5 timesteps=10240 loss=0.539691 entropy=2.246871 adv_std=1.825698 soc_aux=0.000000 awbc_label_rate=0.250
custom_ppo_update update=6 timesteps=12288 loss=0.910089 entropy=2.248134 adv_std=2.583785 soc_aux=0.000000 awbc_label_rate=0.250
custom_ppo_update update=7 timesteps=14336 loss=0.720143 entropy=2.243151 adv_std=2.505818 soc_aux=0.000000 awbc_label_rate=0.250
custom_ppo_update update=8 timesteps=16384 loss=0.861481 entropy=2.250968 adv_std=2.492813 soc_aux=0.000000 awbc_label_rate=0.250
custom_ppo_update update=9 timesteps=18432 loss=0.777211 entropy=2.235855 adv_std=2.241673 soc_aux=0.000000 awbc_label_rate=0.250
custom_ppo_update update=10 timesteps=20480 loss=0.726786 entropy=2.261108 adv_std=2.649408 soc_aux=0.000000 awbc_label_rate=0.250
custom_ppo_update update=11 timesteps=22528 loss=0.581367 entropy=2.273131 adv_std=2.099276 soc_aux=0.000000 awbc_label_rate=0.250
custom_ppo_update update=12 timesteps=24576 loss=0.655466 entropy=2.265611 adv_std=2.127248 soc_aux=0.000000 awbc_label_rate=0.250
custom_ppo_update update=13 timesteps=26624 loss=0.623717 entropy=2.264697 adv_std=2.459883 soc_aux=0.000000 awbc_label_rate=0.250
custom_ppo_update update=14 timesteps=28672 loss=0.970891 entropy=2.253293 adv_std=3.009184 soc_aux=0.000000 awbc_label_rate=0.250
custom_ppo_update update=15 timesteps=30720 loss=0.985494 entropy=2.263910 adv_std=2.799702 soc_aux=0.000000 awbc_label_rate=0.250
custom_ppo_update update=16 timesteps=32768 loss=1.018379 entropy=2.270678 adv_std=2.942994 soc_aux=0.000000 awbc_label_rate=0.250
custom_ppo_update update=17 timesteps=34816 loss=0.722523 entropy=2.266980 adv_std=2.414258 soc_aux=0.000000 awbc_label_rate=0.250
custom_ppo_update update=18 timesteps=36864 loss=0.776764 entropy=2.263253 adv_std=2.783691 soc_aux=0.000000 awbc_label_rate=0.250
custom_ppo_update update=19 timesteps=38912 loss=0.703173 entropy=2.258149 adv_std=2.554820 soc_aux=0.000000 awbc_label_rate=0.250
custom_ppo_update update=20 timesteps=40960 loss=0.587829 entropy=2.272714 adv_std=2.244886 soc_aux=0.000000 awbc_label_rate=0.250
custom_ppo_update update=21 timesteps=43008 loss=0.615693 entropy=2.263795 adv_std=2.369288 soc_aux=0.000000 awbc_label_rate=0.250
custom_ppo_update update=22 timesteps=45056 loss=0.709711 entropy=2.258170 adv_std=2.772327 soc_aux=0.000000 awbc_label_rate=0.250
custom_ppo_update update=23 timesteps=47104 loss=0.918039 entropy=2.273544 adv_std=2.878682 soc_aux=0.000000 awbc_label_rate=0.250
custom_ppo_update update=24 timesteps=49152 loss=0.899055 entropy=2.261903 adv_std=2.980542 soc_aux=0.000000 awbc_label_rate=0.250
custom_ppo_update update=25 timesteps=51200 loss=0.774964 entropy=2.283009 adv_std=2.475081 soc_aux=0.000000 awbc_label_rate=0.250
custom_ppo_update update=26 timesteps=53248 loss=0.620262 entropy=2.278321 adv_std=2.244523 soc_aux=0.000000 awbc_label_rate=0.250
custom_ppo_update update=27 timesteps=55296 loss=0.857831 entropy=2.292016 adv_std=2.876030 soc_aux=0.000000 awbc_label_rate=0.250
custom_ppo_update update=28 timesteps=57344 loss=0.769240 entropy=2.281449 adv_std=2.824539 soc_aux=0.000000 awbc_label_rate=0.250
custom_ppo_update update=29 timesteps=59392 loss=0.756134 entropy=2.270450 adv_std=2.664537 soc_aux=0.000000 awbc_label_rate=0.250
custom_ppo_update update=30 timesteps=61440 loss=0.829642 entropy=2.257252 adv_std=2.387189 soc_aux=0.000000 awbc_label_rate=0.250
custom_ppo_update update=31 timesteps=63488 loss=0.980293 entropy=2.266722 adv_std=2.729264 soc_aux=0.000000 awbc_label_rate=0.250
custom_ppo_update update=32 timesteps=65536 loss=0.821543 entropy=2.258689 adv_std=2.761615 soc_aux=0.000000 awbc_label_rate=0.250
custom_ppo_update update=33 timesteps=67584 loss=0.825612 entropy=2.271203 adv_std=2.853543 soc_aux=0.000000 awbc_label_rate=0.250
custom_ppo_update update=34 timesteps=69632 loss=0.967414 entropy=2.276458 adv_std=3.556502 soc_aux=0.000000 awbc_label_rate=0.250
custom_ppo_update update=35 timesteps=71680 loss=0.699444 entropy=2.270771 adv_std=2.436264 soc_aux=0.000000 awbc_label_rate=0.250
custom_ppo_update update=36 timesteps=73728 loss=0.899106 entropy=2.268755 adv_std=3.303177 soc_aux=0.000000 awbc_label_rate=0.250
custom_ppo_update update=37 timesteps=75776 loss=1.114984 entropy=2.257185 adv_std=3.399747 soc_aux=0.000000 awbc_label_rate=0.250
custom_ppo_update update=38 timesteps=77824 loss=1.080119 entropy=2.270184 adv_std=3.466377 soc_aux=0.000000 awbc_label_rate=0.250
custom_ppo_update update=39 timesteps=79872 loss=0.962346 entropy=2.271949 adv_std=3.098838 soc_aux=0.000000 awbc_label_rate=0.250
custom_ppo_update update=40 timesteps=81920 loss=0.824134 entropy=2.256807 adv_std=2.632665 soc_aux=0.000000 awbc_label_rate=0.250
custom_ppo_update update=41 timesteps=83968 loss=0.758732 entropy=2.260878 adv_std=2.546247 soc_aux=0.000000 awbc_label_rate=0.250
custom_ppo_update update=42 timesteps=86016 loss=0.765117 entropy=2.265387 adv_std=2.877885 soc_aux=0.000000 awbc_label_rate=0.250
custom_ppo_update update=43 timesteps=88064 loss=0.675230 entropy=2.249083 adv_std=2.738928 soc_aux=0.000000 awbc_label_rate=0.250
custom_ppo_update update=44 timesteps=90112 loss=0.590235 entropy=2.245846 adv_std=2.197643 soc_aux=0.000000 awbc_label_rate=0.250
custom_ppo_update update=45 timesteps=92160 loss=0.527992 entropy=2.245925 adv_std=1.773759 soc_aux=0.000000 awbc_label_rate=0.250
custom_ppo_update update=46 timesteps=94208 loss=0.438209 entropy=2.247049 adv_std=1.778679 soc_aux=0.000000 awbc_label_rate=0.250
custom_ppo_update update=47 timesteps=96256 loss=0.664702 entropy=2.260927 adv_std=2.730039 soc_aux=0.000000 awbc_label_rate=0.250
custom_ppo_update update=48 timesteps=98304 loss=0.531517 entropy=2.261425 adv_std=2.022249 soc_aux=0.000000 awbc_label_rate=0.250
custom_ppo_update update=49 timesteps=100000 loss=0.778851 entropy=2.246733 adv_std=2.226668 soc_aux=0.000000 awbc_label_rate=0.250
reports/v31_split_protocol_main/raw/budget1p75_seed45/evaluation/v2_eval_overall.csv
                    policy  steps  weighted_normalized_mae      mae     rmse    smape  pearson      dtw  oracle_loss_mean  reward_mean  power_mean  power_max  peak_power_max  steady_violation_rate  peak_violation_rate  event_rate  warmup_abort_count  warmup_abort_rate  obs_reconstruction_mae  forecast_samples  forecast_weighted_mae_overall  forecast_raw_mae_overall  forecast_weighted_mae_event  forecast_weighted_mae_non_event  forecast_weighted_mae_low_temp  forecast_weighted_mae_normal
   full_open_unconstrained   6144                 0.061018 0.767292 2.659823 0.796467 0.888145 0.747820          0.122059    -0.122061    4.620000       4.62            6.28                    1.0                  1.0    0.305501                   0           0.000000                0.061018              6144                       0.122054                  1.632960                     0.130138                         0.096307                        0.102889                      0.102463
                custom_ppo   6144                 0.229796 1.803871 4.376467 0.870576 0.853126 1.731902          0.127410    -0.129079    1.487096       1.62            2.20                    0.0                  0.0    0.305501                 125           0.020345                0.229796              6144                       0.127477                  1.759025                     0.134774                         0.104231                        0.106284                      0.110344
 feasible_static_projected   6144                 0.251873 1.958311 4.725094 0.874316 0.918930 1.928743          0.128521    -0.128522    1.460000       1.46            1.95                    0.0                  0.0    0.305501                   0           0.000000                0.251873              6144                       0.128517                  1.793271                     0.135694                         0.105659                        0.107610                      0.110147
validation_selected_static   6144                 0.251873 1.958311 4.725094 0.874316 0.918930 1.928743          0.128521    -0.128522    1.460000       1.46            1.95                    0.0                  0.0    0.305501                   0           0.000000                0.251873              6144                       0.128517                  1.793271                     0.135694                         0.105659                        0.107610                      0.110147
               round_robin   6144                 0.264849 2.016393 4.776743 0.869879 0.889697 1.956888          0.136543    -0.156965    1.555000       1.64            1.98                    0.0                  0.0    0.305501                1530           0.249023                0.264849              6144                       0.136538                  1.824440                     0.143771                         0.113499                        0.114111                      0.118223
                    random   6144                 0.131947 1.407909 6.891915 0.859216 0.848563 1.059672          0.140658    -0.179533    1.626855       1.74            2.38                    0.0                  0.0    0.305501                2916           0.474609                0.131947              6144                       0.140654                  1.956513                     0.148993                         0.114094                        0.119152                      0.118218
                       aoi   6144                 0.142732 1.368327 6.084114 0.850589 0.826493 1.071792          0.143148    -0.144679    1.668307       1.72            2.33                    0.0                  0.0    0.305501                  60           0.009766                0.142732              6144                       0.143143                  1.849907                     0.150355                         0.120172                        0.121220                      0.123656
reports/v31_split_protocol_main/raw/budget1p75_seed45/v2_custom_ppo_metrics.csv
                    policy  steps  reward_mean  instant_mae  oracle_loss_mean  dtw_mean  power_mean  peak_power_max  event_rate  warmup_abort_count
   full_open_unconstrained   6144    -0.122061     1.655518          0.122059  1.597252    4.620000            6.28    0.305501                   0
                custom_ppo   6144    -0.129079     2.818161          0.127410  2.661687    1.487096            2.20    0.305501                 125
validation_selected_static   6144    -0.128522     2.936588          0.128521  2.806344    1.460000            1.95    0.305501                   0
 feasible_static_projected   6144    -0.128522     2.936588          0.128521  2.806344    1.460000            1.95    0.305501                   0
               round_robin   6144    -0.156965     4.055997          0.136543  3.286357    1.555000            1.98    0.305501                1530
                    random   6144    -0.179533     5.667868          0.140658  3.747690    1.626855            2.38    0.305501                2916
                       aoi   6144    -0.144679     5.783687          0.143148  3.587019    1.668307            2.33    0.305501                  60
reports/v31_split_protocol_main/raw/budget1p75_seed45/split_protocol_manifest.json
