reports/v31_split_protocol_main/raw/budget1p70_seed46/truth_v31_split.csv
reports/v31_split_protocol_main/raw/budget1p70_seed46/dataset_validation/synthetic_validation.csv
custom_ppo_update update=1 timesteps=2048 loss=0.992148 entropy=2.103368 adv_std=1.744232 soc_aux=0.000000 awbc_label_rate=0.250
custom_ppo_update update=2 timesteps=4096 loss=1.234874 entropy=2.116328 adv_std=2.097284 soc_aux=0.000000 awbc_label_rate=0.250
custom_ppo_update update=3 timesteps=6144 loss=0.614977 entropy=2.122988 adv_std=1.869234 soc_aux=0.000000 awbc_label_rate=0.250
custom_ppo_update update=4 timesteps=8192 loss=0.886804 entropy=2.121666 adv_std=2.314668 soc_aux=0.000000 awbc_label_rate=0.250
custom_ppo_update update=5 timesteps=10240 loss=0.584248 entropy=2.130567 adv_std=1.878945 soc_aux=0.000000 awbc_label_rate=0.250
custom_ppo_update update=6 timesteps=12288 loss=0.719331 entropy=2.132746 adv_std=2.077238 soc_aux=0.000000 awbc_label_rate=0.250
custom_ppo_update update=7 timesteps=14336 loss=1.027375 entropy=2.122011 adv_std=2.657695 soc_aux=0.000000 awbc_label_rate=0.250
custom_ppo_update update=8 timesteps=16384 loss=1.220429 entropy=2.138038 adv_std=3.082255 soc_aux=0.000000 awbc_label_rate=0.250
custom_ppo_update update=9 timesteps=18432 loss=0.936575 entropy=2.129959 adv_std=2.801873 soc_aux=0.000000 awbc_label_rate=0.250
custom_ppo_update update=10 timesteps=20480 loss=0.595729 entropy=2.139631 adv_std=2.116728 soc_aux=0.000000 awbc_label_rate=0.250
custom_ppo_update update=11 timesteps=22528 loss=0.962951 entropy=2.120262 adv_std=2.887451 soc_aux=0.000000 awbc_label_rate=0.250
custom_ppo_update update=12 timesteps=24576 loss=0.840371 entropy=2.124469 adv_std=2.974106 soc_aux=0.000000 awbc_label_rate=0.250
custom_ppo_update update=13 timesteps=26624 loss=0.936925 entropy=2.126606 adv_std=2.710327 soc_aux=0.000000 awbc_label_rate=0.250
custom_ppo_update update=14 timesteps=28672 loss=1.133866 entropy=2.140787 adv_std=2.954142 soc_aux=0.000000 awbc_label_rate=0.250
custom_ppo_update update=15 timesteps=30720 loss=0.999741 entropy=2.138415 adv_std=3.303420 soc_aux=0.000000 awbc_label_rate=0.250
custom_ppo_update update=16 timesteps=32768 loss=0.768983 entropy=2.138348 adv_std=2.805926 soc_aux=0.000000 awbc_label_rate=0.250
custom_ppo_update update=17 timesteps=34816 loss=0.822928 entropy=2.143987 adv_std=2.656097 soc_aux=0.000000 awbc_label_rate=0.250
custom_ppo_update update=18 timesteps=36864 loss=1.147522 entropy=2.128990 adv_std=3.190862 soc_aux=0.000000 awbc_label_rate=0.250
custom_ppo_update update=19 timesteps=38912 loss=1.230251 entropy=2.133264 adv_std=3.209344 soc_aux=0.000000 awbc_label_rate=0.250
custom_ppo_update update=20 timesteps=40960 loss=1.118539 entropy=2.132331 adv_std=3.116969 soc_aux=0.000000 awbc_label_rate=0.250
custom_ppo_update update=21 timesteps=43008 loss=1.174124 entropy=2.129893 adv_std=3.135463 soc_aux=0.000000 awbc_label_rate=0.250
custom_ppo_update update=22 timesteps=45056 loss=0.778717 entropy=2.122257 adv_std=2.600146 soc_aux=0.000000 awbc_label_rate=0.250
custom_ppo_update update=23 timesteps=47104 loss=0.760414 entropy=2.121152 adv_std=3.078596 soc_aux=0.000000 awbc_label_rate=0.250
custom_ppo_update update=24 timesteps=49152 loss=0.984433 entropy=2.127749 adv_std=3.151181 soc_aux=0.000000 awbc_label_rate=0.250
custom_ppo_update update=25 timesteps=51200 loss=0.686141 entropy=2.125025 adv_std=2.245739 soc_aux=0.000000 awbc_label_rate=0.250
custom_ppo_update update=26 timesteps=53248 loss=0.583490 entropy=2.131950 adv_std=2.234944 soc_aux=0.000000 awbc_label_rate=0.250
custom_ppo_update update=27 timesteps=55296 loss=0.558565 entropy=2.140317 adv_std=2.376763 soc_aux=0.000000 awbc_label_rate=0.250
custom_ppo_update update=28 timesteps=57344 loss=1.062986 entropy=2.131948 adv_std=3.252836 soc_aux=0.000000 awbc_label_rate=0.250
custom_ppo_update update=29 timesteps=59392 loss=0.846542 entropy=2.138788 adv_std=2.648336 soc_aux=0.000000 awbc_label_rate=0.250
custom_ppo_update update=30 timesteps=61440 loss=0.720077 entropy=2.136677 adv_std=2.654794 soc_aux=0.000000 awbc_label_rate=0.250
custom_ppo_update update=31 timesteps=63488 loss=0.614174 entropy=2.136031 adv_std=2.277495 soc_aux=0.000000 awbc_label_rate=0.250
custom_ppo_update update=32 timesteps=65536 loss=0.664080 entropy=2.135836 adv_std=2.549154 soc_aux=0.000000 awbc_label_rate=0.250
custom_ppo_update update=33 timesteps=67584 loss=0.536135 entropy=2.131372 adv_std=2.112998 soc_aux=0.000000 awbc_label_rate=0.250
custom_ppo_update update=34 timesteps=69632 loss=0.583141 entropy=2.131249 adv_std=2.481773 soc_aux=0.000000 awbc_label_rate=0.250
custom_ppo_update update=35 timesteps=71680 loss=0.437386 entropy=2.143250 adv_std=1.791147 soc_aux=0.000000 awbc_label_rate=0.250
custom_ppo_update update=36 timesteps=73728 loss=0.834903 entropy=2.140662 adv_std=2.982128 soc_aux=0.000000 awbc_label_rate=0.250
custom_ppo_update update=37 timesteps=75776 loss=0.733430 entropy=2.133719 adv_std=2.827195 soc_aux=0.000000 awbc_label_rate=0.250
custom_ppo_update update=38 timesteps=77824 loss=0.762675 entropy=2.124936 adv_std=2.533210 soc_aux=0.000000 awbc_label_rate=0.250
custom_ppo_update update=39 timesteps=79872 loss=1.096944 entropy=2.128482 adv_std=3.178093 soc_aux=0.000000 awbc_label_rate=0.250
custom_ppo_update update=40 timesteps=81920 loss=0.895529 entropy=2.131263 adv_std=3.103187 soc_aux=0.000000 awbc_label_rate=0.250
custom_ppo_update update=41 timesteps=83968 loss=0.812935 entropy=2.135175 adv_std=2.624742 soc_aux=0.000000 awbc_label_rate=0.250
custom_ppo_update update=42 timesteps=86016 loss=0.696878 entropy=2.156895 adv_std=2.746780 soc_aux=0.000000 awbc_label_rate=0.250
custom_ppo_update update=43 timesteps=88064 loss=0.497965 entropy=2.141813 adv_std=2.232893 soc_aux=0.000000 awbc_label_rate=0.250
custom_ppo_update update=44 timesteps=90112 loss=0.686455 entropy=2.151706 adv_std=2.732487 soc_aux=0.000000 awbc_label_rate=0.250
custom_ppo_update update=45 timesteps=92160 loss=0.827594 entropy=2.141064 adv_std=2.956777 soc_aux=0.000000 awbc_label_rate=0.250
custom_ppo_update update=46 timesteps=94208 loss=0.556199 entropy=2.133982 adv_std=2.478566 soc_aux=0.000000 awbc_label_rate=0.250
custom_ppo_update update=47 timesteps=96256 loss=0.773682 entropy=2.138609 adv_std=2.592751 soc_aux=0.000000 awbc_label_rate=0.250
custom_ppo_update update=48 timesteps=98304 loss=0.941703 entropy=2.134853 adv_std=2.962907 soc_aux=0.000000 awbc_label_rate=0.250
custom_ppo_update update=49 timesteps=100000 loss=0.992391 entropy=2.140375 adv_std=3.146103 soc_aux=0.000000 awbc_label_rate=0.250
reports/v31_split_protocol_main/raw/budget1p70_seed46/evaluation/v2_eval_overall.csv
                    policy  steps  weighted_normalized_mae      mae     rmse    smape  pearson      dtw  oracle_loss_mean  reward_mean  power_mean  power_max  peak_power_max  steady_violation_rate  peak_violation_rate  event_rate  warmup_abort_count  warmup_abort_rate  obs_reconstruction_mae  forecast_samples  forecast_weighted_mae_overall  forecast_raw_mae_overall  forecast_weighted_mae_event  forecast_weighted_mae_non_event  forecast_weighted_mae_low_temp  forecast_weighted_mae_normal
   full_open_unconstrained   6144                 0.063183 0.781664 2.709512 0.791265 0.888748 0.762212          0.139607    -0.139609    4.620000       4.62            6.28                    1.0                  1.0    0.307943                   0           0.000000                0.063183              6144                       0.139607                  2.097310                     0.147628                         0.114973                        0.123125                      0.120786
validation_selected_static   6144                 0.226880 1.967001 4.736453 0.867128 0.935017 1.923553          0.144227    -0.144228    1.600000       1.60            2.18                    0.0                  0.0    0.307943                   0           0.000000                0.226880              6144                       0.144227                  1.994653                     0.151415                         0.122149                        0.121007                      0.137183
 feasible_static_projected   6144                 0.254348 1.948615 4.695292 0.866407 0.923168 1.915852          0.144824    -0.144825    1.460000       1.46            1.95                    0.0                  0.0    0.307943                   0           0.000000                0.254348              6144                       0.144823                  2.000636                     0.152201                         0.122163                        0.123837                      0.134094
                custom_ppo   6144                 0.202432 1.649268 4.145523 0.859848 0.850594 1.549508          0.147363    -0.149072    1.540749       1.62            2.07                    0.0                  0.0    0.307943                 125           0.020345                0.202432              6144                       0.147381                  2.101249                     0.156164                         0.120402                        0.125956                      0.123270
               round_robin   6144                 0.265231 2.068817 5.103077 0.864320 0.892075 1.998433          0.149878    -0.170300    1.555000       1.64            1.98                    0.0                  0.0    0.307943                1530           0.249023                0.265231              6144                       0.149881                  2.002112                     0.157308                         0.127068                        0.126978                      0.139963
                       aoi   6144                 0.127704 1.421612 6.480792 0.837035 0.876406 1.130344          0.150238    -0.186307    1.622780       1.70            2.33                    0.0                  0.0    0.307943                2700           0.439453                0.127704              6144                       0.150247                  2.120552                     0.158518                         0.124842                        0.128272                      0.133128
                    random   6144                 0.138360 1.544092 8.048106 0.855887 0.853454 1.121205          0.157532    -0.183522    1.605879       1.70            2.33                    0.0                  0.0    0.307943                1932           0.314453                0.138360              6144                       0.157539                  2.342243                     0.166399                         0.130323                        0.132858                      0.139170
reports/v31_split_protocol_main/raw/budget1p70_seed46/v2_custom_ppo_metrics.csv
                    policy  steps  reward_mean  instant_mae  oracle_loss_mean  dtw_mean  power_mean  peak_power_max  event_rate  warmup_abort_count
   full_open_unconstrained   6144    -0.139609     1.645041          0.139607  1.590727    4.620000            6.28    0.307943                   0
validation_selected_static   6144    -0.144228     2.935256          0.144227  2.797864    1.600000            2.18    0.307943                   0
 feasible_static_projected   6144    -0.144825     2.916003          0.144824  2.785707    1.460000            1.95    0.307943                   0
                custom_ppo   6144    -0.149072     2.689071          0.147363  2.512006    1.540749            2.07    0.307943                 125
               round_robin   6144    -0.170300     4.150371          0.149878  3.332090    1.555000            1.98    0.307943                1530
                       aoi   6144    -0.186307     5.771933          0.150238  3.682679    1.622780            2.33    0.307943                2700
                    random   6144    -0.183522     6.552793          0.157532  4.567964    1.605879            2.33    0.307943                1932
reports/v31_split_protocol_main/raw/budget1p70_seed46/split_protocol_manifest.json
