reports/v31_split_protocol_main/raw/budget1p65_seed45/truth_v31_split.csv
reports/v31_split_protocol_main/raw/budget1p65_seed45/dataset_validation/synthetic_validation.csv
custom_ppo_update update=1 timesteps=2048 loss=0.385044 entropy=1.871396 adv_std=0.734654 soc_aux=0.000000 awbc_label_rate=0.250
custom_ppo_update update=2 timesteps=4096 loss=0.720200 entropy=1.867900 adv_std=1.685372 soc_aux=0.000000 awbc_label_rate=0.250
custom_ppo_update update=3 timesteps=6144 loss=0.479916 entropy=1.873961 adv_std=1.388363 soc_aux=0.000000 awbc_label_rate=0.250
custom_ppo_update update=4 timesteps=8192 loss=0.552802 entropy=1.891332 adv_std=1.323461 soc_aux=0.000000 awbc_label_rate=0.250
custom_ppo_update update=5 timesteps=10240 loss=0.437705 entropy=1.885394 adv_std=1.624831 soc_aux=0.000000 awbc_label_rate=0.250
custom_ppo_update update=6 timesteps=12288 loss=0.913539 entropy=1.883073 adv_std=2.462468 soc_aux=0.000000 awbc_label_rate=0.250
custom_ppo_update update=7 timesteps=14336 loss=0.857590 entropy=1.891272 adv_std=2.373938 soc_aux=0.000000 awbc_label_rate=0.250
custom_ppo_update update=8 timesteps=16384 loss=0.948493 entropy=1.880646 adv_std=2.587956 soc_aux=0.000000 awbc_label_rate=0.250
custom_ppo_update update=9 timesteps=18432 loss=0.817535 entropy=1.887091 adv_std=2.350149 soc_aux=0.000000 awbc_label_rate=0.250
custom_ppo_update update=10 timesteps=20480 loss=0.899248 entropy=1.892484 adv_std=3.083884 soc_aux=0.000000 awbc_label_rate=0.250
custom_ppo_update update=11 timesteps=22528 loss=0.612182 entropy=1.900610 adv_std=2.089628 soc_aux=0.000000 awbc_label_rate=0.250
custom_ppo_update update=12 timesteps=24576 loss=0.661300 entropy=1.898180 adv_std=2.253596 soc_aux=0.000000 awbc_label_rate=0.250
custom_ppo_update update=13 timesteps=26624 loss=0.628664 entropy=1.892904 adv_std=2.638269 soc_aux=0.000000 awbc_label_rate=0.250
custom_ppo_update update=14 timesteps=28672 loss=0.906228 entropy=1.896060 adv_std=2.902899 soc_aux=0.000000 awbc_label_rate=0.250
custom_ppo_update update=15 timesteps=30720 loss=0.776702 entropy=1.886998 adv_std=2.722328 soc_aux=0.000000 awbc_label_rate=0.250
custom_ppo_update update=16 timesteps=32768 loss=0.865072 entropy=1.876734 adv_std=2.809858 soc_aux=0.000000 awbc_label_rate=0.250
custom_ppo_update update=17 timesteps=34816 loss=0.636398 entropy=1.909221 adv_std=2.402876 soc_aux=0.000000 awbc_label_rate=0.250
custom_ppo_update update=18 timesteps=36864 loss=0.891837 entropy=1.909658 adv_std=3.071223 soc_aux=0.000000 awbc_label_rate=0.250
custom_ppo_update update=19 timesteps=38912 loss=0.764154 entropy=1.906016 adv_std=2.868980 soc_aux=0.000000 awbc_label_rate=0.250
custom_ppo_update update=20 timesteps=40960 loss=0.516687 entropy=1.892624 adv_std=2.121063 soc_aux=0.000000 awbc_label_rate=0.250
custom_ppo_update update=21 timesteps=43008 loss=0.578176 entropy=1.895206 adv_std=2.478579 soc_aux=0.000000 awbc_label_rate=0.250
custom_ppo_update update=22 timesteps=45056 loss=0.676086 entropy=1.899428 adv_std=2.780413 soc_aux=0.000000 awbc_label_rate=0.250
custom_ppo_update update=23 timesteps=47104 loss=0.842982 entropy=1.902764 adv_std=3.007611 soc_aux=0.000000 awbc_label_rate=0.250
custom_ppo_update update=24 timesteps=49152 loss=0.924945 entropy=1.898406 adv_std=3.121928 soc_aux=0.000000 awbc_label_rate=0.250
custom_ppo_update update=25 timesteps=51200 loss=0.793050 entropy=1.905698 adv_std=2.628191 soc_aux=0.000000 awbc_label_rate=0.250
custom_ppo_update update=26 timesteps=53248 loss=0.670243 entropy=1.898029 adv_std=2.542858 soc_aux=0.000000 awbc_label_rate=0.250
custom_ppo_update update=27 timesteps=55296 loss=0.962013 entropy=1.920734 adv_std=3.061083 soc_aux=0.000000 awbc_label_rate=0.250
custom_ppo_update update=28 timesteps=57344 loss=0.921358 entropy=1.910260 adv_std=2.889053 soc_aux=0.000000 awbc_label_rate=0.250
custom_ppo_update update=29 timesteps=59392 loss=0.709144 entropy=1.899942 adv_std=2.732699 soc_aux=0.000000 awbc_label_rate=0.250
custom_ppo_update update=30 timesteps=61440 loss=0.896821 entropy=1.894005 adv_std=2.604702 soc_aux=0.000000 awbc_label_rate=0.250
custom_ppo_update update=31 timesteps=63488 loss=1.011741 entropy=1.883846 adv_std=2.885400 soc_aux=0.000000 awbc_label_rate=0.250
custom_ppo_update update=32 timesteps=65536 loss=0.983022 entropy=1.886723 adv_std=3.084478 soc_aux=0.000000 awbc_label_rate=0.250
custom_ppo_update update=33 timesteps=67584 loss=0.729119 entropy=1.895194 adv_std=2.694864 soc_aux=0.000000 awbc_label_rate=0.250
custom_ppo_update update=34 timesteps=69632 loss=0.917965 entropy=1.892825 adv_std=3.353924 soc_aux=0.000000 awbc_label_rate=0.250
custom_ppo_update update=35 timesteps=71680 loss=0.616306 entropy=1.897867 adv_std=2.562606 soc_aux=0.000000 awbc_label_rate=0.250
custom_ppo_update update=36 timesteps=73728 loss=1.010721 entropy=1.898316 adv_std=3.210904 soc_aux=0.000000 awbc_label_rate=0.250
custom_ppo_update update=37 timesteps=75776 loss=0.961132 entropy=1.909308 adv_std=2.903435 soc_aux=0.000000 awbc_label_rate=0.250
custom_ppo_update update=38 timesteps=77824 loss=1.160582 entropy=1.884608 adv_std=3.383578 soc_aux=0.000000 awbc_label_rate=0.250
custom_ppo_update update=39 timesteps=79872 loss=0.933929 entropy=1.893838 adv_std=2.842465 soc_aux=0.000000 awbc_label_rate=0.250
custom_ppo_update update=40 timesteps=81920 loss=0.933440 entropy=1.881605 adv_std=2.761211 soc_aux=0.000000 awbc_label_rate=0.250
custom_ppo_update update=41 timesteps=83968 loss=0.895498 entropy=1.898627 adv_std=3.022300 soc_aux=0.000000 awbc_label_rate=0.250
custom_ppo_update update=42 timesteps=86016 loss=0.733106 entropy=1.898895 adv_std=2.973311 soc_aux=0.000000 awbc_label_rate=0.250
custom_ppo_update update=43 timesteps=88064 loss=0.711284 entropy=1.904800 adv_std=2.863149 soc_aux=0.000000 awbc_label_rate=0.250
custom_ppo_update update=44 timesteps=90112 loss=0.534353 entropy=1.887289 adv_std=2.349602 soc_aux=0.000000 awbc_label_rate=0.250
custom_ppo_update update=45 timesteps=92160 loss=0.748174 entropy=1.886046 adv_std=1.838455 soc_aux=0.000000 awbc_label_rate=0.250
custom_ppo_update update=46 timesteps=94208 loss=0.392349 entropy=1.891674 adv_std=1.798425 soc_aux=0.000000 awbc_label_rate=0.250
custom_ppo_update update=47 timesteps=96256 loss=0.585148 entropy=1.896247 adv_std=2.297166 soc_aux=0.000000 awbc_label_rate=0.250
custom_ppo_update update=48 timesteps=98304 loss=0.436544 entropy=1.894536 adv_std=1.904946 soc_aux=0.000000 awbc_label_rate=0.250
custom_ppo_update update=49 timesteps=100000 loss=0.680778 entropy=1.886668 adv_std=2.248825 soc_aux=0.000000 awbc_label_rate=0.250
reports/v31_split_protocol_main/raw/budget1p65_seed45/evaluation/v2_eval_overall.csv
                    policy  steps  weighted_normalized_mae      mae     rmse    smape  pearson      dtw  oracle_loss_mean  reward_mean  power_mean  power_max  peak_power_max  steady_violation_rate  peak_violation_rate  event_rate  warmup_abort_count  warmup_abort_rate  obs_reconstruction_mae  forecast_samples  forecast_weighted_mae_overall  forecast_raw_mae_overall  forecast_weighted_mae_event  forecast_weighted_mae_non_event  forecast_weighted_mae_low_temp  forecast_weighted_mae_normal
   full_open_unconstrained   6144                 0.061018 0.767292 2.659823 0.796467 0.888145 0.747820          0.122353    -0.122355    4.620000       4.62            6.28                    1.0                  1.0    0.305501                   0           0.000000                0.061018              6144                       0.122352                  1.810534                     0.128876                         0.101570                        0.102344                      0.108970
                custom_ppo   6144                 0.211933 1.707110 4.273167 0.870086 0.873240 1.629542          0.128277    -0.129925    1.531761       1.64            2.20                    0.0                  0.0    0.305501                 122           0.019857                0.211933              6144                       0.128325                  1.891663                     0.134812                         0.107664                        0.107833                      0.114444
 feasible_static_projected   6144                 0.251873 1.958311 4.725094 0.874316 0.918930 1.928743          0.130664    -0.130665    1.460000       1.46            1.95                    0.0                  0.0    0.305501                   0           0.000000                0.251873              6144                       0.130659                  1.976571                     0.135563                         0.115038                        0.108331                      0.127713
validation_selected_static   6144                 0.251873 1.958311 4.725094 0.874316 0.918930 1.928743          0.130664    -0.130665    1.460000       1.46            1.95                    0.0                  0.0    0.305501                   0           0.000000                0.251873              6144                       0.130659                  1.976571                     0.135563                         0.115038                        0.108331                      0.127713
               round_robin   6144                 0.264849 2.016393 4.776743 0.869879 0.889697 1.956888          0.136978    -0.157400    1.555000       1.64            1.98                    0.0                  0.0    0.305501                1530           0.249023                0.264849              6144                       0.136978                  1.925056                     0.142047                         0.120829                        0.113968                      0.131224
                       aoi   6144                 0.110590 1.309417 5.982149 0.842089 0.899636 1.024950          0.138866    -0.152897    1.599902       1.64            2.20                    0.0                  0.0    0.305501                1020           0.166016                0.110590              6144                       0.138866                  2.002362                     0.144962                         0.119449                        0.119191                      0.123810
                    random   6144                 0.126594 1.393780 6.910042 0.855188 0.872825 1.043606          0.142201    -0.160008    1.588242       1.64            2.23                    0.0                  0.0    0.305501                1308           0.212891                0.126594              6144                       0.142200                  2.101802                     0.148493                         0.122155                        0.120576                      0.125998
reports/v31_split_protocol_main/raw/budget1p65_seed45/v2_custom_ppo_metrics.csv
                    policy  steps  reward_mean  instant_mae  oracle_loss_mean  dtw_mean  power_mean  peak_power_max  event_rate  warmup_abort_count
   full_open_unconstrained   6144    -0.122355     1.655518          0.122353  1.597252    4.620000            6.28    0.305501                   0
                custom_ppo   6144    -0.129925     2.730418          0.128277  2.563628    1.531761            2.20    0.305501                 122
validation_selected_static   6144    -0.130665     2.936588          0.130664  2.806344    1.460000            1.95    0.305501                   0
 feasible_static_projected   6144    -0.130665     2.936588          0.130664  2.806344    1.460000            1.95    0.305501                   0
               round_robin   6144    -0.157400     4.055997          0.136978  3.286357    1.555000            1.98    0.305501                1530
                       aoi   6144    -0.152897     5.764686          0.138866  3.529925    1.599902            2.20    0.305501                1020
                    random   6144    -0.160008     5.618858          0.142201  3.706667    1.588242            2.23    0.305501                1308
reports/v31_split_protocol_main/raw/budget1p65_seed45/split_protocol_manifest.json
