reports/v31_split_protocol_main/raw/budget1p70_seed45/truth_v31_split.csv
reports/v31_split_protocol_main/raw/budget1p70_seed45/dataset_validation/synthetic_validation.csv
custom_ppo_update update=1 timesteps=2048 loss=0.421615 entropy=2.061072 adv_std=0.753214 soc_aux=0.000000 awbc_label_rate=0.250
custom_ppo_update update=2 timesteps=4096 loss=0.696642 entropy=2.083443 adv_std=1.876779 soc_aux=0.000000 awbc_label_rate=0.250
custom_ppo_update update=3 timesteps=6144 loss=0.490209 entropy=2.069487 adv_std=1.549338 soc_aux=0.000000 awbc_label_rate=0.250
custom_ppo_update update=4 timesteps=8192 loss=0.511453 entropy=2.069400 adv_std=1.379214 soc_aux=0.000000 awbc_label_rate=0.250
custom_ppo_update update=5 timesteps=10240 loss=0.491915 entropy=2.067808 adv_std=1.683501 soc_aux=0.000000 awbc_label_rate=0.250
custom_ppo_update update=6 timesteps=12288 loss=0.785431 entropy=2.082026 adv_std=2.190254 soc_aux=0.000000 awbc_label_rate=0.250
custom_ppo_update update=7 timesteps=14336 loss=0.889369 entropy=2.079612 adv_std=2.512648 soc_aux=0.000000 awbc_label_rate=0.250
custom_ppo_update update=8 timesteps=16384 loss=0.951222 entropy=2.076269 adv_std=2.508034 soc_aux=0.000000 awbc_label_rate=0.250
custom_ppo_update update=9 timesteps=18432 loss=0.966547 entropy=2.085814 adv_std=2.550845 soc_aux=0.000000 awbc_label_rate=0.250
custom_ppo_update update=10 timesteps=20480 loss=0.892228 entropy=2.068806 adv_std=2.837653 soc_aux=0.000000 awbc_label_rate=0.250
custom_ppo_update update=11 timesteps=22528 loss=0.588714 entropy=2.085966 adv_std=2.021569 soc_aux=0.000000 awbc_label_rate=0.250
custom_ppo_update update=12 timesteps=24576 loss=0.560778 entropy=2.084299 adv_std=2.254490 soc_aux=0.000000 awbc_label_rate=0.250
custom_ppo_update update=13 timesteps=26624 loss=0.738120 entropy=2.079330 adv_std=2.618724 soc_aux=0.000000 awbc_label_rate=0.250
custom_ppo_update update=14 timesteps=28672 loss=0.925614 entropy=2.094386 adv_std=3.089745 soc_aux=0.000000 awbc_label_rate=0.250
custom_ppo_update update=15 timesteps=30720 loss=0.925932 entropy=2.085543 adv_std=2.811031 soc_aux=0.000000 awbc_label_rate=0.250
custom_ppo_update update=16 timesteps=32768 loss=1.034203 entropy=2.083927 adv_std=2.738212 soc_aux=0.000000 awbc_label_rate=0.250
custom_ppo_update update=17 timesteps=34816 loss=0.626293 entropy=2.091984 adv_std=2.195628 soc_aux=0.000000 awbc_label_rate=0.250
custom_ppo_update update=18 timesteps=36864 loss=0.846029 entropy=2.094928 adv_std=3.012060 soc_aux=0.000000 awbc_label_rate=0.250
custom_ppo_update update=19 timesteps=38912 loss=0.720500 entropy=2.092971 adv_std=2.856613 soc_aux=0.000000 awbc_label_rate=0.250
custom_ppo_update update=20 timesteps=40960 loss=0.520090 entropy=2.096998 adv_std=2.079753 soc_aux=0.000000 awbc_label_rate=0.250
custom_ppo_update update=21 timesteps=43008 loss=0.599478 entropy=2.083823 adv_std=2.394646 soc_aux=0.000000 awbc_label_rate=0.250
custom_ppo_update update=22 timesteps=45056 loss=0.727814 entropy=2.079836 adv_std=2.676307 soc_aux=0.000000 awbc_label_rate=0.250
custom_ppo_update update=23 timesteps=47104 loss=0.858856 entropy=2.075581 adv_std=2.872581 soc_aux=0.000000 awbc_label_rate=0.250
custom_ppo_update update=24 timesteps=49152 loss=0.900558 entropy=2.073092 adv_std=2.890303 soc_aux=0.000000 awbc_label_rate=0.250
custom_ppo_update update=25 timesteps=51200 loss=0.851997 entropy=2.091658 adv_std=2.587181 soc_aux=0.000000 awbc_label_rate=0.250
custom_ppo_update update=26 timesteps=53248 loss=0.591070 entropy=2.097813 adv_std=2.337788 soc_aux=0.000000 awbc_label_rate=0.250
custom_ppo_update update=27 timesteps=55296 loss=0.915265 entropy=2.101505 adv_std=2.826615 soc_aux=0.000000 awbc_label_rate=0.250
custom_ppo_update update=28 timesteps=57344 loss=0.859301 entropy=2.093998 adv_std=2.926283 soc_aux=0.000000 awbc_label_rate=0.250
custom_ppo_update update=29 timesteps=59392 loss=0.814352 entropy=2.087057 adv_std=2.757025 soc_aux=0.000000 awbc_label_rate=0.250
custom_ppo_update update=30 timesteps=61440 loss=0.719866 entropy=2.077558 adv_std=2.411803 soc_aux=0.000000 awbc_label_rate=0.250
custom_ppo_update update=31 timesteps=63488 loss=1.002413 entropy=2.076570 adv_std=2.717845 soc_aux=0.000000 awbc_label_rate=0.250
custom_ppo_update update=32 timesteps=65536 loss=0.864640 entropy=2.075920 adv_std=3.012780 soc_aux=0.000000 awbc_label_rate=0.250
custom_ppo_update update=33 timesteps=67584 loss=0.804720 entropy=2.085184 adv_std=2.853735 soc_aux=0.000000 awbc_label_rate=0.250
custom_ppo_update update=34 timesteps=69632 loss=0.867791 entropy=2.085807 adv_std=3.171771 soc_aux=0.000000 awbc_label_rate=0.250
custom_ppo_update update=35 timesteps=71680 loss=0.646815 entropy=2.090719 adv_std=2.488898 soc_aux=0.000000 awbc_label_rate=0.250
custom_ppo_update update=36 timesteps=73728 loss=1.343691 entropy=2.082922 adv_std=3.429862 soc_aux=0.000000 awbc_label_rate=0.250
custom_ppo_update update=37 timesteps=75776 loss=0.953884 entropy=2.079743 adv_std=3.115072 soc_aux=0.000000 awbc_label_rate=0.250
custom_ppo_update update=38 timesteps=77824 loss=0.976656 entropy=2.067857 adv_std=3.243396 soc_aux=0.000000 awbc_label_rate=0.250
custom_ppo_update update=39 timesteps=79872 loss=0.873587 entropy=2.063451 adv_std=3.047554 soc_aux=0.000000 awbc_label_rate=0.250
custom_ppo_update update=40 timesteps=81920 loss=0.762129 entropy=2.076353 adv_std=2.587036 soc_aux=0.000000 awbc_label_rate=0.250
custom_ppo_update update=41 timesteps=83968 loss=1.078135 entropy=2.073862 adv_std=3.090716 soc_aux=0.000000 awbc_label_rate=0.250
custom_ppo_update update=42 timesteps=86016 loss=0.704753 entropy=2.086636 adv_std=2.714086 soc_aux=0.000000 awbc_label_rate=0.250
custom_ppo_update update=43 timesteps=88064 loss=0.740790 entropy=2.095742 adv_std=3.129519 soc_aux=0.000000 awbc_label_rate=0.250
custom_ppo_update update=44 timesteps=90112 loss=0.599000 entropy=2.084393 adv_std=2.326982 soc_aux=0.000000 awbc_label_rate=0.250
custom_ppo_update update=45 timesteps=92160 loss=0.627734 entropy=2.089095 adv_std=2.192125 soc_aux=0.000000 awbc_label_rate=0.250
custom_ppo_update update=46 timesteps=94208 loss=0.413657 entropy=2.074225 adv_std=1.872134 soc_aux=0.000000 awbc_label_rate=0.250
custom_ppo_update update=47 timesteps=96256 loss=0.634418 entropy=2.078521 adv_std=2.619077 soc_aux=0.000000 awbc_label_rate=0.250
custom_ppo_update update=48 timesteps=98304 loss=0.608280 entropy=2.085479 adv_std=1.808941 soc_aux=0.000000 awbc_label_rate=0.250
custom_ppo_update update=49 timesteps=100000 loss=0.710771 entropy=2.077858 adv_std=2.312084 soc_aux=0.000000 awbc_label_rate=0.250
reports/v31_split_protocol_main/raw/budget1p70_seed45/evaluation/v2_eval_overall.csv
                    policy  steps  weighted_normalized_mae      mae     rmse    smape  pearson      dtw  oracle_loss_mean  reward_mean  power_mean  power_max  peak_power_max  steady_violation_rate  peak_violation_rate  event_rate  warmup_abort_count  warmup_abort_rate  obs_reconstruction_mae  forecast_samples  forecast_weighted_mae_overall  forecast_raw_mae_overall  forecast_weighted_mae_event  forecast_weighted_mae_non_event  forecast_weighted_mae_low_temp  forecast_weighted_mae_normal
   full_open_unconstrained   6144                 0.061018 0.767292 2.659823 0.796467 0.888145 0.747820          0.124236    -0.124238    4.620000       4.62            6.28                    1.0                  1.0    0.305501                   0           0.000000                0.061018              6144                       0.124234                  1.747772                     0.130947                         0.102854                        0.105619                      0.104210
 feasible_static_projected   6144                 0.251873 1.958311 4.725094 0.874316 0.918930 1.928743          0.131977    -0.131978    1.460000       1.46            1.95                    0.0                  0.0    0.305501                   0           0.000000                0.251873              6144                       0.131975                  2.020985                     0.138297                         0.111839                        0.110257                      0.120125
validation_selected_static   6144                 0.251873 1.958311 4.725094 0.874316 0.918930 1.928743          0.131977    -0.131978    1.460000       1.46            1.95                    0.0                  0.0    0.305501                   0           0.000000                0.251873              6144                       0.131975                  2.020985                     0.138297                         0.111839                        0.110257                      0.120125
                custom_ppo   6144                 0.239474 1.895095 4.487607 0.873044 0.908814 1.857644          0.134208    -0.137133    1.508818       1.60            2.18                    0.0                  0.0    0.305501                 220           0.035807                0.239474              6144                       0.134287                  2.087926                     0.140471                         0.114586                        0.111206                      0.124874
               round_robin   6144                 0.264849 2.016393 4.776743 0.869879 0.889697 1.956888          0.139799    -0.160221    1.555000       1.64            1.98                    0.0                  0.0    0.305501                1530           0.249023                0.264849              6144                       0.139796                  2.036321                     0.146116                         0.119667                        0.118932                      0.124385
                    random   6144                 0.130148 1.402073 6.757346 0.859305 0.861017 1.054278          0.143975    -0.172326    1.607090       1.70            2.33                    0.0                  0.0    0.305501                2112           0.343750                0.130148              6144                       0.143972                  2.100220                     0.150910                         0.121875                        0.123799                      0.120776
                       aoi   6144                 0.131816 1.375499 6.041918 0.848430 0.830798 1.062080          0.150589    -0.181967    1.622279       1.70            2.33                    0.0                  0.0    0.305501                2340           0.380859                0.131816              6144                       0.150587                  2.023181                     0.151391                         0.148024                        0.127351                      0.161758
reports/v31_split_protocol_main/raw/budget1p70_seed45/v2_custom_ppo_metrics.csv
                    policy  steps  reward_mean  instant_mae  oracle_loss_mean  dtw_mean  power_mean  peak_power_max  event_rate  warmup_abort_count
   full_open_unconstrained   6144    -0.124238     1.655518          0.124236  1.597252    4.620000            6.28    0.305501                   0
validation_selected_static   6144    -0.131978     2.936588          0.131977  2.806344    1.460000            1.95    0.305501                   0
 feasible_static_projected   6144    -0.131978     2.936588          0.131977  2.806344    1.460000            1.95    0.305501                   0
                custom_ppo   6144    -0.137133     2.883195          0.134208  2.754158    1.508818            2.18    0.305501                 220
               round_robin   6144    -0.160221     4.055997          0.139799  3.286357    1.555000            1.98    0.305501                1530
                    random   6144    -0.172326     5.636632          0.143975  3.722095    1.607090            2.33    0.305501                2112
                       aoi   6144    -0.181967     5.817327          0.150589  3.557997    1.622279            2.33    0.305501                2340
reports/v31_split_protocol_main/raw/budget1p70_seed45/split_protocol_manifest.json
