reports/v31_split_protocol_main/raw/budget1p70_seed48/truth_v31_split.csv
reports/v31_split_protocol_main/raw/budget1p70_seed48/dataset_validation/synthetic_validation.csv
custom_ppo_update update=1 timesteps=2048 loss=0.779975 entropy=2.026102 adv_std=1.522968 soc_aux=0.000000 awbc_label_rate=0.250
custom_ppo_update update=2 timesteps=4096 loss=0.582525 entropy=2.018944 adv_std=1.306989 soc_aux=0.000000 awbc_label_rate=0.250
custom_ppo_update update=3 timesteps=6144 loss=1.012527 entropy=2.034959 adv_std=1.746273 soc_aux=0.000000 awbc_label_rate=0.250
custom_ppo_update update=4 timesteps=8192 loss=1.116649 entropy=2.045403 adv_std=2.304575 soc_aux=0.000000 awbc_label_rate=0.250
custom_ppo_update update=5 timesteps=10240 loss=0.819864 entropy=2.036841 adv_std=2.436366 soc_aux=0.000000 awbc_label_rate=0.250
custom_ppo_update update=6 timesteps=12288 loss=0.729103 entropy=2.042608 adv_std=2.059642 soc_aux=0.000000 awbc_label_rate=0.250
custom_ppo_update update=7 timesteps=14336 loss=0.690153 entropy=2.055779 adv_std=2.195677 soc_aux=0.000000 awbc_label_rate=0.250
custom_ppo_update update=8 timesteps=16384 loss=0.810630 entropy=2.037965 adv_std=2.453357 soc_aux=0.000000 awbc_label_rate=0.250
custom_ppo_update update=9 timesteps=18432 loss=0.930939 entropy=2.035940 adv_std=2.971882 soc_aux=0.000000 awbc_label_rate=0.250
custom_ppo_update update=10 timesteps=20480 loss=0.742086 entropy=2.032946 adv_std=2.748987 soc_aux=0.000000 awbc_label_rate=0.250
custom_ppo_update update=11 timesteps=22528 loss=1.046534 entropy=2.036399 adv_std=3.229509 soc_aux=0.000000 awbc_label_rate=0.250
custom_ppo_update update=12 timesteps=24576 loss=1.019161 entropy=2.037613 adv_std=2.569919 soc_aux=0.000000 awbc_label_rate=0.250
custom_ppo_update update=13 timesteps=26624 loss=0.951089 entropy=2.056607 adv_std=2.821762 soc_aux=0.000000 awbc_label_rate=0.250
custom_ppo_update update=14 timesteps=28672 loss=1.028146 entropy=2.055533 adv_std=3.350238 soc_aux=0.000000 awbc_label_rate=0.250
custom_ppo_update update=15 timesteps=30720 loss=0.913844 entropy=2.071678 adv_std=2.273230 soc_aux=0.000000 awbc_label_rate=0.250
custom_ppo_update update=16 timesteps=32768 loss=0.617793 entropy=2.056452 adv_std=2.622341 soc_aux=0.000000 awbc_label_rate=0.250
custom_ppo_update update=17 timesteps=34816 loss=0.572895 entropy=2.040298 adv_std=2.548572 soc_aux=0.000000 awbc_label_rate=0.250
custom_ppo_update update=18 timesteps=36864 loss=0.778090 entropy=2.044261 adv_std=2.382703 soc_aux=0.000000 awbc_label_rate=0.250
custom_ppo_update update=19 timesteps=38912 loss=0.695997 entropy=2.037822 adv_std=2.624871 soc_aux=0.000000 awbc_label_rate=0.250
custom_ppo_update update=20 timesteps=40960 loss=0.625431 entropy=2.049837 adv_std=2.587542 soc_aux=0.000000 awbc_label_rate=0.250
custom_ppo_update update=21 timesteps=43008 loss=0.637377 entropy=2.055354 adv_std=2.726211 soc_aux=0.000000 awbc_label_rate=0.250
custom_ppo_update update=22 timesteps=45056 loss=0.634112 entropy=2.027269 adv_std=2.399600 soc_aux=0.000000 awbc_label_rate=0.250
custom_ppo_update update=23 timesteps=47104 loss=0.724293 entropy=2.049050 adv_std=2.339281 soc_aux=0.000000 awbc_label_rate=0.250
custom_ppo_update update=24 timesteps=49152 loss=1.069820 entropy=2.054434 adv_std=3.206687 soc_aux=0.000000 awbc_label_rate=0.250
custom_ppo_update update=25 timesteps=51200 loss=0.706914 entropy=2.054537 adv_std=3.050845 soc_aux=0.000000 awbc_label_rate=0.250
custom_ppo_update update=26 timesteps=53248 loss=0.747904 entropy=2.043345 adv_std=2.681714 soc_aux=0.000000 awbc_label_rate=0.250
custom_ppo_update update=27 timesteps=55296 loss=0.891947 entropy=2.051012 adv_std=3.277018 soc_aux=0.000000 awbc_label_rate=0.250
custom_ppo_update update=28 timesteps=57344 loss=0.951009 entropy=2.046742 adv_std=3.058088 soc_aux=0.000000 awbc_label_rate=0.250
custom_ppo_update update=29 timesteps=59392 loss=1.152849 entropy=2.040048 adv_std=3.501708 soc_aux=0.000000 awbc_label_rate=0.250
custom_ppo_update update=30 timesteps=61440 loss=0.820797 entropy=2.040165 adv_std=2.362021 soc_aux=0.000000 awbc_label_rate=0.250
custom_ppo_update update=31 timesteps=63488 loss=0.810424 entropy=2.043152 adv_std=2.777215 soc_aux=0.000000 awbc_label_rate=0.250
custom_ppo_update update=32 timesteps=65536 loss=1.013295 entropy=2.066675 adv_std=2.841917 soc_aux=0.000000 awbc_label_rate=0.250
custom_ppo_update update=33 timesteps=67584 loss=0.970289 entropy=2.044084 adv_std=3.193139 soc_aux=0.000000 awbc_label_rate=0.250
custom_ppo_update update=34 timesteps=69632 loss=0.853286 entropy=2.044551 adv_std=3.063863 soc_aux=0.000000 awbc_label_rate=0.250
custom_ppo_update update=35 timesteps=71680 loss=0.903049 entropy=2.059028 adv_std=3.023546 soc_aux=0.000000 awbc_label_rate=0.250
custom_ppo_update update=36 timesteps=73728 loss=0.882312 entropy=2.061231 adv_std=2.830096 soc_aux=0.000000 awbc_label_rate=0.250
custom_ppo_update update=37 timesteps=75776 loss=1.015921 entropy=2.056714 adv_std=3.252798 soc_aux=0.000000 awbc_label_rate=0.250
custom_ppo_update update=38 timesteps=77824 loss=0.809126 entropy=2.057239 adv_std=2.868881 soc_aux=0.000000 awbc_label_rate=0.250
custom_ppo_update update=39 timesteps=79872 loss=0.939779 entropy=2.056793 adv_std=2.972829 soc_aux=0.000000 awbc_label_rate=0.250
custom_ppo_update update=40 timesteps=81920 loss=0.472769 entropy=2.045471 adv_std=2.158941 soc_aux=0.000000 awbc_label_rate=0.250
custom_ppo_update update=41 timesteps=83968 loss=0.585601 entropy=2.035799 adv_std=2.327433 soc_aux=0.000000 awbc_label_rate=0.250
custom_ppo_update update=42 timesteps=86016 loss=1.019526 entropy=2.038294 adv_std=2.548330 soc_aux=0.000000 awbc_label_rate=0.250
custom_ppo_update update=43 timesteps=88064 loss=0.827234 entropy=2.026377 adv_std=3.078517 soc_aux=0.000000 awbc_label_rate=0.250
custom_ppo_update update=44 timesteps=90112 loss=0.914326 entropy=2.024987 adv_std=3.023600 soc_aux=0.000000 awbc_label_rate=0.250
custom_ppo_update update=45 timesteps=92160 loss=0.919168 entropy=2.037871 adv_std=3.171555 soc_aux=0.000000 awbc_label_rate=0.250
custom_ppo_update update=46 timesteps=94208 loss=0.932165 entropy=2.046717 adv_std=2.844762 soc_aux=0.000000 awbc_label_rate=0.250
custom_ppo_update update=47 timesteps=96256 loss=0.666702 entropy=2.035787 adv_std=2.855181 soc_aux=0.000000 awbc_label_rate=0.250
custom_ppo_update update=48 timesteps=98304 loss=0.763875 entropy=2.019634 adv_std=2.738716 soc_aux=0.000000 awbc_label_rate=0.250
custom_ppo_update update=49 timesteps=100000 loss=0.805327 entropy=2.034533 adv_std=2.994966 soc_aux=0.000000 awbc_label_rate=0.250
reports/v31_split_protocol_main/raw/budget1p70_seed48/evaluation/v2_eval_overall.csv
                    policy  steps  weighted_normalized_mae      mae     rmse    smape  pearson      dtw  oracle_loss_mean  reward_mean  power_mean  power_max  peak_power_max  steady_violation_rate  peak_violation_rate  event_rate  warmup_abort_count  warmup_abort_rate  obs_reconstruction_mae  forecast_samples  forecast_weighted_mae_overall  forecast_raw_mae_overall  forecast_weighted_mae_event  forecast_weighted_mae_non_event  forecast_weighted_mae_low_temp  forecast_weighted_mae_normal
   full_open_unconstrained   6144                 0.057967 0.768768 2.681828 0.825486 0.865796 0.754072          0.111956    -0.111958    4.620000       4.62            6.28                    1.0                  1.0    0.250651                   0           0.000000                0.057967              6144                       0.111955                  1.800846                     0.118556                         0.094961                        0.105934                      0.095274
                custom_ppo   6144                 0.100714 1.515326 8.363223 0.881033 0.878707 1.105202          0.120237    -0.121666    1.544782       1.62            2.20                    0.0                  0.0    0.250651                  92           0.014974                0.100714              6144                       0.120227                  2.093021                     0.127225                         0.102215                        0.114203                      0.102745
 feasible_static_projected   6144                 0.248721 1.947521 4.717170 0.901710 0.894148 1.922869          0.123396    -0.123397    1.460000       1.46            1.95                    0.0                  0.0    0.250651                   0           0.000000                0.248721              6144                       0.123393                  1.825822                     0.129651                         0.107285                        0.115769                      0.111679
validation_selected_static   6144                 0.248721 1.947521 4.717170 0.901710 0.894148 1.922869          0.123396    -0.123397    1.460000       1.46            1.95                    0.0                  0.0    0.250651                   0           0.000000                0.248721              6144                       0.123393                  1.825822                     0.129651                         0.107285                        0.115769                      0.111679
                       aoi   6144                 0.107527 1.293574 5.647590 0.869486 0.864150 1.031630          0.129681    -0.168095    1.623031       1.70            2.33                    0.0                  0.0    0.250651                2880           0.468750                0.107527              6144                       0.129683                  2.085465                     0.135412                         0.114935                        0.120579                      0.118745
                    random   6144                 0.118079 1.391158 6.586284 0.884062 0.849868 1.054637          0.130747    -0.156875    1.604883       1.70            2.33                    0.0                  0.0    0.250651                1944           0.316406                0.118079              6144                       0.130749                  2.159042                     0.137482                         0.113419                        0.121713                      0.117845
               round_robin   6144                 0.254018 2.053697 5.113756 0.895620 0.871514 1.975828          0.133537    -0.153959    1.555000       1.64            1.98                    0.0                  0.0    0.250651                1530           0.249023                0.254018              6144                       0.133534                  1.964495                     0.140931                         0.114495                        0.124366                      0.117952
reports/v31_split_protocol_main/raw/budget1p70_seed48/v2_custom_ppo_metrics.csv
                    policy  steps  reward_mean  instant_mae  oracle_loss_mean  dtw_mean  power_mean  peak_power_max  event_rate  warmup_abort_count
   full_open_unconstrained   6144    -0.111958     1.651737          0.111956  1.596247    4.620000            6.28    0.250651                   0
                custom_ppo   6144    -0.121666     2.598990          0.120237  2.186102    1.544782            2.20    0.250651                  92
validation_selected_static   6144    -0.123397     2.927506          0.123396  2.803286    1.460000            1.95    0.250651                   0
 feasible_static_projected   6144    -0.123397     2.927506          0.123396  2.803286    1.460000            1.95    0.250651                   0
                       aoi   6144    -0.168095     5.715342          0.129681  3.537850    1.623031            2.33    0.250651                2880
                    random   6144    -0.156875     6.379123          0.130747  4.479471    1.604883            2.33    0.250651                1944
               round_robin   6144    -0.153959     4.126545          0.133537  3.307731    1.555000            1.98    0.250651                1530
reports/v31_split_protocol_main/raw/budget1p70_seed48/split_protocol_manifest.json
