reports/v31_split_protocol_main/raw/budget1p65_seed42/truth_v31_split.csv
reports/v31_split_protocol_main/raw/budget1p65_seed42/dataset_validation/synthetic_validation.csv
custom_ppo_update update=1 timesteps=2048 loss=0.652929 entropy=1.817994 adv_std=1.378949 soc_aux=0.000000 awbc_label_rate=0.250
custom_ppo_update update=2 timesteps=4096 loss=0.644765 entropy=1.819424 adv_std=1.730068 soc_aux=0.000000 awbc_label_rate=0.250
custom_ppo_update update=3 timesteps=6144 loss=0.488056 entropy=1.831057 adv_std=1.213028 soc_aux=0.000000 awbc_label_rate=0.250
custom_ppo_update update=4 timesteps=8192 loss=0.654278 entropy=1.845876 adv_std=1.765297 soc_aux=0.000000 awbc_label_rate=0.250
custom_ppo_update update=5 timesteps=10240 loss=0.899492 entropy=1.830958 adv_std=2.433632 soc_aux=0.000000 awbc_label_rate=0.250
custom_ppo_update update=6 timesteps=12288 loss=0.674004 entropy=1.836828 adv_std=2.132500 soc_aux=0.000000 awbc_label_rate=0.250
custom_ppo_update update=7 timesteps=14336 loss=0.897523 entropy=1.842075 adv_std=2.389428 soc_aux=0.000000 awbc_label_rate=0.250
custom_ppo_update update=8 timesteps=16384 loss=0.840889 entropy=1.835871 adv_std=3.025104 soc_aux=0.000000 awbc_label_rate=0.250
custom_ppo_update update=9 timesteps=18432 loss=0.888510 entropy=1.842647 adv_std=2.756965 soc_aux=0.000000 awbc_label_rate=0.250
custom_ppo_update update=10 timesteps=20480 loss=1.017291 entropy=1.827178 adv_std=2.866618 soc_aux=0.000000 awbc_label_rate=0.250
custom_ppo_update update=11 timesteps=22528 loss=0.752099 entropy=1.832408 adv_std=2.344877 soc_aux=0.000000 awbc_label_rate=0.250
custom_ppo_update update=12 timesteps=24576 loss=0.638662 entropy=1.830985 adv_std=2.456948 soc_aux=0.000000 awbc_label_rate=0.250
custom_ppo_update update=13 timesteps=26624 loss=0.594784 entropy=1.834136 adv_std=2.006257 soc_aux=0.000000 awbc_label_rate=0.250
custom_ppo_update update=14 timesteps=28672 loss=0.495643 entropy=1.838966 adv_std=2.104309 soc_aux=0.000000 awbc_label_rate=0.250
custom_ppo_update update=15 timesteps=30720 loss=0.697835 entropy=1.849046 adv_std=2.707345 soc_aux=0.000000 awbc_label_rate=0.250
custom_ppo_update update=16 timesteps=32768 loss=0.694658 entropy=1.838115 adv_std=2.655506 soc_aux=0.000000 awbc_label_rate=0.250
custom_ppo_update update=17 timesteps=34816 loss=0.964346 entropy=1.849836 adv_std=2.919561 soc_aux=0.000000 awbc_label_rate=0.250
custom_ppo_update update=18 timesteps=36864 loss=0.858163 entropy=1.837152 adv_std=2.908420 soc_aux=0.000000 awbc_label_rate=0.250
custom_ppo_update update=19 timesteps=38912 loss=0.962260 entropy=1.832574 adv_std=3.040184 soc_aux=0.000000 awbc_label_rate=0.250
custom_ppo_update update=20 timesteps=40960 loss=0.838730 entropy=1.823507 adv_std=2.773325 soc_aux=0.000000 awbc_label_rate=0.250
custom_ppo_update update=21 timesteps=43008 loss=0.567210 entropy=1.831849 adv_std=2.349248 soc_aux=0.000000 awbc_label_rate=0.250
custom_ppo_update update=22 timesteps=45056 loss=0.562069 entropy=1.851971 adv_std=2.067802 soc_aux=0.000000 awbc_label_rate=0.250
custom_ppo_update update=23 timesteps=47104 loss=0.685149 entropy=1.837124 adv_std=2.600348 soc_aux=0.000000 awbc_label_rate=0.250
custom_ppo_update update=24 timesteps=49152 loss=0.541774 entropy=1.858714 adv_std=2.508472 soc_aux=0.000000 awbc_label_rate=0.250
custom_ppo_update update=25 timesteps=51200 loss=0.374674 entropy=1.853616 adv_std=1.721082 soc_aux=0.000000 awbc_label_rate=0.250
custom_ppo_update update=26 timesteps=53248 loss=0.707030 entropy=1.822451 adv_std=3.044767 soc_aux=0.000000 awbc_label_rate=0.250
custom_ppo_update update=27 timesteps=55296 loss=0.619780 entropy=1.826883 adv_std=2.251854 soc_aux=0.000000 awbc_label_rate=0.250
custom_ppo_update update=28 timesteps=57344 loss=0.557816 entropy=1.845259 adv_std=2.518285 soc_aux=0.000000 awbc_label_rate=0.250
custom_ppo_update update=29 timesteps=59392 loss=0.377158 entropy=1.840757 adv_std=1.692176 soc_aux=0.000000 awbc_label_rate=0.250
custom_ppo_update update=30 timesteps=61440 loss=0.548982 entropy=1.844837 adv_std=2.363615 soc_aux=0.000000 awbc_label_rate=0.250
custom_ppo_update update=31 timesteps=63488 loss=0.652530 entropy=1.834317 adv_std=2.157468 soc_aux=0.000000 awbc_label_rate=0.250
custom_ppo_update update=32 timesteps=65536 loss=0.595696 entropy=1.831973 adv_std=2.168360 soc_aux=0.000000 awbc_label_rate=0.250
custom_ppo_update update=33 timesteps=67584 loss=0.451349 entropy=1.851167 adv_std=1.755865 soc_aux=0.000000 awbc_label_rate=0.250
custom_ppo_update update=34 timesteps=69632 loss=0.769946 entropy=1.825844 adv_std=2.736100 soc_aux=0.000000 awbc_label_rate=0.250
custom_ppo_update update=35 timesteps=71680 loss=0.837379 entropy=1.834670 adv_std=2.628641 soc_aux=0.000000 awbc_label_rate=0.250
custom_ppo_update update=36 timesteps=73728 loss=0.894652 entropy=1.835010 adv_std=2.865057 soc_aux=0.000000 awbc_label_rate=0.250
custom_ppo_update update=37 timesteps=75776 loss=0.934010 entropy=1.844538 adv_std=2.872507 soc_aux=0.000000 awbc_label_rate=0.250
custom_ppo_update update=38 timesteps=77824 loss=1.075884 entropy=1.838588 adv_std=3.274959 soc_aux=0.000000 awbc_label_rate=0.250
custom_ppo_update update=39 timesteps=79872 loss=0.783374 entropy=1.835644 adv_std=2.786584 soc_aux=0.000000 awbc_label_rate=0.250
custom_ppo_update update=40 timesteps=81920 loss=0.620554 entropy=1.847105 adv_std=2.684333 soc_aux=0.000000 awbc_label_rate=0.250
custom_ppo_update update=41 timesteps=83968 loss=0.790035 entropy=1.856948 adv_std=2.586098 soc_aux=0.000000 awbc_label_rate=0.250
custom_ppo_update update=42 timesteps=86016 loss=0.934640 entropy=1.841375 adv_std=2.820233 soc_aux=0.000000 awbc_label_rate=0.250
custom_ppo_update update=43 timesteps=88064 loss=1.024933 entropy=1.848362 adv_std=3.187821 soc_aux=0.000000 awbc_label_rate=0.250
custom_ppo_update update=44 timesteps=90112 loss=0.794413 entropy=1.836773 adv_std=2.872153 soc_aux=0.000000 awbc_label_rate=0.250
custom_ppo_update update=45 timesteps=92160 loss=1.018315 entropy=1.842044 adv_std=3.157248 soc_aux=0.000000 awbc_label_rate=0.250
custom_ppo_update update=46 timesteps=94208 loss=0.620717 entropy=1.839674 adv_std=2.645468 soc_aux=0.000000 awbc_label_rate=0.250
custom_ppo_update update=47 timesteps=96256 loss=0.610709 entropy=1.846201 adv_std=2.407026 soc_aux=0.000000 awbc_label_rate=0.250
custom_ppo_update update=48 timesteps=98304 loss=0.457207 entropy=1.834483 adv_std=1.998150 soc_aux=0.000000 awbc_label_rate=0.250
custom_ppo_update update=49 timesteps=100000 loss=0.458927 entropy=1.839387 adv_std=2.057510 soc_aux=0.000000 awbc_label_rate=0.250
reports/v31_split_protocol_main/raw/budget1p65_seed42/evaluation/v2_eval_overall.csv
                    policy  steps  weighted_normalized_mae      mae     rmse    smape  pearson      dtw  oracle_loss_mean  reward_mean  power_mean  power_max  peak_power_max  steady_violation_rate  peak_violation_rate  event_rate  warmup_abort_count  warmup_abort_rate  obs_reconstruction_mae  forecast_samples  forecast_weighted_mae_overall  forecast_raw_mae_overall  forecast_weighted_mae_event  forecast_weighted_mae_non_event  forecast_weighted_mae_low_temp  forecast_weighted_mae_normal
   full_open_unconstrained   6144                 0.064224 0.786289 2.714670 0.790440 0.886469 0.764520          0.134380    -0.134382    4.620000       4.62            6.28                    1.0                  1.0    0.344238                   0           0.000000                0.064224              6144                       0.134382                  1.802091                     0.143495                         0.104558                        0.114544                      0.114944
 feasible_static_projected   6144                 0.253456 1.967938 4.734396 0.866001 0.917168 1.937257          0.135544    -0.135545    1.460000       1.46            1.95                    0.0                  0.0    0.344238                   0           0.000000                0.253456              6144                       0.135548                  2.069771                     0.142604                         0.112457                        0.114830                      0.120318
validation_selected_static   6144                 0.253456 1.967938 4.734396 0.866001 0.917168 1.937257          0.135544    -0.135545    1.460000       1.46            1.95                    0.0                  0.0    0.344238                   0           0.000000                0.253456              6144                       0.135548                  2.069771                     0.142604                         0.112457                        0.114830                      0.120318
                custom_ppo   6144                 0.190040 1.575495 3.980307 0.860173 0.873880 1.444731          0.142063    -0.143902    1.516087       1.62            2.07                    0.0                  0.0    0.344238                 135           0.021973                0.190040              6144                       0.142186                  2.001135                     0.150643                         0.114509                        0.120569                      0.119164
               round_robin   6144                 0.264837 2.077139 5.017991 0.861363 0.890737 1.998187          0.144712    -0.165134    1.555000       1.64            1.98                    0.0                  0.0    0.344238                1530           0.249023                0.264837              6144                       0.144718                  2.187251                     0.152437                         0.119455                        0.119700                      0.129840
                       aoi   6144                 0.113014 1.264225 4.943761 0.832257 0.902794 0.993404          0.160396    -0.174427    1.599902       1.64            2.20                    0.0                  0.0    0.344238                1020           0.166016                0.113014              6144                       0.160398                  2.461768                     0.166656                         0.139919                        0.136432                      0.147043
                    random   6144                 0.124822 1.360177 6.139033 0.846543 0.879428 1.026960          0.161755    -0.178651    1.584453       1.64            2.23                    0.0                  0.0    0.344238                1242           0.202148                0.124822              6144                       0.161757                  2.475317                     0.168122                         0.140928                        0.136023                      0.151184
reports/v31_split_protocol_main/raw/budget1p65_seed42/v2_custom_ppo_metrics.csv
                    policy  steps  reward_mean  instant_mae  oracle_loss_mean  dtw_mean  power_mean  peak_power_max  event_rate  warmup_abort_count
   full_open_unconstrained   6144    -0.134382     1.654744          0.134380  1.595366    4.620000            6.28    0.344238                   0
validation_selected_static   6144    -0.135545     2.946609          0.135544  2.813981    1.460000            1.95    0.344238                   0
 feasible_static_projected   6144    -0.135545     2.946609          0.135544  2.813981    1.460000            1.95    0.344238                   0
                custom_ppo   6144    -0.143902     2.656347          0.142063  2.452669    1.516087            2.07    0.344238                 135
               round_robin   6144    -0.165134     4.111183          0.144712  3.302649    1.555000            1.98    0.344238                1530
                       aoi   6144    -0.174427     5.931548          0.160396  3.641967    1.599902            2.20    0.344238                1020
                    random   6144    -0.178651     5.591432          0.161755  3.630274    1.584453            2.23    0.344238                1242
reports/v31_split_protocol_main/raw/budget1p65_seed42/split_protocol_manifest.json
