reports/v31_split_protocol_main/raw/budget1p75_seed43/truth_v31_split.csv
reports/v31_split_protocol_main/raw/budget1p75_seed43/dataset_validation/synthetic_validation.csv
custom_ppo_update update=1 timesteps=2048 loss=1.335467 entropy=2.185091 adv_std=2.389991 soc_aux=0.000000 awbc_label_rate=0.250
custom_ppo_update update=2 timesteps=4096 loss=0.989918 entropy=2.165084 adv_std=1.946354 soc_aux=0.000000 awbc_label_rate=0.250
custom_ppo_update update=3 timesteps=6144 loss=0.783733 entropy=2.179087 adv_std=2.437824 soc_aux=0.000000 awbc_label_rate=0.250
custom_ppo_update update=4 timesteps=8192 loss=0.591289 entropy=2.202185 adv_std=1.686311 soc_aux=0.000000 awbc_label_rate=0.250
custom_ppo_update update=5 timesteps=10240 loss=0.543923 entropy=2.177460 adv_std=1.770805 soc_aux=0.000000 awbc_label_rate=0.250
custom_ppo_update update=6 timesteps=12288 loss=0.577150 entropy=2.179702 adv_std=1.714837 soc_aux=0.000000 awbc_label_rate=0.250
custom_ppo_update update=7 timesteps=14336 loss=0.838931 entropy=2.192262 adv_std=2.201266 soc_aux=0.000000 awbc_label_rate=0.250
custom_ppo_update update=8 timesteps=16384 loss=0.616594 entropy=2.191307 adv_std=1.926299 soc_aux=0.000000 awbc_label_rate=0.250
custom_ppo_update update=9 timesteps=18432 loss=0.674443 entropy=2.194234 adv_std=2.557984 soc_aux=0.000000 awbc_label_rate=0.250
custom_ppo_update update=10 timesteps=20480 loss=0.605956 entropy=2.178482 adv_std=2.053391 soc_aux=0.000000 awbc_label_rate=0.250
custom_ppo_update update=11 timesteps=22528 loss=1.118669 entropy=2.189848 adv_std=3.356618 soc_aux=0.000000 awbc_label_rate=0.250
custom_ppo_update update=12 timesteps=24576 loss=0.837473 entropy=2.200185 adv_std=2.691134 soc_aux=0.000000 awbc_label_rate=0.250
custom_ppo_update update=13 timesteps=26624 loss=1.050047 entropy=2.208328 adv_std=2.978078 soc_aux=0.000000 awbc_label_rate=0.250
custom_ppo_update update=14 timesteps=28672 loss=0.723329 entropy=2.220689 adv_std=2.536899 soc_aux=0.000000 awbc_label_rate=0.250
custom_ppo_update update=15 timesteps=30720 loss=1.503720 entropy=2.215110 adv_std=3.891214 soc_aux=0.000000 awbc_label_rate=0.250
custom_ppo_update update=16 timesteps=32768 loss=0.996779 entropy=2.210113 adv_std=3.378407 soc_aux=0.000000 awbc_label_rate=0.250
custom_ppo_update update=17 timesteps=34816 loss=0.565172 entropy=2.197720 adv_std=2.376208 soc_aux=0.000000 awbc_label_rate=0.250
custom_ppo_update update=18 timesteps=36864 loss=0.832588 entropy=2.199562 adv_std=3.139977 soc_aux=0.000000 awbc_label_rate=0.250
custom_ppo_update update=19 timesteps=38912 loss=1.079304 entropy=2.212876 adv_std=3.146083 soc_aux=0.000000 awbc_label_rate=0.250
custom_ppo_update update=20 timesteps=40960 loss=1.076887 entropy=2.205976 adv_std=3.012439 soc_aux=0.000000 awbc_label_rate=0.250
custom_ppo_update update=21 timesteps=43008 loss=1.341569 entropy=2.198288 adv_std=3.780788 soc_aux=0.000000 awbc_label_rate=0.250
custom_ppo_update update=22 timesteps=45056 loss=1.144924 entropy=2.195779 adv_std=3.519262 soc_aux=0.000000 awbc_label_rate=0.250
custom_ppo_update update=23 timesteps=47104 loss=1.005467 entropy=2.196085 adv_std=3.426532 soc_aux=0.000000 awbc_label_rate=0.250
custom_ppo_update update=24 timesteps=49152 loss=0.895774 entropy=2.184857 adv_std=2.998179 soc_aux=0.000000 awbc_label_rate=0.250
custom_ppo_update update=25 timesteps=51200 loss=0.988414 entropy=2.185482 adv_std=3.130802 soc_aux=0.000000 awbc_label_rate=0.250
custom_ppo_update update=26 timesteps=53248 loss=0.713561 entropy=2.190021 adv_std=2.602528 soc_aux=0.000000 awbc_label_rate=0.250
custom_ppo_update update=27 timesteps=55296 loss=0.765464 entropy=2.192536 adv_std=2.811047 soc_aux=0.000000 awbc_label_rate=0.250
custom_ppo_update update=28 timesteps=57344 loss=0.931554 entropy=2.173398 adv_std=2.529538 soc_aux=0.000000 awbc_label_rate=0.250
custom_ppo_update update=29 timesteps=59392 loss=0.750527 entropy=2.187892 adv_std=2.932015 soc_aux=0.000000 awbc_label_rate=0.250
custom_ppo_update update=30 timesteps=61440 loss=0.673743 entropy=2.176005 adv_std=2.542143 soc_aux=0.000000 awbc_label_rate=0.250
custom_ppo_update update=31 timesteps=63488 loss=0.846383 entropy=2.180622 adv_std=3.192510 soc_aux=0.000000 awbc_label_rate=0.250
custom_ppo_update update=32 timesteps=65536 loss=0.669785 entropy=2.179382 adv_std=2.721767 soc_aux=0.000000 awbc_label_rate=0.250
custom_ppo_update update=33 timesteps=67584 loss=0.622478 entropy=2.178858 adv_std=2.458408 soc_aux=0.000000 awbc_label_rate=0.250
custom_ppo_update update=34 timesteps=69632 loss=0.844286 entropy=2.182628 adv_std=2.989700 soc_aux=0.000000 awbc_label_rate=0.250
custom_ppo_update update=35 timesteps=71680 loss=0.824948 entropy=2.191651 adv_std=2.683167 soc_aux=0.000000 awbc_label_rate=0.250
custom_ppo_update update=36 timesteps=73728 loss=0.779218 entropy=2.182911 adv_std=2.731510 soc_aux=0.000000 awbc_label_rate=0.250
custom_ppo_update update=37 timesteps=75776 loss=0.999949 entropy=2.189014 adv_std=3.458040 soc_aux=0.000000 awbc_label_rate=0.250
custom_ppo_update update=38 timesteps=77824 loss=0.691367 entropy=2.197277 adv_std=2.468274 soc_aux=0.000000 awbc_label_rate=0.250
custom_ppo_update update=39 timesteps=79872 loss=0.625887 entropy=2.181169 adv_std=2.191808 soc_aux=0.000000 awbc_label_rate=0.250
custom_ppo_update update=40 timesteps=81920 loss=0.915332 entropy=2.191558 adv_std=2.727551 soc_aux=0.000000 awbc_label_rate=0.250
custom_ppo_update update=41 timesteps=83968 loss=0.891804 entropy=2.180232 adv_std=3.091198 soc_aux=0.000000 awbc_label_rate=0.250
custom_ppo_update update=42 timesteps=86016 loss=0.817085 entropy=2.169415 adv_std=3.053103 soc_aux=0.000000 awbc_label_rate=0.250
custom_ppo_update update=43 timesteps=88064 loss=0.704194 entropy=2.179105 adv_std=2.602534 soc_aux=0.000000 awbc_label_rate=0.250
custom_ppo_update update=44 timesteps=90112 loss=0.848694 entropy=2.176539 adv_std=3.038817 soc_aux=0.000000 awbc_label_rate=0.250
custom_ppo_update update=45 timesteps=92160 loss=0.871335 entropy=2.187055 adv_std=2.949593 soc_aux=0.000000 awbc_label_rate=0.250
custom_ppo_update update=46 timesteps=94208 loss=1.109731 entropy=2.186397 adv_std=3.565584 soc_aux=0.000000 awbc_label_rate=0.250
custom_ppo_update update=47 timesteps=96256 loss=1.351930 entropy=2.179462 adv_std=3.979528 soc_aux=0.000000 awbc_label_rate=0.250
custom_ppo_update update=48 timesteps=98304 loss=1.171383 entropy=2.193828 adv_std=3.631781 soc_aux=0.000000 awbc_label_rate=0.250
custom_ppo_update update=49 timesteps=100000 loss=0.719587 entropy=2.185735 adv_std=2.497103 soc_aux=0.000000 awbc_label_rate=0.250
reports/v31_split_protocol_main/raw/budget1p75_seed43/evaluation/v2_eval_overall.csv
                    policy  steps  weighted_normalized_mae      mae     rmse    smape  pearson      dtw  oracle_loss_mean  reward_mean  power_mean  power_max  peak_power_max  steady_violation_rate  peak_violation_rate  event_rate  warmup_abort_count  warmup_abort_rate  obs_reconstruction_mae  forecast_samples  forecast_weighted_mae_overall  forecast_raw_mae_overall  forecast_weighted_mae_event  forecast_weighted_mae_non_event  forecast_weighted_mae_low_temp  forecast_weighted_mae_normal
   full_open_unconstrained   6144                 0.062116 0.780085 2.700019 0.800074 0.880520 0.762575          0.127330    -0.127332    4.620000       4.62            6.28                    1.0                  1.0    0.336426                   0           0.000000                0.062116              6144                       0.127326                  1.837773                     0.133507                         0.109502                        0.107620                      0.120758
                custom_ppo   6144                 0.240563 1.877499 4.479927 0.877368 0.836082 1.822930          0.144744    -0.145969    1.469284       1.60            2.05                    0.0                  0.0    0.336426                  92           0.014974                0.240563              6144                       0.144809                  1.914983                     0.151026                         0.126879                        0.126449                      0.134564
 feasible_static_projected   6144                 0.251069 1.961663 4.720459 0.875107 0.914666 1.931842          0.144914    -0.144915    1.460000       1.46            1.95                    0.0                  0.0    0.336426                   0           0.000000                0.251069              6144                       0.144911                  1.888607                     0.152862                         0.121982                        0.130187                      0.127166
validation_selected_static   6144                 0.251069 1.961663 4.720459 0.875107 0.914666 1.931842          0.144914    -0.144915    1.460000       1.46            1.95                    0.0                  0.0    0.336426                   0           0.000000                0.251069              6144                       0.144911                  1.888607                     0.152862                         0.121982                        0.130187                      0.127166
                    random   6144                 0.130056 1.414155 6.853199 0.861533 0.835554 1.071875          0.146410    -0.180013    1.620020       1.74            2.38                    0.0                  0.0    0.336426                2514           0.409180                0.130056              6144                       0.146410                  2.144739                     0.154356                         0.123496                        0.123158                      0.130017
                       aoi   6144                 0.137074 1.390274 5.991066 0.846007 0.822190 1.086899          0.147498    -0.149030    1.668307       1.72            2.33                    0.0                  0.0    0.336426                  60           0.009766                0.137074              6144                       0.147497                  2.043178                     0.154075                         0.128528                        0.122101                      0.140435
               round_robin   6144                 0.262620 2.030388 4.821912 0.869130 0.881354 1.962521          0.151922    -0.172344    1.555000       1.64            1.98                    0.0                  0.0    0.336426                1530           0.249023                0.262620              6144                       0.151921                  2.060997                     0.159779                         0.129260                        0.134266                      0.135090
reports/v31_split_protocol_main/raw/budget1p75_seed43/v2_custom_ppo_metrics.csv
                    policy  steps  reward_mean  instant_mae  oracle_loss_mean  dtw_mean  power_mean  peak_power_max  event_rate  warmup_abort_count
   full_open_unconstrained   6144    -0.127332     1.648128          0.127330  1.593283    4.620000            6.28    0.336426                   0
                custom_ppo   6144    -0.145969     2.862613          0.144744  2.711790    1.469284            2.05    0.336426                  92
validation_selected_static   6144    -0.144915     2.930721          0.144914  2.804024    1.460000            1.95    0.336426                   0
 feasible_static_projected   6144    -0.144915     2.930721          0.144914  2.804024    1.460000            1.95    0.336426                   0
                    random   6144    -0.180013     6.039523          0.146410  4.076770    1.620020            2.38    0.336426                2514
                       aoi   6144    -0.149030     5.931230          0.147498  3.606845    1.668307            2.33    0.336426                  60
               round_robin   6144    -0.172344     3.987594          0.151922  3.243220    1.555000            1.98    0.336426                1530
reports/v31_split_protocol_main/raw/budget1p75_seed43/split_protocol_manifest.json
