reports/v31_split_protocol_main/raw/budget1p75_seed48/truth_v31_split.csv
reports/v31_split_protocol_main/raw/budget1p75_seed48/dataset_validation/synthetic_validation.csv
custom_ppo_update update=1 timesteps=2048 loss=0.983001 entropy=2.157931 adv_std=1.740963 soc_aux=0.000000 awbc_label_rate=0.250
custom_ppo_update update=2 timesteps=4096 loss=0.673773 entropy=2.139981 adv_std=1.573701 soc_aux=0.000000 awbc_label_rate=0.250
custom_ppo_update update=3 timesteps=6144 loss=1.048152 entropy=2.154027 adv_std=1.822675 soc_aux=0.000000 awbc_label_rate=0.250
custom_ppo_update update=4 timesteps=8192 loss=1.082885 entropy=2.155550 adv_std=2.397224 soc_aux=0.000000 awbc_label_rate=0.250
custom_ppo_update update=5 timesteps=10240 loss=0.986781 entropy=2.161413 adv_std=2.711091 soc_aux=0.000000 awbc_label_rate=0.250
custom_ppo_update update=6 timesteps=12288 loss=0.804642 entropy=2.160892 adv_std=2.159482 soc_aux=0.000000 awbc_label_rate=0.250
custom_ppo_update update=7 timesteps=14336 loss=0.786862 entropy=2.185649 adv_std=2.437821 soc_aux=0.000000 awbc_label_rate=0.250
custom_ppo_update update=8 timesteps=16384 loss=0.772428 entropy=2.161584 adv_std=2.560479 soc_aux=0.000000 awbc_label_rate=0.250
custom_ppo_update update=9 timesteps=18432 loss=0.850995 entropy=2.149444 adv_std=2.826311 soc_aux=0.000000 awbc_label_rate=0.250
custom_ppo_update update=10 timesteps=20480 loss=0.922303 entropy=2.162584 adv_std=3.167759 soc_aux=0.000000 awbc_label_rate=0.250
custom_ppo_update update=11 timesteps=22528 loss=1.074009 entropy=2.175137 adv_std=3.156188 soc_aux=0.000000 awbc_label_rate=0.250
custom_ppo_update update=12 timesteps=24576 loss=1.143395 entropy=2.165394 adv_std=2.304596 soc_aux=0.000000 awbc_label_rate=0.250
custom_ppo_update update=13 timesteps=26624 loss=0.898633 entropy=2.171973 adv_std=2.760774 soc_aux=0.000000 awbc_label_rate=0.250
custom_ppo_update update=14 timesteps=28672 loss=0.953647 entropy=2.199821 adv_std=3.052230 soc_aux=0.000000 awbc_label_rate=0.250
custom_ppo_update update=15 timesteps=30720 loss=1.015991 entropy=2.167718 adv_std=2.314753 soc_aux=0.000000 awbc_label_rate=0.250
custom_ppo_update update=16 timesteps=32768 loss=0.621891 entropy=2.168036 adv_std=2.441221 soc_aux=0.000000 awbc_label_rate=0.250
custom_ppo_update update=17 timesteps=34816 loss=0.655375 entropy=2.154311 adv_std=2.621983 soc_aux=0.000000 awbc_label_rate=0.250
custom_ppo_update update=18 timesteps=36864 loss=0.780827 entropy=2.171769 adv_std=2.561105 soc_aux=0.000000 awbc_label_rate=0.250
custom_ppo_update update=19 timesteps=38912 loss=0.739757 entropy=2.158946 adv_std=2.708631 soc_aux=0.000000 awbc_label_rate=0.250
custom_ppo_update update=20 timesteps=40960 loss=0.701689 entropy=2.163117 adv_std=2.376346 soc_aux=0.000000 awbc_label_rate=0.250
custom_ppo_update update=21 timesteps=43008 loss=0.879985 entropy=2.177663 adv_std=2.939644 soc_aux=0.000000 awbc_label_rate=0.250
custom_ppo_update update=22 timesteps=45056 loss=0.841790 entropy=2.166628 adv_std=2.565073 soc_aux=0.000000 awbc_label_rate=0.250
custom_ppo_update update=23 timesteps=47104 loss=0.989915 entropy=2.171381 adv_std=2.856642 soc_aux=0.000000 awbc_label_rate=0.250
custom_ppo_update update=24 timesteps=49152 loss=0.974103 entropy=2.175753 adv_std=3.344410 soc_aux=0.000000 awbc_label_rate=0.250
custom_ppo_update update=25 timesteps=51200 loss=0.657388 entropy=2.169171 adv_std=2.844149 soc_aux=0.000000 awbc_label_rate=0.250
custom_ppo_update update=26 timesteps=53248 loss=0.988237 entropy=2.162134 adv_std=2.741901 soc_aux=0.000000 awbc_label_rate=0.250
custom_ppo_update update=27 timesteps=55296 loss=0.991373 entropy=2.158568 adv_std=3.245892 soc_aux=0.000000 awbc_label_rate=0.250
custom_ppo_update update=28 timesteps=57344 loss=0.875813 entropy=2.174031 adv_std=3.350985 soc_aux=0.000000 awbc_label_rate=0.250
custom_ppo_update update=29 timesteps=59392 loss=1.187780 entropy=2.167927 adv_std=3.353993 soc_aux=0.000000 awbc_label_rate=0.250
custom_ppo_update update=30 timesteps=61440 loss=1.043776 entropy=2.173522 adv_std=2.363088 soc_aux=0.000000 awbc_label_rate=0.250
custom_ppo_update update=31 timesteps=63488 loss=1.097214 entropy=2.176288 adv_std=3.411204 soc_aux=0.000000 awbc_label_rate=0.250
custom_ppo_update update=32 timesteps=65536 loss=1.054043 entropy=2.169967 adv_std=2.925837 soc_aux=0.000000 awbc_label_rate=0.250
custom_ppo_update update=33 timesteps=67584 loss=0.987140 entropy=2.163240 adv_std=3.249184 soc_aux=0.000000 awbc_label_rate=0.250
custom_ppo_update update=34 timesteps=69632 loss=1.031192 entropy=2.168064 adv_std=3.235017 soc_aux=0.000000 awbc_label_rate=0.250
custom_ppo_update update=35 timesteps=71680 loss=0.756350 entropy=2.170851 adv_std=2.837020 soc_aux=0.000000 awbc_label_rate=0.250
custom_ppo_update update=36 timesteps=73728 loss=1.058982 entropy=2.186192 adv_std=3.115155 soc_aux=0.000000 awbc_label_rate=0.250
custom_ppo_update update=37 timesteps=75776 loss=0.993829 entropy=2.155279 adv_std=3.482571 soc_aux=0.000000 awbc_label_rate=0.250
custom_ppo_update update=38 timesteps=77824 loss=0.727204 entropy=2.176680 adv_std=2.928501 soc_aux=0.000000 awbc_label_rate=0.250
custom_ppo_update update=39 timesteps=79872 loss=0.899441 entropy=2.156307 adv_std=2.852813 soc_aux=0.000000 awbc_label_rate=0.250
custom_ppo_update update=40 timesteps=81920 loss=0.632454 entropy=2.171389 adv_std=2.522504 soc_aux=0.000000 awbc_label_rate=0.250
custom_ppo_update update=41 timesteps=83968 loss=0.692912 entropy=2.174975 adv_std=2.562195 soc_aux=0.000000 awbc_label_rate=0.250
custom_ppo_update update=42 timesteps=86016 loss=0.960768 entropy=2.165968 adv_std=2.809170 soc_aux=0.000000 awbc_label_rate=0.250
custom_ppo_update update=43 timesteps=88064 loss=0.774580 entropy=2.159521 adv_std=2.845873 soc_aux=0.000000 awbc_label_rate=0.250
custom_ppo_update update=44 timesteps=90112 loss=0.954196 entropy=2.160430 adv_std=3.527108 soc_aux=0.000000 awbc_label_rate=0.250
custom_ppo_update update=45 timesteps=92160 loss=0.815649 entropy=2.149655 adv_std=2.905635 soc_aux=0.000000 awbc_label_rate=0.250
custom_ppo_update update=46 timesteps=94208 loss=0.843222 entropy=2.152677 adv_std=2.813288 soc_aux=0.000000 awbc_label_rate=0.250
custom_ppo_update update=47 timesteps=96256 loss=0.803745 entropy=2.147874 adv_std=2.916502 soc_aux=0.000000 awbc_label_rate=0.250
custom_ppo_update update=48 timesteps=98304 loss=0.892167 entropy=2.156433 adv_std=2.894909 soc_aux=0.000000 awbc_label_rate=0.250
custom_ppo_update update=49 timesteps=100000 loss=0.811992 entropy=2.166825 adv_std=3.011697 soc_aux=0.000000 awbc_label_rate=0.250
reports/v31_split_protocol_main/raw/budget1p75_seed48/evaluation/v2_eval_overall.csv
                    policy  steps  weighted_normalized_mae      mae     rmse    smape  pearson      dtw  oracle_loss_mean  reward_mean  power_mean  power_max  peak_power_max  steady_violation_rate  peak_violation_rate  event_rate  warmup_abort_count  warmup_abort_rate  obs_reconstruction_mae  forecast_samples  forecast_weighted_mae_overall  forecast_raw_mae_overall  forecast_weighted_mae_event  forecast_weighted_mae_non_event  forecast_weighted_mae_low_temp  forecast_weighted_mae_normal
   full_open_unconstrained   6144                 0.057967 0.768768 2.681828 0.825486 0.865796 0.754072          0.111339    -0.111341    4.620000       4.62            6.28                    1.0                  1.0    0.250651                   0           0.000000                0.057967              6144                       0.111347                  1.772267                     0.116662                         0.097666                        0.102769                      0.101182
                custom_ppo   6144                 0.175480 1.578978 4.257184 0.892050 0.854083 1.461809          0.118789    -0.119849    1.546253       1.62            2.07                    0.0                  0.0    0.250651                  75           0.012207                0.175480              6144                       0.118804                  1.905150                     0.125422                         0.101767                        0.109139                      0.105617
 feasible_static_projected   6144                 0.248721 1.947521 4.717170 0.901710 0.894148 1.922869          0.121058    -0.121059    1.460000       1.46            1.95                    0.0                  0.0    0.250651                   0           0.000000                0.248721              6144                       0.121061                  1.912800                     0.126371                         0.107391                        0.111100                      0.111114
validation_selected_static   6144                 0.248721 1.947521 4.717170 0.901710 0.894148 1.922869          0.121058    -0.121059    1.460000       1.46            1.95                    0.0                  0.0    0.250651                   0           0.000000                0.248721              6144                       0.121061                  1.912800                     0.126371                         0.107391                        0.111100                      0.111114
                       aoi   6144                 0.106243 1.294074 5.575415 0.866884 0.868159 1.039720          0.130025    -0.131556    1.668376       1.72            2.33                    0.0                  0.0    0.250651                  60           0.009766                0.106243              6144                       0.130034                  2.024030                     0.135495                         0.115978                        0.119609                      0.120093
                    random   6144                 0.119401 1.391860 6.613924 0.885881 0.843776 1.059360          0.132300    -0.168410    1.623711       1.74            2.38                    0.0                  0.0    0.250651                2706           0.440430                0.119401              6144                       0.132307                  2.199666                     0.138014                         0.117616                        0.122351                      0.122394
               round_robin   6144                 0.254018 2.053697 5.113756 0.895620 0.871514 1.975828          0.132901    -0.153323    1.555000       1.64            1.98                    0.0                  0.0    0.250651                1530           0.249023                0.254018              6144                       0.132903                  2.039270                     0.138844                         0.117608                        0.122673                      0.121478
reports/v31_split_protocol_main/raw/budget1p75_seed48/v2_custom_ppo_metrics.csv
                    policy  steps  reward_mean  instant_mae  oracle_loss_mean  dtw_mean  power_mean  peak_power_max  event_rate  warmup_abort_count
   full_open_unconstrained   6144    -0.111341     1.651737          0.111339  1.596247    4.620000            6.28    0.250651                   0
                custom_ppo   6144    -0.119849     2.641349          0.118789  2.445881    1.546253            2.07    0.250651                  75
validation_selected_static   6144    -0.121059     2.927506          0.121058  2.803286    1.460000            1.95    0.250651                   0
 feasible_static_projected   6144    -0.121059     2.927506          0.121058  2.803286    1.460000            1.95    0.250651                   0
                       aoi   6144    -0.131556     5.672151          0.130025  3.514567    1.668376            2.33    0.250651                  60
                    random   6144    -0.168410     6.420670          0.132300  4.458305    1.623711            2.38    0.250651                2706
               round_robin   6144    -0.153323     4.126545          0.132901  3.307731    1.555000            1.98    0.250651                1530
reports/v31_split_protocol_main/raw/budget1p75_seed48/split_protocol_manifest.json
