reports/v31_split_protocol_main/raw/budget1p65_seed47/truth_v31_split.csv
reports/v31_split_protocol_main/raw/budget1p65_seed47/dataset_validation/synthetic_validation.csv
custom_ppo_update update=1 timesteps=2048 loss=0.716085 entropy=1.895661 adv_std=1.299049 soc_aux=0.000000 awbc_label_rate=0.250
custom_ppo_update update=2 timesteps=4096 loss=0.731428 entropy=1.910175 adv_std=1.436613 soc_aux=0.000000 awbc_label_rate=0.250
custom_ppo_update update=3 timesteps=6144 loss=0.751999 entropy=1.913723 adv_std=2.197333 soc_aux=0.000000 awbc_label_rate=0.250
custom_ppo_update update=4 timesteps=8192 loss=0.845907 entropy=1.911262 adv_std=1.929708 soc_aux=0.000000 awbc_label_rate=0.250
custom_ppo_update update=5 timesteps=10240 loss=0.929296 entropy=1.921243 adv_std=2.229296 soc_aux=0.000000 awbc_label_rate=0.250
custom_ppo_update update=6 timesteps=12288 loss=0.844837 entropy=1.924685 adv_std=2.236889 soc_aux=0.000000 awbc_label_rate=0.250
custom_ppo_update update=7 timesteps=14336 loss=0.841060 entropy=1.930312 adv_std=2.423516 soc_aux=0.000000 awbc_label_rate=0.250
custom_ppo_update update=8 timesteps=16384 loss=0.845930 entropy=1.935646 adv_std=2.614476 soc_aux=0.000000 awbc_label_rate=0.250
custom_ppo_update update=9 timesteps=18432 loss=0.715076 entropy=1.952042 adv_std=2.563944 soc_aux=0.000000 awbc_label_rate=0.250
custom_ppo_update update=10 timesteps=20480 loss=0.734841 entropy=1.959443 adv_std=2.640128 soc_aux=0.000000 awbc_label_rate=0.250
custom_ppo_update update=11 timesteps=22528 loss=0.737571 entropy=1.945651 adv_std=2.665723 soc_aux=0.000000 awbc_label_rate=0.250
custom_ppo_update update=12 timesteps=24576 loss=0.868425 entropy=1.949332 adv_std=2.500787 soc_aux=0.000000 awbc_label_rate=0.250
custom_ppo_update update=13 timesteps=26624 loss=0.794137 entropy=1.936237 adv_std=2.773092 soc_aux=0.000000 awbc_label_rate=0.250
custom_ppo_update update=14 timesteps=28672 loss=0.942718 entropy=1.929557 adv_std=3.037008 soc_aux=0.000000 awbc_label_rate=0.250
custom_ppo_update update=15 timesteps=30720 loss=0.706819 entropy=1.947612 adv_std=2.560733 soc_aux=0.000000 awbc_label_rate=0.250
custom_ppo_update update=16 timesteps=32768 loss=1.068976 entropy=1.937466 adv_std=3.179551 soc_aux=0.000000 awbc_label_rate=0.250
custom_ppo_update update=17 timesteps=34816 loss=0.794096 entropy=1.935781 adv_std=2.571069 soc_aux=0.000000 awbc_label_rate=0.250
custom_ppo_update update=18 timesteps=36864 loss=0.920888 entropy=1.941108 adv_std=2.546156 soc_aux=0.000000 awbc_label_rate=0.250
custom_ppo_update update=19 timesteps=38912 loss=1.119042 entropy=1.932671 adv_std=3.153008 soc_aux=0.000000 awbc_label_rate=0.250
custom_ppo_update update=20 timesteps=40960 loss=0.802226 entropy=1.924776 adv_std=2.707116 soc_aux=0.000000 awbc_label_rate=0.250
custom_ppo_update update=21 timesteps=43008 loss=0.621498 entropy=1.941616 adv_std=2.371383 soc_aux=0.000000 awbc_label_rate=0.250
custom_ppo_update update=22 timesteps=45056 loss=0.563219 entropy=1.917958 adv_std=2.307729 soc_aux=0.000000 awbc_label_rate=0.250
custom_ppo_update update=23 timesteps=47104 loss=0.635772 entropy=1.935869 adv_std=2.245587 soc_aux=0.000000 awbc_label_rate=0.250
custom_ppo_update update=24 timesteps=49152 loss=0.671552 entropy=1.933477 adv_std=2.268705 soc_aux=0.000000 awbc_label_rate=0.250
custom_ppo_update update=25 timesteps=51200 loss=0.604175 entropy=1.921044 adv_std=2.523323 soc_aux=0.000000 awbc_label_rate=0.250
custom_ppo_update update=26 timesteps=53248 loss=0.785762 entropy=1.926775 adv_std=2.821300 soc_aux=0.000000 awbc_label_rate=0.250
custom_ppo_update update=27 timesteps=55296 loss=0.692739 entropy=1.916430 adv_std=2.700007 soc_aux=0.000000 awbc_label_rate=0.250
custom_ppo_update update=28 timesteps=57344 loss=0.758935 entropy=1.926210 adv_std=2.528713 soc_aux=0.000000 awbc_label_rate=0.250
custom_ppo_update update=29 timesteps=59392 loss=0.708983 entropy=1.926682 adv_std=2.882474 soc_aux=0.000000 awbc_label_rate=0.250
custom_ppo_update update=30 timesteps=61440 loss=0.723445 entropy=1.935815 adv_std=2.695699 soc_aux=0.000000 awbc_label_rate=0.250
custom_ppo_update update=31 timesteps=63488 loss=0.867706 entropy=1.931865 adv_std=3.171565 soc_aux=0.000000 awbc_label_rate=0.250
custom_ppo_update update=32 timesteps=65536 loss=0.890643 entropy=1.920675 adv_std=2.798946 soc_aux=0.000000 awbc_label_rate=0.250
custom_ppo_update update=33 timesteps=67584 loss=0.858922 entropy=1.924660 adv_std=2.084950 soc_aux=0.000000 awbc_label_rate=0.250
custom_ppo_update update=34 timesteps=69632 loss=0.645243 entropy=1.925404 adv_std=2.219722 soc_aux=0.000000 awbc_label_rate=0.250
custom_ppo_update update=35 timesteps=71680 loss=0.559168 entropy=1.922630 adv_std=2.297082 soc_aux=0.000000 awbc_label_rate=0.250
custom_ppo_update update=36 timesteps=73728 loss=0.959299 entropy=1.927620 adv_std=2.541626 soc_aux=0.000000 awbc_label_rate=0.250
custom_ppo_update update=37 timesteps=75776 loss=0.958389 entropy=1.929407 adv_std=3.224676 soc_aux=0.000000 awbc_label_rate=0.250
custom_ppo_update update=38 timesteps=77824 loss=1.168894 entropy=1.918703 adv_std=3.186302 soc_aux=0.000000 awbc_label_rate=0.250
custom_ppo_update update=39 timesteps=79872 loss=0.657746 entropy=1.928459 adv_std=2.672981 soc_aux=0.000000 awbc_label_rate=0.250
custom_ppo_update update=40 timesteps=81920 loss=1.219897 entropy=1.921804 adv_std=3.014637 soc_aux=0.000000 awbc_label_rate=0.250
custom_ppo_update update=41 timesteps=83968 loss=0.836418 entropy=1.926186 adv_std=2.994661 soc_aux=0.000000 awbc_label_rate=0.250
custom_ppo_update update=42 timesteps=86016 loss=0.710165 entropy=1.917522 adv_std=2.239508 soc_aux=0.000000 awbc_label_rate=0.250
custom_ppo_update update=43 timesteps=88064 loss=1.477958 entropy=1.920045 adv_std=3.876862 soc_aux=0.000000 awbc_label_rate=0.250
custom_ppo_update update=44 timesteps=90112 loss=1.264702 entropy=1.913838 adv_std=3.416668 soc_aux=0.000000 awbc_label_rate=0.250
custom_ppo_update update=45 timesteps=92160 loss=1.039860 entropy=1.919722 adv_std=3.325735 soc_aux=0.000000 awbc_label_rate=0.250
custom_ppo_update update=46 timesteps=94208 loss=1.133494 entropy=1.919671 adv_std=3.332343 soc_aux=0.000000 awbc_label_rate=0.250
custom_ppo_update update=47 timesteps=96256 loss=0.839480 entropy=1.919760 adv_std=2.996693 soc_aux=0.000000 awbc_label_rate=0.250
custom_ppo_update update=48 timesteps=98304 loss=0.886546 entropy=1.919760 adv_std=3.254756 soc_aux=0.000000 awbc_label_rate=0.250
custom_ppo_update update=49 timesteps=100000 loss=0.934024 entropy=1.931967 adv_std=2.949635 soc_aux=0.000000 awbc_label_rate=0.250
reports/v31_split_protocol_main/raw/budget1p65_seed47/evaluation/v2_eval_overall.csv
                    policy  steps  weighted_normalized_mae      mae     rmse    smape  pearson      dtw  oracle_loss_mean  reward_mean  power_mean  power_max  peak_power_max  steady_violation_rate  peak_violation_rate  event_rate  warmup_abort_count  warmup_abort_rate  obs_reconstruction_mae  forecast_samples  forecast_weighted_mae_overall  forecast_raw_mae_overall  forecast_weighted_mae_event  forecast_weighted_mae_non_event  forecast_weighted_mae_low_temp  forecast_weighted_mae_normal
   full_open_unconstrained   6144                 0.061155 0.768300 2.687930 0.805702 0.887345 0.747956          0.124904    -0.124906    4.620000       4.62            6.28                    1.0                  1.0    0.258626                   0           0.000000                0.061155              6144                       0.124904                  2.025322                     0.130028                         0.110525                        0.107121                      0.120046
                custom_ppo   6144                 0.174439 1.456025 3.990415 0.871844 0.881510 1.298823          0.131313    -0.133079    1.491068       1.62            2.20                    0.0                  0.0    0.258626                 129           0.020996                0.174439              6144                       0.131356                  1.948241                     0.137931                         0.112902                        0.114550                      0.118349
 feasible_static_projected   6144                 0.250727 1.950932 4.720871 0.883027 0.916544 1.920726          0.134185    -0.134186    1.460000       1.46            1.95                    0.0                  0.0    0.258626                   0           0.000000                0.250727              6144                       0.134189                  1.902920                     0.139497                         0.119291                        0.116445                      0.129644
validation_selected_static   6144                 0.250727 1.950932 4.720871 0.883027 0.916544 1.920726          0.134185    -0.134186    1.460000       1.46            1.95                    0.0                  0.0    0.258626                   0           0.000000                0.250727              6144                       0.134189                  1.902920                     0.139497                         0.119291                        0.116445                      0.129644
                       aoi   6144                 0.109979 1.329009 6.277829 0.851432 0.907320 1.075461          0.140180    -0.154211    1.599902       1.64            2.20                    0.0                  0.0    0.258626                1020           0.166016                0.109979              6144                       0.140180                  2.104385                     0.147470                         0.119719                        0.123036                      0.125151
               round_robin   6144                 0.258133 2.045027 5.086309 0.878009 0.896880 1.983404          0.141830    -0.162252    1.555000       1.64            1.98                    0.0                  0.0    0.258626                1530           0.249023                0.258133              6144                       0.141836                  2.009866                     0.147211                         0.126749                        0.123882                      0.138050
                    random   6144                 0.119496 1.396151 7.298877 0.866821 0.880876 1.046892          0.141965    -0.158164    1.584551       1.64            2.23                    0.0                  0.0    0.258626                1188           0.193359                0.119496              6144                       0.141967                  2.262192                     0.148737                         0.122966                        0.124873                      0.127930
reports/v31_split_protocol_main/raw/budget1p65_seed47/v2_custom_ppo_metrics.csv
                    policy  steps  reward_mean  instant_mae  oracle_loss_mean  dtw_mean  power_mean  peak_power_max  event_rate  warmup_abort_count
   full_open_unconstrained   6144    -0.124906     1.651822          0.124904  1.596551    4.620000            6.28    0.258626                   0
                custom_ppo   6144    -0.133079     2.551963          0.131313  2.327092    1.491068            2.20    0.258626                 129
validation_selected_static   6144    -0.134186     2.935050          0.134185  2.804879    1.460000            1.95    0.258626                   0
 feasible_static_projected   6144    -0.134186     2.935050          0.134185  2.804879    1.460000            1.95    0.258626                   0
                       aoi   6144    -0.154211     5.781878          0.140180  3.619487    1.599902            2.20    0.258626                1020
               round_robin   6144    -0.162252     4.112885          0.141830  3.303646    1.555000            1.98    0.258626                1530
                    random   6144    -0.158164     5.818177          0.141965  4.032395    1.584551            2.23    0.258626                1188
reports/v31_split_protocol_main/raw/budget1p65_seed47/split_protocol_manifest.json
