reports/v31_split_protocol_main/raw/budget1p70_seed47/truth_v31_split.csv
reports/v31_split_protocol_main/raw/budget1p70_seed47/dataset_validation/synthetic_validation.csv
custom_ppo_update update=1 timesteps=2048 loss=0.760031 entropy=2.074573 adv_std=1.452778 soc_aux=0.000000 awbc_label_rate=0.250
custom_ppo_update update=2 timesteps=4096 loss=0.716425 entropy=2.081759 adv_std=1.465595 soc_aux=0.000000 awbc_label_rate=0.250
custom_ppo_update update=3 timesteps=6144 loss=0.804096 entropy=2.092309 adv_std=2.171078 soc_aux=0.000000 awbc_label_rate=0.250
custom_ppo_update update=4 timesteps=8192 loss=0.991635 entropy=2.099011 adv_std=2.181760 soc_aux=0.000000 awbc_label_rate=0.250
custom_ppo_update update=5 timesteps=10240 loss=1.110135 entropy=2.118152 adv_std=2.734473 soc_aux=0.000000 awbc_label_rate=0.250
custom_ppo_update update=6 timesteps=12288 loss=0.834502 entropy=2.112911 adv_std=2.405064 soc_aux=0.000000 awbc_label_rate=0.250
custom_ppo_update update=7 timesteps=14336 loss=0.963848 entropy=2.108099 adv_std=2.533643 soc_aux=0.000000 awbc_label_rate=0.250
custom_ppo_update update=8 timesteps=16384 loss=0.925653 entropy=2.116163 adv_std=2.597829 soc_aux=0.000000 awbc_label_rate=0.250
custom_ppo_update update=9 timesteps=18432 loss=0.663297 entropy=2.126195 adv_std=2.463345 soc_aux=0.000000 awbc_label_rate=0.250
custom_ppo_update update=10 timesteps=20480 loss=0.823958 entropy=2.132562 adv_std=2.573144 soc_aux=0.000000 awbc_label_rate=0.250
custom_ppo_update update=11 timesteps=22528 loss=0.703747 entropy=2.112441 adv_std=2.553291 soc_aux=0.000000 awbc_label_rate=0.250
custom_ppo_update update=12 timesteps=24576 loss=0.943620 entropy=2.120738 adv_std=2.430218 soc_aux=0.000000 awbc_label_rate=0.250
custom_ppo_update update=13 timesteps=26624 loss=1.065312 entropy=2.109514 adv_std=2.934240 soc_aux=0.000000 awbc_label_rate=0.250
custom_ppo_update update=14 timesteps=28672 loss=0.957171 entropy=2.113494 adv_std=2.917053 soc_aux=0.000000 awbc_label_rate=0.250
custom_ppo_update update=15 timesteps=30720 loss=0.824936 entropy=2.111897 adv_std=2.880945 soc_aux=0.000000 awbc_label_rate=0.250
custom_ppo_update update=16 timesteps=32768 loss=1.096830 entropy=2.106867 adv_std=3.236844 soc_aux=0.000000 awbc_label_rate=0.250
custom_ppo_update update=17 timesteps=34816 loss=0.720969 entropy=2.103507 adv_std=2.654637 soc_aux=0.000000 awbc_label_rate=0.250
custom_ppo_update update=18 timesteps=36864 loss=0.951508 entropy=2.110654 adv_std=2.410736 soc_aux=0.000000 awbc_label_rate=0.250
custom_ppo_update update=19 timesteps=38912 loss=1.091842 entropy=2.118843 adv_std=3.175296 soc_aux=0.000000 awbc_label_rate=0.250
custom_ppo_update update=20 timesteps=40960 loss=0.984794 entropy=2.108411 adv_std=3.219277 soc_aux=0.000000 awbc_label_rate=0.250
custom_ppo_update update=21 timesteps=43008 loss=0.812053 entropy=2.112347 adv_std=2.551286 soc_aux=0.000000 awbc_label_rate=0.250
custom_ppo_update update=22 timesteps=45056 loss=0.597380 entropy=2.118423 adv_std=2.271595 soc_aux=0.000000 awbc_label_rate=0.250
custom_ppo_update update=23 timesteps=47104 loss=0.687607 entropy=2.119023 adv_std=2.385162 soc_aux=0.000000 awbc_label_rate=0.250
custom_ppo_update update=24 timesteps=49152 loss=0.868386 entropy=2.106908 adv_std=2.626479 soc_aux=0.000000 awbc_label_rate=0.250
custom_ppo_update update=25 timesteps=51200 loss=0.695094 entropy=2.114378 adv_std=2.629682 soc_aux=0.000000 awbc_label_rate=0.250
custom_ppo_update update=26 timesteps=53248 loss=0.827739 entropy=2.114556 adv_std=2.950375 soc_aux=0.000000 awbc_label_rate=0.250
custom_ppo_update update=27 timesteps=55296 loss=0.729983 entropy=2.108290 adv_std=2.503895 soc_aux=0.000000 awbc_label_rate=0.250
custom_ppo_update update=28 timesteps=57344 loss=0.738522 entropy=2.112460 adv_std=2.474896 soc_aux=0.000000 awbc_label_rate=0.250
custom_ppo_update update=29 timesteps=59392 loss=0.864371 entropy=2.110582 adv_std=2.872472 soc_aux=0.000000 awbc_label_rate=0.250
custom_ppo_update update=30 timesteps=61440 loss=0.704638 entropy=2.107964 adv_std=2.593143 soc_aux=0.000000 awbc_label_rate=0.250
custom_ppo_update update=31 timesteps=63488 loss=0.900020 entropy=2.105752 adv_std=3.140841 soc_aux=0.000000 awbc_label_rate=0.250
custom_ppo_update update=32 timesteps=65536 loss=0.938133 entropy=2.105428 adv_std=2.863274 soc_aux=0.000000 awbc_label_rate=0.250
custom_ppo_update update=33 timesteps=67584 loss=0.660105 entropy=2.102520 adv_std=2.149037 soc_aux=0.000000 awbc_label_rate=0.250
custom_ppo_update update=34 timesteps=69632 loss=0.691929 entropy=2.101372 adv_std=2.169344 soc_aux=0.000000 awbc_label_rate=0.250
custom_ppo_update update=35 timesteps=71680 loss=0.668688 entropy=2.108405 adv_std=2.689218 soc_aux=0.000000 awbc_label_rate=0.250
custom_ppo_update update=36 timesteps=73728 loss=1.090082 entropy=2.107442 adv_std=2.812359 soc_aux=0.000000 awbc_label_rate=0.250
custom_ppo_update update=37 timesteps=75776 loss=1.107556 entropy=2.103208 adv_std=3.293348 soc_aux=0.000000 awbc_label_rate=0.250
custom_ppo_update update=38 timesteps=77824 loss=1.173498 entropy=2.102219 adv_std=3.365989 soc_aux=0.000000 awbc_label_rate=0.250
custom_ppo_update update=39 timesteps=79872 loss=0.733569 entropy=2.102146 adv_std=2.726255 soc_aux=0.000000 awbc_label_rate=0.250
custom_ppo_update update=40 timesteps=81920 loss=1.471228 entropy=2.094877 adv_std=3.326236 soc_aux=0.000000 awbc_label_rate=0.250
custom_ppo_update update=41 timesteps=83968 loss=0.890304 entropy=2.106419 adv_std=2.902076 soc_aux=0.000000 awbc_label_rate=0.250
custom_ppo_update update=42 timesteps=86016 loss=0.840735 entropy=2.095954 adv_std=2.451751 soc_aux=0.000000 awbc_label_rate=0.250
custom_ppo_update update=43 timesteps=88064 loss=1.300368 entropy=2.104479 adv_std=3.929361 soc_aux=0.000000 awbc_label_rate=0.250
custom_ppo_update update=44 timesteps=90112 loss=1.126673 entropy=2.099393 adv_std=3.000682 soc_aux=0.000000 awbc_label_rate=0.250
custom_ppo_update update=45 timesteps=92160 loss=1.271528 entropy=2.113538 adv_std=3.488076 soc_aux=0.000000 awbc_label_rate=0.250
custom_ppo_update update=46 timesteps=94208 loss=1.381379 entropy=2.116170 adv_std=3.448988 soc_aux=0.000000 awbc_label_rate=0.250
custom_ppo_update update=47 timesteps=96256 loss=1.083477 entropy=2.112763 adv_std=3.241625 soc_aux=0.000000 awbc_label_rate=0.250
custom_ppo_update update=48 timesteps=98304 loss=0.885183 entropy=2.113787 adv_std=3.306327 soc_aux=0.000000 awbc_label_rate=0.250
custom_ppo_update update=49 timesteps=100000 loss=0.914056 entropy=2.116992 adv_std=3.049187 soc_aux=0.000000 awbc_label_rate=0.250
reports/v31_split_protocol_main/raw/budget1p70_seed47/evaluation/v2_eval_overall.csv
                    policy  steps  weighted_normalized_mae      mae     rmse    smape  pearson      dtw  oracle_loss_mean  reward_mean  power_mean  power_max  peak_power_max  steady_violation_rate  peak_violation_rate  event_rate  warmup_abort_count  warmup_abort_rate  obs_reconstruction_mae  forecast_samples  forecast_weighted_mae_overall  forecast_raw_mae_overall  forecast_weighted_mae_event  forecast_weighted_mae_non_event  forecast_weighted_mae_low_temp  forecast_weighted_mae_normal
   full_open_unconstrained   6144                 0.061155 0.768300 2.687930 0.805702 0.887345 0.747956          0.129064    -0.129066    4.620000       4.62            6.28                    1.0                  1.0    0.258626                   0           0.000000                0.061155              6144                       0.129069                  1.878848                     0.136405                         0.108477                        0.110874                      0.115481
                custom_ppo   6144                 0.202570 1.701946 4.169843 0.879985 0.837818 1.619101          0.139110    -0.140441    1.543604       1.62            2.20                    0.0                  0.0    0.258626                  98           0.015951                0.202570              6144                       0.139132                  2.044852                     0.146009                         0.119830                        0.120077                      0.126695
validation_selected_static   6144                 0.221329 1.962533 4.743146 0.884108 0.936345 1.922250          0.139211    -0.139212    1.600000       1.60            2.18                    0.0                  0.0    0.258626                   0           0.000000                0.221329              6144                       0.139211                  2.014066                     0.147573                         0.115743                        0.121116                      0.123501
 feasible_static_projected   6144                 0.250727 1.950932 4.720871 0.883027 0.916544 1.920726          0.141073    -0.141074    1.460000       1.46            1.95                    0.0                  0.0    0.258626                   0           0.000000                0.250727              6144                       0.141073                  2.015859                     0.148987                         0.118862                        0.122647                      0.127566
               round_robin   6144                 0.258133 2.045027 5.086309 0.878009 0.896880 1.983404          0.145816    -0.166238    1.555000       1.64            1.98                    0.0                  0.0    0.258626                1530           0.249023                0.258133              6144                       0.145816                  2.105468                     0.153383                         0.124578                        0.126413                      0.132920
                       aoi   6144                 0.119180 1.345242 6.244116 0.852462 0.877874 1.080418          0.147118    -0.185533    1.623031       1.70            2.33                    0.0                  0.0    0.258626                2880           0.468750                0.119180              6144                       0.147120                  2.125787                     0.154505                         0.126393                        0.126597                      0.132464
                    random   6144                 0.124615 1.427529 7.279965 0.868153 0.867229 1.074479          0.147184    -0.173145    1.603340       1.70            2.33                    0.0                  0.0    0.258626                1932           0.314453                0.124615              6144                       0.147186                  2.277354                     0.154593                         0.126397                        0.126426                      0.131311
reports/v31_split_protocol_main/raw/budget1p70_seed47/v2_custom_ppo_metrics.csv
                    policy  steps  reward_mean  instant_mae  oracle_loss_mean  dtw_mean  power_mean  peak_power_max  event_rate  warmup_abort_count
   full_open_unconstrained   6144    -0.129066     1.651822          0.129064  1.596551    4.620000            6.28    0.258626                   0
                custom_ppo   6144    -0.140441     2.735065          0.139110  2.567860    1.543604            2.20    0.258626                  98
validation_selected_static   6144    -0.139212     2.934509          0.139211  2.801266    1.600000            2.18    0.258626                   0
 feasible_static_projected   6144    -0.141074     2.935050          0.141073  2.804879    1.460000            1.95    0.258626                   0
               round_robin   6144    -0.166238     4.112885          0.145816  3.303646    1.555000            1.98    0.258626                1530
                       aoi   6144    -0.185533     5.849664          0.147118  3.619415    1.623031            2.33    0.258626                2880
                    random   6144    -0.173145     5.793494          0.147184  4.022128    1.603340            2.33    0.258626                1932
reports/v31_split_protocol_main/raw/budget1p70_seed47/split_protocol_manifest.json
