reports/v31_split_protocol_main/raw/budget1p75_seed49/truth_v31_split.csv
reports/v31_split_protocol_main/raw/budget1p75_seed49/dataset_validation/synthetic_validation.csv
custom_ppo_update update=1 timesteps=2048 loss=0.447308 entropy=2.224750 adv_std=0.612442 soc_aux=0.000000 awbc_label_rate=0.250
custom_ppo_update update=2 timesteps=4096 loss=0.464815 entropy=2.228964 adv_std=0.865788 soc_aux=0.000000 awbc_label_rate=0.250
custom_ppo_update update=3 timesteps=6144 loss=0.745602 entropy=2.245603 adv_std=1.628716 soc_aux=0.000000 awbc_label_rate=0.250
custom_ppo_update update=4 timesteps=8192 loss=0.864939 entropy=2.254920 adv_std=1.896231 soc_aux=0.000000 awbc_label_rate=0.250
custom_ppo_update update=5 timesteps=10240 loss=0.803966 entropy=2.249065 adv_std=2.156370 soc_aux=0.000000 awbc_label_rate=0.250
custom_ppo_update update=6 timesteps=12288 loss=0.715535 entropy=2.256606 adv_std=2.360809 soc_aux=0.000000 awbc_label_rate=0.250
custom_ppo_update update=7 timesteps=14336 loss=0.837416 entropy=2.275489 adv_std=2.539872 soc_aux=0.000000 awbc_label_rate=0.250
custom_ppo_update update=8 timesteps=16384 loss=0.680579 entropy=2.269147 adv_std=2.099227 soc_aux=0.000000 awbc_label_rate=0.250
custom_ppo_update update=9 timesteps=18432 loss=1.000793 entropy=2.280454 adv_std=2.753825 soc_aux=0.000000 awbc_label_rate=0.250
custom_ppo_update update=10 timesteps=20480 loss=0.816342 entropy=2.296550 adv_std=2.246967 soc_aux=0.000000 awbc_label_rate=0.250
custom_ppo_update update=11 timesteps=22528 loss=0.968070 entropy=2.270704 adv_std=3.108586 soc_aux=0.000000 awbc_label_rate=0.250
custom_ppo_update update=12 timesteps=24576 loss=0.687318 entropy=2.254110 adv_std=2.728523 soc_aux=0.000000 awbc_label_rate=0.250
custom_ppo_update update=13 timesteps=26624 loss=0.656115 entropy=2.255415 adv_std=2.044019 soc_aux=0.000000 awbc_label_rate=0.250
custom_ppo_update update=14 timesteps=28672 loss=0.797869 entropy=2.263786 adv_std=2.006233 soc_aux=0.000000 awbc_label_rate=0.250
custom_ppo_update update=15 timesteps=30720 loss=0.980697 entropy=2.279575 adv_std=2.561441 soc_aux=0.000000 awbc_label_rate=0.250
custom_ppo_update update=16 timesteps=32768 loss=0.973272 entropy=2.275680 adv_std=3.156805 soc_aux=0.000000 awbc_label_rate=0.250
custom_ppo_update update=17 timesteps=34816 loss=0.678503 entropy=2.268381 adv_std=2.220281 soc_aux=0.000000 awbc_label_rate=0.250
custom_ppo_update update=18 timesteps=36864 loss=1.082876 entropy=2.282423 adv_std=2.993705 soc_aux=0.000000 awbc_label_rate=0.250
custom_ppo_update update=19 timesteps=38912 loss=0.987353 entropy=2.272443 adv_std=2.743474 soc_aux=0.000000 awbc_label_rate=0.250
custom_ppo_update update=20 timesteps=40960 loss=0.758743 entropy=2.263937 adv_std=2.554543 soc_aux=0.000000 awbc_label_rate=0.250
custom_ppo_update update=21 timesteps=43008 loss=0.775498 entropy=2.261690 adv_std=2.493343 soc_aux=0.000000 awbc_label_rate=0.250
custom_ppo_update update=22 timesteps=45056 loss=0.844003 entropy=2.259736 adv_std=2.370857 soc_aux=0.000000 awbc_label_rate=0.250
custom_ppo_update update=23 timesteps=47104 loss=0.944940 entropy=2.265111 adv_std=3.136543 soc_aux=0.000000 awbc_label_rate=0.250
custom_ppo_update update=24 timesteps=49152 loss=0.783822 entropy=2.262051 adv_std=2.493136 soc_aux=0.000000 awbc_label_rate=0.250
custom_ppo_update update=25 timesteps=51200 loss=0.826846 entropy=2.260072 adv_std=2.561672 soc_aux=0.000000 awbc_label_rate=0.250
custom_ppo_update update=26 timesteps=53248 loss=1.075230 entropy=2.278374 adv_std=3.253834 soc_aux=0.000000 awbc_label_rate=0.250
custom_ppo_update update=27 timesteps=55296 loss=0.791809 entropy=2.275457 adv_std=2.863758 soc_aux=0.000000 awbc_label_rate=0.250
custom_ppo_update update=28 timesteps=57344 loss=0.838021 entropy=2.276298 adv_std=2.614323 soc_aux=0.000000 awbc_label_rate=0.250
custom_ppo_update update=29 timesteps=59392 loss=1.034411 entropy=2.265864 adv_std=3.555950 soc_aux=0.000000 awbc_label_rate=0.250
custom_ppo_update update=30 timesteps=61440 loss=0.690183 entropy=2.264926 adv_std=2.300490 soc_aux=0.000000 awbc_label_rate=0.250
custom_ppo_update update=31 timesteps=63488 loss=0.586878 entropy=2.281142 adv_std=2.358722 soc_aux=0.000000 awbc_label_rate=0.250
custom_ppo_update update=32 timesteps=65536 loss=0.863061 entropy=2.275225 adv_std=2.466885 soc_aux=0.000000 awbc_label_rate=0.250
custom_ppo_update update=33 timesteps=67584 loss=1.110296 entropy=2.267558 adv_std=2.508314 soc_aux=0.000000 awbc_label_rate=0.250
custom_ppo_update update=34 timesteps=69632 loss=0.849306 entropy=2.253014 adv_std=2.499606 soc_aux=0.000000 awbc_label_rate=0.250
custom_ppo_update update=35 timesteps=71680 loss=1.307374 entropy=2.275980 adv_std=3.161512 soc_aux=0.000000 awbc_label_rate=0.250
custom_ppo_update update=36 timesteps=73728 loss=1.223293 entropy=2.280384 adv_std=2.946823 soc_aux=0.000000 awbc_label_rate=0.250
custom_ppo_update update=37 timesteps=75776 loss=0.853857 entropy=2.259254 adv_std=2.298020 soc_aux=0.000000 awbc_label_rate=0.250
custom_ppo_update update=38 timesteps=77824 loss=0.919483 entropy=2.267511 adv_std=3.085956 soc_aux=0.000000 awbc_label_rate=0.250
custom_ppo_update update=39 timesteps=79872 loss=0.898322 entropy=2.268917 adv_std=3.150455 soc_aux=0.000000 awbc_label_rate=0.250
custom_ppo_update update=40 timesteps=81920 loss=0.923303 entropy=2.264209 adv_std=3.018379 soc_aux=0.000000 awbc_label_rate=0.250
custom_ppo_update update=41 timesteps=83968 loss=1.135209 entropy=2.287641 adv_std=3.183598 soc_aux=0.000000 awbc_label_rate=0.250
custom_ppo_update update=42 timesteps=86016 loss=0.841912 entropy=2.271253 adv_std=2.826913 soc_aux=0.000000 awbc_label_rate=0.250
custom_ppo_update update=43 timesteps=88064 loss=0.771608 entropy=2.274993 adv_std=2.349437 soc_aux=0.000000 awbc_label_rate=0.250
custom_ppo_update update=44 timesteps=90112 loss=0.813269 entropy=2.265353 adv_std=2.658048 soc_aux=0.000000 awbc_label_rate=0.250
custom_ppo_update update=45 timesteps=92160 loss=0.811340 entropy=2.265767 adv_std=3.027753 soc_aux=0.000000 awbc_label_rate=0.250
custom_ppo_update update=46 timesteps=94208 loss=0.862549 entropy=2.273378 adv_std=2.916984 soc_aux=0.000000 awbc_label_rate=0.250
custom_ppo_update update=47 timesteps=96256 loss=1.129222 entropy=2.268542 adv_std=3.297628 soc_aux=0.000000 awbc_label_rate=0.250
custom_ppo_update update=48 timesteps=98304 loss=0.991966 entropy=2.258308 adv_std=2.952060 soc_aux=0.000000 awbc_label_rate=0.250
custom_ppo_update update=49 timesteps=100000 loss=1.440232 entropy=2.268369 adv_std=4.138434 soc_aux=0.000000 awbc_label_rate=0.250
reports/v31_split_protocol_main/raw/budget1p75_seed49/evaluation/v2_eval_overall.csv
                    policy  steps  weighted_normalized_mae      mae     rmse    smape  pearson      dtw  oracle_loss_mean  reward_mean  power_mean  power_max  peak_power_max  steady_violation_rate  peak_violation_rate  event_rate  warmup_abort_count  warmup_abort_rate  obs_reconstruction_mae  forecast_samples  forecast_weighted_mae_overall  forecast_raw_mae_overall  forecast_weighted_mae_event  forecast_weighted_mae_non_event  forecast_weighted_mae_low_temp  forecast_weighted_mae_normal
   full_open_unconstrained   6144                 0.058582 0.778942 2.729549 0.832697 0.872842 0.765126          0.117317    -0.117319    4.620000       4.62            6.28                    1.0                  1.0    0.207194                   0           0.000000                0.058582              6144                       0.117318                  1.663799                     0.115357                         0.122015                        0.102734                      0.135922
 feasible_static_projected   6144                 0.248632 1.941913 4.700001 0.910184 0.895683 1.916534          0.123222    -0.123223    1.460000       1.46            1.95                    0.0                  0.0    0.207194                   0           0.000000                0.248632              6144                       0.123224                  1.817352                     0.122533                         0.124878                        0.111211                      0.134073
validation_selected_static   6144                 0.248632 1.941913 4.700001 0.910184 0.895683 1.916534          0.123222    -0.123223    1.460000       1.46            1.95                    0.0                  0.0    0.207194                   0           0.000000                0.248632              6144                       0.123224                  1.817352                     0.122533                         0.124878                        0.111211                      0.134073
                custom_ppo   6144                 0.219569 1.877622 4.483632 0.909662 0.890868 1.849936          0.124547    -0.125280    1.559303       1.60            2.18                    0.0                  0.0    0.207194                  54           0.008789                0.219569              6144                       0.124586                  1.724079                     0.123953                         0.126103                        0.110218                      0.136156
               round_robin   6144                 0.253241 1.993922 4.833346 0.904189 0.879163 1.945084          0.127020    -0.147442    1.555000       1.64            1.98                    0.0                  0.0    0.207194                1530           0.249023                0.253241              6144                       0.127024                  1.714424                     0.125609                         0.130411                        0.114210                      0.138934
                    random   6144                 0.111893 1.363601 7.095551 0.889105 0.857671 1.031948          0.128825    -0.164855    1.624551       1.74            2.38                    0.0                  0.0    0.207194                2700           0.439453                0.111893              6144                       0.128823                  1.915125                     0.128357                         0.129937                        0.114233                      0.140073
                       aoi   6144                 0.109409 1.322910 5.940969 0.877614 0.827559 1.043597          0.131064    -0.132595    1.668307       1.72            2.33                    0.0                  0.0    0.207194                  60           0.009766                0.109409              6144                       0.131062                  1.844673                     0.129077                         0.135817                        0.115368                      0.147389
reports/v31_split_protocol_main/raw/budget1p75_seed49/v2_custom_ppo_metrics.csv
                    policy  steps  reward_mean  instant_mae  oracle_loss_mean  dtw_mean  power_mean  peak_power_max  event_rate  warmup_abort_count
   full_open_unconstrained   6144    -0.117319     1.657084          0.117317  1.600745    4.620000            6.28    0.207194                   0
validation_selected_static   6144    -0.123223     2.917854          0.123222  2.793160    1.460000            1.95    0.207194                   0
 feasible_static_projected   6144    -0.123223     2.917854          0.123222  2.793160    1.460000            1.95    0.207194                   0
                custom_ppo   6144    -0.125280     2.867976          0.124547  2.745855    1.559303            2.18    0.207194                  54
               round_robin   6144    -0.147442     4.012063          0.127020  3.233444    1.555000            1.98    0.207194                1530
                    random   6144    -0.164855     5.320392          0.128825  3.380865    1.624551            2.38    0.207194                2700
                       aoi   6144    -0.132595     5.920670          0.131064  3.528847    1.668307            2.33    0.207194                  60
reports/v31_split_protocol_main/raw/budget1p75_seed49/split_protocol_manifest.json
