reports/v31_split_protocol_main/raw/budget1p75_seed44/truth_v31_split.csv
reports/v31_split_protocol_main/raw/budget1p75_seed44/dataset_validation/synthetic_validation.csv
custom_ppo_update update=1 timesteps=2048 loss=0.497439 entropy=2.136516 adv_std=0.947659 soc_aux=0.000000 awbc_label_rate=0.250
custom_ppo_update update=2 timesteps=4096 loss=0.667644 entropy=2.127454 adv_std=1.361707 soc_aux=0.000000 awbc_label_rate=0.250
custom_ppo_update update=3 timesteps=6144 loss=0.629711 entropy=2.125101 adv_std=1.330887 soc_aux=0.000000 awbc_label_rate=0.250
custom_ppo_update update=4 timesteps=8192 loss=0.777623 entropy=2.131963 adv_std=1.820259 soc_aux=0.000000 awbc_label_rate=0.250
custom_ppo_update update=5 timesteps=10240 loss=0.545219 entropy=2.149019 adv_std=1.617608 soc_aux=0.000000 awbc_label_rate=0.250
custom_ppo_update update=6 timesteps=12288 loss=0.677404 entropy=2.156854 adv_std=1.793869 soc_aux=0.000000 awbc_label_rate=0.250
custom_ppo_update update=7 timesteps=14336 loss=0.625519 entropy=2.151794 adv_std=2.077224 soc_aux=0.000000 awbc_label_rate=0.250
custom_ppo_update update=8 timesteps=16384 loss=0.815960 entropy=2.159996 adv_std=2.677453 soc_aux=0.000000 awbc_label_rate=0.250
custom_ppo_update update=9 timesteps=18432 loss=0.649349 entropy=2.185651 adv_std=1.939850 soc_aux=0.000000 awbc_label_rate=0.250
custom_ppo_update update=10 timesteps=20480 loss=0.749431 entropy=2.150365 adv_std=2.819267 soc_aux=0.000000 awbc_label_rate=0.250
custom_ppo_update update=11 timesteps=22528 loss=0.687084 entropy=2.161792 adv_std=2.365672 soc_aux=0.000000 awbc_label_rate=0.250
custom_ppo_update update=12 timesteps=24576 loss=0.610056 entropy=2.172403 adv_std=1.832466 soc_aux=0.000000 awbc_label_rate=0.250
custom_ppo_update update=13 timesteps=26624 loss=0.728960 entropy=2.146210 adv_std=2.348677 soc_aux=0.000000 awbc_label_rate=0.250
custom_ppo_update update=14 timesteps=28672 loss=0.850628 entropy=2.140522 adv_std=2.554828 soc_aux=0.000000 awbc_label_rate=0.250
custom_ppo_update update=15 timesteps=30720 loss=0.730289 entropy=2.164516 adv_std=2.560903 soc_aux=0.000000 awbc_label_rate=0.250
custom_ppo_update update=16 timesteps=32768 loss=0.951536 entropy=2.143938 adv_std=2.823881 soc_aux=0.000000 awbc_label_rate=0.250
custom_ppo_update update=17 timesteps=34816 loss=0.742389 entropy=2.150225 adv_std=2.320746 soc_aux=0.000000 awbc_label_rate=0.250
custom_ppo_update update=18 timesteps=36864 loss=0.789101 entropy=2.170014 adv_std=2.892758 soc_aux=0.000000 awbc_label_rate=0.250
custom_ppo_update update=19 timesteps=38912 loss=0.788792 entropy=2.134421 adv_std=2.512675 soc_aux=0.000000 awbc_label_rate=0.250
custom_ppo_update update=20 timesteps=40960 loss=0.843187 entropy=2.150149 adv_std=2.779343 soc_aux=0.000000 awbc_label_rate=0.250
custom_ppo_update update=21 timesteps=43008 loss=1.045114 entropy=2.155662 adv_std=3.301441 soc_aux=0.000000 awbc_label_rate=0.250
custom_ppo_update update=22 timesteps=45056 loss=0.724373 entropy=2.165774 adv_std=2.620583 soc_aux=0.000000 awbc_label_rate=0.250
custom_ppo_update update=23 timesteps=47104 loss=0.661024 entropy=2.177083 adv_std=2.256395 soc_aux=0.000000 awbc_label_rate=0.250
custom_ppo_update update=24 timesteps=49152 loss=0.680042 entropy=2.159429 adv_std=2.496935 soc_aux=0.000000 awbc_label_rate=0.250
custom_ppo_update update=25 timesteps=51200 loss=0.603317 entropy=2.145560 adv_std=1.941586 soc_aux=0.000000 awbc_label_rate=0.250
custom_ppo_update update=26 timesteps=53248 loss=0.756719 entropy=2.193753 adv_std=2.749171 soc_aux=0.000000 awbc_label_rate=0.250
custom_ppo_update update=27 timesteps=55296 loss=0.603740 entropy=2.168202 adv_std=2.490604 soc_aux=0.000000 awbc_label_rate=0.250
custom_ppo_update update=28 timesteps=57344 loss=0.790662 entropy=2.141129 adv_std=2.209150 soc_aux=0.000000 awbc_label_rate=0.250
custom_ppo_update update=29 timesteps=59392 loss=0.653393 entropy=2.168760 adv_std=2.334430 soc_aux=0.000000 awbc_label_rate=0.250
custom_ppo_update update=30 timesteps=61440 loss=0.660070 entropy=2.150024 adv_std=2.130440 soc_aux=0.000000 awbc_label_rate=0.250
custom_ppo_update update=31 timesteps=63488 loss=0.571240 entropy=2.143622 adv_std=2.350584 soc_aux=0.000000 awbc_label_rate=0.250
custom_ppo_update update=32 timesteps=65536 loss=0.526513 entropy=2.156565 adv_std=1.843428 soc_aux=0.000000 awbc_label_rate=0.250
custom_ppo_update update=33 timesteps=67584 loss=0.593451 entropy=2.132300 adv_std=2.096775 soc_aux=0.000000 awbc_label_rate=0.250
custom_ppo_update update=34 timesteps=69632 loss=0.613124 entropy=2.147766 adv_std=2.239345 soc_aux=0.000000 awbc_label_rate=0.250
custom_ppo_update update=35 timesteps=71680 loss=0.708470 entropy=2.141359 adv_std=2.496859 soc_aux=0.000000 awbc_label_rate=0.250
custom_ppo_update update=36 timesteps=73728 loss=0.906764 entropy=2.149952 adv_std=2.523594 soc_aux=0.000000 awbc_label_rate=0.250
custom_ppo_update update=37 timesteps=75776 loss=1.009927 entropy=2.158920 adv_std=3.063528 soc_aux=0.000000 awbc_label_rate=0.250
custom_ppo_update update=38 timesteps=77824 loss=0.867392 entropy=2.154922 adv_std=2.804502 soc_aux=0.000000 awbc_label_rate=0.250
custom_ppo_update update=39 timesteps=79872 loss=1.003096 entropy=2.168898 adv_std=3.127471 soc_aux=0.000000 awbc_label_rate=0.250
custom_ppo_update update=40 timesteps=81920 loss=0.628783 entropy=2.144875 adv_std=2.076693 soc_aux=0.000000 awbc_label_rate=0.250
custom_ppo_update update=41 timesteps=83968 loss=0.936583 entropy=2.151240 adv_std=3.097244 soc_aux=0.000000 awbc_label_rate=0.250
custom_ppo_update update=42 timesteps=86016 loss=0.943439 entropy=2.161470 adv_std=3.105637 soc_aux=0.000000 awbc_label_rate=0.250
custom_ppo_update update=43 timesteps=88064 loss=0.537797 entropy=2.153683 adv_std=2.249410 soc_aux=0.000000 awbc_label_rate=0.250
custom_ppo_update update=44 timesteps=90112 loss=1.067509 entropy=2.131075 adv_std=3.096047 soc_aux=0.000000 awbc_label_rate=0.250
custom_ppo_update update=45 timesteps=92160 loss=0.674990 entropy=2.156935 adv_std=2.337626 soc_aux=0.000000 awbc_label_rate=0.250
custom_ppo_update update=46 timesteps=94208 loss=0.802466 entropy=2.160714 adv_std=2.401937 soc_aux=0.000000 awbc_label_rate=0.250
custom_ppo_update update=47 timesteps=96256 loss=0.749916 entropy=2.146824 adv_std=2.448168 soc_aux=0.000000 awbc_label_rate=0.250
custom_ppo_update update=48 timesteps=98304 loss=0.776777 entropy=2.154903 adv_std=2.941366 soc_aux=0.000000 awbc_label_rate=0.250
custom_ppo_update update=49 timesteps=100000 loss=0.501890 entropy=2.145813 adv_std=1.958899 soc_aux=0.000000 awbc_label_rate=0.250
reports/v31_split_protocol_main/raw/budget1p75_seed44/evaluation/v2_eval_overall.csv
                    policy  steps  weighted_normalized_mae      mae     rmse    smape  pearson      dtw  oracle_loss_mean  reward_mean  power_mean  power_max  peak_power_max  steady_violation_rate  peak_violation_rate  event_rate  warmup_abort_count  warmup_abort_rate  obs_reconstruction_mae  forecast_samples  forecast_weighted_mae_overall  forecast_raw_mae_overall  forecast_weighted_mae_event  forecast_weighted_mae_non_event  forecast_weighted_mae_low_temp  forecast_weighted_mae_normal
   full_open_unconstrained   6144                 0.061687 0.766669 2.655584 0.804341 0.885680 0.748670          0.123096    -0.123098    4.620000       4.62            6.28                    1.0                  1.0    0.272298                   0           0.000000                0.061687              6144                       0.123101                  1.731603                     0.130663                         0.101769                        0.104762                      0.103534
                custom_ppo   6144                 0.238370 1.887613 4.482344 0.883096 0.902903 1.851630          0.142072    -0.145462    1.508353       1.60            2.18                    0.0                  0.0    0.272298                 255           0.041504                0.238370              6144                       0.142190                  1.935893                     0.152968                         0.111786                        0.128273                      0.106211
 feasible_static_projected   6144                 0.251207 1.961436 4.721909 0.881820 0.918357 1.931327          0.143782    -0.143783    1.460000       1.46            1.95                    0.0                  0.0    0.272298                   0           0.000000                0.251207              6144                       0.143787                  1.970432                     0.154548                         0.113433                        0.131411                      0.107482
                    random   6144                 0.129962 1.428833 7.015742 0.867416 0.861642 1.086122          0.145239    -0.178533    1.620000       1.74            2.38                    0.0                  0.0    0.272298                2490           0.405273                0.129962              6144                       0.145244                  2.228009                     0.153380                         0.122293                        0.123845                      0.119543
validation_selected_static   6144                 0.223036 1.965624 4.744090 0.882272 0.932679 1.925417          0.146098    -0.146099    1.600000       1.60            2.18                    0.0                  0.0    0.272298                   0           0.000000                0.223036              6144                       0.146106                  1.981802                     0.157632                         0.113593                        0.133365                      0.106145
                       aoi   6144                 0.122120 1.353406 5.527994 0.860794 0.829921 1.067379          0.146540    -0.148071    1.668353       1.72            2.33                    0.0                  0.0    0.272298                  60           0.009766                0.122120              6144                       0.146545                  2.036098                     0.156275                         0.119098                        0.120541                      0.117431
               round_robin   6144                 0.262620 2.014604 4.788402 0.877220 0.882640 1.953119          0.153656    -0.174078    1.555000       1.64            1.98                    0.0                  0.0    0.272298                1530           0.249023                0.262620              6144                       0.153662                  2.050968                     0.165340                         0.120719                        0.140096                      0.112192
reports/v31_split_protocol_main/raw/budget1p75_seed44/v2_custom_ppo_metrics.csv
                    policy  steps  reward_mean  instant_mae  oracle_loss_mean  dtw_mean  power_mean  peak_power_max  event_rate  warmup_abort_count
   full_open_unconstrained   6144    -0.123098     1.656548          0.123096  1.598771    4.620000            6.28    0.272298                   0
                custom_ppo   6144    -0.145462     2.884266          0.142072  2.749956    1.508353            2.18    0.272298                 255
 feasible_static_projected   6144    -0.143783     2.938493          0.143782  2.805696    1.460000            1.95    0.272298                   0
                    random   6144    -0.178533     5.685597          0.145239  3.732814    1.620000            2.38    0.272298                2490
validation_selected_static   6144    -0.146099     2.937366          0.146098  2.796244    1.600000            2.18    0.272298                   0
                       aoi   6144    -0.148071     5.877872          0.146540  3.614339    1.668353            2.33    0.272298                  60
               round_robin   6144    -0.174078     3.985528          0.153656  3.249278    1.555000            1.98    0.272298                1530
reports/v31_split_protocol_main/raw/budget1p75_seed44/split_protocol_manifest.json
