reports/v31_split_protocol_main/raw/budget1p75_seed42/truth_v31_split.csv
reports/v31_split_protocol_main/raw/budget1p75_seed42/dataset_validation/synthetic_validation.csv
custom_ppo_update update=1 timesteps=2048 loss=0.714075 entropy=2.193682 adv_std=1.249842 soc_aux=0.000000 awbc_label_rate=0.250
custom_ppo_update update=2 timesteps=4096 loss=0.905210 entropy=2.202911 adv_std=1.857083 soc_aux=0.000000 awbc_label_rate=0.250
custom_ppo_update update=3 timesteps=6144 loss=0.471118 entropy=2.194615 adv_std=1.354270 soc_aux=0.000000 awbc_label_rate=0.250
custom_ppo_update update=4 timesteps=8192 loss=0.733327 entropy=2.211733 adv_std=1.782879 soc_aux=0.000000 awbc_label_rate=0.250
custom_ppo_update update=5 timesteps=10240 loss=0.934142 entropy=2.196082 adv_std=2.407044 soc_aux=0.000000 awbc_label_rate=0.250
custom_ppo_update update=6 timesteps=12288 loss=0.802240 entropy=2.198198 adv_std=2.163790 soc_aux=0.000000 awbc_label_rate=0.250
custom_ppo_update update=7 timesteps=14336 loss=0.809620 entropy=2.203783 adv_std=2.304214 soc_aux=0.000000 awbc_label_rate=0.250
custom_ppo_update update=8 timesteps=16384 loss=0.935844 entropy=2.206413 adv_std=2.843450 soc_aux=0.000000 awbc_label_rate=0.250
custom_ppo_update update=9 timesteps=18432 loss=0.807450 entropy=2.215794 adv_std=2.500070 soc_aux=0.000000 awbc_label_rate=0.250
custom_ppo_update update=10 timesteps=20480 loss=1.230295 entropy=2.211164 adv_std=3.209663 soc_aux=0.000000 awbc_label_rate=0.250
custom_ppo_update update=11 timesteps=22528 loss=0.746573 entropy=2.216353 adv_std=2.260094 soc_aux=0.000000 awbc_label_rate=0.250
custom_ppo_update update=12 timesteps=24576 loss=0.802373 entropy=2.216558 adv_std=2.480390 soc_aux=0.000000 awbc_label_rate=0.250
custom_ppo_update update=13 timesteps=26624 loss=0.815355 entropy=2.218360 adv_std=2.371441 soc_aux=0.000000 awbc_label_rate=0.250
custom_ppo_update update=14 timesteps=28672 loss=0.535712 entropy=2.224159 adv_std=2.256714 soc_aux=0.000000 awbc_label_rate=0.250
custom_ppo_update update=15 timesteps=30720 loss=0.667406 entropy=2.210462 adv_std=2.572701 soc_aux=0.000000 awbc_label_rate=0.250
custom_ppo_update update=16 timesteps=32768 loss=0.818629 entropy=2.207551 adv_std=2.768958 soc_aux=0.000000 awbc_label_rate=0.250
custom_ppo_update update=17 timesteps=34816 loss=1.052536 entropy=2.216121 adv_std=3.254582 soc_aux=0.000000 awbc_label_rate=0.250
custom_ppo_update update=18 timesteps=36864 loss=1.044947 entropy=2.222160 adv_std=2.964128 soc_aux=0.000000 awbc_label_rate=0.250
custom_ppo_update update=19 timesteps=38912 loss=0.995347 entropy=2.221719 adv_std=3.375314 soc_aux=0.000000 awbc_label_rate=0.250
custom_ppo_update update=20 timesteps=40960 loss=0.989329 entropy=2.211763 adv_std=2.839859 soc_aux=0.000000 awbc_label_rate=0.250
custom_ppo_update update=21 timesteps=43008 loss=0.671239 entropy=2.232000 adv_std=2.513057 soc_aux=0.000000 awbc_label_rate=0.250
custom_ppo_update update=22 timesteps=45056 loss=0.582700 entropy=2.233689 adv_std=2.212445 soc_aux=0.000000 awbc_label_rate=0.250
custom_ppo_update update=23 timesteps=47104 loss=0.806722 entropy=2.194999 adv_std=2.712657 soc_aux=0.000000 awbc_label_rate=0.250
custom_ppo_update update=24 timesteps=49152 loss=0.582464 entropy=2.215904 adv_std=2.398180 soc_aux=0.000000 awbc_label_rate=0.250
custom_ppo_update update=25 timesteps=51200 loss=0.496750 entropy=2.229346 adv_std=2.015884 soc_aux=0.000000 awbc_label_rate=0.250
custom_ppo_update update=26 timesteps=53248 loss=0.630722 entropy=2.220418 adv_std=2.744760 soc_aux=0.000000 awbc_label_rate=0.250
custom_ppo_update update=27 timesteps=55296 loss=0.726607 entropy=2.205273 adv_std=2.456997 soc_aux=0.000000 awbc_label_rate=0.250
custom_ppo_update update=28 timesteps=57344 loss=0.638825 entropy=2.210999 adv_std=2.611421 soc_aux=0.000000 awbc_label_rate=0.250
custom_ppo_update update=29 timesteps=59392 loss=0.511809 entropy=2.209979 adv_std=2.098109 soc_aux=0.000000 awbc_label_rate=0.250
custom_ppo_update update=30 timesteps=61440 loss=0.711589 entropy=2.225157 adv_std=2.441891 soc_aux=0.000000 awbc_label_rate=0.250
custom_ppo_update update=31 timesteps=63488 loss=0.762767 entropy=2.205434 adv_std=2.517417 soc_aux=0.000000 awbc_label_rate=0.250
custom_ppo_update update=32 timesteps=65536 loss=0.716417 entropy=2.202473 adv_std=2.470295 soc_aux=0.000000 awbc_label_rate=0.250
custom_ppo_update update=33 timesteps=67584 loss=0.570954 entropy=2.212538 adv_std=2.067069 soc_aux=0.000000 awbc_label_rate=0.250
custom_ppo_update update=34 timesteps=69632 loss=0.731655 entropy=2.205297 adv_std=2.865011 soc_aux=0.000000 awbc_label_rate=0.250
custom_ppo_update update=35 timesteps=71680 loss=0.822258 entropy=2.227836 adv_std=2.561775 soc_aux=0.000000 awbc_label_rate=0.250
custom_ppo_update update=36 timesteps=73728 loss=1.040682 entropy=2.217825 adv_std=3.440926 soc_aux=0.000000 awbc_label_rate=0.250
custom_ppo_update update=37 timesteps=75776 loss=1.105772 entropy=2.232125 adv_std=2.842119 soc_aux=0.000000 awbc_label_rate=0.250
custom_ppo_update update=38 timesteps=77824 loss=1.235409 entropy=2.227118 adv_std=3.308539 soc_aux=0.000000 awbc_label_rate=0.250
custom_ppo_update update=39 timesteps=79872 loss=0.902151 entropy=2.211779 adv_std=3.019580 soc_aux=0.000000 awbc_label_rate=0.250
custom_ppo_update update=40 timesteps=81920 loss=0.691954 entropy=2.219851 adv_std=2.991304 soc_aux=0.000000 awbc_label_rate=0.250
custom_ppo_update update=41 timesteps=83968 loss=0.850261 entropy=2.238630 adv_std=2.585845 soc_aux=0.000000 awbc_label_rate=0.250
custom_ppo_update update=42 timesteps=86016 loss=0.948230 entropy=2.226635 adv_std=2.923861 soc_aux=0.000000 awbc_label_rate=0.250
custom_ppo_update update=43 timesteps=88064 loss=1.284428 entropy=2.217763 adv_std=3.425394 soc_aux=0.000000 awbc_label_rate=0.250
custom_ppo_update update=44 timesteps=90112 loss=0.871864 entropy=2.219393 adv_std=3.076243 soc_aux=0.000000 awbc_label_rate=0.250
custom_ppo_update update=45 timesteps=92160 loss=1.280835 entropy=2.212168 adv_std=3.205859 soc_aux=0.000000 awbc_label_rate=0.250
custom_ppo_update update=46 timesteps=94208 loss=1.048273 entropy=2.203163 adv_std=3.279967 soc_aux=0.000000 awbc_label_rate=0.250
custom_ppo_update update=47 timesteps=96256 loss=0.849462 entropy=2.215676 adv_std=2.838114 soc_aux=0.000000 awbc_label_rate=0.250
custom_ppo_update update=48 timesteps=98304 loss=0.676289 entropy=2.208347 adv_std=2.410431 soc_aux=0.000000 awbc_label_rate=0.250
custom_ppo_update update=49 timesteps=100000 loss=0.563620 entropy=2.215266 adv_std=2.283518 soc_aux=0.000000 awbc_label_rate=0.250
reports/v31_split_protocol_main/raw/budget1p75_seed42/evaluation/v2_eval_overall.csv
                    policy  steps  weighted_normalized_mae      mae     rmse    smape  pearson      dtw  oracle_loss_mean  reward_mean  power_mean  power_max  peak_power_max  steady_violation_rate  peak_violation_rate  event_rate  warmup_abort_count  warmup_abort_rate  obs_reconstruction_mae  forecast_samples  forecast_weighted_mae_overall  forecast_raw_mae_overall  forecast_weighted_mae_event  forecast_weighted_mae_non_event  forecast_weighted_mae_low_temp  forecast_weighted_mae_normal
   full_open_unconstrained   6144                 0.064224 0.786289 2.714670 0.790440 0.886469 0.764520          0.130846    -0.130848    4.620000       4.62            6.28                    1.0                  1.0    0.344238                   0           0.000000                0.064224              6144                       0.130847                  1.849210                     0.138911                         0.104460                        0.107233                      0.116696
 feasible_static_projected   6144                 0.253456 1.967938 4.734396 0.866001 0.917168 1.937257          0.135230    -0.135230    1.460000       1.46            1.95                    0.0                  0.0    0.344238                   0           0.000000                0.253456              6144                       0.135234                  2.014134                     0.141589                         0.114439                        0.110084                      0.128059
validation_selected_static   6144                 0.253456 1.967938 4.734396 0.866001 0.917168 1.937257          0.135230    -0.135230    1.460000       1.46            1.95                    0.0                  0.0    0.344238                   0           0.000000                0.253456              6144                       0.135234                  2.014134                     0.141589                         0.114439                        0.110084                      0.128059
                custom_ppo   6144                 0.226483 1.830267 4.403633 0.867033 0.882124 1.763362          0.138005    -0.138933    1.526969       1.62            2.07                    0.0                  0.0    0.344238                  68           0.011068                0.226483              6144                       0.138150                  2.142575                     0.145511                         0.114057                        0.112570                      0.126550
               round_robin   6144                 0.264837 2.077139 5.017991 0.861363 0.890737 1.998187          0.146920    -0.167342    1.555000       1.64            1.98                    0.0                  0.0    0.344238                1530           0.249023                0.264837              6144                       0.146926                  2.597309                     0.152427                         0.128926                        0.118643                      0.144698
                    random   6144                 0.142215 1.380590 6.032320 0.851995 0.840453 1.030602          0.165462    -0.200058    1.620840       1.74            2.38                    0.0                  0.0    0.344238                2592           0.421875                0.142215              6144                       0.165467                  3.436057                     0.171011                         0.147324                        0.137541                      0.160243
                       aoi   6144                 0.135316 1.315479 4.980813 0.846155 0.830891 1.031133          0.168090    -0.169621    1.668307       1.72            2.33                    0.0                  0.0    0.344238                  60           0.009766                0.135316              6144                       0.168095                  3.608484                     0.174331                         0.147688                        0.139827                      0.156781
reports/v31_split_protocol_main/raw/budget1p75_seed42/v2_custom_ppo_metrics.csv
                    policy  steps  reward_mean  instant_mae  oracle_loss_mean  dtw_mean  power_mean  peak_power_max  event_rate  warmup_abort_count
   full_open_unconstrained   6144    -0.130848     1.654744          0.130846  1.595366    4.620000            6.28    0.344238                   0
validation_selected_static   6144    -0.135230     2.946609          0.135230  2.813981    1.460000            1.95    0.344238                   0
 feasible_static_projected   6144    -0.135230     2.946609          0.135230  2.813981    1.460000            1.95    0.344238                   0
                custom_ppo   6144    -0.138933     2.833090          0.138005  2.679015    1.526969            2.07    0.344238                  68
               round_robin   6144    -0.167342     4.111183          0.146920  3.302649    1.555000            1.98    0.344238                1530
                    random   6144    -0.200058     5.582227          0.165462  3.642015    1.620840            2.38    0.344238                2592
                       aoi   6144    -0.169621     5.940345          0.168090  3.665194    1.668307            2.33    0.344238                  60
reports/v31_split_protocol_main/raw/budget1p75_seed42/split_protocol_manifest.json
