custom_ppo_update update=1 timesteps=2048 loss=98.515710 entropy=3.862738 adv_std=14.526735 awbc_label_rate=0.250
custom_ppo_update update=2 timesteps=4096 loss=90.177549 entropy=3.850497 adv_std=13.476720 awbc_label_rate=0.250
custom_ppo_update update=3 timesteps=6144 loss=78.482747 entropy=3.832654 adv_std=12.829450 awbc_label_rate=0.250
custom_ppo_update update=4 timesteps=8192 loss=63.116348 entropy=3.806967 adv_std=11.730850 awbc_label_rate=0.250
custom_ppo_update update=5 timesteps=10240 loss=59.859953 entropy=3.766370 adv_std=11.449986 awbc_label_rate=0.250
custom_ppo_update update=6 timesteps=12288 loss=44.341435 entropy=3.787632 adv_std=10.012735 awbc_label_rate=0.250
custom_ppo_update update=7 timesteps=14336 loss=41.747844 entropy=3.749618 adv_std=9.830239 awbc_label_rate=0.250
custom_ppo_update update=8 timesteps=16384 loss=38.842596 entropy=3.715795 adv_std=9.559956 awbc_label_rate=0.250
custom_ppo_update update=9 timesteps=18432 loss=30.860114 entropy=3.666982 adv_std=8.667200 awbc_label_rate=0.250
custom_ppo_update update=10 timesteps=20480 loss=23.198729 entropy=3.693977 adv_std=7.808592 awbc_label_rate=0.250
custom_ppo_update update=11 timesteps=22528 loss=21.247424 entropy=3.646837 adv_std=7.500979 awbc_label_rate=0.250
custom_ppo_update update=12 timesteps=24576 loss=17.430291 entropy=3.643468 adv_std=7.178657 awbc_label_rate=0.250
custom_ppo_update update=13 timesteps=26624 loss=15.911498 entropy=3.628602 adv_std=6.852361 awbc_label_rate=0.250
custom_ppo_update update=14 timesteps=28672 loss=12.986885 entropy=3.566756 adv_std=6.246026 awbc_label_rate=0.250
custom_ppo_update update=15 timesteps=30720 loss=9.199292 entropy=3.620181 adv_std=5.291223 awbc_label_rate=0.250
custom_ppo_update update=16 timesteps=32768 loss=7.628828 entropy=3.603012 adv_std=5.367733 awbc_label_rate=0.250
custom_ppo_update update=17 timesteps=34816 loss=6.199091 entropy=3.572302 adv_std=4.355624 awbc_label_rate=0.250
custom_ppo_update update=18 timesteps=36864 loss=5.553224 entropy=3.525431 adv_std=4.725912 awbc_label_rate=0.250
custom_ppo_update update=19 timesteps=38912 loss=4.338034 entropy=3.558815 adv_std=4.216465 awbc_label_rate=0.250
custom_ppo_update update=20 timesteps=40960 loss=3.914716 entropy=3.548905 adv_std=4.172828 awbc_label_rate=0.250
custom_ppo_update update=21 timesteps=43008 loss=2.545350 entropy=3.520434 adv_std=3.822346 awbc_label_rate=0.250
custom_ppo_update update=22 timesteps=45056 loss=3.203030 entropy=3.457455 adv_std=4.104756 awbc_label_rate=0.250
custom_ppo_update update=23 timesteps=47104 loss=2.759186 entropy=3.427847 adv_std=4.547184 awbc_label_rate=0.250
custom_ppo_update update=24 timesteps=49152 loss=2.141641 entropy=3.401386 adv_std=3.609225 awbc_label_rate=0.250
custom_ppo_update update=25 timesteps=51200 loss=1.497351 entropy=3.431832 adv_std=3.337474 awbc_label_rate=0.250
custom_ppo_update update=26 timesteps=53248 loss=2.247684 entropy=3.364354 adv_std=4.093827 awbc_label_rate=0.250
custom_ppo_update update=27 timesteps=55296 loss=1.767558 entropy=3.332170 adv_std=3.807575 awbc_label_rate=0.250
custom_ppo_update update=28 timesteps=57344 loss=2.014168 entropy=3.262870 adv_std=4.001662 awbc_label_rate=0.250
custom_ppo_update update=29 timesteps=59392 loss=1.059218 entropy=3.299070 adv_std=3.010155 awbc_label_rate=0.250
custom_ppo_update update=30 timesteps=61440 loss=1.637998 entropy=3.285730 adv_std=4.752697 awbc_label_rate=0.250
custom_ppo_update update=31 timesteps=63488 loss=1.415442 entropy=3.264671 adv_std=3.416786 awbc_label_rate=0.250
custom_ppo_update update=32 timesteps=65536 loss=1.302685 entropy=3.241382 adv_std=4.026921 awbc_label_rate=0.250
custom_ppo_update update=33 timesteps=67584 loss=1.116340 entropy=3.213630 adv_std=3.391236 awbc_label_rate=0.250
custom_ppo_update update=34 timesteps=69632 loss=1.121255 entropy=3.215182 adv_std=2.878684 awbc_label_rate=0.250
custom_ppo_update update=35 timesteps=71680 loss=0.900360 entropy=3.237771 adv_std=2.466566 awbc_label_rate=0.250
custom_ppo_update update=36 timesteps=73728 loss=0.985691 entropy=3.240076 adv_std=3.409868 awbc_label_rate=0.250
custom_ppo_update update=37 timesteps=75776 loss=0.921619 entropy=3.205095 adv_std=2.944191 awbc_label_rate=0.250
custom_ppo_update update=38 timesteps=77824 loss=0.763307 entropy=3.160035 adv_std=2.567035 awbc_label_rate=0.250
custom_ppo_update update=39 timesteps=79872 loss=1.022625 entropy=3.253267 adv_std=3.069912 awbc_label_rate=0.250
custom_ppo_update update=40 timesteps=81920 loss=1.161864 entropy=3.180147 adv_std=3.486945 awbc_label_rate=0.250
custom_ppo_update update=41 timesteps=83968 loss=0.860557 entropy=3.165101 adv_std=2.773144 awbc_label_rate=0.250
custom_ppo_update update=42 timesteps=86016 loss=0.855897 entropy=3.157178 adv_std=2.455522 awbc_label_rate=0.250
custom_ppo_update update=43 timesteps=88064 loss=1.218849 entropy=3.092671 adv_std=3.360213 awbc_label_rate=0.250
custom_ppo_update update=44 timesteps=90112 loss=0.673914 entropy=3.066818 adv_std=2.172473 awbc_label_rate=0.250
custom_ppo_update update=45 timesteps=92160 loss=0.963850 entropy=3.232870 adv_std=3.281424 awbc_label_rate=0.250
custom_ppo_update update=46 timesteps=94208 loss=0.800434 entropy=3.174820 adv_std=2.876342 awbc_label_rate=0.250
custom_ppo_update update=47 timesteps=96256 loss=1.030973 entropy=3.205311 adv_std=3.002913 awbc_label_rate=0.250
custom_ppo_update update=48 timesteps=98304 loss=0.984471 entropy=3.141643 adv_std=2.870882 awbc_label_rate=0.250
custom_ppo_update update=49 timesteps=100352 loss=0.840055 entropy=3.253879 adv_std=2.768673 awbc_label_rate=0.250
custom_ppo_update update=50 timesteps=102400 loss=0.954314 entropy=3.164855 adv_std=2.835542 awbc_label_rate=0.250
custom_ppo_update update=51 timesteps=104448 loss=0.768023 entropy=3.194276 adv_std=2.331985 awbc_label_rate=0.250
custom_ppo_update update=52 timesteps=106496 loss=0.990197 entropy=3.157878 adv_std=3.170556 awbc_label_rate=0.250
custom_ppo_update update=53 timesteps=108544 loss=0.663272 entropy=3.162185 adv_std=2.462303 awbc_label_rate=0.250
custom_ppo_update update=54 timesteps=110592 loss=1.231774 entropy=3.158915 adv_std=3.134073 awbc_label_rate=0.250
custom_ppo_update update=55 timesteps=112640 loss=0.848267 entropy=3.189309 adv_std=2.715423 awbc_label_rate=0.250
custom_ppo_update update=56 timesteps=114688 loss=0.808861 entropy=3.220965 adv_std=2.204879 awbc_label_rate=0.250
custom_ppo_update update=57 timesteps=116736 loss=0.814542 entropy=3.182590 adv_std=2.807071 awbc_label_rate=0.250
custom_ppo_update update=58 timesteps=118784 loss=0.548955 entropy=3.106172 adv_std=2.077032 awbc_label_rate=0.250
custom_ppo_update update=59 timesteps=120832 loss=0.645045 entropy=3.121059 adv_std=2.520372 awbc_label_rate=0.250
custom_ppo_update update=60 timesteps=122880 loss=0.723879 entropy=3.154884 adv_std=2.841758 awbc_label_rate=0.250
custom_ppo_update update=61 timesteps=124928 loss=0.684786 entropy=3.143893 adv_std=2.361106 awbc_label_rate=0.250
custom_ppo_update update=62 timesteps=126976 loss=1.157506 entropy=3.138551 adv_std=3.479353 awbc_label_rate=0.250
custom_ppo_update update=63 timesteps=129024 loss=0.676789 entropy=3.134913 adv_std=2.392892 awbc_label_rate=0.250
custom_ppo_update update=64 timesteps=131072 loss=1.067649 entropy=3.126070 adv_std=2.800921 awbc_label_rate=0.250
custom_ppo_update update=65 timesteps=133120 loss=0.705192 entropy=2.984816 adv_std=2.725072 awbc_label_rate=0.250
custom_ppo_update update=66 timesteps=135168 loss=0.792332 entropy=3.019712 adv_std=2.596704 awbc_label_rate=0.250
custom_ppo_update update=67 timesteps=137216 loss=0.622838 entropy=3.100936 adv_std=1.923019 awbc_label_rate=0.250
custom_ppo_update update=68 timesteps=139264 loss=0.549618 entropy=3.021028 adv_std=2.138665 awbc_label_rate=0.250
custom_ppo_update update=69 timesteps=141312 loss=0.552312 entropy=3.050135 adv_std=2.045022 awbc_label_rate=0.250
custom_ppo_update update=70 timesteps=143360 loss=0.543521 entropy=3.039047 adv_std=2.134642 awbc_label_rate=0.250
custom_ppo_update update=71 timesteps=145408 loss=0.942417 entropy=2.980003 adv_std=3.160493 awbc_label_rate=0.250
custom_ppo_update update=72 timesteps=147456 loss=0.570781 entropy=3.031629 adv_std=2.053154 awbc_label_rate=0.250
custom_ppo_update update=73 timesteps=149504 loss=0.723025 entropy=3.097543 adv_std=2.687995 awbc_label_rate=0.250
custom_ppo_update update=74 timesteps=151552 loss=0.617412 entropy=3.124272 adv_std=2.324548 awbc_label_rate=0.250
custom_ppo_update update=75 timesteps=153600 loss=0.604108 entropy=3.151509 adv_std=2.110966 awbc_label_rate=0.250
custom_ppo_update update=76 timesteps=155648 loss=0.682348 entropy=3.131173 adv_std=2.436262 awbc_label_rate=0.250
custom_ppo_update update=77 timesteps=157696 loss=0.586114 entropy=3.119826 adv_std=1.876672 awbc_label_rate=0.250
custom_ppo_update update=78 timesteps=159744 loss=0.550808 entropy=3.084043 adv_std=1.993567 awbc_label_rate=0.250
custom_ppo_update update=79 timesteps=161792 loss=0.506709 entropy=3.111578 adv_std=1.821301 awbc_label_rate=0.250
custom_ppo_update update=80 timesteps=163840 loss=0.523355 entropy=3.023481 adv_std=1.860245 awbc_label_rate=0.250
custom_ppo_update update=81 timesteps=165888 loss=0.636124 entropy=2.993233 adv_std=2.191676 awbc_label_rate=0.250
custom_ppo_update update=82 timesteps=167936 loss=0.567106 entropy=3.029895 adv_std=2.387408 awbc_label_rate=0.250
custom_ppo_update update=83 timesteps=169984 loss=0.540696 entropy=3.085545 adv_std=2.320892 awbc_label_rate=0.250
custom_ppo_update update=84 timesteps=172032 loss=0.581835 entropy=2.999677 adv_std=2.369168 awbc_label_rate=0.250
custom_ppo_update update=85 timesteps=174080 loss=0.699535 entropy=3.002308 adv_std=2.635208 awbc_label_rate=0.250
custom_ppo_update update=86 timesteps=176128 loss=0.567095 entropy=3.033519 adv_std=1.833581 awbc_label_rate=0.250
custom_ppo_update update=87 timesteps=178176 loss=0.455917 entropy=2.991921 adv_std=1.671911 awbc_label_rate=0.250
custom_ppo_update update=88 timesteps=180224 loss=0.551802 entropy=3.016666 adv_std=1.922162 awbc_label_rate=0.250
custom_ppo_update update=89 timesteps=182272 loss=0.422865 entropy=3.026308 adv_std=1.433300 awbc_label_rate=0.250
custom_ppo_update update=90 timesteps=184320 loss=0.572191 entropy=3.064263 adv_std=2.185678 awbc_label_rate=0.250
custom_ppo_update update=91 timesteps=186368 loss=0.579061 entropy=3.079783 adv_std=2.333587 awbc_label_rate=0.250
custom_ppo_update update=92 timesteps=188416 loss=0.574608 entropy=3.009605 adv_std=2.155568 awbc_label_rate=0.250
custom_ppo_update update=93 timesteps=190464 loss=0.521087 entropy=3.010535 adv_std=2.175220 awbc_label_rate=0.250
custom_ppo_update update=94 timesteps=192512 loss=0.436852 entropy=3.065758 adv_std=1.680862 awbc_label_rate=0.250
custom_ppo_update update=95 timesteps=194560 loss=0.501607 entropy=3.053261 adv_std=2.038019 awbc_label_rate=0.250
custom_ppo_update update=96 timesteps=196608 loss=0.629033 entropy=3.075231 adv_std=2.159918 awbc_label_rate=0.250
custom_ppo_update update=97 timesteps=198656 loss=0.525479 entropy=3.079868 adv_std=1.998213 awbc_label_rate=0.250
custom_ppo_update update=98 timesteps=200000 loss=0.446687 entropy=3.083041 adv_std=1.754356 awbc_label_rate=0.250
rl_sensor_scheduling_framework/reports/physical_event_v4_energy_ppo_h092_cap180_stormcurr_eventgated_200k_seed41/v2_custom_ppo_metrics.csv
                   policy  steps  reward_mean  instant_mae  oracle_loss_mean  dtw_mean  power_mean  peak_power_max  event_rate  warmup_abort_count
  full_open_unconstrained   6144    -0.394771     1.709648          0.394769  1.649252    1.950000            2.61    0.565104                   0
               custom_ppo   6144    -0.411412     2.275827          0.410535  1.977486    0.968379            1.57    0.565104                  38
                      aoi   6144    -0.413714     2.134215          0.412833  1.870393    1.003896            1.56    0.565104                  10
                   random   6144    -0.494127     2.244037          0.467834  1.990387    0.778730            1.58    0.565104                1956
              round_robin   6144    -0.483369     2.052252          0.472931  2.003494    0.608750            1.56    0.565104                 768
feasible_static_projected   6144    -0.504106     2.035548          0.504105  1.995129    0.410000            0.52    0.565104                   0
