reports/v31_static_break_v27_subtype_auto_low_budget_particle_heavy_flux_v7_b1p05_bc_warmstart_ppo_seed45_h082_20260620/raw/budget1p05_seed45/truth_v31_split.csv
reports/v31_static_break_v27_subtype_auto_low_budget_particle_heavy_flux_v7_b1p05_bc_warmstart_ppo_seed45_h082_20260620/raw/budget1p05_seed45/dataset_validation/synthetic_validation.csv
custom_ppo_bc_pretrain steps=16000 loss=1.204145 accuracy=0.818 unique_actions=3
custom_ppo_update update=1 timesteps=512 loss=23.935321 entropy=1.296262 adv_std=5.995364 soc_aux=0.090278 awbc_label_rate=1.000
custom_ppo_update update=2 timesteps=1024 loss=25.275660 entropy=1.384098 adv_std=5.484661 soc_aux=0.027716 awbc_label_rate=1.000
custom_ppo_update update=3 timesteps=1536 loss=46.373500 entropy=1.335932 adv_std=6.591144 soc_aux=0.013880 awbc_label_rate=1.000
custom_ppo_update update=4 timesteps=2048 loss=139.368900 entropy=1.409964 adv_std=8.883477 soc_aux=0.048558 awbc_label_rate=1.000
custom_ppo_update update=5 timesteps=2560 loss=24.093808 entropy=1.382979 adv_std=4.865832 soc_aux=0.015203 awbc_label_rate=1.000
custom_ppo_update update=6 timesteps=3072 loss=44.416642 entropy=1.243628 adv_std=8.394386 soc_aux=0.009184 awbc_label_rate=1.000
custom_ppo_update update=7 timesteps=3584 loss=20.199161 entropy=1.496523 adv_std=5.057002 soc_aux=0.007268 awbc_label_rate=1.000
custom_ppo_update update=8 timesteps=4096 loss=52.581660 entropy=1.367211 adv_std=7.890108 soc_aux=0.006755 awbc_label_rate=1.000
custom_ppo_update update=9 timesteps=4608 loss=26.353087 entropy=1.314265 adv_std=6.704114 soc_aux=0.009411 awbc_label_rate=1.000
custom_ppo_update update=10 timesteps=5120 loss=26.027749 entropy=1.191178 adv_std=8.486092 soc_aux=0.008120 awbc_label_rate=1.000
custom_ppo_update update=11 timesteps=5632 loss=20.195714 entropy=1.300699 adv_std=7.648901 soc_aux=0.006144 awbc_label_rate=1.000
custom_ppo_update update=12 timesteps=6144 loss=7.403812 entropy=1.228882 adv_std=7.443814 soc_aux=0.009510 awbc_label_rate=1.000
custom_ppo_update update=13 timesteps=6656 loss=11.387323 entropy=1.361525 adv_std=6.013650 soc_aux=0.005374 awbc_label_rate=1.000
custom_ppo_update update=14 timesteps=7168 loss=45.030380 entropy=1.303275 adv_std=9.904733 soc_aux=0.018610 awbc_label_rate=1.000
custom_ppo_update update=15 timesteps=7680 loss=22.787118 entropy=1.254791 adv_std=8.314178 soc_aux=0.003738 awbc_label_rate=1.000
custom_ppo_update update=16 timesteps=8192 loss=25.678084 entropy=1.240917 adv_std=11.389338 soc_aux=0.011339 awbc_label_rate=1.000
custom_ppo_update update=17 timesteps=8704 loss=7.274182 entropy=0.978641 adv_std=8.345414 soc_aux=0.008463 awbc_label_rate=1.000
custom_ppo_update update=18 timesteps=9216 loss=4.480871 entropy=1.111268 adv_std=6.355161 soc_aux=0.005733 awbc_label_rate=1.000
custom_ppo_update update=19 timesteps=9728 loss=11.439872 entropy=0.881792 adv_std=8.636246 soc_aux=0.012917 awbc_label_rate=1.000
custom_ppo_update update=20 timesteps=10240 loss=25.702801 entropy=1.296093 adv_std=10.211195 soc_aux=0.009369 awbc_label_rate=1.000
custom_ppo_update update=21 timesteps=10752 loss=24.316053 entropy=1.197826 adv_std=10.368670 soc_aux=0.008926 awbc_label_rate=1.000
custom_ppo_update update=22 timesteps=11264 loss=73.007393 entropy=1.385536 adv_std=10.134489 soc_aux=0.005675 awbc_label_rate=1.000
custom_ppo_update update=23 timesteps=11776 loss=19.190595 entropy=1.020217 adv_std=8.970016 soc_aux=0.005452 awbc_label_rate=1.000
custom_ppo_update update=24 timesteps=12288 loss=8.818287 entropy=0.725616 adv_std=7.411324 soc_aux=0.010559 awbc_label_rate=1.000
custom_ppo_update update=25 timesteps=12800 loss=19.694667 entropy=1.366506 adv_std=10.791146 soc_aux=0.007317 awbc_label_rate=1.000
custom_ppo_update update=26 timesteps=13312 loss=34.318025 entropy=1.094911 adv_std=10.999692 soc_aux=0.004444 awbc_label_rate=1.000
custom_ppo_update update=27 timesteps=13824 loss=30.792197 entropy=1.095182 adv_std=10.445916 soc_aux=0.007943 awbc_label_rate=1.000
custom_ppo_update update=28 timesteps=14336 loss=16.330187 entropy=1.016257 adv_std=9.439564 soc_aux=0.003492 awbc_label_rate=1.000
custom_ppo_update update=29 timesteps=14848 loss=18.692740 entropy=1.229525 adv_std=10.970138 soc_aux=0.006273 awbc_label_rate=1.000
custom_ppo_update update=30 timesteps=15360 loss=6.212704 entropy=1.278731 adv_std=8.164202 soc_aux=0.006903 awbc_label_rate=1.000
custom_ppo_update update=31 timesteps=15872 loss=18.817241 entropy=1.068403 adv_std=11.546318 soc_aux=0.006633 awbc_label_rate=1.000
custom_ppo_update update=32 timesteps=16384 loss=13.021856 entropy=1.168980 adv_std=9.869231 soc_aux=0.006692 awbc_label_rate=1.000
custom_ppo_update update=33 timesteps=16896 loss=39.781901 entropy=1.248192 adv_std=13.425238 soc_aux=0.006860 awbc_label_rate=1.000
custom_ppo_update update=34 timesteps=17408 loss=20.428917 entropy=1.177682 adv_std=10.332920 soc_aux=0.007306 awbc_label_rate=1.000
custom_ppo_update update=35 timesteps=17920 loss=35.207115 entropy=1.101116 adv_std=13.224514 soc_aux=0.010600 awbc_label_rate=1.000
custom_ppo_update update=36 timesteps=18432 loss=30.277673 entropy=1.100265 adv_std=12.728254 soc_aux=0.006459 awbc_label_rate=1.000
custom_ppo_update update=37 timesteps=18944 loss=29.645025 entropy=1.279118 adv_std=12.453875 soc_aux=0.007361 awbc_label_rate=1.000
custom_ppo_update update=38 timesteps=19456 loss=19.474485 entropy=1.227494 adv_std=14.246519 soc_aux=0.007042 awbc_label_rate=1.000
custom_ppo_update update=39 timesteps=19968 loss=21.616606 entropy=1.186218 adv_std=12.484411 soc_aux=0.005368 awbc_label_rate=1.000
custom_ppo_update update=40 timesteps=20480 loss=16.785626 entropy=1.273262 adv_std=9.779832 soc_aux=0.007489 awbc_label_rate=1.000
custom_ppo_update update=41 timesteps=20992 loss=24.048214 entropy=1.227217 adv_std=11.916666 soc_aux=0.006524 awbc_label_rate=1.000
custom_ppo_update update=42 timesteps=21504 loss=27.435095 entropy=1.228835 adv_std=14.675475 soc_aux=0.005809 awbc_label_rate=1.000
custom_ppo_update update=43 timesteps=22016 loss=41.520632 entropy=1.052295 adv_std=15.329689 soc_aux=0.005482 awbc_label_rate=1.000
custom_ppo_update update=44 timesteps=22528 loss=28.636298 entropy=1.019320 adv_std=12.084641 soc_aux=0.008131 awbc_label_rate=1.000
custom_ppo_update update=45 timesteps=23040 loss=19.246197 entropy=1.020119 adv_std=11.561952 soc_aux=0.006074 awbc_label_rate=1.000
custom_ppo_update update=46 timesteps=23552 loss=20.040110 entropy=0.993403 adv_std=11.772163 soc_aux=0.004051 awbc_label_rate=1.000
custom_ppo_update update=47 timesteps=24064 loss=23.277816 entropy=1.088036 adv_std=11.690357 soc_aux=0.006652 awbc_label_rate=1.000
custom_ppo_update update=48 timesteps=24576 loss=17.012336 entropy=0.996176 adv_std=11.013092 soc_aux=0.008446 awbc_label_rate=1.000
custom_ppo_update update=49 timesteps=25088 loss=17.548337 entropy=1.255789 adv_std=11.883450 soc_aux=0.004693 awbc_label_rate=1.000
custom_ppo_update update=50 timesteps=25600 loss=19.912891 entropy=1.126363 adv_std=13.008201 soc_aux=0.008979 awbc_label_rate=1.000
custom_ppo_update update=51 timesteps=26112 loss=24.820225 entropy=1.226257 adv_std=13.092777 soc_aux=0.008317 awbc_label_rate=1.000
custom_ppo_update update=52 timesteps=26624 loss=22.305880 entropy=1.031758 adv_std=12.156516 soc_aux=0.006642 awbc_label_rate=1.000
custom_ppo_update update=53 timesteps=27136 loss=31.844871 entropy=1.046348 adv_std=14.466045 soc_aux=0.006967 awbc_label_rate=1.000
custom_ppo_update update=54 timesteps=27648 loss=18.542785 entropy=1.094431 adv_std=10.859060 soc_aux=0.004338 awbc_label_rate=1.000
custom_ppo_update update=55 timesteps=28160 loss=16.489809 entropy=1.212546 adv_std=11.190124 soc_aux=0.005283 awbc_label_rate=1.000
custom_ppo_update update=56 timesteps=28672 loss=24.648305 entropy=1.171993 adv_std=13.585079 soc_aux=0.007086 awbc_label_rate=1.000
custom_ppo_update update=57 timesteps=29184 loss=22.500391 entropy=1.275370 adv_std=15.146851 soc_aux=0.006367 awbc_label_rate=1.000
custom_ppo_update update=58 timesteps=29696 loss=16.414427 entropy=1.202193 adv_std=12.143503 soc_aux=0.001922 awbc_label_rate=1.000
custom_ppo_update update=59 timesteps=30208 loss=18.221542 entropy=1.004392 adv_std=11.774652 soc_aux=0.006308 awbc_label_rate=1.000
custom_ppo_update update=60 timesteps=30720 loss=48.658989 entropy=1.278462 adv_std=20.897268 soc_aux=0.012169 awbc_label_rate=1.000
custom_ppo_update update=61 timesteps=31232 loss=12.988960 entropy=1.155294 adv_std=10.083714 soc_aux=0.004092 awbc_label_rate=1.000
custom_ppo_update update=62 timesteps=31744 loss=33.526359 entropy=1.015546 adv_std=15.886423 soc_aux=0.003384 awbc_label_rate=1.000
custom_ppo_update update=63 timesteps=32256 loss=21.108138 entropy=0.956230 adv_std=13.536764 soc_aux=0.007825 awbc_label_rate=1.000
custom_ppo_update update=64 timesteps=32768 loss=14.911136 entropy=0.968767 adv_std=11.579752 soc_aux=0.003717 awbc_label_rate=1.000
custom_ppo_update update=65 timesteps=33280 loss=26.648022 entropy=0.812017 adv_std=15.784323 soc_aux=0.008399 awbc_label_rate=1.000
custom_ppo_update update=66 timesteps=33792 loss=19.054117 entropy=1.024416 adv_std=13.263429 soc_aux=0.006422 awbc_label_rate=1.000
custom_ppo_update update=67 timesteps=34304 loss=25.815100 entropy=0.778807 adv_std=14.672500 soc_aux=0.004293 awbc_label_rate=1.000
custom_ppo_update update=68 timesteps=34816 loss=31.738209 entropy=1.025030 adv_std=15.124671 soc_aux=0.005420 awbc_label_rate=1.000
custom_ppo_update update=69 timesteps=35328 loss=15.823776 entropy=0.923209 adv_std=12.208424 soc_aux=0.004709 awbc_label_rate=1.000
custom_ppo_update update=70 timesteps=35840 loss=20.282790 entropy=0.961241 adv_std=11.096056 soc_aux=0.006064 awbc_label_rate=1.000
custom_ppo_update update=71 timesteps=36352 loss=29.731909 entropy=0.889321 adv_std=14.509488 soc_aux=0.007884 awbc_label_rate=1.000
custom_ppo_update update=72 timesteps=36864 loss=8.677402 entropy=0.747342 adv_std=9.849547 soc_aux=0.003747 awbc_label_rate=1.000
custom_ppo_update update=73 timesteps=37376 loss=22.672282 entropy=1.069372 adv_std=14.482514 soc_aux=0.007187 awbc_label_rate=1.000
custom_ppo_update update=74 timesteps=37888 loss=31.379664 entropy=0.861734 adv_std=14.675511 soc_aux=0.005366 awbc_label_rate=1.000
custom_ppo_update update=75 timesteps=38400 loss=21.993273 entropy=1.124682 adv_std=12.534446 soc_aux=0.003507 awbc_label_rate=1.000
custom_ppo_update update=76 timesteps=38912 loss=34.521053 entropy=1.261853 adv_std=15.563995 soc_aux=0.016212 awbc_label_rate=1.000
custom_ppo_update update=77 timesteps=39424 loss=23.128502 entropy=1.065556 adv_std=14.236851 soc_aux=0.004590 awbc_label_rate=1.000
custom_ppo_update update=78 timesteps=39936 loss=26.209286 entropy=0.970691 adv_std=12.776777 soc_aux=0.003230 awbc_label_rate=1.000
custom_ppo_update update=79 timesteps=40448 loss=20.215027 entropy=0.985260 adv_std=13.005623 soc_aux=0.005187 awbc_label_rate=1.000
custom_ppo_update update=80 timesteps=40960 loss=19.757574 entropy=1.086993 adv_std=10.534923 soc_aux=0.005051 awbc_label_rate=1.000
custom_ppo_update update=81 timesteps=41472 loss=16.572748 entropy=1.194546 adv_std=11.262517 soc_aux=0.003452 awbc_label_rate=1.000
custom_ppo_update update=82 timesteps=41984 loss=29.277046 entropy=0.922060 adv_std=14.317775 soc_aux=0.004043 awbc_label_rate=1.000
custom_ppo_update update=83 timesteps=42496 loss=41.525383 entropy=0.934766 adv_std=16.500475 soc_aux=0.009300 awbc_label_rate=1.000
custom_ppo_update update=84 timesteps=43008 loss=21.333629 entropy=0.679621 adv_std=13.860817 soc_aux=0.006733 awbc_label_rate=1.000
custom_ppo_update update=85 timesteps=43520 loss=19.716163 entropy=1.048314 adv_std=11.771121 soc_aux=0.003274 awbc_label_rate=1.000
custom_ppo_update update=86 timesteps=44032 loss=21.242374 entropy=1.021991 adv_std=14.583704 soc_aux=0.006945 awbc_label_rate=1.000
custom_ppo_update update=87 timesteps=44544 loss=25.225926 entropy=0.985126 adv_std=14.702442 soc_aux=0.005905 awbc_label_rate=1.000
custom_ppo_update update=88 timesteps=45056 loss=55.402897 entropy=1.144255 adv_std=17.711098 soc_aux=0.004967 awbc_label_rate=1.000
custom_ppo_update update=89 timesteps=45568 loss=20.887122 entropy=0.943120 adv_std=12.627179 soc_aux=0.005484 awbc_label_rate=1.000
custom_ppo_update update=90 timesteps=46080 loss=19.587328 entropy=0.500425 adv_std=13.142658 soc_aux=0.007270 awbc_label_rate=1.000
custom_ppo_update update=91 timesteps=46592 loss=17.524219 entropy=0.716423 adv_std=12.387483 soc_aux=0.004785 awbc_label_rate=1.000
custom_ppo_update update=92 timesteps=47104 loss=11.741136 entropy=1.009779 adv_std=8.247431 soc_aux=0.004179 awbc_label_rate=1.000
custom_ppo_update update=93 timesteps=47616 loss=20.783563 entropy=0.820319 adv_std=11.062021 soc_aux=0.006448 awbc_label_rate=1.000
custom_ppo_update update=94 timesteps=48128 loss=26.163617 entropy=0.894780 adv_std=12.985554 soc_aux=0.003763 awbc_label_rate=1.000
custom_ppo_update update=95 timesteps=48640 loss=15.118574 entropy=0.802118 adv_std=11.642105 soc_aux=0.006045 awbc_label_rate=1.000
custom_ppo_update update=96 timesteps=49152 loss=10.929641 entropy=0.778207 adv_std=9.579459 soc_aux=0.004656 awbc_label_rate=1.000
custom_ppo_update update=97 timesteps=49664 loss=23.322502 entropy=0.790665 adv_std=13.230314 soc_aux=0.005905 awbc_label_rate=1.000
custom_ppo_update update=98 timesteps=50176 loss=17.584844 entropy=0.791265 adv_std=12.670907 soc_aux=0.004257 awbc_label_rate=1.000
custom_ppo_update update=99 timesteps=50688 loss=12.918293 entropy=0.865231 adv_std=11.201408 soc_aux=0.001924 awbc_label_rate=1.000
custom_ppo_update update=100 timesteps=51200 loss=15.959050 entropy=1.005236 adv_std=12.172514 soc_aux=0.004229 awbc_label_rate=1.000
custom_ppo_update update=101 timesteps=51712 loss=14.128885 entropy=0.738583 adv_std=12.276185 soc_aux=0.004155 awbc_label_rate=1.000
custom_ppo_update update=102 timesteps=52224 loss=17.662793 entropy=0.873147 adv_std=11.703610 soc_aux=0.005810 awbc_label_rate=1.000
custom_ppo_update update=103 timesteps=52736 loss=5.893446 entropy=0.633327 adv_std=7.481184 soc_aux=0.002483 awbc_label_rate=1.000
custom_ppo_update update=104 timesteps=53248 loss=16.580665 entropy=0.722162 adv_std=11.848746 soc_aux=0.003934 awbc_label_rate=1.000
custom_ppo_update update=105 timesteps=53760 loss=17.855734 entropy=0.789328 adv_std=8.738163 soc_aux=0.002916 awbc_label_rate=1.000
custom_ppo_update update=106 timesteps=54272 loss=29.398204 entropy=0.891527 adv_std=13.315835 soc_aux=0.011519 awbc_label_rate=1.000
custom_ppo_update update=107 timesteps=54784 loss=27.884824 entropy=0.504846 adv_std=14.203844 soc_aux=0.005306 awbc_label_rate=1.000
custom_ppo_update update=108 timesteps=55296 loss=15.675315 entropy=0.553545 adv_std=10.944878 soc_aux=0.005529 awbc_label_rate=1.000
custom_ppo_update update=109 timesteps=55808 loss=11.871019 entropy=0.452895 adv_std=10.903747 soc_aux=0.002212 awbc_label_rate=1.000
custom_ppo_update update=110 timesteps=56320 loss=36.062672 entropy=0.615878 adv_std=12.555532 soc_aux=0.004607 awbc_label_rate=1.000
custom_ppo_update update=111 timesteps=56832 loss=24.637519 entropy=0.782306 adv_std=13.400858 soc_aux=0.008231 awbc_label_rate=1.000
custom_ppo_update update=112 timesteps=57344 loss=10.481305 entropy=0.433557 adv_std=9.040939 soc_aux=0.005672 awbc_label_rate=1.000
custom_ppo_update update=113 timesteps=57856 loss=27.869961 entropy=0.720892 adv_std=13.719413 soc_aux=0.005958 awbc_label_rate=1.000
custom_ppo_update update=114 timesteps=58368 loss=16.985619 entropy=0.782849 adv_std=11.981542 soc_aux=0.004838 awbc_label_rate=1.000
custom_ppo_update update=115 timesteps=58880 loss=5.977846 entropy=0.901179 adv_std=7.543931 soc_aux=0.004961 awbc_label_rate=1.000
custom_ppo_update update=116 timesteps=59392 loss=19.873124 entropy=0.834681 adv_std=11.552606 soc_aux=0.003792 awbc_label_rate=1.000
custom_ppo_update update=117 timesteps=59904 loss=18.507025 entropy=0.700214 adv_std=11.840267 soc_aux=0.005545 awbc_label_rate=1.000
custom_ppo_update update=118 timesteps=60416 loss=6.694216 entropy=0.853684 adv_std=7.478365 soc_aux=0.003050 awbc_label_rate=1.000
custom_ppo_update update=119 timesteps=60928 loss=16.274669 entropy=0.614846 adv_std=10.529527 soc_aux=0.007231 awbc_label_rate=1.000
custom_ppo_update update=120 timesteps=61440 loss=25.985152 entropy=0.680419 adv_std=12.746470 soc_aux=0.016656 awbc_label_rate=1.000
custom_ppo_update update=121 timesteps=61952 loss=32.013771 entropy=0.568604 adv_std=13.904537 soc_aux=0.004019 awbc_label_rate=1.000
custom_ppo_update update=122 timesteps=62464 loss=20.417854 entropy=0.817936 adv_std=10.175540 soc_aux=0.003501 awbc_label_rate=1.000
custom_ppo_update update=123 timesteps=62976 loss=23.992064 entropy=0.703593 adv_std=14.236479 soc_aux=0.005464 awbc_label_rate=1.000
custom_ppo_update update=124 timesteps=63488 loss=23.153023 entropy=0.825355 adv_std=10.437721 soc_aux=0.005329 awbc_label_rate=1.000
custom_ppo_update update=125 timesteps=64000 loss=39.310114 entropy=0.706865 adv_std=16.980028 soc_aux=0.007630 awbc_label_rate=1.000
custom_ppo_update update=126 timesteps=64512 loss=17.573588 entropy=0.681026 adv_std=11.736462 soc_aux=0.004230 awbc_label_rate=1.000
custom_ppo_update update=127 timesteps=65024 loss=16.345572 entropy=0.607016 adv_std=13.330490 soc_aux=0.004477 awbc_label_rate=1.000
custom_ppo_update update=128 timesteps=65536 loss=22.236985 entropy=0.755233 adv_std=12.630803 soc_aux=0.004128 awbc_label_rate=1.000
custom_ppo_update update=129 timesteps=66048 loss=14.376107 entropy=0.621334 adv_std=12.271935 soc_aux=0.002726 awbc_label_rate=1.000
custom_ppo_update update=130 timesteps=66560 loss=35.298634 entropy=0.776896 adv_std=13.935310 soc_aux=0.004888 awbc_label_rate=1.000
custom_ppo_update update=131 timesteps=67072 loss=14.726230 entropy=0.622495 adv_std=11.425877 soc_aux=0.003693 awbc_label_rate=1.000
custom_ppo_update update=132 timesteps=67584 loss=23.596582 entropy=0.428954 adv_std=14.675784 soc_aux=0.006310 awbc_label_rate=1.000
custom_ppo_update update=133 timesteps=68096 loss=5.756423 entropy=0.660832 adv_std=7.488078 soc_aux=0.004166 awbc_label_rate=1.000
custom_ppo_update update=134 timesteps=68608 loss=15.770676 entropy=0.551390 adv_std=9.864281 soc_aux=0.004599 awbc_label_rate=1.000
custom_ppo_update update=135 timesteps=69120 loss=14.367360 entropy=0.353185 adv_std=12.348426 soc_aux=0.005260 awbc_label_rate=1.000
custom_ppo_update update=136 timesteps=69632 loss=22.327227 entropy=0.534034 adv_std=12.649904 soc_aux=0.005239 awbc_label_rate=1.000
custom_ppo_update update=137 timesteps=70144 loss=10.754654 entropy=0.668738 adv_std=8.839178 soc_aux=0.002451 awbc_label_rate=1.000
custom_ppo_update update=138 timesteps=70656 loss=5.891090 entropy=0.537877 adv_std=7.218189 soc_aux=0.002613 awbc_label_rate=1.000
custom_ppo_update update=139 timesteps=71168 loss=34.253099 entropy=0.813397 adv_std=14.533943 soc_aux=0.012813 awbc_label_rate=1.000
custom_ppo_update update=140 timesteps=71680 loss=11.827948 entropy=0.745509 adv_std=10.859321 soc_aux=0.003981 awbc_label_rate=1.000
custom_ppo_update update=141 timesteps=72192 loss=17.397478 entropy=0.460498 adv_std=8.976279 soc_aux=0.002291 awbc_label_rate=1.000
custom_ppo_update update=142 timesteps=72704 loss=14.309535 entropy=0.375909 adv_std=12.349174 soc_aux=0.005515 awbc_label_rate=1.000
custom_ppo_update update=143 timesteps=73216 loss=16.359856 entropy=0.822406 adv_std=11.557696 soc_aux=0.006917 awbc_label_rate=1.000
custom_ppo_update update=144 timesteps=73728 loss=5.539917 entropy=0.538395 adv_std=7.253341 soc_aux=0.004693 awbc_label_rate=1.000
custom_ppo_update update=145 timesteps=74240 loss=5.227038 entropy=0.309879 adv_std=7.595451 soc_aux=0.004064 awbc_label_rate=1.000
custom_ppo_update update=146 timesteps=74752 loss=16.921903 entropy=0.564742 adv_std=12.061530 soc_aux=0.005382 awbc_label_rate=1.000
custom_ppo_update update=147 timesteps=75264 loss=25.881496 entropy=0.173463 adv_std=14.617203 soc_aux=0.007770 awbc_label_rate=1.000
custom_ppo_update update=148 timesteps=75776 loss=20.305252 entropy=0.406305 adv_std=14.356625 soc_aux=0.003823 awbc_label_rate=1.000
custom_ppo_update update=149 timesteps=76288 loss=11.730678 entropy=0.561436 adv_std=9.991576 soc_aux=0.002381 awbc_label_rate=1.000
custom_ppo_update update=150 timesteps=76800 loss=21.742415 entropy=0.821040 adv_std=12.142456 soc_aux=0.004923 awbc_label_rate=1.000
custom_ppo_update update=151 timesteps=77312 loss=7.099499 entropy=0.700236 adv_std=8.632023 soc_aux=0.002154 awbc_label_rate=1.000
custom_ppo_update update=152 timesteps=77824 loss=18.311086 entropy=0.754323 adv_std=11.567567 soc_aux=0.003457 awbc_label_rate=1.000
custom_ppo_update update=153 timesteps=78336 loss=17.092380 entropy=0.658055 adv_std=9.047575 soc_aux=0.003324 awbc_label_rate=1.000
custom_ppo_update update=154 timesteps=78848 loss=32.909532 entropy=0.649876 adv_std=14.089855 soc_aux=0.006165 awbc_label_rate=1.000
custom_ppo_update update=155 timesteps=79360 loss=25.430523 entropy=0.642531 adv_std=13.339651 soc_aux=0.005074 awbc_label_rate=1.000
custom_ppo_update update=156 timesteps=79872 loss=19.463302 entropy=0.749260 adv_std=11.644670 soc_aux=0.005387 awbc_label_rate=1.000
custom_ppo_update update=157 timesteps=80000 loss=22.616595 entropy=0.679870 adv_std=4.780345 soc_aux=0.001825 awbc_label_rate=1.000
reports/v31_static_break_v27_subtype_auto_low_budget_particle_heavy_flux_v7_b1p05_bc_warmstart_ppo_seed45_h082_20260620/raw/budget1p05_seed45/v2_custom_ppo_metrics.csv
                                     policy  steps  reward_mean  instant_mae  oracle_loss_mean   dtw_mean  power_mean  peak_power_max  event_rate  warmup_abort_count  switches_per_step  always_on_sensor_count  always_off_sensor_count  mid_duty_sensor_count  duty_entropy  duty_min  duty_max  duty_std
                  feasible_static_projected   4096    -0.827913     2.824218          0.517380   2.674718    0.950000            1.19    0.536621                   0           0.000000                       3                        5                      0     -0.000000  0.000000  1.000000  0.484123
                                 custom_ppo   4096    -0.713405    46.195857          0.517628  29.892360    0.982402            1.38    0.536621                   0           0.031441                       0                        0                      8      0.855693  0.131348  0.695312  0.173416
                                        aoi   4096    -0.720919    32.512794          0.526833  11.439051    0.979531            1.40    0.536621                   0           0.061538                       0                        0                      8      0.938546  0.328125  0.507812  0.072555
                       duty_constrained_aoi   4096    -0.720919    32.512794          0.526833  11.439051    0.979531            1.40    0.536621                   0           0.061538                       0                        0                      8      0.938546  0.328125  0.507812  0.072555
duty_constrained_validation_selected_static   4096    -0.737819    71.679415          0.538633  48.881750    1.006484            1.40    0.536621                   0           0.029182                       0                        0                      8      0.703169  0.130859  0.742188  0.280085
 duty_constrained_feasible_static_projected   4096    -0.746317    28.139630          0.542467  17.215193    0.977031            1.40    0.536621                   0           0.052625                       0                        0                      8      0.925583  0.257812  0.531250  0.096477
               duty_constrained_round_robin   4096    -0.760065    29.814787          0.551318  11.921617    0.969453            1.38    0.536621                   0           0.052137                       0                        0                      8      0.866699  0.132812  0.726562  0.188633
                 validation_selected_static   4096    -0.866708   114.164234          0.553335 114.146913    1.030000            1.36    0.536621                   0           0.000000                       3                        5                      0     -0.000000  0.000000  1.000000  0.484123
                                round_robin   4096    -0.836801    13.334949          0.554676   6.819871    0.940156            1.19    0.536621                   0           0.030769                       2                        3                      3      0.374934  0.000000  1.000000  0.390184
                                     random   4096    -0.772032    78.619076          0.563393  46.024741    0.971758            1.38    0.536621                   0           0.042918                       0                        0                      8      0.908520  0.142578  0.599609  0.143076
                    full_open_unconstrained   4096    -0.984583    14.034051          0.565693   6.727252    1.128555            3.75    0.536621                 176           0.044811                       4                        0                      4      0.404971  0.199219  1.000000  0.369628
                    duty_constrained_random   4096    -0.780553    49.560398          0.567653  30.783146    0.973203            1.38    0.536621                   0           0.038980                       0                        0                      8      0.926091  0.210938  0.585938  0.119125
reports/v31_static_break_v27_subtype_auto_low_budget_particle_heavy_flux_v7_b1p05_bc_warmstart_ppo_seed45_h082_20260620/raw/budget1p05_seed45/split_protocol_manifest.json
