{
  "budget": 1.2,
  "candidate_count": 133,
  "truth_event_rate": 0.25475,
  "eval_start_indices": [
    3424,
    5248,
    10976
  ],
  "event_loss_min": 0.3034585807154437,
  "non_event_loss_min": 0.28272286532911006,
  "best_overall": {
    "action_idx": -2003,
    "sensor_ids": "dynamic:diverse_top5_lead0_dwell16",
    "oracle_loss_mean": 0.30486704463500364,
    "power_mean": 0.5947135416666667,
    "peak_max": 1.35
  },
  "best_event_laser": {
    "action_idx": -2003,
    "sensor_ids": "dynamic:diverse_top5_lead0_dwell16",
    "oracle_loss_event": 0.3034585807154437,
    "power_mean": 0.5947135416666667,
    "peak_max": 1.35
  },
  "best_event_no_laser": {
    "action_idx": 7,
    "sensor_ids": "met_station_core|radiometer_basic|surface_temp_ir",
    "oracle_loss_event": 0.31450442658383265,
    "power_mean": 0.31999999999999995,
    "peak_max": 0.4
  },
  "best_event_fc4": {
    "action_idx": 90,
    "sensor_ids": "met_station_core|radiometer_basic|surface_temp_ir|fc4_flux",
    "oracle_loss_event": 0.3250023439975414,
    "power_mean": 0.7999999999999999,
    "peak_max": 1.04
  },
  "best_event_no_fc4": {
    "action_idx": -2003,
    "sensor_ids": "dynamic:diverse_top5_lead0_dwell16",
    "oracle_loss_event": 0.3034585807154437,
    "power_mean": 0.5947135416666667,
    "peak_max": 1.35
  },
  "best_non_event_laser": {
    "action_idx": 57,
    "sensor_ids": "laser_disdrometer",
    "oracle_loss_non_event": 0.28272286532911006,
    "power_mean": 0.7199999999999999,
    "peak_max": 1.05
  },
  "best_non_event_no_laser": {
    "action_idx": 23,
    "sensor_ids": "met_station_core|radiometer_basic|surface_temp_ir|shielded_thermo_hygro",
    "oracle_loss_non_event": 0.2922818271367627,
    "power_mean": 0.4100000000000001,
    "peak_max": 0.52
  },
  "laser_event_lift": 0.01104584586838897,
  "fc4_event_lift": -0.021543763282097728,
  "laser_non_event_lift": 0.009558961807652644,
  "sensor_cfg": "configs/sensors/windblown_sensors_physical_event_v8_intermittent_laser_tradeoff.yaml",
  "truth_csv": "reports/v31_static_break_calibration_v8_eventrich_diverse_linear/truth_static_break_calibration.csv",
  "oracle_type": "linear",
  "target_weights": [
    0.1,
    0.1,
    0.25,
    0.05,
    0.05,
    0.0,
    10.0,
    5.0,
    5.0
  ],
  "target_scales": [
    5.0,
    5.0,
    5.0,
    1.0,
    1.0,
    100.0,
    0.0001,
    0.2,
    5.0
  ],
  "constraints": {
    "max_active": 4,
    "per_step_budget": 1.2,
    "startup_peak_budget": 1.6,
    "required_sensor_ids": [],
    "coverage_groups": []
  },
  "energy_account": {
    "enabled": false,
    "energy_capacity": 24.0,
    "initial_energy": 12.0,
    "harvest_per_step": 0.65,
    "reserve_energy": 2.0,
    "lambda_energy_deficit": 1.0
  },
  "eval_start_selection": "event_transport_rich",
  "eval_selection_stride": 32
}
reports/v31_static_break_calibration_v8_eventrich_diverse_linear/snow_task_v6_b1p20_p1p60/oracle_lift_candidate_table.csv
