{
  "budget": 0.65,
  "candidate_count": 130,
  "truth_event_rate": 0.25475,
  "eval_start_indices": [
    5441,
    10929,
    7265
  ],
  "event_loss_min": 0.27925982017764484,
  "non_event_loss_min": 0.22647496768722708,
  "best_overall": {
    "action_idx": 79,
    "sensor_ids": "ultrasonic_anemometer_hd|shielded_thermo_hygro|fc4_flux",
    "oracle_loss_mean": 0.2715333869142287,
    "power_mean": 0.48000000000000015,
    "peak_max": 0.6
  },
  "best_event_laser": null,
  "best_event_no_laser": {
    "action_idx": -1019,
    "sensor_ids": "dynamic:auto_non81_event79_lead0",
    "oracle_loss_event": 0.27925982017764484,
    "power_mean": 0.5041666666666668,
    "peak_max": 0.6
  },
  "best_event_fc4": {
    "action_idx": -1019,
    "sensor_ids": "dynamic:auto_non81_event79_lead0",
    "oracle_loss_event": 0.27925982017764484,
    "power_mean": 0.5041666666666668,
    "peak_max": 0.6
  },
  "best_event_no_fc4": {
    "action_idx": 15,
    "sensor_ids": "met_station_core|radiometer_basic|surface_temp_ir|ultrasonic_anemometer_hd",
    "oracle_loss_event": 0.2947768977971723,
    "power_mean": 0.4100000000000001,
    "peak_max": 0.52
  },
  "best_non_event_laser": null,
  "best_non_event_no_laser": {
    "action_idx": -1020,
    "sensor_ids": "dynamic:auto_non81_event15_lead0",
    "oracle_loss_non_event": 0.22647496768722708,
    "power_mean": 0.45531249999999995,
    "peak_max": 0.65
  },
  "laser_event_lift": NaN,
  "fc4_event_lift": 0.015517077619527475,
  "laser_non_event_lift": NaN,
  "sensor_cfg": "configs/sensors/windblown_sensors_physical_event_v6_static_break.yaml",
  "truth_csv": "reports/v31_static_break_calibration_low_budget_linear/truth_static_break_calibration.csv",
  "oracle_type": "linear",
  "target_weights": [
    0.1,
    0.1,
    0.25,
    0.05,
    0.05,
    0.0,
    10.0,
    5.0,
    5.0
  ],
  "target_scales": [
    5.0,
    5.0,
    5.0,
    1.0,
    1.0,
    100.0,
    0.0001,
    0.2,
    5.0
  ],
  "constraints": {
    "max_active": 4,
    "per_step_budget": 0.65,
    "startup_peak_budget": 1.6,
    "required_sensor_ids": [],
    "coverage_groups": []
  },
  "energy_account": {
    "enabled": false,
    "energy_capacity": 24.0,
    "initial_energy": 12.0,
    "harvest_per_step": 0.65,
    "reserve_energy": 2.0,
    "lambda_energy_deficit": 1.0
  }
}
reports/v31_static_break_calibration_low_budget_linear/snow_task_v6_b0p65_p1p60/oracle_lift_candidate_table.csv
