reports/v31_static_break_calibration_low_budget_linear/truth_static_break_calibration.csv
reports/v31_static_break_calibration_low_budget_linear/transport_v6_b0p50_p1p60/dataset_validation/synthetic_validation.csv
{
  "budget": 0.5,
  "candidate_count": 99,
  "truth_event_rate": 0.25475,
  "eval_start_indices": [
    5441,
    10929,
    7265
  ],
  "event_loss_min": 0.2858801103252749,
  "non_event_loss_min": 0.22542445104388548,
  "best_overall": {
    "action_idx": -1028,
    "sensor_ids": "dynamic:auto_non25_event15_lead4",
    "oracle_loss_mean": 0.2685436762543795,
    "power_mean": 0.4023828125,
    "peak_max": 0.52
  },
  "best_event_laser": null,
  "best_event_no_laser": {
    "action_idx": -1043,
    "sensor_ids": "dynamic:auto_non7_event1_lead4",
    "oracle_loss_event": 0.2858801103252749,
    "power_mean": 0.20132812499999997,
    "peak_max": 0.36
  },
  "best_event_fc4": {
    "action_idx": 54,
    "sensor_ids": "ultrasonic_anemometer_hd|shielded_thermo_hygro|fc4_flux",
    "oracle_loss_event": 0.3599345229617031,
    "power_mean": 0.48000000000000015,
    "peak_max": 0.6
  },
  "best_event_no_fc4": {
    "action_idx": -1043,
    "sensor_ids": "dynamic:auto_non7_event1_lead4",
    "oracle_loss_event": 0.2858801103252749,
    "power_mean": 0.20132812499999997,
    "peak_max": 0.36
  },
  "best_non_event_laser": null,
  "best_non_event_no_laser": {
    "action_idx": -1022,
    "sensor_ids": "dynamic:auto_non9_event23_lead4",
    "oracle_loss_non_event": 0.22542445104388548,
    "power_mean": 0.38867187500000006,
    "peak_max": 0.52
  },
  "laser_event_lift": NaN,
  "fc4_event_lift": -0.0740544126364282,
  "laser_non_event_lift": NaN,
  "sensor_cfg": "configs/sensors/windblown_sensors_physical_event_v6_static_break.yaml",
  "truth_csv": "reports/v31_static_break_calibration_low_budget_linear/truth_static_break_calibration.csv",
  "oracle_type": "linear",
  "target_weights": [
    0.2,
    0.2,
    0.3,
    0.05,
    0.05,
    0.05,
    8.0,
    4.0,
    4.0
  ],
  "target_scales": [
    5.0,
    5.0,
    5.0,
    1.0,
    1.0,
    100.0,
    0.0001,
    0.2,
    5.0
  ],
  "constraints": {
    "max_active": 4,
    "per_step_budget": 0.5,
    "startup_peak_budget": 1.6,
    "required_sensor_ids": [],
    "coverage_groups": []
  },
  "energy_account": {
    "enabled": false,
    "energy_capacity": 24.0,
    "initial_energy": 12.0,
    "harvest_per_step": 0.65,
    "reserve_energy": 2.0,
    "lambda_energy_deficit": 1.0
  }
}
reports/v31_static_break_calibration_low_budget_linear/transport_v6_b0p50_p1p60/oracle_lift_candidate_table.csv
