{
  "budget": 1.0,
  "candidate_count": 116,
  "truth_event_rate": 0.25475,
  "eval_start_indices": [
    5441,
    10929,
    7265
  ],
  "event_loss_min": 0.2897866291786395,
  "non_event_loss_min": 0.21434730182018857,
  "best_overall": {
    "action_idx": 24,
    "sensor_ids": "ultrasonic_anemometer_hd|shielded_thermo_hygro",
    "oracle_loss_mean": 0.2736973829925606,
    "power_mean": 0.17999999999999997,
    "peak_max": 0.24
  },
  "best_event_laser": {
    "action_idx": 75,
    "sensor_ids": "radiometer_basic|ultrasonic_anemometer_hd|shielded_thermo_hygro|laser_disdrometer",
    "oracle_loss_event": 0.3037892463423065,
    "power_mean": 0.9600000000000003,
    "peak_max": 1.37
  },
  "best_event_no_laser": {
    "action_idx": 24,
    "sensor_ids": "ultrasonic_anemometer_hd|shielded_thermo_hygro",
    "oracle_loss_event": 0.2897866291786395,
    "power_mean": 0.17999999999999997,
    "peak_max": 0.24
  },
  "best_event_fc4": {
    "action_idx": 102,
    "sensor_ids": "surface_temp_ir|ultrasonic_anemometer_hd|shielded_thermo_hygro|fc4_flux",
    "oracle_loss_event": 0.29448193069693035,
    "power_mean": 0.7400000000000001,
    "peak_max": 0.98
  },
  "best_event_no_fc4": {
    "action_idx": 24,
    "sensor_ids": "ultrasonic_anemometer_hd|shielded_thermo_hygro",
    "oracle_loss_event": 0.2897866291786395,
    "power_mean": 0.17999999999999997,
    "peak_max": 0.24
  },
  "best_non_event_laser": {
    "action_idx": 75,
    "sensor_ids": "radiometer_basic|ultrasonic_anemometer_hd|shielded_thermo_hygro|laser_disdrometer",
    "oracle_loss_non_event": 0.21434730182018857,
    "power_mean": 0.9600000000000003,
    "peak_max": 1.37
  },
  "best_non_event_no_laser": {
    "action_idx": 84,
    "sensor_ids": "met_station_core|radiometer_basic|surface_temp_ir|fc4_flux",
    "oracle_loss_non_event": 0.22872685023825037,
    "power_mean": 0.7999999999999999,
    "peak_max": 1.04
  },
  "laser_event_lift": -0.014002617163666964,
  "fc4_event_lift": -0.00469530151829084,
  "laser_non_event_lift": 0.0143795484180618,
  "sensor_cfg": "configs/sensors/windblown_sensors_physical_event_v8_intermittent_laser_tradeoff.yaml",
  "truth_csv": "reports/v31_static_break_calibration_v8_diverse_linear/truth_static_break_calibration.csv",
  "oracle_type": "linear",
  "target_weights": [
    0.1,
    0.1,
    0.25,
    0.05,
    0.05,
    0.0,
    10.0,
    5.0,
    5.0
  ],
  "target_scales": [
    5.0,
    5.0,
    5.0,
    1.0,
    1.0,
    100.0,
    0.0001,
    0.2,
    5.0
  ],
  "constraints": {
    "max_active": 4,
    "per_step_budget": 1.0,
    "startup_peak_budget": 1.6,
    "required_sensor_ids": [],
    "coverage_groups": []
  },
  "energy_account": {
    "enabled": false,
    "energy_capacity": 24.0,
    "initial_energy": 12.0,
    "harvest_per_step": 0.65,
    "reserve_energy": 2.0,
    "lambda_energy_deficit": 1.0
  },
  "eval_start_selection": "event_fraction",
  "eval_selection_stride": 64
}
reports/v31_static_break_calibration_v8_diverse_linear/snow_task_v6_b1p00_p1p60/oracle_lift_candidate_table.csv
