reports/v31_split_protocol_no_warmup/raw/budget1p65_seed48/truth_v31_split.csv
reports/v31_split_protocol_no_warmup/raw/budget1p65_seed48/dataset_validation/synthetic_validation.csv
custom_ppo_update update=1 timesteps=2048 loss=0.521663 entropy=1.868116 adv_std=1.171856 soc_aux=0.000000 awbc_label_rate=0.250
custom_ppo_update update=2 timesteps=4096 loss=0.485797 entropy=1.891316 adv_std=1.062830 soc_aux=0.000000 awbc_label_rate=0.250
custom_ppo_update update=3 timesteps=6144 loss=0.681124 entropy=1.907801 adv_std=1.505607 soc_aux=0.000000 awbc_label_rate=0.250
custom_ppo_update update=4 timesteps=8192 loss=0.578504 entropy=1.921082 adv_std=1.865596 soc_aux=0.000000 awbc_label_rate=0.250
custom_ppo_update update=5 timesteps=10240 loss=0.645405 entropy=1.919077 adv_std=1.832179 soc_aux=0.000000 awbc_label_rate=0.250
custom_ppo_update update=6 timesteps=12288 loss=0.451714 entropy=1.921148 adv_std=1.423642 soc_aux=0.000000 awbc_label_rate=0.250
custom_ppo_update update=7 timesteps=14336 loss=0.497194 entropy=1.924887 adv_std=1.589945 soc_aux=0.000000 awbc_label_rate=0.250
custom_ppo_update update=8 timesteps=16384 loss=0.599609 entropy=1.919909 adv_std=1.862092 soc_aux=0.000000 awbc_label_rate=0.250
custom_ppo_update update=9 timesteps=18432 loss=0.659751 entropy=1.917172 adv_std=2.170488 soc_aux=0.000000 awbc_label_rate=0.250
custom_ppo_update update=10 timesteps=20480 loss=0.690944 entropy=1.923251 adv_std=2.417590 soc_aux=0.000000 awbc_label_rate=0.250
custom_ppo_update update=11 timesteps=22528 loss=0.697960 entropy=1.915298 adv_std=2.321845 soc_aux=0.000000 awbc_label_rate=0.250
custom_ppo_update update=12 timesteps=24576 loss=0.595638 entropy=1.913760 adv_std=1.855044 soc_aux=0.000000 awbc_label_rate=0.250
custom_ppo_update update=13 timesteps=26624 loss=0.627546 entropy=1.940790 adv_std=1.997499 soc_aux=0.000000 awbc_label_rate=0.250
custom_ppo_update update=14 timesteps=28672 loss=0.687303 entropy=1.938619 adv_std=2.535605 soc_aux=0.000000 awbc_label_rate=0.250
custom_ppo_update update=15 timesteps=30720 loss=0.604132 entropy=1.938611 adv_std=1.686778 soc_aux=0.000000 awbc_label_rate=0.250
custom_ppo_update update=16 timesteps=32768 loss=0.490283 entropy=1.914593 adv_std=1.912580 soc_aux=0.000000 awbc_label_rate=0.250
custom_ppo_update update=17 timesteps=34816 loss=0.417495 entropy=1.904076 adv_std=1.703400 soc_aux=0.000000 awbc_label_rate=0.250
custom_ppo_update update=18 timesteps=36864 loss=0.535588 entropy=1.909216 adv_std=1.719475 soc_aux=0.000000 awbc_label_rate=0.250
custom_ppo_update update=19 timesteps=38912 loss=0.496368 entropy=1.902988 adv_std=2.056296 soc_aux=0.000000 awbc_label_rate=0.250
custom_ppo_update update=20 timesteps=40960 loss=0.513589 entropy=1.912344 adv_std=1.839123 soc_aux=0.000000 awbc_label_rate=0.250
custom_ppo_update update=21 timesteps=43008 loss=0.514117 entropy=1.917046 adv_std=1.872020 soc_aux=0.000000 awbc_label_rate=0.250
custom_ppo_update update=22 timesteps=45056 loss=0.567400 entropy=1.904306 adv_std=1.717214 soc_aux=0.000000 awbc_label_rate=0.250
custom_ppo_update update=23 timesteps=47104 loss=0.548404 entropy=1.929614 adv_std=1.923382 soc_aux=0.000000 awbc_label_rate=0.250
custom_ppo_update update=24 timesteps=49152 loss=0.645788 entropy=1.923333 adv_std=2.290497 soc_aux=0.000000 awbc_label_rate=0.250
custom_ppo_update update=25 timesteps=51200 loss=0.474757 entropy=1.916749 adv_std=1.942471 soc_aux=0.000000 awbc_label_rate=0.250
custom_ppo_update update=26 timesteps=53248 loss=0.591762 entropy=1.907714 adv_std=2.112816 soc_aux=0.000000 awbc_label_rate=0.250
custom_ppo_update update=27 timesteps=55296 loss=0.596456 entropy=1.913461 adv_std=2.388792 soc_aux=0.000000 awbc_label_rate=0.250
custom_ppo_update update=28 timesteps=57344 loss=0.611653 entropy=1.890060 adv_std=2.229500 soc_aux=0.000000 awbc_label_rate=0.250
custom_ppo_update update=29 timesteps=59392 loss=0.741903 entropy=1.903288 adv_std=2.816935 soc_aux=0.000000 awbc_label_rate=0.250
custom_ppo_update update=30 timesteps=61440 loss=0.549987 entropy=1.901505 adv_std=1.805722 soc_aux=0.000000 awbc_label_rate=0.250
custom_ppo_update update=31 timesteps=63488 loss=0.641511 entropy=1.903228 adv_std=2.248038 soc_aux=0.000000 awbc_label_rate=0.250
custom_ppo_update update=32 timesteps=65536 loss=0.696280 entropy=1.913810 adv_std=2.595300 soc_aux=0.000000 awbc_label_rate=0.250
custom_ppo_update update=33 timesteps=67584 loss=0.595470 entropy=1.918085 adv_std=2.443506 soc_aux=0.000000 awbc_label_rate=0.250
custom_ppo_update update=34 timesteps=69632 loss=0.607265 entropy=1.903930 adv_std=2.415527 soc_aux=0.000000 awbc_label_rate=0.250
custom_ppo_update update=35 timesteps=71680 loss=0.554903 entropy=1.896570 adv_std=2.208577 soc_aux=0.000000 awbc_label_rate=0.250
custom_ppo_update update=36 timesteps=73728 loss=0.650672 entropy=1.894857 adv_std=2.107727 soc_aux=0.000000 awbc_label_rate=0.250
custom_ppo_update update=37 timesteps=75776 loss=0.870842 entropy=1.898368 adv_std=2.841682 soc_aux=0.000000 awbc_label_rate=0.250
custom_ppo_update update=38 timesteps=77824 loss=0.607162 entropy=1.912039 adv_std=2.312740 soc_aux=0.000000 awbc_label_rate=0.250
custom_ppo_update update=39 timesteps=79872 loss=0.641826 entropy=1.919360 adv_std=2.112326 soc_aux=0.000000 awbc_label_rate=0.250
custom_ppo_update update=40 timesteps=81920 loss=0.488237 entropy=1.902304 adv_std=1.990317 soc_aux=0.000000 awbc_label_rate=0.250
custom_ppo_update update=41 timesteps=83968 loss=0.467899 entropy=1.906077 adv_std=2.018077 soc_aux=0.000000 awbc_label_rate=0.250
custom_ppo_update update=42 timesteps=86016 loss=0.566167 entropy=1.887439 adv_std=2.309260 soc_aux=0.000000 awbc_label_rate=0.250
custom_ppo_update update=43 timesteps=88064 loss=0.563402 entropy=1.905058 adv_std=2.071804 soc_aux=0.000000 awbc_label_rate=0.250
custom_ppo_update update=44 timesteps=90112 loss=0.577229 entropy=1.885357 adv_std=2.432924 soc_aux=0.000000 awbc_label_rate=0.250
custom_ppo_update update=45 timesteps=92160 loss=0.666816 entropy=1.899816 adv_std=2.562818 soc_aux=0.000000 awbc_label_rate=0.250
custom_ppo_update update=46 timesteps=94208 loss=0.608838 entropy=1.908093 adv_std=2.218206 soc_aux=0.000000 awbc_label_rate=0.250
custom_ppo_update update=47 timesteps=96256 loss=0.476528 entropy=1.903012 adv_std=2.081334 soc_aux=0.000000 awbc_label_rate=0.250
custom_ppo_update update=48 timesteps=98304 loss=0.569645 entropy=1.904082 adv_std=1.989377 soc_aux=0.000000 awbc_label_rate=0.250
custom_ppo_update update=49 timesteps=100000 loss=0.577933 entropy=1.913249 adv_std=2.396742 soc_aux=0.000000 awbc_label_rate=0.250
reports/v31_split_protocol_no_warmup/raw/budget1p65_seed48/evaluation/v2_eval_overall.csv
                    policy  steps  weighted_normalized_mae      mae      rmse    smape  pearson      dtw  oracle_loss_mean  reward_mean  power_mean  power_max  peak_power_max  steady_violation_rate  peak_violation_rate  event_rate  warmup_abort_count  warmup_abort_rate  switches_per_step  always_on_sensor_count  always_off_sensor_count  mid_duty_sensor_count  duty_entropy  duty_min  duty_max  duty_std  obs_reconstruction_mae  forecast_samples  forecast_weighted_mae_overall  forecast_raw_mae_overall  forecast_weighted_mae_event  forecast_weighted_mae_non_event  forecast_weighted_mae_low_temp  forecast_weighted_mae_normal
   full_open_unconstrained   6144                 0.058518 0.756552  2.647767 0.826684 0.867809 0.742841          0.110018    -0.110020    4.620000       4.62            6.28                    1.0                  1.0    0.250651                   0                0.0           0.000000                       8                        0                      0     -0.000000  1.000000  1.000000  0.000000                0.058518              6144                       0.110073                  1.864527                     0.114731                         0.098084                        0.102090                      0.100654
                       aoi   6144                 0.089716 1.032510  3.925878 0.854625 0.909008 0.947132          0.116799    -0.117923    1.594896       1.64            2.20                    0.0                  0.0    0.250651                   0                0.0           0.562429                       0                        1                      7      0.780735  0.000000  0.750163  0.216436                0.089716              6144                       0.116846                  1.993962                     0.122037                         0.103481                        0.109077                      0.106998
               round_robin   6144                 0.096177 0.984810  3.365340 0.860029 0.810209 0.889352          0.118464    -0.118964    1.555000       1.64            1.98                    0.0                  0.0    0.250651                   0                0.0           0.250000                       0                        0                      8      0.661852  0.125000  0.875000  0.299739                0.096177              6144                       0.118507                  1.963614                     0.123093                         0.106701                        0.109482                      0.110615
                    random   6144                 0.095009 1.268052  6.501685 0.868754 0.805626 0.985341          0.120476    -0.121213    1.585645       1.64            2.23                    0.0                  0.0    0.250651                   0                0.0           0.368672                       0                        0                      7      0.786726  0.046875  0.815430  0.222241                0.095009              6144                       0.120517                  2.180826                     0.125175                         0.108528                        0.111750                      0.113652
                custom_ppo   6144                 0.082398 1.802961 10.977723 0.886597 0.869757 1.496617          0.122633    -0.122991    1.562464       1.62            2.20                    0.0                  0.0    0.250651                   0                0.0           0.178659                       1                        3                      4      0.455582  0.000000  1.000000  0.352687                0.082398              6144                       0.122678                  2.673856                     0.127782                         0.109539                        0.114735                      0.112147
 feasible_static_projected   6144                 0.237240 1.873577  4.465983 0.900074 0.896253 1.848290          0.128492    -0.128493    1.460000       1.46            1.95                    0.0                  0.0    0.250651                   0                0.0           0.000000                       3                        5                      0     -0.000000  0.000000  1.000000  0.484123                0.237240              6144                       0.128535                  2.095427                     0.129177                         0.126882                        0.110290                      0.142181
validation_selected_static   6144                 0.237240 1.873577  4.465983 0.900074 0.896253 1.848290          0.128492    -0.128493    1.460000       1.46            1.95                    0.0                  0.0    0.250651                   0                0.0           0.000000                       3                        5                      0     -0.000000  0.000000  1.000000  0.484123                0.237240              6144                       0.128535                  2.095427                     0.129177                         0.126882                        0.110290                      0.142181
reports/v31_split_protocol_no_warmup/raw/budget1p65_seed48/v2_custom_ppo_metrics.csv
                    policy  steps  reward_mean  instant_mae  oracle_loss_mean  dtw_mean  power_mean  peak_power_max  event_rate  warmup_abort_count  switches_per_step  always_on_sensor_count  always_off_sensor_count  mid_duty_sensor_count  duty_entropy  duty_min  duty_max  duty_std
   full_open_unconstrained   6144    -0.110020     1.653840          0.110018  1.596660    4.620000            6.28    0.250651                   0           0.000000                       8                        0                      0     -0.000000  1.000000  1.000000  0.000000
                       aoi   6144    -0.117923     4.366841          0.116799  2.914734    1.594896            2.20    0.250651                   0           0.562429                       0                        1                      7      0.780735  0.000000  0.750163  0.216436
               round_robin   6144    -0.118964     3.232943          0.118464  2.434675    1.555000            1.98    0.250651                   0           0.250000                       0                        0                      8      0.661852  0.125000  0.875000  0.299739
                    random   6144    -0.121213     5.688147          0.120476  3.882154    1.585645            2.23    0.250651                   0           0.368672                       0                        0                      7      0.786726  0.046875  0.815430  0.222241
                custom_ppo   6144    -0.122991     2.804288          0.122633  2.467489    1.562464            2.20    0.250651                   0           0.178659                       1                        3                      4      0.455582  0.000000  1.000000  0.352687
validation_selected_static   6144    -0.128493     2.855286          0.128492  2.729596    1.460000            1.95    0.250651                   0           0.000000                       3                        5                      0     -0.000000  0.000000  1.000000  0.484123
 feasible_static_projected   6144    -0.128493     2.855286          0.128492  2.729596    1.460000            1.95    0.250651                   0           0.000000                       3                        5                      0     -0.000000  0.000000  1.000000  0.484123
reports/v31_split_protocol_no_warmup/raw/budget1p65_seed48/split_protocol_manifest.json
