reports/v31_split_protocol_no_warmup/raw/budget1p65_seed46/truth_v31_split.csv
reports/v31_split_protocol_no_warmup/raw/budget1p65_seed46/dataset_validation/synthetic_validation.csv
custom_ppo_update update=1 timesteps=2048 loss=0.642092 entropy=1.875453 adv_std=1.462347 soc_aux=0.000000 awbc_label_rate=0.250
custom_ppo_update update=2 timesteps=4096 loss=0.843967 entropy=1.883115 adv_std=1.680654 soc_aux=0.000000 awbc_label_rate=0.250
custom_ppo_update update=3 timesteps=6144 loss=0.500373 entropy=1.900560 adv_std=1.505111 soc_aux=0.000000 awbc_label_rate=0.250
custom_ppo_update update=4 timesteps=8192 loss=0.559927 entropy=1.920808 adv_std=1.713574 soc_aux=0.000000 awbc_label_rate=0.250
custom_ppo_update update=5 timesteps=10240 loss=0.529487 entropy=1.926149 adv_std=1.554957 soc_aux=0.000000 awbc_label_rate=0.250
custom_ppo_update update=6 timesteps=12288 loss=0.705161 entropy=1.918370 adv_std=1.729498 soc_aux=0.000000 awbc_label_rate=0.250
custom_ppo_update update=7 timesteps=14336 loss=0.591111 entropy=1.940408 adv_std=1.766430 soc_aux=0.000000 awbc_label_rate=0.250
custom_ppo_update update=8 timesteps=16384 loss=0.680906 entropy=1.935804 adv_std=2.636510 soc_aux=0.000000 awbc_label_rate=0.250
custom_ppo_update update=9 timesteps=18432 loss=0.629307 entropy=1.929952 adv_std=2.270167 soc_aux=0.000000 awbc_label_rate=0.250
custom_ppo_update update=10 timesteps=20480 loss=0.582531 entropy=1.899352 adv_std=1.943852 soc_aux=0.000000 awbc_label_rate=0.250
custom_ppo_update update=11 timesteps=22528 loss=0.621138 entropy=1.911453 adv_std=2.096030 soc_aux=0.000000 awbc_label_rate=0.250
custom_ppo_update update=12 timesteps=24576 loss=0.647198 entropy=1.910142 adv_std=2.259108 soc_aux=0.000000 awbc_label_rate=0.250
custom_ppo_update update=13 timesteps=26624 loss=0.556067 entropy=1.908186 adv_std=2.150784 soc_aux=0.000000 awbc_label_rate=0.250
custom_ppo_update update=14 timesteps=28672 loss=0.752001 entropy=1.927053 adv_std=2.255748 soc_aux=0.000000 awbc_label_rate=0.250
custom_ppo_update update=15 timesteps=30720 loss=0.529217 entropy=1.929253 adv_std=2.207116 soc_aux=0.000000 awbc_label_rate=0.250
custom_ppo_update update=16 timesteps=32768 loss=0.556886 entropy=1.920295 adv_std=2.285405 soc_aux=0.000000 awbc_label_rate=0.250
custom_ppo_update update=17 timesteps=34816 loss=0.552688 entropy=1.921097 adv_std=1.871729 soc_aux=0.000000 awbc_label_rate=0.250
custom_ppo_update update=18 timesteps=36864 loss=0.641522 entropy=1.915856 adv_std=2.302241 soc_aux=0.000000 awbc_label_rate=0.250
custom_ppo_update update=19 timesteps=38912 loss=0.757252 entropy=1.922881 adv_std=2.610664 soc_aux=0.000000 awbc_label_rate=0.250
custom_ppo_update update=20 timesteps=40960 loss=0.741277 entropy=1.924727 adv_std=2.515473 soc_aux=0.000000 awbc_label_rate=0.250
custom_ppo_update update=21 timesteps=43008 loss=0.716545 entropy=1.924430 adv_std=2.634982 soc_aux=0.000000 awbc_label_rate=0.250
custom_ppo_update update=22 timesteps=45056 loss=0.514326 entropy=1.920629 adv_std=1.948199 soc_aux=0.000000 awbc_label_rate=0.250
custom_ppo_update update=23 timesteps=47104 loss=0.545719 entropy=1.908286 adv_std=2.180299 soc_aux=0.000000 awbc_label_rate=0.250
custom_ppo_update update=24 timesteps=49152 loss=0.659347 entropy=1.909238 adv_std=2.266969 soc_aux=0.000000 awbc_label_rate=0.250
custom_ppo_update update=25 timesteps=51200 loss=0.539307 entropy=1.918546 adv_std=1.701515 soc_aux=0.000000 awbc_label_rate=0.250
custom_ppo_update update=26 timesteps=53248 loss=0.491276 entropy=1.926388 adv_std=1.925806 soc_aux=0.000000 awbc_label_rate=0.250
custom_ppo_update update=27 timesteps=55296 loss=0.430967 entropy=1.922048 adv_std=1.880016 soc_aux=0.000000 awbc_label_rate=0.250
custom_ppo_update update=28 timesteps=57344 loss=0.643458 entropy=1.922550 adv_std=2.392866 soc_aux=0.000000 awbc_label_rate=0.250
custom_ppo_update update=29 timesteps=59392 loss=0.680895 entropy=1.923047 adv_std=2.252552 soc_aux=0.000000 awbc_label_rate=0.250
custom_ppo_update update=30 timesteps=61440 loss=0.628304 entropy=1.925106 adv_std=2.121752 soc_aux=0.000000 awbc_label_rate=0.250
custom_ppo_update update=31 timesteps=63488 loss=0.435860 entropy=1.912334 adv_std=1.724828 soc_aux=0.000000 awbc_label_rate=0.250
custom_ppo_update update=32 timesteps=65536 loss=0.497918 entropy=1.909365 adv_std=2.039752 soc_aux=0.000000 awbc_label_rate=0.250
custom_ppo_update update=33 timesteps=67584 loss=0.509942 entropy=1.920482 adv_std=1.714938 soc_aux=0.000000 awbc_label_rate=0.250
custom_ppo_update update=34 timesteps=69632 loss=0.459802 entropy=1.938179 adv_std=1.765656 soc_aux=0.000000 awbc_label_rate=0.250
custom_ppo_update update=35 timesteps=71680 loss=0.386266 entropy=1.917995 adv_std=1.654262 soc_aux=0.000000 awbc_label_rate=0.250
custom_ppo_update update=36 timesteps=73728 loss=0.526348 entropy=1.908001 adv_std=2.318189 soc_aux=0.000000 awbc_label_rate=0.250
custom_ppo_update update=37 timesteps=75776 loss=0.603827 entropy=1.915841 adv_std=2.251235 soc_aux=0.000000 awbc_label_rate=0.250
custom_ppo_update update=38 timesteps=77824 loss=0.580318 entropy=1.923134 adv_std=1.968027 soc_aux=0.000000 awbc_label_rate=0.250
custom_ppo_update update=39 timesteps=79872 loss=0.601808 entropy=1.915847 adv_std=2.335729 soc_aux=0.000000 awbc_label_rate=0.250
custom_ppo_update update=40 timesteps=81920 loss=0.683157 entropy=1.924181 adv_std=2.453823 soc_aux=0.000000 awbc_label_rate=0.250
custom_ppo_update update=41 timesteps=83968 loss=0.641487 entropy=1.931097 adv_std=2.083289 soc_aux=0.000000 awbc_label_rate=0.250
custom_ppo_update update=42 timesteps=86016 loss=0.751976 entropy=1.919914 adv_std=2.421971 soc_aux=0.000000 awbc_label_rate=0.250
custom_ppo_update update=43 timesteps=88064 loss=0.510141 entropy=1.927675 adv_std=1.983563 soc_aux=0.000000 awbc_label_rate=0.250
custom_ppo_update update=44 timesteps=90112 loss=0.449515 entropy=1.910582 adv_std=2.075202 soc_aux=0.000000 awbc_label_rate=0.250
custom_ppo_update update=45 timesteps=92160 loss=0.627288 entropy=1.897994 adv_std=2.273879 soc_aux=0.000000 awbc_label_rate=0.250
custom_ppo_update update=46 timesteps=94208 loss=0.442576 entropy=1.900223 adv_std=1.898384 soc_aux=0.000000 awbc_label_rate=0.250
custom_ppo_update update=47 timesteps=96256 loss=0.503792 entropy=1.899719 adv_std=2.089856 soc_aux=0.000000 awbc_label_rate=0.250
custom_ppo_update update=48 timesteps=98304 loss=0.613080 entropy=1.907469 adv_std=2.437827 soc_aux=0.000000 awbc_label_rate=0.250
custom_ppo_update update=49 timesteps=100000 loss=0.668959 entropy=1.907265 adv_std=2.241280 soc_aux=0.000000 awbc_label_rate=0.250
reports/v31_split_protocol_no_warmup/raw/budget1p65_seed46/evaluation/v2_eval_overall.csv
                    policy  steps  weighted_normalized_mae      mae     rmse    smape  pearson      dtw  oracle_loss_mean  reward_mean  power_mean  power_max  peak_power_max  steady_violation_rate  peak_violation_rate  event_rate  warmup_abort_count  warmup_abort_rate  switches_per_step  always_on_sensor_count  always_off_sensor_count  mid_duty_sensor_count  duty_entropy  duty_min  duty_max  duty_std  obs_reconstruction_mae  forecast_samples  forecast_weighted_mae_overall  forecast_raw_mae_overall  forecast_weighted_mae_event  forecast_weighted_mae_non_event  forecast_weighted_mae_low_temp  forecast_weighted_mae_normal
   full_open_unconstrained   6144                 0.062993 0.786724 2.731292 0.791689 0.888069 0.765735          0.134247    -0.134249    4.620000       4.62            6.28                    1.0                  1.0    0.307943                   0                0.0           0.000000                       8                        0                      0     -0.000000  1.000000  1.000000  0.000000                0.062993              6144                       0.134313                  1.979309                     0.140613                         0.114963                        0.117290                      0.119648
                       aoi   6144                 0.095634 1.072509 4.231287 0.821003 0.929373 0.974233          0.140345    -0.141469    1.594889       1.64            2.20                    0.0                  0.0    0.307943                   0                0.0           0.562347                       0                        1                      7      0.780639  0.000000  0.750326  0.216507                0.095634              6144                       0.140418                  1.994071                     0.148195                         0.116533                        0.122990                      0.119165
               round_robin   6144                 0.096142 0.971087 3.251793 0.824539 0.843941 0.895673          0.142940    -0.143441    1.555000       1.64            1.98                    0.0                  0.0    0.307943                   0                0.0           0.250000                       0                        0                      8      0.661852  0.125000  0.875000  0.299739                0.096142              6144                       0.143001                  2.071919                     0.151168                         0.117916                        0.125529                      0.120164
                custom_ppo   6144                 0.096362 1.381547 8.481590 0.842671 0.912962 1.076408          0.144127    -0.144595    1.530156       1.62            2.18                    0.0                  0.0    0.307943                   0                0.0           0.234210                       1                        3                      4      0.502333  0.000000  0.996419  0.332679                0.096362              6144                       0.144176                  2.351699                     0.152761                         0.117807                        0.127932                      0.118550
                    random   6144                 0.102091 1.378077 8.003328 0.841076 0.820348 1.037875          0.147501    -0.148272    1.588496       1.64            2.23                    0.0                  0.0    0.307943                   0                0.0           0.385724                       0                        0                      8      0.796062  0.058594  0.802734  0.217110                0.102091              6144                       0.147566                  2.311213                     0.155365                         0.123608                        0.130460                      0.124027
 feasible_static_projected   6144                 0.243033 1.891077 4.480535 0.865492 0.922213 1.859665          0.149141    -0.149142    1.460000       1.46            1.95                    0.0                  0.0    0.307943                   0                0.0           0.000000                       3                        5                      0     -0.000000  0.000000  1.000000  0.484123                0.243033              6144                       0.149218                  2.187226                     0.155131                         0.131055                        0.124533                      0.155836
validation_selected_static   6144                 0.243033 1.891077 4.480535 0.865492 0.922213 1.859665          0.149141    -0.149142    1.460000       1.46            1.95                    0.0                  0.0    0.307943                   0                0.0           0.000000                       3                        5                      0     -0.000000  0.000000  1.000000  0.484123                0.243033              6144                       0.149218                  2.187226                     0.155131                         0.131055                        0.124533                      0.155836
reports/v31_split_protocol_no_warmup/raw/budget1p65_seed46/v2_custom_ppo_metrics.csv
                    policy  steps  reward_mean  instant_mae  oracle_loss_mean  dtw_mean  power_mean  peak_power_max  event_rate  warmup_abort_count  switches_per_step  always_on_sensor_count  always_off_sensor_count  mid_duty_sensor_count  duty_entropy  duty_min  duty_max  duty_std
   full_open_unconstrained   6144    -0.134249     1.663348          0.134247  1.605060    4.620000            6.28    0.307943                   0           0.000000                       8                        0                      0     -0.000000  1.000000  1.000000  0.000000
                       aoi   6144    -0.141469     4.365837          0.140345  2.945600    1.594889            2.20    0.307943                   0           0.562347                       0                        1                      7      0.780639  0.000000  0.750326  0.216507
               round_robin   6144    -0.143441     3.242984          0.142940  2.460527    1.555000            1.98    0.307943                   0           0.250000                       0                        0                      8      0.661852  0.125000  0.875000  0.299739
                custom_ppo   6144    -0.144595     2.485609          0.144127  2.144114    1.530156            2.18    0.307943                   0           0.234210                       1                        3                      4      0.502333  0.000000  0.996419  0.332679
                    random   6144    -0.148272     5.821999          0.147501  3.979575    1.588496            2.23    0.307943                   0           0.385724                       0                        0                      8      0.796062  0.058594  0.802734  0.217110
validation_selected_static   6144    -0.149142     2.882214          0.149141  2.750305    1.460000            1.95    0.307943                   0           0.000000                       3                        5                      0     -0.000000  0.000000  1.000000  0.484123
 feasible_static_projected   6144    -0.149142     2.882214          0.149141  2.750305    1.460000            1.95    0.307943                   0           0.000000                       3                        5                      0     -0.000000  0.000000  1.000000  0.484123
reports/v31_split_protocol_no_warmup/raw/budget1p65_seed46/split_protocol_manifest.json
