reports/v31_split_protocol_no_warmup/raw/budget1p65_seed44/truth_v31_split.csv
reports/v31_split_protocol_no_warmup/raw/budget1p65_seed44/dataset_validation/synthetic_validation.csv
custom_ppo_update update=1 timesteps=2048 loss=0.381597 entropy=1.906580 adv_std=0.837332 soc_aux=0.000000 awbc_label_rate=0.250
custom_ppo_update update=2 timesteps=4096 loss=0.444874 entropy=1.925632 adv_std=0.864414 soc_aux=0.000000 awbc_label_rate=0.250
custom_ppo_update update=3 timesteps=6144 loss=0.405820 entropy=1.936353 adv_std=0.827623 soc_aux=0.000000 awbc_label_rate=0.250
custom_ppo_update update=4 timesteps=8192 loss=0.470284 entropy=1.935776 adv_std=1.262194 soc_aux=0.000000 awbc_label_rate=0.250
custom_ppo_update update=5 timesteps=10240 loss=0.434088 entropy=1.935355 adv_std=1.297343 soc_aux=0.000000 awbc_label_rate=0.250
custom_ppo_update update=6 timesteps=12288 loss=0.611650 entropy=1.946425 adv_std=1.625821 soc_aux=0.000000 awbc_label_rate=0.250
custom_ppo_update update=7 timesteps=14336 loss=0.757723 entropy=1.940551 adv_std=2.123157 soc_aux=0.000000 awbc_label_rate=0.250
custom_ppo_update update=8 timesteps=16384 loss=0.570364 entropy=1.953480 adv_std=1.930560 soc_aux=0.000000 awbc_label_rate=0.250
custom_ppo_update update=9 timesteps=18432 loss=0.450927 entropy=1.935664 adv_std=1.540966 soc_aux=0.000000 awbc_label_rate=0.250
custom_ppo_update update=10 timesteps=20480 loss=0.501722 entropy=1.944448 adv_std=1.938115 soc_aux=0.000000 awbc_label_rate=0.250
custom_ppo_update update=11 timesteps=22528 loss=0.603125 entropy=1.940145 adv_std=1.910238 soc_aux=0.000000 awbc_label_rate=0.250
custom_ppo_update update=12 timesteps=24576 loss=0.463138 entropy=1.939572 adv_std=1.597284 soc_aux=0.000000 awbc_label_rate=0.250
custom_ppo_update update=13 timesteps=26624 loss=0.638812 entropy=1.967274 adv_std=2.051922 soc_aux=0.000000 awbc_label_rate=0.250
custom_ppo_update update=14 timesteps=28672 loss=0.437312 entropy=1.944790 adv_std=1.640475 soc_aux=0.000000 awbc_label_rate=0.250
custom_ppo_update update=15 timesteps=30720 loss=0.464537 entropy=1.951026 adv_std=1.632311 soc_aux=0.000000 awbc_label_rate=0.250
custom_ppo_update update=16 timesteps=32768 loss=0.993222 entropy=1.958479 adv_std=2.547492 soc_aux=0.000000 awbc_label_rate=0.250
custom_ppo_update update=17 timesteps=34816 loss=0.586316 entropy=1.965382 adv_std=2.019762 soc_aux=0.000000 awbc_label_rate=0.250
custom_ppo_update update=18 timesteps=36864 loss=0.488234 entropy=1.952972 adv_std=2.166348 soc_aux=0.000000 awbc_label_rate=0.250
custom_ppo_update update=19 timesteps=38912 loss=0.528526 entropy=1.956599 adv_std=1.943542 soc_aux=0.000000 awbc_label_rate=0.250
custom_ppo_update update=20 timesteps=40960 loss=0.484699 entropy=1.962823 adv_std=1.955408 soc_aux=0.000000 awbc_label_rate=0.250
custom_ppo_update update=21 timesteps=43008 loss=0.828661 entropy=1.961895 adv_std=2.487320 soc_aux=0.000000 awbc_label_rate=0.250
custom_ppo_update update=22 timesteps=45056 loss=0.623770 entropy=1.971106 adv_std=2.031209 soc_aux=0.000000 awbc_label_rate=0.250
custom_ppo_update update=23 timesteps=47104 loss=0.594816 entropy=1.953674 adv_std=1.799104 soc_aux=0.000000 awbc_label_rate=0.250
custom_ppo_update update=24 timesteps=49152 loss=0.469009 entropy=1.949183 adv_std=1.827392 soc_aux=0.000000 awbc_label_rate=0.250
custom_ppo_update update=25 timesteps=51200 loss=0.587828 entropy=1.948271 adv_std=1.635630 soc_aux=0.000000 awbc_label_rate=0.250
custom_ppo_update update=26 timesteps=53248 loss=0.571783 entropy=1.965348 adv_std=2.240247 soc_aux=0.000000 awbc_label_rate=0.250
custom_ppo_update update=27 timesteps=55296 loss=0.519700 entropy=1.949333 adv_std=2.130956 soc_aux=0.000000 awbc_label_rate=0.250
custom_ppo_update update=28 timesteps=57344 loss=0.610774 entropy=1.942155 adv_std=1.948718 soc_aux=0.000000 awbc_label_rate=0.250
custom_ppo_update update=29 timesteps=59392 loss=0.636385 entropy=1.942246 adv_std=2.036441 soc_aux=0.000000 awbc_label_rate=0.250
custom_ppo_update update=30 timesteps=61440 loss=0.505301 entropy=1.943390 adv_std=1.671725 soc_aux=0.000000 awbc_label_rate=0.250
custom_ppo_update update=31 timesteps=63488 loss=0.466478 entropy=1.945511 adv_std=2.008621 soc_aux=0.000000 awbc_label_rate=0.250
custom_ppo_update update=32 timesteps=65536 loss=0.513533 entropy=1.932473 adv_std=1.678607 soc_aux=0.000000 awbc_label_rate=0.250
custom_ppo_update update=33 timesteps=67584 loss=0.420855 entropy=1.946150 adv_std=1.693189 soc_aux=0.000000 awbc_label_rate=0.250
custom_ppo_update update=34 timesteps=69632 loss=0.417656 entropy=1.951009 adv_std=1.868951 soc_aux=0.000000 awbc_label_rate=0.250
custom_ppo_update update=35 timesteps=71680 loss=0.572356 entropy=1.941626 adv_std=1.820379 soc_aux=0.000000 awbc_label_rate=0.250
custom_ppo_update update=36 timesteps=73728 loss=0.498160 entropy=1.945454 adv_std=2.000237 soc_aux=0.000000 awbc_label_rate=0.250
custom_ppo_update update=37 timesteps=75776 loss=0.507727 entropy=1.953708 adv_std=1.882199 soc_aux=0.000000 awbc_label_rate=0.250
custom_ppo_update update=38 timesteps=77824 loss=0.661518 entropy=1.949358 adv_std=2.178641 soc_aux=0.000000 awbc_label_rate=0.250
custom_ppo_update update=39 timesteps=79872 loss=0.640916 entropy=1.949951 adv_std=2.126623 soc_aux=0.000000 awbc_label_rate=0.250
custom_ppo_update update=40 timesteps=81920 loss=0.441052 entropy=1.930897 adv_std=1.485772 soc_aux=0.000000 awbc_label_rate=0.250
custom_ppo_update update=41 timesteps=83968 loss=0.672284 entropy=1.928809 adv_std=2.303622 soc_aux=0.000000 awbc_label_rate=0.250
custom_ppo_update update=42 timesteps=86016 loss=0.537517 entropy=1.941177 adv_std=2.078365 soc_aux=0.000000 awbc_label_rate=0.250
custom_ppo_update update=43 timesteps=88064 loss=0.424062 entropy=1.940780 adv_std=1.766484 soc_aux=0.000000 awbc_label_rate=0.250
custom_ppo_update update=44 timesteps=90112 loss=0.553060 entropy=1.946006 adv_std=2.267935 soc_aux=0.000000 awbc_label_rate=0.250
custom_ppo_update update=45 timesteps=92160 loss=0.478684 entropy=1.934347 adv_std=1.821313 soc_aux=0.000000 awbc_label_rate=0.250
custom_ppo_update update=46 timesteps=94208 loss=0.567165 entropy=1.953168 adv_std=2.016976 soc_aux=0.000000 awbc_label_rate=0.250
custom_ppo_update update=47 timesteps=96256 loss=0.524345 entropy=1.937306 adv_std=1.978970 soc_aux=0.000000 awbc_label_rate=0.250
custom_ppo_update update=48 timesteps=98304 loss=0.621937 entropy=1.952692 adv_std=2.372326 soc_aux=0.000000 awbc_label_rate=0.250
custom_ppo_update update=49 timesteps=100000 loss=0.439982 entropy=1.942857 adv_std=1.710950 soc_aux=0.000000 awbc_label_rate=0.250
reports/v31_split_protocol_no_warmup/raw/budget1p65_seed44/evaluation/v2_eval_overall.csv
                    policy  steps  weighted_normalized_mae      mae      rmse    smape  pearson      dtw  oracle_loss_mean  reward_mean  power_mean  power_max  peak_power_max  steady_violation_rate  peak_violation_rate  event_rate  warmup_abort_count  warmup_abort_rate  switches_per_step  always_on_sensor_count  always_off_sensor_count  mid_duty_sensor_count  duty_entropy  duty_min  duty_max  duty_std  obs_reconstruction_mae  forecast_samples  forecast_weighted_mae_overall  forecast_raw_mae_overall  forecast_weighted_mae_event  forecast_weighted_mae_non_event  forecast_weighted_mae_low_temp  forecast_weighted_mae_normal
   full_open_unconstrained   6144                 0.060514 0.771123  2.672285 0.803331 0.888173 0.753543          0.124571    -0.124573    4.620000       4.62            6.28                    1.0                  1.0    0.272298                   0                0.0           0.000000                       8                        0                      0     -0.000000  1.000000  1.000000  0.000000                0.060514              6144                       0.124688                  1.859204                     0.129312                         0.111644                        0.110340                      0.110532
                       aoi   6144                 0.094250 1.039174  4.023887 0.835946 0.923539 0.938137          0.134334    -0.135459    1.594889       1.64            2.20                    0.0                  0.0    0.272298                   0                0.0           0.562347                       0                        1                      7      0.780639  0.000000  0.750326  0.216507                0.094250              6144                       0.134425                  2.009749                     0.138563                         0.122752                        0.119740                      0.120731
                custom_ppo   6144                 0.097460 1.475658  9.271903 0.859590 0.902061 1.151643          0.138422    -0.138751    1.486195       1.62            2.18                    0.0                  0.0    0.272298                   0                0.0           0.164333                       0                        2                      4      0.364399  0.000000  0.966309  0.396511                0.097460              6144                       0.138527                  2.320393                     0.145502                         0.118850                        0.127525                      0.111485
                    random   6144                 0.097450 1.277471  7.018106 0.843390 0.844081 0.998389          0.139709    -0.140460    1.584922       1.64            2.23                    0.0                  0.0    0.272298                   0                0.0           0.374817                       0                        0                      7      0.785665  0.049805  0.818359  0.223139                0.097450              6144                       0.139813                  2.216459                     0.145790                         0.122953                        0.126964                      0.118628
               round_robin   6144                 0.102395 0.944668  2.856541 0.841132 0.838141 0.873047          0.140848    -0.141349    1.555000       1.64            1.98                    0.0                  0.0    0.272298                   0                0.0           0.250000                       0                        0                      8      0.661852  0.125000  0.875000  0.299739                0.102395              6144                       0.140928                  1.966937                     0.147782                         0.121592                        0.128547                      0.114580
validation_selected_static   6144                 0.120285 4.714004 16.612713 0.864615 0.916457 4.693474          0.147252    -0.147252    1.480000       1.48            1.97                    0.0                  0.0    0.272298                   0                0.0           0.000000                       3                        5                      0     -0.000000  0.000000  1.000000  0.484123                0.120285              6144                       0.147349                  3.411542                     0.154466                         0.127273                        0.137070                      0.119347
 feasible_static_projected   6144                 0.242364 1.898547  4.506659 0.881154 0.914197 1.870125          0.165728    -0.165729    1.460000       1.46            1.95                    0.0                  0.0    0.272298                   0                0.0           0.000000                       3                        5                      0     -0.000000  0.000000  1.000000  0.484123                0.242364              6144                       0.165804                  2.122601                     0.175710                         0.137857                        0.157451                      0.120080
reports/v31_split_protocol_no_warmup/raw/budget1p65_seed44/v2_custom_ppo_metrics.csv
                    policy  steps  reward_mean  instant_mae  oracle_loss_mean  dtw_mean  power_mean  peak_power_max  event_rate  warmup_abort_count  switches_per_step  always_on_sensor_count  always_off_sensor_count  mid_duty_sensor_count  duty_entropy  duty_min  duty_max  duty_std
   full_open_unconstrained   6144    -0.124573     1.632256          0.124571  1.579081    4.620000            6.28    0.272298                   0           0.000000                       8                        0                      0     -0.000000  1.000000  1.000000  0.000000
                       aoi   6144    -0.135459     4.328781          0.134334  2.868536    1.594889            2.20    0.272298                   0           0.562347                       0                        1                      7      0.780639  0.000000  0.750326  0.216507
                custom_ppo   6144    -0.138751     2.645108          0.138422  2.264712    1.486195            2.18    0.272298                   0           0.164333                       0                        2                      4      0.364399  0.000000  0.966309  0.396511
                    random   6144    -0.140460     5.216185          0.139709  3.425611    1.584922            2.23    0.272298                   0           0.374817                       0                        0                      7      0.785665  0.049805  0.818359  0.223139
               round_robin   6144    -0.141349     3.136539          0.140848  2.413335    1.555000            1.98    0.272298                   0           0.250000                       0                        0                      8      0.661852  0.125000  0.875000  0.299739
validation_selected_static   6144    -0.147252     4.986208          0.147252  4.869612    1.480000            1.97    0.272298                   0           0.000000                       3                        5                      0     -0.000000  0.000000  1.000000  0.484123
 feasible_static_projected   6144    -0.165729     2.874615          0.165728  2.752101    1.460000            1.95    0.272298                   0           0.000000                       3                        5                      0     -0.000000  0.000000  1.000000  0.484123
reports/v31_split_protocol_no_warmup/raw/budget1p65_seed44/split_protocol_manifest.json
