reports/v31_split_protocol_no_warmup/raw/budget1p70_seed42/truth_v31_split.csv
reports/v31_split_protocol_no_warmup/raw/budget1p70_seed42/dataset_validation/synthetic_validation.csv
custom_ppo_update update=1 timesteps=2048 loss=0.530400 entropy=2.036740 adv_std=0.973909 soc_aux=0.000000 awbc_label_rate=0.250
custom_ppo_update update=2 timesteps=4096 loss=0.534983 entropy=2.047550 adv_std=1.298613 soc_aux=0.000000 awbc_label_rate=0.250
custom_ppo_update update=3 timesteps=6144 loss=0.391347 entropy=2.067909 adv_std=0.896466 soc_aux=0.000000 awbc_label_rate=0.250
custom_ppo_update update=4 timesteps=8192 loss=0.636518 entropy=2.088762 adv_std=1.551122 soc_aux=0.000000 awbc_label_rate=0.250
custom_ppo_update update=5 timesteps=10240 loss=0.680680 entropy=2.075697 adv_std=1.804323 soc_aux=0.000000 awbc_label_rate=0.250
custom_ppo_update update=6 timesteps=12288 loss=0.647213 entropy=2.079263 adv_std=1.723978 soc_aux=0.000000 awbc_label_rate=0.250
custom_ppo_update update=7 timesteps=14336 loss=0.644721 entropy=2.084376 adv_std=1.949137 soc_aux=0.000000 awbc_label_rate=0.250
custom_ppo_update update=8 timesteps=16384 loss=0.638214 entropy=2.079594 adv_std=2.350806 soc_aux=0.000000 awbc_label_rate=0.250
custom_ppo_update update=9 timesteps=18432 loss=0.801080 entropy=2.091436 adv_std=2.003871 soc_aux=0.000000 awbc_label_rate=0.250
custom_ppo_update update=10 timesteps=20480 loss=0.910699 entropy=2.088406 adv_std=2.518332 soc_aux=0.000000 awbc_label_rate=0.250
custom_ppo_update update=11 timesteps=22528 loss=0.616498 entropy=2.075186 adv_std=2.059550 soc_aux=0.000000 awbc_label_rate=0.250
custom_ppo_update update=12 timesteps=24576 loss=0.563474 entropy=2.080381 adv_std=1.929472 soc_aux=0.000000 awbc_label_rate=0.250
custom_ppo_update update=13 timesteps=26624 loss=0.474579 entropy=2.073888 adv_std=1.668914 soc_aux=0.000000 awbc_label_rate=0.250
custom_ppo_update update=14 timesteps=28672 loss=0.408113 entropy=2.072645 adv_std=1.563155 soc_aux=0.000000 awbc_label_rate=0.250
custom_ppo_update update=15 timesteps=30720 loss=0.493798 entropy=2.066742 adv_std=1.896047 soc_aux=0.000000 awbc_label_rate=0.250
custom_ppo_update update=16 timesteps=32768 loss=0.526363 entropy=2.069336 adv_std=2.044815 soc_aux=0.000000 awbc_label_rate=0.250
custom_ppo_update update=17 timesteps=34816 loss=0.639439 entropy=2.074932 adv_std=2.226963 soc_aux=0.000000 awbc_label_rate=0.250
custom_ppo_update update=18 timesteps=36864 loss=0.653501 entropy=2.084285 adv_std=2.063328 soc_aux=0.000000 awbc_label_rate=0.250
custom_ppo_update update=19 timesteps=38912 loss=0.663531 entropy=2.089875 adv_std=2.400103 soc_aux=0.000000 awbc_label_rate=0.250
custom_ppo_update update=20 timesteps=40960 loss=0.580312 entropy=2.064153 adv_std=2.004181 soc_aux=0.000000 awbc_label_rate=0.250
custom_ppo_update update=21 timesteps=43008 loss=0.534917 entropy=2.079577 adv_std=1.600201 soc_aux=0.000000 awbc_label_rate=0.250
custom_ppo_update update=22 timesteps=45056 loss=0.531507 entropy=2.087472 adv_std=1.717783 soc_aux=0.000000 awbc_label_rate=0.250
custom_ppo_update update=23 timesteps=47104 loss=0.530880 entropy=2.061606 adv_std=2.063588 soc_aux=0.000000 awbc_label_rate=0.250
custom_ppo_update update=24 timesteps=49152 loss=0.461419 entropy=2.080202 adv_std=1.755524 soc_aux=0.000000 awbc_label_rate=0.250
custom_ppo_update update=25 timesteps=51200 loss=0.382097 entropy=2.080148 adv_std=1.395508 soc_aux=0.000000 awbc_label_rate=0.250
custom_ppo_update update=26 timesteps=53248 loss=0.558656 entropy=2.087213 adv_std=2.226700 soc_aux=0.000000 awbc_label_rate=0.250
custom_ppo_update update=27 timesteps=55296 loss=0.428475 entropy=2.072948 adv_std=1.736353 soc_aux=0.000000 awbc_label_rate=0.250
custom_ppo_update update=28 timesteps=57344 loss=0.444692 entropy=2.070499 adv_std=1.698641 soc_aux=0.000000 awbc_label_rate=0.250
custom_ppo_update update=29 timesteps=59392 loss=0.379332 entropy=2.051588 adv_std=1.448723 soc_aux=0.000000 awbc_label_rate=0.250
custom_ppo_update update=30 timesteps=61440 loss=0.571189 entropy=2.065963 adv_std=1.897581 soc_aux=0.000000 awbc_label_rate=0.250
custom_ppo_update update=31 timesteps=63488 loss=0.606233 entropy=2.079217 adv_std=1.834203 soc_aux=0.000000 awbc_label_rate=0.250
custom_ppo_update update=32 timesteps=65536 loss=0.443572 entropy=2.080350 adv_std=1.621689 soc_aux=0.000000 awbc_label_rate=0.250
custom_ppo_update update=33 timesteps=67584 loss=0.419939 entropy=2.081997 adv_std=1.456054 soc_aux=0.000000 awbc_label_rate=0.250
custom_ppo_update update=34 timesteps=69632 loss=0.540270 entropy=2.070682 adv_std=1.812281 soc_aux=0.000000 awbc_label_rate=0.250
custom_ppo_update update=35 timesteps=71680 loss=0.540996 entropy=2.072304 adv_std=1.901343 soc_aux=0.000000 awbc_label_rate=0.250
custom_ppo_update update=36 timesteps=73728 loss=0.518825 entropy=2.077617 adv_std=2.038285 soc_aux=0.000000 awbc_label_rate=0.250
custom_ppo_update update=37 timesteps=75776 loss=0.599015 entropy=2.082367 adv_std=2.036381 soc_aux=0.000000 awbc_label_rate=0.250
custom_ppo_update update=38 timesteps=77824 loss=0.715510 entropy=2.059893 adv_std=2.367088 soc_aux=0.000000 awbc_label_rate=0.250
custom_ppo_update update=39 timesteps=79872 loss=0.627340 entropy=2.063600 adv_std=2.164371 soc_aux=0.000000 awbc_label_rate=0.250
custom_ppo_update update=40 timesteps=81920 loss=0.514258 entropy=2.081797 adv_std=2.134024 soc_aux=0.000000 awbc_label_rate=0.250
custom_ppo_update update=41 timesteps=83968 loss=0.557022 entropy=2.075850 adv_std=1.865012 soc_aux=0.000000 awbc_label_rate=0.250
custom_ppo_update update=42 timesteps=86016 loss=0.640467 entropy=2.082961 adv_std=2.172135 soc_aux=0.000000 awbc_label_rate=0.250
custom_ppo_update update=43 timesteps=88064 loss=0.825190 entropy=2.079063 adv_std=2.684544 soc_aux=0.000000 awbc_label_rate=0.250
custom_ppo_update update=44 timesteps=90112 loss=0.585342 entropy=2.054929 adv_std=2.184674 soc_aux=0.000000 awbc_label_rate=0.250
custom_ppo_update update=45 timesteps=92160 loss=0.699964 entropy=2.058264 adv_std=2.231676 soc_aux=0.000000 awbc_label_rate=0.250
custom_ppo_update update=46 timesteps=94208 loss=0.593960 entropy=2.069548 adv_std=2.017998 soc_aux=0.000000 awbc_label_rate=0.250
custom_ppo_update update=47 timesteps=96256 loss=0.569556 entropy=2.056364 adv_std=1.985571 soc_aux=0.000000 awbc_label_rate=0.250
custom_ppo_update update=48 timesteps=98304 loss=0.469198 entropy=2.069197 adv_std=1.687092 soc_aux=0.000000 awbc_label_rate=0.250
custom_ppo_update update=49 timesteps=100000 loss=0.359542 entropy=2.070068 adv_std=1.636636 soc_aux=0.000000 awbc_label_rate=0.250
reports/v31_split_protocol_no_warmup/raw/budget1p70_seed42/evaluation/v2_eval_overall.csv
                    policy  steps  weighted_normalized_mae      mae     rmse    smape  pearson      dtw  oracle_loss_mean  reward_mean  power_mean  power_max  peak_power_max  steady_violation_rate  peak_violation_rate  event_rate  warmup_abort_count  warmup_abort_rate  switches_per_step  always_on_sensor_count  always_off_sensor_count  mid_duty_sensor_count  duty_entropy  duty_min  duty_max  duty_std  obs_reconstruction_mae  forecast_samples  forecast_weighted_mae_overall  forecast_raw_mae_overall  forecast_weighted_mae_event  forecast_weighted_mae_non_event  forecast_weighted_mae_low_temp  forecast_weighted_mae_normal
   full_open_unconstrained   6144                 0.062832 0.773314 2.666114 0.788670 0.889718 0.753910          0.126706    -0.126708    4.620000       4.62            6.28                    1.0                  1.0    0.344238                   0                0.0           0.000000                       8                        0                      0     -0.000000  1.000000  1.000000  0.000000                0.062832              6144                       0.126815                  1.826510                     0.134973                         0.100118                        0.105372                      0.109703
                custom_ppo   6144                 0.215320 1.779502 4.338034 0.864077 0.878541 1.690301          0.136204    -0.136363    1.495960       1.62            2.07                    0.0                  0.0    0.344238                   0                0.0           0.079277                       2                        4                      2      0.211688  0.000000  0.999837  0.431402                0.215320              6144                       0.136284                  2.072633                     0.143883                         0.111413                        0.111739                      0.121875
               round_robin   6144                 0.105609 0.963916 3.047562 0.827519 0.834835 0.872099          0.136816    -0.137316    1.555000       1.64            1.98                    0.0                  0.0    0.344238                   0                0.0           0.250000                       0                        0                      8      0.661852  0.125000  0.875000  0.299739                0.105609              6144                       0.136890                  2.229438                     0.143470                         0.115356                        0.114270                      0.121597
 feasible_static_projected   6144                 0.243585 1.901502 4.497528 0.867277 0.919048 1.867923          0.139857    -0.139858    1.460000       1.46            1.95                    0.0                  0.0    0.344238                   0                0.0           0.000000                       3                        5                      0     -0.000000  0.000000  1.000000  0.484123                0.243585              6144                       0.139932                  2.153576                     0.145272                         0.122456                        0.111989                      0.140296
validation_selected_static   6144                 0.243585 1.901502 4.497528 0.867277 0.919048 1.867923          0.139857    -0.139858    1.460000       1.46            1.95                    0.0                  0.0    0.344238                   0                0.0           0.000000                       3                        5                      0     -0.000000  0.000000  1.000000  0.484123                0.243585              6144                       0.139932                  2.153576                     0.145272                         0.122456                        0.111989                      0.140296
                       aoi   6144                 0.098569 1.024205 3.609675 0.847254 0.829311 0.921807          0.142190    -0.143267    1.639766       1.70            2.33                    0.0                  0.0    0.344238                   0                0.0           0.538418                       0                        0                      8      0.912774  0.156576  0.561523  0.113525                0.098569              6144                       0.142272                  2.387408                     0.150229                         0.116233                        0.119986                      0.123038
                    random   6144                 0.100633 1.201183 5.303513 0.845937 0.821710 0.972501          0.144240    -0.145086    1.612129       1.70            2.33                    0.0                  0.0    0.344238                   0                0.0           0.423327                       0                        0                      8      0.903069  0.197266  0.526367  0.127636                0.100633              6144                       0.144334                  2.608627                     0.151731                         0.120126                        0.121564                      0.126967
reports/v31_split_protocol_no_warmup/raw/budget1p70_seed42/v2_custom_ppo_metrics.csv
                    policy  steps  reward_mean  instant_mae  oracle_loss_mean  dtw_mean  power_mean  peak_power_max  event_rate  warmup_abort_count  switches_per_step  always_on_sensor_count  always_off_sensor_count  mid_duty_sensor_count  duty_entropy  duty_min  duty_max  duty_std
   full_open_unconstrained   6144    -0.126708     1.662334          0.126706  1.604281    4.620000            6.28    0.344238                   0           0.000000                       8                        0                      0     -0.000000  1.000000  1.000000  0.000000
                custom_ppo   6144    -0.136363     2.804495          0.136204  2.627604    1.495960            2.07    0.344238                   0           0.079277                       2                        4                      2      0.211688  0.000000  0.999837  0.431402
               round_robin   6144    -0.137316     3.224241          0.136816  2.413279    1.555000            1.98    0.344238                   0           0.250000                       0                        0                      8      0.661852  0.125000  0.875000  0.299739
validation_selected_static   6144    -0.139858     2.907255          0.139857  2.770278    1.460000            1.95    0.344238                   0           0.000000                       3                        5                      0     -0.000000  0.000000  1.000000  0.484123
 feasible_static_projected   6144    -0.139858     2.907255          0.139857  2.770278    1.460000            1.95    0.344238                   0           0.000000                       3                        5                      0     -0.000000  0.000000  1.000000  0.484123
                       aoi   6144    -0.143267     3.475458          0.142190  2.558370    1.639766            2.33    0.344238                   0           0.538418                       0                        0                      8      0.912774  0.156576  0.561523  0.113525
                    random   6144    -0.145086     4.067776          0.144240  2.885210    1.612129            2.33    0.344238                   0           0.423327                       0                        0                      8      0.903069  0.197266  0.526367  0.127636
reports/v31_split_protocol_no_warmup/raw/budget1p70_seed42/split_protocol_manifest.json
