reports/v31_split_protocol_no_warmup/raw/budget1p70_seed50/truth_v31_split.csv
reports/v31_split_protocol_no_warmup/raw/budget1p70_seed50/dataset_validation/synthetic_validation.csv
custom_ppo_update update=1 timesteps=2048 loss=0.701097 entropy=2.066533 adv_std=1.220138 soc_aux=0.000000 awbc_label_rate=0.250
custom_ppo_update update=2 timesteps=4096 loss=0.411658 entropy=2.087761 adv_std=0.710262 soc_aux=0.000000 awbc_label_rate=0.250
custom_ppo_update update=3 timesteps=6144 loss=0.541932 entropy=2.094161 adv_std=1.290647 soc_aux=0.000000 awbc_label_rate=0.250
custom_ppo_update update=4 timesteps=8192 loss=0.608204 entropy=2.117684 adv_std=1.687819 soc_aux=0.000000 awbc_label_rate=0.250
custom_ppo_update update=5 timesteps=10240 loss=0.488459 entropy=2.125259 adv_std=1.391587 soc_aux=0.000000 awbc_label_rate=0.250
custom_ppo_update update=6 timesteps=12288 loss=0.522545 entropy=2.137781 adv_std=1.653370 soc_aux=0.000000 awbc_label_rate=0.250
custom_ppo_update update=7 timesteps=14336 loss=0.622662 entropy=2.119859 adv_std=1.993142 soc_aux=0.000000 awbc_label_rate=0.250
custom_ppo_update update=8 timesteps=16384 loss=0.601357 entropy=2.145528 adv_std=1.757598 soc_aux=0.000000 awbc_label_rate=0.250
custom_ppo_update update=9 timesteps=18432 loss=0.822577 entropy=2.130888 adv_std=2.370700 soc_aux=0.000000 awbc_label_rate=0.250
custom_ppo_update update=10 timesteps=20480 loss=1.043399 entropy=2.123992 adv_std=2.599230 soc_aux=0.000000 awbc_label_rate=0.250
custom_ppo_update update=11 timesteps=22528 loss=0.894289 entropy=2.126505 adv_std=2.795450 soc_aux=0.000000 awbc_label_rate=0.250
custom_ppo_update update=12 timesteps=24576 loss=0.725742 entropy=2.130032 adv_std=2.587614 soc_aux=0.000000 awbc_label_rate=0.250
custom_ppo_update update=13 timesteps=26624 loss=0.653113 entropy=2.118827 adv_std=2.699992 soc_aux=0.000000 awbc_label_rate=0.250
custom_ppo_update update=14 timesteps=28672 loss=0.694393 entropy=2.140150 adv_std=1.874442 soc_aux=0.000000 awbc_label_rate=0.250
custom_ppo_update update=15 timesteps=30720 loss=0.562605 entropy=2.148180 adv_std=2.074561 soc_aux=0.000000 awbc_label_rate=0.250
custom_ppo_update update=16 timesteps=32768 loss=0.564693 entropy=2.124485 adv_std=2.374263 soc_aux=0.000000 awbc_label_rate=0.250
custom_ppo_update update=17 timesteps=34816 loss=0.463576 entropy=2.123853 adv_std=1.875221 soc_aux=0.000000 awbc_label_rate=0.250
custom_ppo_update update=18 timesteps=36864 loss=0.627254 entropy=2.111645 adv_std=2.485245 soc_aux=0.000000 awbc_label_rate=0.250
custom_ppo_update update=19 timesteps=38912 loss=0.459776 entropy=2.128283 adv_std=1.899326 soc_aux=0.000000 awbc_label_rate=0.250
custom_ppo_update update=20 timesteps=40960 loss=0.727594 entropy=2.119293 adv_std=2.451003 soc_aux=0.000000 awbc_label_rate=0.250
custom_ppo_update update=21 timesteps=43008 loss=0.553655 entropy=2.123480 adv_std=2.037733 soc_aux=0.000000 awbc_label_rate=0.250
custom_ppo_update update=22 timesteps=45056 loss=0.608013 entropy=2.122688 adv_std=2.237276 soc_aux=0.000000 awbc_label_rate=0.250
custom_ppo_update update=23 timesteps=47104 loss=0.548468 entropy=2.132548 adv_std=1.967556 soc_aux=0.000000 awbc_label_rate=0.250
custom_ppo_update update=24 timesteps=49152 loss=0.585681 entropy=2.122810 adv_std=2.395598 soc_aux=0.000000 awbc_label_rate=0.250
custom_ppo_update update=25 timesteps=51200 loss=0.626732 entropy=2.119953 adv_std=2.131161 soc_aux=0.000000 awbc_label_rate=0.250
custom_ppo_update update=26 timesteps=53248 loss=0.510459 entropy=2.112529 adv_std=1.968182 soc_aux=0.000000 awbc_label_rate=0.250
custom_ppo_update update=27 timesteps=55296 loss=0.580222 entropy=2.117519 adv_std=2.250555 soc_aux=0.000000 awbc_label_rate=0.250
custom_ppo_update update=28 timesteps=57344 loss=0.539246 entropy=2.117864 adv_std=1.904792 soc_aux=0.000000 awbc_label_rate=0.250
custom_ppo_update update=29 timesteps=59392 loss=0.587445 entropy=2.120842 adv_std=2.329204 soc_aux=0.000000 awbc_label_rate=0.250
custom_ppo_update update=30 timesteps=61440 loss=0.647398 entropy=2.124729 adv_std=2.163242 soc_aux=0.000000 awbc_label_rate=0.250
custom_ppo_update update=31 timesteps=63488 loss=0.641426 entropy=2.133085 adv_std=2.145845 soc_aux=0.000000 awbc_label_rate=0.250
custom_ppo_update update=32 timesteps=65536 loss=0.633802 entropy=2.137243 adv_std=2.050689 soc_aux=0.000000 awbc_label_rate=0.250
custom_ppo_update update=33 timesteps=67584 loss=0.698302 entropy=2.112064 adv_std=2.369312 soc_aux=0.000000 awbc_label_rate=0.250
custom_ppo_update update=34 timesteps=69632 loss=0.770008 entropy=2.122026 adv_std=2.307500 soc_aux=0.000000 awbc_label_rate=0.250
custom_ppo_update update=35 timesteps=71680 loss=0.711246 entropy=2.128806 adv_std=2.254335 soc_aux=0.000000 awbc_label_rate=0.250
custom_ppo_update update=36 timesteps=73728 loss=0.704656 entropy=2.134184 adv_std=2.403110 soc_aux=0.000000 awbc_label_rate=0.250
custom_ppo_update update=37 timesteps=75776 loss=0.804175 entropy=2.131630 adv_std=2.861953 soc_aux=0.000000 awbc_label_rate=0.250
custom_ppo_update update=38 timesteps=77824 loss=0.504862 entropy=2.121728 adv_std=2.123132 soc_aux=0.000000 awbc_label_rate=0.250
custom_ppo_update update=39 timesteps=79872 loss=0.552947 entropy=2.109722 adv_std=2.109900 soc_aux=0.000000 awbc_label_rate=0.250
custom_ppo_update update=40 timesteps=81920 loss=0.601755 entropy=2.122851 adv_std=2.271168 soc_aux=0.000000 awbc_label_rate=0.250
custom_ppo_update update=41 timesteps=83968 loss=0.732513 entropy=2.106202 adv_std=2.340354 soc_aux=0.000000 awbc_label_rate=0.250
custom_ppo_update update=42 timesteps=86016 loss=0.662359 entropy=2.114991 adv_std=2.349862 soc_aux=0.000000 awbc_label_rate=0.250
custom_ppo_update update=43 timesteps=88064 loss=0.497365 entropy=2.116086 adv_std=2.028534 soc_aux=0.000000 awbc_label_rate=0.250
custom_ppo_update update=44 timesteps=90112 loss=0.475585 entropy=2.124908 adv_std=1.747086 soc_aux=0.000000 awbc_label_rate=0.250
custom_ppo_update update=45 timesteps=92160 loss=0.679389 entropy=2.129618 adv_std=2.349594 soc_aux=0.000000 awbc_label_rate=0.250
custom_ppo_update update=46 timesteps=94208 loss=0.502801 entropy=2.118720 adv_std=1.792503 soc_aux=0.000000 awbc_label_rate=0.250
custom_ppo_update update=47 timesteps=96256 loss=0.462523 entropy=2.109583 adv_std=1.907534 soc_aux=0.000000 awbc_label_rate=0.250
custom_ppo_update update=48 timesteps=98304 loss=0.495937 entropy=2.113556 adv_std=2.091453 soc_aux=0.000000 awbc_label_rate=0.250
custom_ppo_update update=49 timesteps=100000 loss=0.598343 entropy=2.129000 adv_std=2.253349 soc_aux=0.000000 awbc_label_rate=0.250
reports/v31_split_protocol_no_warmup/raw/budget1p70_seed50/evaluation/v2_eval_overall.csv
                    policy  steps  weighted_normalized_mae      mae     rmse    smape  pearson      dtw  oracle_loss_mean  reward_mean  power_mean  power_max  peak_power_max  steady_violation_rate  peak_violation_rate  event_rate  warmup_abort_count  warmup_abort_rate  switches_per_step  always_on_sensor_count  always_off_sensor_count  mid_duty_sensor_count  duty_entropy  duty_min  duty_max  duty_std  obs_reconstruction_mae  forecast_samples  forecast_weighted_mae_overall  forecast_raw_mae_overall  forecast_weighted_mae_event  forecast_weighted_mae_non_event  forecast_weighted_mae_low_temp  forecast_weighted_mae_normal
   full_open_unconstrained   6144                 0.060101 0.776162 2.699503 0.817281 0.879683 0.759474          0.121312    -0.121314    4.620000       4.62            6.28                    1.0                  1.0    0.203939                   0                0.0           0.000000                       8                        0                      0     -0.000000  1.000000  1.000000  0.000000                0.060101              6144                       0.121337                  1.699876                     0.132905                         0.092975                        0.102322                      0.097256
                custom_ppo   6144                 0.096441 1.156822 5.708654 0.871489 0.912898 0.981485          0.125312    -0.125685    1.505785       1.62            2.20                    0.0                  0.0    0.203939                   0                0.0           0.186432                       1                        3                      4      0.458009  0.000000  0.995768  0.354642                0.096441              6144                       0.125330                  1.907686                     0.135723                         0.099850                        0.105622                      0.104065
               round_robin   6144                 0.100153 0.980807 3.139326 0.854353 0.833364 0.895229          0.127687    -0.128188    1.555000       1.64            1.98                    0.0                  0.0    0.203939                   0                0.0           0.250000                       0                        0                      8      0.661852  0.125000  0.875000  0.299739                0.100153              6144                       0.127709                  1.736909                     0.138269                         0.101818                        0.106768                      0.108673
                       aoi   6144                 0.093845 1.035084 4.038129 0.870758 0.821583 0.931675          0.128991    -0.130068    1.639782       1.70            2.33                    0.0                  0.0    0.203939                   0                0.0           0.538499                       0                        0                      8      0.912785  0.156576  0.561523  0.113507                0.093845              6144                       0.129014                  1.836502                     0.139897                         0.102332                        0.108559                      0.107603
                    random   6144                 0.093184 1.234500 6.437173 0.869815 0.827910 0.992627          0.131808    -0.132718    1.616582       1.70            2.33                    0.0                  0.0    0.203939                   0                0.0           0.455518                       0                        0                      8      0.910457  0.223633  0.518555  0.118333                0.093184              6144                       0.131836                  1.992941                     0.142499                         0.105694                        0.111613                      0.110462
 feasible_static_projected   6144                 0.239867 1.898200 4.511212 0.894589 0.912004 1.869104          0.133985    -0.133986    1.460000       1.46            1.95                    0.0                  0.0    0.203939                   0                0.0           0.000000                       3                        5                      0     -0.000000  0.000000  1.000000  0.484123                0.239867              6144                       0.134008                  1.879019                     0.144154                         0.109134                        0.120697                      0.106642
validation_selected_static   6144                 0.239867 1.898200 4.511212 0.894589 0.912004 1.869104          0.133985    -0.133986    1.460000       1.46            1.95                    0.0                  0.0    0.203939                   0                0.0           0.000000                       3                        5                      0     -0.000000  0.000000  1.000000  0.484123                0.239867              6144                       0.134008                  1.879019                     0.144154                         0.109134                        0.120697                      0.106642
reports/v31_split_protocol_no_warmup/raw/budget1p70_seed50/v2_custom_ppo_metrics.csv
                    policy  steps  reward_mean  instant_mae  oracle_loss_mean  dtw_mean  power_mean  peak_power_max  event_rate  warmup_abort_count  switches_per_step  always_on_sensor_count  always_off_sensor_count  mid_duty_sensor_count  duty_entropy  duty_min  duty_max  duty_std
   full_open_unconstrained   6144    -0.121314     1.644823          0.121312  1.592275    4.620000            6.28    0.203939                   0           0.000000                       8                        0                      0     -0.000000  1.000000  1.000000  0.000000
                custom_ppo   6144    -0.125685     2.332316          0.125312  2.091256    1.505785            2.20    0.203939                   0           0.186432                       1                        3                      4      0.458009  0.000000  0.995768  0.354642
               round_robin   6144    -0.128188     3.203585          0.127687  2.454324    1.555000            1.98    0.203939                   0           0.250000                       0                        0                      8      0.661852  0.125000  0.875000  0.299739
                       aoi   6144    -0.130068     3.498256          0.128991  2.558702    1.639782            2.33    0.203939                   0           0.538499                       0                        0                      8      0.912785  0.156576  0.561523  0.113507
                    random   6144    -0.132718     3.907991          0.131808  2.742378    1.616582            2.33    0.203939                   0           0.455518                       0                        0                      8      0.910457  0.223633  0.518555  0.118333
validation_selected_static   6144    -0.133986     2.894050          0.133985  2.766175    1.460000            1.95    0.203939                   0           0.000000                       3                        5                      0     -0.000000  0.000000  1.000000  0.484123
 feasible_static_projected   6144    -0.133986     2.894050          0.133985  2.766175    1.460000            1.95    0.203939                   0           0.000000                       3                        5                      0     -0.000000  0.000000  1.000000  0.484123
reports/v31_split_protocol_no_warmup/raw/budget1p70_seed50/split_protocol_manifest.json
