reports/v31_split_protocol_no_warmup/raw/budget1p70_seed48/truth_v31_split.csv
reports/v31_split_protocol_no_warmup/raw/budget1p70_seed48/dataset_validation/synthetic_validation.csv
custom_ppo_update update=1 timesteps=2048 loss=0.564685 entropy=2.017996 adv_std=1.121610 soc_aux=0.000000 awbc_label_rate=0.250
custom_ppo_update update=2 timesteps=4096 loss=0.500785 entropy=2.026954 adv_std=1.038802 soc_aux=0.000000 awbc_label_rate=0.250
custom_ppo_update update=3 timesteps=6144 loss=0.801217 entropy=2.041517 adv_std=1.429344 soc_aux=0.000000 awbc_label_rate=0.250
custom_ppo_update update=4 timesteps=8192 loss=0.670088 entropy=2.064803 adv_std=1.578959 soc_aux=0.000000 awbc_label_rate=0.250
custom_ppo_update update=5 timesteps=10240 loss=0.640762 entropy=2.050819 adv_std=1.864019 soc_aux=0.000000 awbc_label_rate=0.250
custom_ppo_update update=6 timesteps=12288 loss=0.543741 entropy=2.063507 adv_std=1.501877 soc_aux=0.000000 awbc_label_rate=0.250
custom_ppo_update update=7 timesteps=14336 loss=0.575389 entropy=2.071122 adv_std=1.763417 soc_aux=0.000000 awbc_label_rate=0.250
custom_ppo_update update=8 timesteps=16384 loss=0.578827 entropy=2.056467 adv_std=1.869923 soc_aux=0.000000 awbc_label_rate=0.250
custom_ppo_update update=9 timesteps=18432 loss=0.631060 entropy=2.051910 adv_std=2.250176 soc_aux=0.000000 awbc_label_rate=0.250
custom_ppo_update update=10 timesteps=20480 loss=0.622562 entropy=2.046460 adv_std=2.264448 soc_aux=0.000000 awbc_label_rate=0.250
custom_ppo_update update=11 timesteps=22528 loss=0.685814 entropy=2.052681 adv_std=2.135282 soc_aux=0.000000 awbc_label_rate=0.250
custom_ppo_update update=12 timesteps=24576 loss=0.652716 entropy=2.063688 adv_std=1.743021 soc_aux=0.000000 awbc_label_rate=0.250
custom_ppo_update update=13 timesteps=26624 loss=0.709641 entropy=2.062365 adv_std=2.229631 soc_aux=0.000000 awbc_label_rate=0.250
custom_ppo_update update=14 timesteps=28672 loss=0.762354 entropy=2.065494 adv_std=2.388437 soc_aux=0.000000 awbc_label_rate=0.250
custom_ppo_update update=15 timesteps=30720 loss=0.558049 entropy=2.078239 adv_std=1.702994 soc_aux=0.000000 awbc_label_rate=0.250
custom_ppo_update update=16 timesteps=32768 loss=0.464979 entropy=2.046819 adv_std=1.719989 soc_aux=0.000000 awbc_label_rate=0.250
custom_ppo_update update=17 timesteps=34816 loss=0.457203 entropy=2.036801 adv_std=1.902676 soc_aux=0.000000 awbc_label_rate=0.250
custom_ppo_update update=18 timesteps=36864 loss=0.565138 entropy=2.044812 adv_std=1.891557 soc_aux=0.000000 awbc_label_rate=0.250
custom_ppo_update update=19 timesteps=38912 loss=0.548534 entropy=2.047603 adv_std=2.075383 soc_aux=0.000000 awbc_label_rate=0.250
custom_ppo_update update=20 timesteps=40960 loss=0.480147 entropy=2.048406 adv_std=1.815096 soc_aux=0.000000 awbc_label_rate=0.250
custom_ppo_update update=21 timesteps=43008 loss=0.577375 entropy=2.050613 adv_std=2.073372 soc_aux=0.000000 awbc_label_rate=0.250
custom_ppo_update update=22 timesteps=45056 loss=0.556783 entropy=2.054193 adv_std=1.800975 soc_aux=0.000000 awbc_label_rate=0.250
custom_ppo_update update=23 timesteps=47104 loss=0.560234 entropy=2.055270 adv_std=1.884389 soc_aux=0.000000 awbc_label_rate=0.250
custom_ppo_update update=24 timesteps=49152 loss=0.627200 entropy=2.060165 adv_std=2.279201 soc_aux=0.000000 awbc_label_rate=0.250
custom_ppo_update update=25 timesteps=51200 loss=0.556135 entropy=2.051497 adv_std=2.289659 soc_aux=0.000000 awbc_label_rate=0.250
custom_ppo_update update=26 timesteps=53248 loss=0.632512 entropy=2.048118 adv_std=2.093338 soc_aux=0.000000 awbc_label_rate=0.250
custom_ppo_update update=27 timesteps=55296 loss=0.661819 entropy=2.047883 adv_std=2.129961 soc_aux=0.000000 awbc_label_rate=0.250
custom_ppo_update update=28 timesteps=57344 loss=0.669930 entropy=2.043050 adv_std=2.246171 soc_aux=0.000000 awbc_label_rate=0.250
custom_ppo_update update=29 timesteps=59392 loss=0.685269 entropy=2.056830 adv_std=2.649817 soc_aux=0.000000 awbc_label_rate=0.250
custom_ppo_update update=30 timesteps=61440 loss=0.577520 entropy=2.061388 adv_std=1.790752 soc_aux=0.000000 awbc_label_rate=0.250
custom_ppo_update update=31 timesteps=63488 loss=0.674856 entropy=2.039880 adv_std=2.124923 soc_aux=0.000000 awbc_label_rate=0.250
custom_ppo_update update=32 timesteps=65536 loss=0.785137 entropy=2.062734 adv_std=2.432922 soc_aux=0.000000 awbc_label_rate=0.250
custom_ppo_update update=33 timesteps=67584 loss=0.797711 entropy=2.054437 adv_std=2.409891 soc_aux=0.000000 awbc_label_rate=0.250
custom_ppo_update update=34 timesteps=69632 loss=0.809431 entropy=2.050391 adv_std=2.654211 soc_aux=0.000000 awbc_label_rate=0.250
custom_ppo_update update=35 timesteps=71680 loss=0.718068 entropy=2.051456 adv_std=2.541981 soc_aux=0.000000 awbc_label_rate=0.250
custom_ppo_update update=36 timesteps=73728 loss=0.956045 entropy=2.043632 adv_std=2.503266 soc_aux=0.000000 awbc_label_rate=0.250
custom_ppo_update update=37 timesteps=75776 loss=0.979743 entropy=2.051697 adv_std=3.239654 soc_aux=0.000000 awbc_label_rate=0.250
custom_ppo_update update=38 timesteps=77824 loss=0.692423 entropy=2.050073 adv_std=2.517442 soc_aux=0.000000 awbc_label_rate=0.250
custom_ppo_update update=39 timesteps=79872 loss=0.643836 entropy=2.048803 adv_std=2.226947 soc_aux=0.000000 awbc_label_rate=0.250
custom_ppo_update update=40 timesteps=81920 loss=0.501101 entropy=2.046765 adv_std=2.120800 soc_aux=0.000000 awbc_label_rate=0.250
custom_ppo_update update=41 timesteps=83968 loss=0.541666 entropy=2.023196 adv_std=2.108700 soc_aux=0.000000 awbc_label_rate=0.250
custom_ppo_update update=42 timesteps=86016 loss=0.608162 entropy=2.048579 adv_std=2.301875 soc_aux=0.000000 awbc_label_rate=0.250
custom_ppo_update update=43 timesteps=88064 loss=0.652384 entropy=2.028992 adv_std=2.270634 soc_aux=0.000000 awbc_label_rate=0.250
custom_ppo_update update=44 timesteps=90112 loss=0.679633 entropy=2.056423 adv_std=2.463794 soc_aux=0.000000 awbc_label_rate=0.250
custom_ppo_update update=45 timesteps=92160 loss=0.698808 entropy=2.041026 adv_std=2.437762 soc_aux=0.000000 awbc_label_rate=0.250
custom_ppo_update update=46 timesteps=94208 loss=0.586158 entropy=2.036434 adv_std=2.322353 soc_aux=0.000000 awbc_label_rate=0.250
custom_ppo_update update=47 timesteps=96256 loss=0.583479 entropy=2.050244 adv_std=2.578229 soc_aux=0.000000 awbc_label_rate=0.250
custom_ppo_update update=48 timesteps=98304 loss=0.605193 entropy=2.030756 adv_std=2.129278 soc_aux=0.000000 awbc_label_rate=0.250
custom_ppo_update update=49 timesteps=100000 loss=0.579378 entropy=2.040056 adv_std=2.304615 soc_aux=0.000000 awbc_label_rate=0.250
reports/v31_split_protocol_no_warmup/raw/budget1p70_seed48/evaluation/v2_eval_overall.csv
                    policy  steps  weighted_normalized_mae      mae      rmse    smape  pearson      dtw  oracle_loss_mean  reward_mean  power_mean  power_max  peak_power_max  steady_violation_rate  peak_violation_rate  event_rate  warmup_abort_count  warmup_abort_rate  switches_per_step  always_on_sensor_count  always_off_sensor_count  mid_duty_sensor_count  duty_entropy  duty_min  duty_max  duty_std  obs_reconstruction_mae  forecast_samples  forecast_weighted_mae_overall  forecast_raw_mae_overall  forecast_weighted_mae_event  forecast_weighted_mae_non_event  forecast_weighted_mae_low_temp  forecast_weighted_mae_normal
   full_open_unconstrained   6144                 0.058518 0.756552  2.647767 0.826684 0.867809 0.742841          0.111665    -0.111667    4.620000       4.62            6.28                    1.0                  1.0    0.250651                   0                0.0           0.000000                       8                        0                      0     -0.000000  1.000000  1.000000  0.000000                0.058518              6144                       0.111681                  1.657180                     0.116314                         0.099753                        0.105523                      0.102362
               round_robin   6144                 0.096177 0.984810  3.365340 0.860029 0.810209 0.889352          0.116968    -0.117468    1.555000       1.64            1.98                    0.0                  0.0    0.250651                   0                0.0           0.250000                       0                        0                      8      0.661852  0.125000  0.875000  0.299739                0.096177              6144                       0.116975                  1.718689                     0.121662                         0.104907                        0.110388                      0.106422
                       aoi   6144                 0.087502 1.017241  3.836111 0.880226 0.811122 0.924512          0.117094    -0.118171    1.639733       1.70            2.33                    0.0                  0.0    0.250651                   0                0.0           0.538703                       0                        0                      8      0.912750  0.156576  0.561523  0.113559                0.087502              6144                       0.117091                  1.743991                     0.122267                         0.103765                        0.110872                      0.105159
                    random   6144                 0.091241 1.188103  5.861632 0.877212 0.810183 0.958974          0.119079    -0.119954    1.613770       1.70            2.33                    0.0                  0.0    0.250651                   0                0.0           0.437286                       0                        0                      8      0.906402  0.208008  0.524414  0.123280                0.091241              6144                       0.119082                  1.874822                     0.124162                         0.106006                        0.112559                      0.108004
                custom_ppo   6144                 0.090653 2.568958 15.713214 0.887343 0.835453 2.065866          0.121979    -0.122298    1.543955       1.62            2.07                    0.0                  0.0    0.250651                   0                0.0           0.159490                       1                        3                      4      0.388278  0.000000  1.000000  0.379375                0.090653              6144                       0.121979                  2.739537                     0.128123                         0.106166                        0.117443                      0.104947
 feasible_static_projected   6144                 0.237240 1.873577  4.465983 0.900074 0.896253 1.848290          0.122815    -0.122816    1.460000       1.46            1.95                    0.0                  0.0    0.250651                   0                0.0           0.000000                       3                        5                      0     -0.000000  0.000000  1.000000  0.484123                0.237240              6144                       0.122836                  1.669092                     0.127445                         0.110970                        0.113337                      0.116891
validation_selected_static   6144                 0.237240 1.873577  4.465983 0.900074 0.896253 1.848290          0.122815    -0.122816    1.460000       1.46            1.95                    0.0                  0.0    0.250651                   0                0.0           0.000000                       3                        5                      0     -0.000000  0.000000  1.000000  0.484123                0.237240              6144                       0.122836                  1.669092                     0.127445                         0.110970                        0.113337                      0.116891
reports/v31_split_protocol_no_warmup/raw/budget1p70_seed48/v2_custom_ppo_metrics.csv
                    policy  steps  reward_mean  instant_mae  oracle_loss_mean  dtw_mean  power_mean  peak_power_max  event_rate  warmup_abort_count  switches_per_step  always_on_sensor_count  always_off_sensor_count  mid_duty_sensor_count  duty_entropy  duty_min  duty_max  duty_std
   full_open_unconstrained   6144    -0.111667     1.653840          0.111665  1.596660    4.620000            6.28    0.250651                   0           0.000000                       8                        0                      0     -0.000000  1.000000  1.000000  0.000000
               round_robin   6144    -0.117468     3.232943          0.116968  2.434675    1.555000            1.98    0.250651                   0           0.250000                       0                        0                      8      0.661852  0.125000  0.875000  0.299739
                       aoi   6144    -0.118171     3.471873          0.117094  2.572342    1.639733            2.33    0.250651                   0           0.538703                       0                        0                      8      0.912750  0.156576  0.561523  0.113559
                    random   6144    -0.119954     4.414883          0.119079  3.349894    1.613770            2.33    0.250651                   0           0.437286                       0                        0                      8      0.906402  0.208008  0.524414  0.123280
                custom_ppo   6144    -0.122298     3.385003          0.121979  2.905377    1.543955            2.07    0.250651                   0           0.159490                       1                        3                      4      0.388278  0.000000  1.000000  0.379375
validation_selected_static   6144    -0.122816     2.855286          0.122815  2.729596    1.460000            1.95    0.250651                   0           0.000000                       3                        5                      0     -0.000000  0.000000  1.000000  0.484123
 feasible_static_projected   6144    -0.122816     2.855286          0.122815  2.729596    1.460000            1.95    0.250651                   0           0.000000                       3                        5                      0     -0.000000  0.000000  1.000000  0.484123
reports/v31_split_protocol_no_warmup/raw/budget1p70_seed48/split_protocol_manifest.json
