reports/v31_split_protocol_no_warmup/raw/budget1p65_seed41/truth_v31_split.csv
reports/v31_split_protocol_no_warmup/raw/budget1p65_seed41/dataset_validation/synthetic_validation.csv
custom_ppo_update update=1 timesteps=2048 loss=0.624773 entropy=1.811145 adv_std=1.242247 soc_aux=0.000000 awbc_label_rate=0.250
custom_ppo_update update=2 timesteps=4096 loss=0.786230 entropy=1.820441 adv_std=1.519896 soc_aux=0.000000 awbc_label_rate=0.250
custom_ppo_update update=3 timesteps=6144 loss=0.597744 entropy=1.855579 adv_std=1.402966 soc_aux=0.000000 awbc_label_rate=0.250
custom_ppo_update update=4 timesteps=8192 loss=0.393662 entropy=1.877027 adv_std=0.930823 soc_aux=0.000000 awbc_label_rate=0.250
custom_ppo_update update=5 timesteps=10240 loss=0.448834 entropy=1.868749 adv_std=1.510056 soc_aux=0.000000 awbc_label_rate=0.250
custom_ppo_update update=6 timesteps=12288 loss=0.524803 entropy=1.885624 adv_std=1.536295 soc_aux=0.000000 awbc_label_rate=0.250
custom_ppo_update update=7 timesteps=14336 loss=0.646034 entropy=1.876186 adv_std=1.878793 soc_aux=0.000000 awbc_label_rate=0.250
custom_ppo_update update=8 timesteps=16384 loss=0.707097 entropy=1.887251 adv_std=2.180258 soc_aux=0.000000 awbc_label_rate=0.250
custom_ppo_update update=9 timesteps=18432 loss=0.592566 entropy=1.889897 adv_std=1.811315 soc_aux=0.000000 awbc_label_rate=0.250
custom_ppo_update update=10 timesteps=20480 loss=1.002803 entropy=1.887955 adv_std=2.372855 soc_aux=0.000000 awbc_label_rate=0.250
custom_ppo_update update=11 timesteps=22528 loss=0.727981 entropy=1.881603 adv_std=2.462622 soc_aux=0.000000 awbc_label_rate=0.250
custom_ppo_update update=12 timesteps=24576 loss=0.740375 entropy=1.874659 adv_std=2.460010 soc_aux=0.000000 awbc_label_rate=0.250
custom_ppo_update update=13 timesteps=26624 loss=0.671490 entropy=1.870560 adv_std=2.355255 soc_aux=0.000000 awbc_label_rate=0.250
custom_ppo_update update=14 timesteps=28672 loss=0.605590 entropy=1.879744 adv_std=1.944363 soc_aux=0.000000 awbc_label_rate=0.250
custom_ppo_update update=15 timesteps=30720 loss=0.668546 entropy=1.882546 adv_std=2.513758 soc_aux=0.000000 awbc_label_rate=0.250
custom_ppo_update update=16 timesteps=32768 loss=0.656811 entropy=1.881916 adv_std=2.164535 soc_aux=0.000000 awbc_label_rate=0.250
custom_ppo_update update=17 timesteps=34816 loss=0.546933 entropy=1.877641 adv_std=2.043336 soc_aux=0.000000 awbc_label_rate=0.250
custom_ppo_update update=18 timesteps=36864 loss=0.598214 entropy=1.880138 adv_std=2.351979 soc_aux=0.000000 awbc_label_rate=0.250
custom_ppo_update update=19 timesteps=38912 loss=0.611466 entropy=1.889798 adv_std=2.257642 soc_aux=0.000000 awbc_label_rate=0.250
custom_ppo_update update=20 timesteps=40960 loss=0.428625 entropy=1.854180 adv_std=1.689464 soc_aux=0.000000 awbc_label_rate=0.250
custom_ppo_update update=21 timesteps=43008 loss=0.587078 entropy=1.875213 adv_std=2.266265 soc_aux=0.000000 awbc_label_rate=0.250
custom_ppo_update update=22 timesteps=45056 loss=0.821240 entropy=1.870265 adv_std=2.554453 soc_aux=0.000000 awbc_label_rate=0.250
custom_ppo_update update=23 timesteps=47104 loss=0.632918 entropy=1.871960 adv_std=2.315773 soc_aux=0.000000 awbc_label_rate=0.250
custom_ppo_update update=24 timesteps=49152 loss=0.524760 entropy=1.872891 adv_std=1.927299 soc_aux=0.000000 awbc_label_rate=0.250
custom_ppo_update update=25 timesteps=51200 loss=0.632574 entropy=1.857620 adv_std=2.161492 soc_aux=0.000000 awbc_label_rate=0.250
custom_ppo_update update=26 timesteps=53248 loss=0.662722 entropy=1.867214 adv_std=2.546793 soc_aux=0.000000 awbc_label_rate=0.250
custom_ppo_update update=27 timesteps=55296 loss=0.551342 entropy=1.866368 adv_std=2.259373 soc_aux=0.000000 awbc_label_rate=0.250
custom_ppo_update update=28 timesteps=57344 loss=0.585392 entropy=1.861886 adv_std=2.126196 soc_aux=0.000000 awbc_label_rate=0.250
custom_ppo_update update=29 timesteps=59392 loss=0.758667 entropy=1.863370 adv_std=2.337057 soc_aux=0.000000 awbc_label_rate=0.250
custom_ppo_update update=30 timesteps=61440 loss=0.532984 entropy=1.865427 adv_std=2.084966 soc_aux=0.000000 awbc_label_rate=0.250
custom_ppo_update update=31 timesteps=63488 loss=0.597444 entropy=1.858344 adv_std=1.942615 soc_aux=0.000000 awbc_label_rate=0.250
custom_ppo_update update=32 timesteps=65536 loss=0.769067 entropy=1.853618 adv_std=2.663092 soc_aux=0.000000 awbc_label_rate=0.250
custom_ppo_update update=33 timesteps=67584 loss=0.764487 entropy=1.857875 adv_std=2.591129 soc_aux=0.000000 awbc_label_rate=0.250
custom_ppo_update update=34 timesteps=69632 loss=0.575119 entropy=1.861178 adv_std=2.221007 soc_aux=0.000000 awbc_label_rate=0.250
custom_ppo_update update=35 timesteps=71680 loss=0.550005 entropy=1.857841 adv_std=2.302666 soc_aux=0.000000 awbc_label_rate=0.250
custom_ppo_update update=36 timesteps=73728 loss=0.661491 entropy=1.858700 adv_std=2.204896 soc_aux=0.000000 awbc_label_rate=0.250
custom_ppo_update update=37 timesteps=75776 loss=0.593485 entropy=1.850260 adv_std=2.433446 soc_aux=0.000000 awbc_label_rate=0.250
custom_ppo_update update=38 timesteps=77824 loss=0.805921 entropy=1.864143 adv_std=2.468133 soc_aux=0.000000 awbc_label_rate=0.250
custom_ppo_update update=39 timesteps=79872 loss=0.553427 entropy=1.872633 adv_std=1.935753 soc_aux=0.000000 awbc_label_rate=0.250
custom_ppo_update update=40 timesteps=81920 loss=0.855422 entropy=1.858707 adv_std=2.417341 soc_aux=0.000000 awbc_label_rate=0.250
custom_ppo_update update=41 timesteps=83968 loss=0.941613 entropy=1.864038 adv_std=2.706202 soc_aux=0.000000 awbc_label_rate=0.250
custom_ppo_update update=42 timesteps=86016 loss=0.656973 entropy=1.872932 adv_std=2.179511 soc_aux=0.000000 awbc_label_rate=0.250
custom_ppo_update update=43 timesteps=88064 loss=0.752123 entropy=1.866980 adv_std=2.538128 soc_aux=0.000000 awbc_label_rate=0.250
custom_ppo_update update=44 timesteps=90112 loss=0.755505 entropy=1.864612 adv_std=2.383802 soc_aux=0.000000 awbc_label_rate=0.250
custom_ppo_update update=45 timesteps=92160 loss=0.661364 entropy=1.866201 adv_std=2.607578 soc_aux=0.000000 awbc_label_rate=0.250
custom_ppo_update update=46 timesteps=94208 loss=0.804730 entropy=1.864726 adv_std=2.566410 soc_aux=0.000000 awbc_label_rate=0.250
custom_ppo_update update=47 timesteps=96256 loss=0.704172 entropy=1.849767 adv_std=2.438822 soc_aux=0.000000 awbc_label_rate=0.250
custom_ppo_update update=48 timesteps=98304 loss=0.916588 entropy=1.840768 adv_std=3.125552 soc_aux=0.000000 awbc_label_rate=0.250
custom_ppo_update update=49 timesteps=100000 loss=0.765716 entropy=1.875432 adv_std=2.390340 soc_aux=0.000000 awbc_label_rate=0.250
reports/v31_split_protocol_no_warmup/raw/budget1p65_seed41/evaluation/v2_eval_overall.csv
                    policy  steps  weighted_normalized_mae      mae     rmse    smape  pearson      dtw  oracle_loss_mean  reward_mean  power_mean  power_max  peak_power_max  steady_violation_rate  peak_violation_rate  event_rate  warmup_abort_count  warmup_abort_rate  obs_reconstruction_mae  forecast_samples  forecast_weighted_mae_overall  forecast_raw_mae_overall  forecast_weighted_mae_event  forecast_weighted_mae_non_event  forecast_weighted_mae_low_temp  forecast_weighted_mae_normal
   full_open_unconstrained   6144                 0.060677 0.769609 2.681933 0.813073 0.879263 0.752551          0.107475    -0.107477    4.620000       4.62            6.28                    1.0                  1.0    0.289062                   0                0.0                0.060677              6144                       0.107475                  1.697877                     0.113424                         0.093003                        0.096387                      0.100547
               round_robin   6144                 0.097263 0.932482 2.877104 0.847672 0.820734 0.845706          0.114766    -0.115266    1.555000       1.64            1.98                    0.0                  0.0    0.289062                   0                0.0                0.097263              6144                       0.114766                  1.768127                     0.119737                         0.102672                        0.102365                      0.113042
                       aoi   6144                 0.093915 1.031195 3.854982 0.842080 0.913961 0.915552          0.117014    -0.118138    1.594889       1.64            2.20                    0.0                  0.0    0.289062                   0                0.0                0.093915              6144                       0.117014                  2.066883                     0.121449                         0.106227                        0.104736                      0.114579
                custom_ppo   6144                 0.111321 1.052949 3.451046 0.863542 0.908522 0.930334          0.117561    -0.117766    1.482487       1.64            2.20                    0.0                  0.0    0.289062                   0                0.0                0.111321              6144                       0.117634                  1.813284                     0.123150                         0.104215                        0.104420                      0.115102
                    random   6144                 0.099055 1.205635 5.778811 0.863311 0.824309 0.979006          0.120753    -0.121507    1.586191       1.64            2.23                    0.0                  0.0    0.289062                   0                0.0                0.099055              6144                       0.120753                  2.264246                     0.126051                         0.107864                        0.108978                      0.115153
 feasible_static_projected   6144                 0.250949 1.955489 4.728568 0.888962 0.905684 1.926005          0.144944    -0.144945    1.460000       1.46            1.95                    0.0                  0.0    0.289062                   0                0.0                0.250949              6144                       0.144944                  2.134663                     0.154999                         0.120487                        0.141315                      0.117344
validation_selected_static   6144                 0.250949 1.955489 4.728568 0.888962 0.905684 1.926005          0.144944    -0.144945    1.460000       1.46            1.95                    0.0                  0.0    0.289062                   0                0.0                0.250949              6144                       0.144944                  2.134663                     0.154999                         0.120487                        0.141315                      0.117344
reports/v31_split_protocol_no_warmup/raw/budget1p65_seed41/v2_custom_ppo_metrics.csv
                    policy  steps  reward_mean  instant_mae  oracle_loss_mean  dtw_mean  power_mean  peak_power_max  event_rate  warmup_abort_count
   full_open_unconstrained   6144    -0.107477     1.637936          0.107475  1.578046    4.620000            6.28    0.289062                   0
               round_robin   6144    -0.115266     3.172569          0.114766  2.399881    1.555000            1.98    0.289062                   0
                       aoi   6144    -0.118138     4.320446          0.117014  2.869590    1.594889            2.20    0.289062                   0
                custom_ppo   6144    -0.117766     2.254187          0.117561  2.055652    1.482487            2.20    0.289062                   0
                    random   6144    -0.121507     6.420827          0.120753  4.590553    1.586191            2.23    0.289062                   0
validation_selected_static   6144    -0.144945     2.919308          0.144944  2.791178    1.460000            1.95    0.289062                   0
 feasible_static_projected   6144    -0.144945     2.919308          0.144944  2.791178    1.460000            1.95    0.289062                   0
reports/v31_split_protocol_no_warmup/raw/budget1p65_seed41/split_protocol_manifest.json
