reports/v31_split_protocol_no_warmup/raw/budget1p70_seed46/truth_v31_split.csv
reports/v31_split_protocol_no_warmup/raw/budget1p70_seed46/dataset_validation/synthetic_validation.csv
custom_ppo_update update=1 timesteps=2048 loss=0.671362 entropy=2.062014 adv_std=1.455521 soc_aux=0.000000 awbc_label_rate=0.250
custom_ppo_update update=2 timesteps=4096 loss=0.839923 entropy=2.068842 adv_std=1.613073 soc_aux=0.000000 awbc_label_rate=0.250
custom_ppo_update update=3 timesteps=6144 loss=0.466544 entropy=2.084602 adv_std=1.421970 soc_aux=0.000000 awbc_label_rate=0.250
custom_ppo_update update=4 timesteps=8192 loss=0.710079 entropy=2.095882 adv_std=1.824398 soc_aux=0.000000 awbc_label_rate=0.250
custom_ppo_update update=5 timesteps=10240 loss=0.621917 entropy=2.110827 adv_std=1.687574 soc_aux=0.000000 awbc_label_rate=0.250
custom_ppo_update update=6 timesteps=12288 loss=0.611785 entropy=2.111816 adv_std=1.921800 soc_aux=0.000000 awbc_label_rate=0.250
custom_ppo_update update=7 timesteps=14336 loss=0.648309 entropy=2.105668 adv_std=1.957377 soc_aux=0.000000 awbc_label_rate=0.250
custom_ppo_update update=8 timesteps=16384 loss=0.659549 entropy=2.115768 adv_std=2.312346 soc_aux=0.000000 awbc_label_rate=0.250
custom_ppo_update update=9 timesteps=18432 loss=0.598674 entropy=2.103444 adv_std=2.204485 soc_aux=0.000000 awbc_label_rate=0.250
custom_ppo_update update=10 timesteps=20480 loss=0.570395 entropy=2.140241 adv_std=1.898651 soc_aux=0.000000 awbc_label_rate=0.250
custom_ppo_update update=11 timesteps=22528 loss=0.549266 entropy=2.123217 adv_std=1.935683 soc_aux=0.000000 awbc_label_rate=0.250
custom_ppo_update update=12 timesteps=24576 loss=0.613824 entropy=2.103027 adv_std=2.249909 soc_aux=0.000000 awbc_label_rate=0.250
custom_ppo_update update=13 timesteps=26624 loss=0.520164 entropy=2.100967 adv_std=1.912796 soc_aux=0.000000 awbc_label_rate=0.250
custom_ppo_update update=14 timesteps=28672 loss=0.636525 entropy=2.101754 adv_std=2.111862 soc_aux=0.000000 awbc_label_rate=0.250
custom_ppo_update update=15 timesteps=30720 loss=0.621182 entropy=2.113238 adv_std=2.239074 soc_aux=0.000000 awbc_label_rate=0.250
custom_ppo_update update=16 timesteps=32768 loss=0.594641 entropy=2.092717 adv_std=2.132923 soc_aux=0.000000 awbc_label_rate=0.250
custom_ppo_update update=17 timesteps=34816 loss=0.597448 entropy=2.115862 adv_std=1.959489 soc_aux=0.000000 awbc_label_rate=0.250
custom_ppo_update update=18 timesteps=36864 loss=0.693598 entropy=2.105717 adv_std=2.423127 soc_aux=0.000000 awbc_label_rate=0.250
custom_ppo_update update=19 timesteps=38912 loss=0.700291 entropy=2.119322 adv_std=2.363735 soc_aux=0.000000 awbc_label_rate=0.250
custom_ppo_update update=20 timesteps=40960 loss=0.740600 entropy=2.117390 adv_std=2.275988 soc_aux=0.000000 awbc_label_rate=0.250
custom_ppo_update update=21 timesteps=43008 loss=0.701868 entropy=2.107827 adv_std=2.522069 soc_aux=0.000000 awbc_label_rate=0.250
custom_ppo_update update=22 timesteps=45056 loss=0.532912 entropy=2.131016 adv_std=1.877173 soc_aux=0.000000 awbc_label_rate=0.250
custom_ppo_update update=23 timesteps=47104 loss=0.633252 entropy=2.112994 adv_std=2.438829 soc_aux=0.000000 awbc_label_rate=0.250
custom_ppo_update update=24 timesteps=49152 loss=0.690767 entropy=2.106353 adv_std=2.404994 soc_aux=0.000000 awbc_label_rate=0.250
custom_ppo_update update=25 timesteps=51200 loss=0.549480 entropy=2.127038 adv_std=1.786723 soc_aux=0.000000 awbc_label_rate=0.250
custom_ppo_update update=26 timesteps=53248 loss=0.597782 entropy=2.115325 adv_std=2.129431 soc_aux=0.000000 awbc_label_rate=0.250
custom_ppo_update update=27 timesteps=55296 loss=0.482652 entropy=2.115423 adv_std=1.905886 soc_aux=0.000000 awbc_label_rate=0.250
custom_ppo_update update=28 timesteps=57344 loss=0.623106 entropy=2.127241 adv_std=2.465105 soc_aux=0.000000 awbc_label_rate=0.250
custom_ppo_update update=29 timesteps=59392 loss=0.576603 entropy=2.125711 adv_std=2.014046 soc_aux=0.000000 awbc_label_rate=0.250
custom_ppo_update update=30 timesteps=61440 loss=0.482454 entropy=2.112649 adv_std=2.021493 soc_aux=0.000000 awbc_label_rate=0.250
custom_ppo_update update=31 timesteps=63488 loss=0.507383 entropy=2.123063 adv_std=1.864324 soc_aux=0.000000 awbc_label_rate=0.250
custom_ppo_update update=32 timesteps=65536 loss=0.542145 entropy=2.109610 adv_std=2.024049 soc_aux=0.000000 awbc_label_rate=0.250
custom_ppo_update update=33 timesteps=67584 loss=0.468930 entropy=2.132147 adv_std=1.622410 soc_aux=0.000000 awbc_label_rate=0.250
custom_ppo_update update=34 timesteps=69632 loss=0.427487 entropy=2.117315 adv_std=1.602451 soc_aux=0.000000 awbc_label_rate=0.250
custom_ppo_update update=35 timesteps=71680 loss=0.422652 entropy=2.112345 adv_std=1.509700 soc_aux=0.000000 awbc_label_rate=0.250
custom_ppo_update update=36 timesteps=73728 loss=0.582910 entropy=2.103877 adv_std=2.294547 soc_aux=0.000000 awbc_label_rate=0.250
custom_ppo_update update=37 timesteps=75776 loss=0.545245 entropy=2.103738 adv_std=2.027385 soc_aux=0.000000 awbc_label_rate=0.250
custom_ppo_update update=38 timesteps=77824 loss=0.550856 entropy=2.123147 adv_std=1.856646 soc_aux=0.000000 awbc_label_rate=0.250
custom_ppo_update update=39 timesteps=79872 loss=0.688257 entropy=2.110650 adv_std=2.279339 soc_aux=0.000000 awbc_label_rate=0.250
custom_ppo_update update=40 timesteps=81920 loss=0.688236 entropy=2.116021 adv_std=2.484710 soc_aux=0.000000 awbc_label_rate=0.250
custom_ppo_update update=41 timesteps=83968 loss=0.610060 entropy=2.112837 adv_std=2.149107 soc_aux=0.000000 awbc_label_rate=0.250
custom_ppo_update update=42 timesteps=86016 loss=0.669515 entropy=2.114793 adv_std=2.467307 soc_aux=0.000000 awbc_label_rate=0.250
custom_ppo_update update=43 timesteps=88064 loss=0.418037 entropy=2.109058 adv_std=1.735289 soc_aux=0.000000 awbc_label_rate=0.250
custom_ppo_update update=44 timesteps=90112 loss=0.576044 entropy=2.113004 adv_std=2.062447 soc_aux=0.000000 awbc_label_rate=0.250
custom_ppo_update update=45 timesteps=92160 loss=0.605204 entropy=2.097547 adv_std=2.133090 soc_aux=0.000000 awbc_label_rate=0.250
custom_ppo_update update=46 timesteps=94208 loss=0.513745 entropy=2.106558 adv_std=1.883040 soc_aux=0.000000 awbc_label_rate=0.250
custom_ppo_update update=47 timesteps=96256 loss=0.538733 entropy=2.120885 adv_std=2.074290 soc_aux=0.000000 awbc_label_rate=0.250
custom_ppo_update update=48 timesteps=98304 loss=0.694818 entropy=2.108442 adv_std=2.443340 soc_aux=0.000000 awbc_label_rate=0.250
custom_ppo_update update=49 timesteps=100000 loss=0.793848 entropy=2.107766 adv_std=2.513486 soc_aux=0.000000 awbc_label_rate=0.250
reports/v31_split_protocol_no_warmup/raw/budget1p70_seed46/evaluation/v2_eval_overall.csv
                    policy  steps  weighted_normalized_mae      mae      rmse    smape  pearson      dtw  oracle_loss_mean  reward_mean  power_mean  power_max  peak_power_max  steady_violation_rate  peak_violation_rate  event_rate  warmup_abort_count  warmup_abort_rate  switches_per_step  always_on_sensor_count  always_off_sensor_count  mid_duty_sensor_count  duty_entropy  duty_min  duty_max  duty_std  obs_reconstruction_mae  forecast_samples  forecast_weighted_mae_overall  forecast_raw_mae_overall  forecast_weighted_mae_event  forecast_weighted_mae_non_event  forecast_weighted_mae_low_temp  forecast_weighted_mae_normal
   full_open_unconstrained   6144                 0.062993 0.786724  2.731292 0.791689 0.888069 0.765735          0.137433    -0.137435    4.620000       4.62            6.28                    1.0                  1.0    0.307943                   0                0.0           0.000000                       8                        0                      0     -0.000000  1.000000  1.000000  0.000000                0.062993              6144                       0.137499                  2.000525                     0.145384                         0.113279                        0.121991                      0.117814
                       aoi   6144                 0.099338 1.071683  4.123751 0.846854 0.837847 0.961665          0.141701    -0.142779    1.639756       1.70            2.33                    0.0                  0.0    0.307943                   0                0.0           0.538865                       0                        0                      8      0.912869  0.156901  0.561523  0.113409                0.099338              6144                       0.141748                  2.040055                     0.150135                         0.115987                        0.120165                      0.127330
               round_robin   6144                 0.096142 0.971087  3.251793 0.824539 0.843941 0.895673          0.142220    -0.142720    1.555000       1.64            1.98                    0.0                  0.0    0.307943                   0                0.0           0.250000                       0                        0                      8      0.661852  0.125000  0.875000  0.299739                0.096142              6144                       0.142278                  1.991366                     0.149279                         0.120774                        0.122354                      0.130985
                    random   6144                 0.098037 1.302776  7.314695 0.843580 0.822681 1.025642          0.143311    -0.144207    1.616465       1.70            2.33                    0.0                  0.0    0.307943                   0                0.0           0.447990                       0                        0                      8      0.908960  0.203125  0.535156  0.119917                0.098037              6144                       0.143359                  2.182848                     0.151334                         0.118863                        0.122933                      0.128953
                custom_ppo   6144                 0.099572 1.672862 10.721956 0.848522 0.901791 1.262350          0.147182    -0.147449    1.492402       1.62            2.07                    0.0                  0.0    0.307943                   0                0.0           0.133322                       1                        3                      4      0.381307  0.000000  1.000000  0.383158                0.099572              6144                       0.147252                  2.549048                     0.154759                         0.124195                        0.131462                      0.131313
 feasible_static_projected   6144                 0.243033 1.891077  4.480535 0.865492 0.922213 1.859665          0.152275    -0.152276    1.460000       1.46            1.95                    0.0                  0.0    0.307943                   0                0.0           0.000000                       3                        5                      0     -0.000000  0.000000  1.000000  0.484123                0.243033              6144                       0.152322                  2.169567                     0.156613                         0.139143                        0.124261                      0.173131
validation_selected_static   6144                 0.243033 1.891077  4.480535 0.865492 0.922213 1.859665          0.152275    -0.152276    1.460000       1.46            1.95                    0.0                  0.0    0.307943                   0                0.0           0.000000                       3                        5                      0     -0.000000  0.000000  1.000000  0.484123                0.243033              6144                       0.152322                  2.169567                     0.156613                         0.139143                        0.124261                      0.173131
reports/v31_split_protocol_no_warmup/raw/budget1p70_seed46/v2_custom_ppo_metrics.csv
                    policy  steps  reward_mean  instant_mae  oracle_loss_mean  dtw_mean  power_mean  peak_power_max  event_rate  warmup_abort_count  switches_per_step  always_on_sensor_count  always_off_sensor_count  mid_duty_sensor_count  duty_entropy  duty_min  duty_max  duty_std
   full_open_unconstrained   6144    -0.137435     1.663348          0.137433  1.605060    4.620000            6.28    0.307943                   0           0.000000                       8                        0                      0     -0.000000  1.000000  1.000000  0.000000
                       aoi   6144    -0.142779     3.489159          0.141701  2.569050    1.639756            2.33    0.307943                   0           0.538865                       0                        0                      8      0.912869  0.156901  0.561523  0.113409
               round_robin   6144    -0.142720     3.242984          0.142220  2.460527    1.555000            1.98    0.307943                   0           0.250000                       0                        0                      8      0.661852  0.125000  0.875000  0.299739
                    random   6144    -0.144207     4.435685          0.143311  3.220170    1.616465            2.33    0.307943                   0           0.447990                       0                        0                      8      0.908960  0.203125  0.535156  0.119917
                custom_ppo   6144    -0.147449     2.717260          0.147182  2.300027    1.492402            2.07    0.307943                   0           0.133322                       1                        3                      4      0.381307  0.000000  1.000000  0.383158
validation_selected_static   6144    -0.152276     2.882214          0.152275  2.750305    1.460000            1.95    0.307943                   0           0.000000                       3                        5                      0     -0.000000  0.000000  1.000000  0.484123
 feasible_static_projected   6144    -0.152276     2.882214          0.152275  2.750305    1.460000            1.95    0.307943                   0           0.000000                       3                        5                      0     -0.000000  0.000000  1.000000  0.484123
reports/v31_split_protocol_no_warmup/raw/budget1p70_seed46/split_protocol_manifest.json
