reports/v31_split_protocol_no_warmup/raw/budget1p75_seed46/truth_v31_split.csv
reports/v31_split_protocol_no_warmup/raw/budget1p75_seed46/dataset_validation/synthetic_validation.csv
custom_ppo_update update=1 timesteps=2048 loss=0.704639 entropy=2.226508 adv_std=1.463398 soc_aux=0.000000 awbc_label_rate=0.250
custom_ppo_update update=2 timesteps=4096 loss=0.965217 entropy=2.231430 adv_std=1.686619 soc_aux=0.000000 awbc_label_rate=0.250
custom_ppo_update update=3 timesteps=6144 loss=0.515072 entropy=2.248725 adv_std=1.566359 soc_aux=0.000000 awbc_label_rate=0.250
custom_ppo_update update=4 timesteps=8192 loss=0.620611 entropy=2.267136 adv_std=1.790092 soc_aux=0.000000 awbc_label_rate=0.250
custom_ppo_update update=5 timesteps=10240 loss=0.597934 entropy=2.277620 adv_std=1.650726 soc_aux=0.000000 awbc_label_rate=0.250
custom_ppo_update update=6 timesteps=12288 loss=0.619991 entropy=2.282138 adv_std=1.824855 soc_aux=0.000000 awbc_label_rate=0.250
custom_ppo_update update=7 timesteps=14336 loss=0.721966 entropy=2.290289 adv_std=2.200713 soc_aux=0.000000 awbc_label_rate=0.250
custom_ppo_update update=8 timesteps=16384 loss=0.778118 entropy=2.295001 adv_std=2.534074 soc_aux=0.000000 awbc_label_rate=0.250
custom_ppo_update update=9 timesteps=18432 loss=0.638088 entropy=2.291452 adv_std=2.109849 soc_aux=0.000000 awbc_label_rate=0.250
custom_ppo_update update=10 timesteps=20480 loss=0.548310 entropy=2.292597 adv_std=1.636405 soc_aux=0.000000 awbc_label_rate=0.250
custom_ppo_update update=11 timesteps=22528 loss=0.552603 entropy=2.296719 adv_std=2.002570 soc_aux=0.000000 awbc_label_rate=0.250
custom_ppo_update update=12 timesteps=24576 loss=0.653574 entropy=2.274112 adv_std=2.345504 soc_aux=0.000000 awbc_label_rate=0.250
custom_ppo_update update=13 timesteps=26624 loss=0.655708 entropy=2.277273 adv_std=2.010977 soc_aux=0.000000 awbc_label_rate=0.250
custom_ppo_update update=14 timesteps=28672 loss=0.663715 entropy=2.283089 adv_std=2.097220 soc_aux=0.000000 awbc_label_rate=0.250
custom_ppo_update update=15 timesteps=30720 loss=0.623033 entropy=2.261530 adv_std=2.356003 soc_aux=0.000000 awbc_label_rate=0.250
custom_ppo_update update=16 timesteps=32768 loss=0.595474 entropy=2.272674 adv_std=2.200363 soc_aux=0.000000 awbc_label_rate=0.250
custom_ppo_update update=17 timesteps=34816 loss=0.592087 entropy=2.275536 adv_std=2.098289 soc_aux=0.000000 awbc_label_rate=0.250
custom_ppo_update update=18 timesteps=36864 loss=0.711822 entropy=2.259599 adv_std=2.453954 soc_aux=0.000000 awbc_label_rate=0.250
custom_ppo_update update=19 timesteps=38912 loss=0.744905 entropy=2.280083 adv_std=2.371527 soc_aux=0.000000 awbc_label_rate=0.250
custom_ppo_update update=20 timesteps=40960 loss=0.757570 entropy=2.281817 adv_std=2.420563 soc_aux=0.000000 awbc_label_rate=0.250
custom_ppo_update update=21 timesteps=43008 loss=0.642475 entropy=2.268824 adv_std=2.507233 soc_aux=0.000000 awbc_label_rate=0.250
custom_ppo_update update=22 timesteps=45056 loss=0.464533 entropy=2.280907 adv_std=1.757818 soc_aux=0.000000 awbc_label_rate=0.250
custom_ppo_update update=23 timesteps=47104 loss=0.597494 entropy=2.261895 adv_std=2.310521 soc_aux=0.000000 awbc_label_rate=0.250
custom_ppo_update update=24 timesteps=49152 loss=0.672918 entropy=2.269794 adv_std=2.382574 soc_aux=0.000000 awbc_label_rate=0.250
custom_ppo_update update=25 timesteps=51200 loss=0.525531 entropy=2.283831 adv_std=1.799272 soc_aux=0.000000 awbc_label_rate=0.250
custom_ppo_update update=26 timesteps=53248 loss=0.501326 entropy=2.278840 adv_std=1.932775 soc_aux=0.000000 awbc_label_rate=0.250
custom_ppo_update update=27 timesteps=55296 loss=0.524385 entropy=2.280217 adv_std=1.827931 soc_aux=0.000000 awbc_label_rate=0.250
custom_ppo_update update=28 timesteps=57344 loss=0.641522 entropy=2.283554 adv_std=2.396819 soc_aux=0.000000 awbc_label_rate=0.250
custom_ppo_update update=29 timesteps=59392 loss=0.561102 entropy=2.286493 adv_std=2.027240 soc_aux=0.000000 awbc_label_rate=0.250
custom_ppo_update update=30 timesteps=61440 loss=0.512893 entropy=2.275872 adv_std=1.986785 soc_aux=0.000000 awbc_label_rate=0.250
custom_ppo_update update=31 timesteps=63488 loss=0.470125 entropy=2.270851 adv_std=1.741232 soc_aux=0.000000 awbc_label_rate=0.250
custom_ppo_update update=32 timesteps=65536 loss=0.522820 entropy=2.263478 adv_std=1.903229 soc_aux=0.000000 awbc_label_rate=0.250
custom_ppo_update update=33 timesteps=67584 loss=0.509816 entropy=2.289946 adv_std=1.614592 soc_aux=0.000000 awbc_label_rate=0.250
custom_ppo_update update=34 timesteps=69632 loss=0.511603 entropy=2.275210 adv_std=1.678358 soc_aux=0.000000 awbc_label_rate=0.250
custom_ppo_update update=35 timesteps=71680 loss=0.421352 entropy=2.281211 adv_std=1.660232 soc_aux=0.000000 awbc_label_rate=0.250
custom_ppo_update update=36 timesteps=73728 loss=0.632205 entropy=2.270891 adv_std=2.424938 soc_aux=0.000000 awbc_label_rate=0.250
custom_ppo_update update=37 timesteps=75776 loss=0.548850 entropy=2.284605 adv_std=1.943213 soc_aux=0.000000 awbc_label_rate=0.250
custom_ppo_update update=38 timesteps=77824 loss=0.592640 entropy=2.279398 adv_std=2.128058 soc_aux=0.000000 awbc_label_rate=0.250
custom_ppo_update update=39 timesteps=79872 loss=0.636472 entropy=2.283514 adv_std=2.170029 soc_aux=0.000000 awbc_label_rate=0.250
custom_ppo_update update=40 timesteps=81920 loss=0.792408 entropy=2.286623 adv_std=2.375011 soc_aux=0.000000 awbc_label_rate=0.250
custom_ppo_update update=41 timesteps=83968 loss=0.599627 entropy=2.279899 adv_std=2.086097 soc_aux=0.000000 awbc_label_rate=0.250
custom_ppo_update update=42 timesteps=86016 loss=0.759899 entropy=2.294732 adv_std=2.390585 soc_aux=0.000000 awbc_label_rate=0.250
custom_ppo_update update=43 timesteps=88064 loss=0.451379 entropy=2.275625 adv_std=1.788139 soc_aux=0.000000 awbc_label_rate=0.250
custom_ppo_update update=44 timesteps=90112 loss=0.563282 entropy=2.282164 adv_std=2.302190 soc_aux=0.000000 awbc_label_rate=0.250
custom_ppo_update update=45 timesteps=92160 loss=0.616264 entropy=2.263821 adv_std=2.230013 soc_aux=0.000000 awbc_label_rate=0.250
custom_ppo_update update=46 timesteps=94208 loss=0.496275 entropy=2.265593 adv_std=1.919527 soc_aux=0.000000 awbc_label_rate=0.250
custom_ppo_update update=47 timesteps=96256 loss=0.581977 entropy=2.277333 adv_std=2.298746 soc_aux=0.000000 awbc_label_rate=0.250
custom_ppo_update update=48 timesteps=98304 loss=0.698581 entropy=2.261086 adv_std=2.670903 soc_aux=0.000000 awbc_label_rate=0.250
custom_ppo_update update=49 timesteps=100000 loss=0.893166 entropy=2.265079 adv_std=2.716218 soc_aux=0.000000 awbc_label_rate=0.250
reports/v31_split_protocol_no_warmup/raw/budget1p75_seed46/evaluation/v2_eval_overall.csv
                    policy  steps  weighted_normalized_mae      mae     rmse    smape  pearson      dtw  oracle_loss_mean  reward_mean  power_mean  power_max  peak_power_max  steady_violation_rate  peak_violation_rate  event_rate  warmup_abort_count  warmup_abort_rate  switches_per_step  always_on_sensor_count  always_off_sensor_count  mid_duty_sensor_count  duty_entropy  duty_min  duty_max  duty_std  obs_reconstruction_mae  forecast_samples  forecast_weighted_mae_overall  forecast_raw_mae_overall  forecast_weighted_mae_event  forecast_weighted_mae_non_event  forecast_weighted_mae_low_temp  forecast_weighted_mae_normal
                       aoi   6144                 0.099837 1.068093 4.137303 0.843399 0.836544 0.969921          0.137247    -0.138371    1.656673       1.74            2.35                    0.0                  0.0    0.307943                   0                0.0           0.562225                       0                        0                      8      0.914123  0.208008  0.583659  0.114022                0.099837              6144                       0.137294                  1.871821                     0.143573                         0.118005                        0.116143                      0.131115
                custom_ppo   6144                 0.100103 1.404695 8.711143 0.842476 0.914472 1.032744          0.138905    -0.139221    1.486042       1.62            2.07                    0.0                  0.0    0.307943                   0                0.0           0.157374                       1                        3                      4      0.375603  0.000000  1.000000  0.383759                0.100103              6144                       0.138963                  2.163723                     0.144799                         0.121040                        0.121756                      0.130257
   full_open_unconstrained   6144                 0.062993 0.786724 2.731292 0.791689 0.888069 0.765735          0.139245    -0.139247    4.620000       4.62            6.28                    1.0                  1.0    0.307943                   0                0.0           0.000000                       8                        0                      0     -0.000000  1.000000  1.000000  0.000000                0.062993              6144                       0.139311                  1.900490                     0.146012                         0.118729                        0.124504                      0.124469
                    random   6144                 0.100337 1.379737 7.717656 0.847368 0.824126 1.062363          0.140573    -0.141476    1.633008       1.74            2.38                    0.0                  0.0    0.307943                   0                0.0           0.451896                       0                        0                      8      0.920736  0.188477  0.505859  0.102580                0.100337              6144                       0.140605                  2.115916                     0.146848                         0.121428                        0.120065                      0.133853
               round_robin   6144                 0.096142 0.971087 3.251793 0.824539 0.843941 0.895673          0.140678    -0.141178    1.555000       1.64            1.98                    0.0                  0.0    0.307943                   0                0.0           0.250000                       0                        0                      8      0.661852  0.125000  0.875000  0.299739                0.096142              6144                       0.140729                  1.957963                     0.147856                         0.118836                        0.123350                      0.128462
 feasible_static_projected   6144                 0.243033 1.891077 4.480535 0.865492 0.922213 1.859665          0.143341    -0.143341    1.460000       1.46            1.95                    0.0                  0.0    0.307943                   0                0.0           0.000000                       3                        5                      0     -0.000000  0.000000  1.000000  0.484123                0.243033              6144                       0.143397                  2.151047                     0.147918                         0.129511                        0.120067                      0.155815
validation_selected_static   6144                 0.243033 1.891077 4.480535 0.865492 0.922213 1.859665          0.143341    -0.143341    1.460000       1.46            1.95                    0.0                  0.0    0.307943                   0                0.0           0.000000                       3                        5                      0     -0.000000  0.000000  1.000000  0.484123                0.243033              6144                       0.143397                  2.151047                     0.147918                         0.129511                        0.120067                      0.155815
reports/v31_split_protocol_no_warmup/raw/budget1p75_seed46/v2_custom_ppo_metrics.csv
                    policy  steps  reward_mean  instant_mae  oracle_loss_mean  dtw_mean  power_mean  peak_power_max  event_rate  warmup_abort_count  switches_per_step  always_on_sensor_count  always_off_sensor_count  mid_duty_sensor_count  duty_entropy  duty_min  duty_max  duty_std
                       aoi   6144    -0.138371     4.164409          0.137247  2.857702    1.656673            2.35    0.307943                   0           0.562225                       0                        0                      8      0.914123  0.208008  0.583659  0.114022
                custom_ppo   6144    -0.139221     2.498327          0.138905  2.113747    1.486042            2.07    0.307943                   0           0.157374                       1                        3                      4      0.375603  0.000000  1.000000  0.383759
   full_open_unconstrained   6144    -0.139247     1.663348          0.139245  1.605060    4.620000            6.28    0.307943                   0           0.000000                       8                        0                      0     -0.000000  1.000000  1.000000  0.000000
                    random   6144    -0.141476     4.910331          0.140573  3.450333    1.633008            2.38    0.307943                   0           0.451896                       0                        0                      8      0.920736  0.188477  0.505859  0.102580
               round_robin   6144    -0.141178     3.242984          0.140678  2.460527    1.555000            1.98    0.307943                   0           0.250000                       0                        0                      8      0.661852  0.125000  0.875000  0.299739
validation_selected_static   6144    -0.143341     2.882214          0.143341  2.750305    1.460000            1.95    0.307943                   0           0.000000                       3                        5                      0     -0.000000  0.000000  1.000000  0.484123
 feasible_static_projected   6144    -0.143341     2.882214          0.143341  2.750305    1.460000            1.95    0.307943                   0           0.000000                       3                        5                      0     -0.000000  0.000000  1.000000  0.484123
reports/v31_split_protocol_no_warmup/raw/budget1p75_seed46/split_protocol_manifest.json
