reports/v31_split_protocol_no_warmup/raw/budget1p65_seed49/truth_v31_split.csv
reports/v31_split_protocol_no_warmup/raw/budget1p65_seed49/dataset_validation/synthetic_validation.csv
custom_ppo_update update=1 timesteps=2048 loss=0.333557 entropy=1.841130 adv_std=0.508575 soc_aux=0.000000 awbc_label_rate=0.250
custom_ppo_update update=2 timesteps=4096 loss=0.364915 entropy=1.874413 adv_std=0.613100 soc_aux=0.000000 awbc_label_rate=0.250
custom_ppo_update update=3 timesteps=6144 loss=0.470390 entropy=1.888919 adv_std=1.481998 soc_aux=0.000000 awbc_label_rate=0.250
custom_ppo_update update=4 timesteps=8192 loss=0.533534 entropy=1.903742 adv_std=1.493747 soc_aux=0.000000 awbc_label_rate=0.250
custom_ppo_update update=5 timesteps=10240 loss=0.543785 entropy=1.910878 adv_std=1.572229 soc_aux=0.000000 awbc_label_rate=0.250
custom_ppo_update update=6 timesteps=12288 loss=0.451733 entropy=1.900657 adv_std=1.655060 soc_aux=0.000000 awbc_label_rate=0.250
custom_ppo_update update=7 timesteps=14336 loss=0.627326 entropy=1.919927 adv_std=2.050811 soc_aux=0.000000 awbc_label_rate=0.250
custom_ppo_update update=8 timesteps=16384 loss=0.502176 entropy=1.920947 adv_std=1.585427 soc_aux=0.000000 awbc_label_rate=0.250
custom_ppo_update update=9 timesteps=18432 loss=0.664697 entropy=1.913117 adv_std=2.104477 soc_aux=0.000000 awbc_label_rate=0.250
custom_ppo_update update=10 timesteps=20480 loss=0.645388 entropy=1.908530 adv_std=1.910643 soc_aux=0.000000 awbc_label_rate=0.250
custom_ppo_update update=11 timesteps=22528 loss=0.841072 entropy=1.914243 adv_std=2.555010 soc_aux=0.000000 awbc_label_rate=0.250
custom_ppo_update update=12 timesteps=24576 loss=0.585445 entropy=1.907142 adv_std=2.259672 soc_aux=0.000000 awbc_label_rate=0.250
custom_ppo_update update=13 timesteps=26624 loss=0.490694 entropy=1.899259 adv_std=1.573517 soc_aux=0.000000 awbc_label_rate=0.250
custom_ppo_update update=14 timesteps=28672 loss=0.567293 entropy=1.902016 adv_std=1.798221 soc_aux=0.000000 awbc_label_rate=0.250
custom_ppo_update update=15 timesteps=30720 loss=0.599812 entropy=1.912155 adv_std=2.075616 soc_aux=0.000000 awbc_label_rate=0.250
custom_ppo_update update=16 timesteps=32768 loss=0.578101 entropy=1.901844 adv_std=2.423424 soc_aux=0.000000 awbc_label_rate=0.250
custom_ppo_update update=17 timesteps=34816 loss=0.512031 entropy=1.904669 adv_std=1.742276 soc_aux=0.000000 awbc_label_rate=0.250
custom_ppo_update update=18 timesteps=36864 loss=0.712141 entropy=1.900151 adv_std=2.365944 soc_aux=0.000000 awbc_label_rate=0.250
custom_ppo_update update=19 timesteps=38912 loss=0.604604 entropy=1.898168 adv_std=2.354521 soc_aux=0.000000 awbc_label_rate=0.250
custom_ppo_update update=20 timesteps=40960 loss=0.513451 entropy=1.887097 adv_std=2.073215 soc_aux=0.000000 awbc_label_rate=0.250
custom_ppo_update update=21 timesteps=43008 loss=0.433769 entropy=1.895956 adv_std=1.607241 soc_aux=0.000000 awbc_label_rate=0.250
custom_ppo_update update=22 timesteps=45056 loss=0.559836 entropy=1.885890 adv_std=1.766382 soc_aux=0.000000 awbc_label_rate=0.250
custom_ppo_update update=23 timesteps=47104 loss=0.719831 entropy=1.893607 adv_std=2.397483 soc_aux=0.000000 awbc_label_rate=0.250
custom_ppo_update update=24 timesteps=49152 loss=0.558652 entropy=1.905535 adv_std=2.087922 soc_aux=0.000000 awbc_label_rate=0.250
custom_ppo_update update=25 timesteps=51200 loss=0.527571 entropy=1.893200 adv_std=1.794616 soc_aux=0.000000 awbc_label_rate=0.250
custom_ppo_update update=26 timesteps=53248 loss=0.623970 entropy=1.909955 adv_std=2.446940 soc_aux=0.000000 awbc_label_rate=0.250
custom_ppo_update update=27 timesteps=55296 loss=0.401201 entropy=1.890059 adv_std=1.719846 soc_aux=0.000000 awbc_label_rate=0.250
custom_ppo_update update=28 timesteps=57344 loss=0.571515 entropy=1.899513 adv_std=2.264676 soc_aux=0.000000 awbc_label_rate=0.250
custom_ppo_update update=29 timesteps=59392 loss=0.729829 entropy=1.905107 adv_std=2.386625 soc_aux=0.000000 awbc_label_rate=0.250
custom_ppo_update update=30 timesteps=61440 loss=0.592059 entropy=1.891251 adv_std=2.089922 soc_aux=0.000000 awbc_label_rate=0.250
custom_ppo_update update=31 timesteps=63488 loss=0.424831 entropy=1.886903 adv_std=1.587064 soc_aux=0.000000 awbc_label_rate=0.250
custom_ppo_update update=32 timesteps=65536 loss=0.471265 entropy=1.905225 adv_std=1.888579 soc_aux=0.000000 awbc_label_rate=0.250
custom_ppo_update update=33 timesteps=67584 loss=0.836562 entropy=1.890905 adv_std=2.055737 soc_aux=0.000000 awbc_label_rate=0.250
custom_ppo_update update=34 timesteps=69632 loss=0.581824 entropy=1.911367 adv_std=2.152542 soc_aux=0.000000 awbc_label_rate=0.250
custom_ppo_update update=35 timesteps=71680 loss=0.634082 entropy=1.897856 adv_std=2.248191 soc_aux=0.000000 awbc_label_rate=0.250
custom_ppo_update update=36 timesteps=73728 loss=0.760601 entropy=1.904335 adv_std=2.312534 soc_aux=0.000000 awbc_label_rate=0.250
custom_ppo_update update=37 timesteps=75776 loss=0.469950 entropy=1.898528 adv_std=1.533796 soc_aux=0.000000 awbc_label_rate=0.250
custom_ppo_update update=38 timesteps=77824 loss=0.658727 entropy=1.903477 adv_std=2.139262 soc_aux=0.000000 awbc_label_rate=0.250
custom_ppo_update update=39 timesteps=79872 loss=0.633713 entropy=1.921966 adv_std=2.304940 soc_aux=0.000000 awbc_label_rate=0.250
custom_ppo_update update=40 timesteps=81920 loss=0.556105 entropy=1.902660 adv_std=2.186195 soc_aux=0.000000 awbc_label_rate=0.250
custom_ppo_update update=41 timesteps=83968 loss=1.019810 entropy=1.924975 adv_std=2.625681 soc_aux=0.000000 awbc_label_rate=0.250
custom_ppo_update update=42 timesteps=86016 loss=0.589761 entropy=1.900280 adv_std=2.270262 soc_aux=0.000000 awbc_label_rate=0.250
custom_ppo_update update=43 timesteps=88064 loss=0.429914 entropy=1.891358 adv_std=1.588385 soc_aux=0.000000 awbc_label_rate=0.250
custom_ppo_update update=44 timesteps=90112 loss=0.623623 entropy=1.893363 adv_std=2.449629 soc_aux=0.000000 awbc_label_rate=0.250
custom_ppo_update update=45 timesteps=92160 loss=0.549934 entropy=1.896609 adv_std=2.205323 soc_aux=0.000000 awbc_label_rate=0.250
custom_ppo_update update=46 timesteps=94208 loss=0.533826 entropy=1.879242 adv_std=2.057068 soc_aux=0.000000 awbc_label_rate=0.250
custom_ppo_update update=47 timesteps=96256 loss=0.692439 entropy=1.896845 adv_std=2.576589 soc_aux=0.000000 awbc_label_rate=0.250
custom_ppo_update update=48 timesteps=98304 loss=0.797366 entropy=1.880658 adv_std=2.607015 soc_aux=0.000000 awbc_label_rate=0.250
custom_ppo_update update=49 timesteps=100000 loss=1.070765 entropy=1.911014 adv_std=3.451279 soc_aux=0.000000 awbc_label_rate=0.250
reports/v31_split_protocol_no_warmup/raw/budget1p65_seed49/evaluation/v2_eval_overall.csv
                    policy  steps  weighted_normalized_mae      mae      rmse    smape  pearson      dtw  oracle_loss_mean  reward_mean  power_mean  power_max  peak_power_max  steady_violation_rate  peak_violation_rate  event_rate  warmup_abort_count  warmup_abort_rate  switches_per_step  always_on_sensor_count  always_off_sensor_count  mid_duty_sensor_count  duty_entropy  duty_min  duty_max  duty_std  obs_reconstruction_mae  forecast_samples  forecast_weighted_mae_overall  forecast_raw_mae_overall  forecast_weighted_mae_event  forecast_weighted_mae_non_event  forecast_weighted_mae_low_temp  forecast_weighted_mae_normal
   full_open_unconstrained   6144                 0.058413 0.775814  2.715608 0.832453 0.871716 0.762404          0.110330    -0.110332    4.620000       4.62            6.28                    1.0                  1.0    0.207194                   0                0.0           0.000000                       8                        0                      0     -0.000000   1.00000  1.000000  0.000000                0.058413              6144                       0.110364                  1.614119                     0.108764                         0.114196                        0.098937                      0.124266
                       aoi   6144                 0.081327 0.999831  3.895677 0.871135 0.838036 0.937647          0.114951    -0.115948    1.612406       1.64            2.20                    0.0                  0.0    0.207194                   0                0.0           0.498576                       0                        0                      8      0.894043   0.24821  0.625000  0.139984                0.081327              6144                       0.114987                  1.707185                     0.113754                         0.117939                        0.103050                      0.126411
               round_robin   6144                 0.096122 0.938640  2.933695 0.870051 0.813954 0.864837          0.117538    -0.118038    1.555000       1.64            1.98                    0.0                  0.0    0.207194                   0                0.0           0.250000                       0                        0                      8      0.661852   0.12500  0.875000  0.299739                0.096122              6144                       0.117577                  1.664582                     0.116684                         0.119714                        0.105421                      0.127074
                    random   6144                 0.091431 1.204207  6.207184 0.879772 0.827947 0.989980          0.117797    -0.118635    1.592305       1.64            2.23                    0.0                  0.0    0.207194                   0                0.0           0.418932                       0                        0                      8      0.871050   0.15625  0.587891  0.162030                0.091431              6144                       0.117837                  1.842842                     0.117398                         0.118890                        0.107811                      0.123987
                custom_ppo   6144                 0.083417 2.545174 16.037760 0.891248 0.866663 1.636510          0.120573    -0.120875    1.548893       1.62            2.20                    0.0                  0.0    0.207194                   0                0.0           0.150822                       1                        3                      4      0.431871   0.00000  1.000000  0.362591                0.083417              6144                       0.120607                  2.727811                     0.120332                         0.121264                        0.112746                      0.121244
validation_selected_static   6144                 0.117140 4.785150 16.660597 0.893613 0.896155 4.768737          0.124729    -0.124730    1.480000       1.48            1.97                    0.0                  0.0    0.207194                   0                0.0           0.000000                       3                        5                      0     -0.000000   0.00000  1.000000  0.484123                0.117140              6144                       0.124761                  3.820532                     0.124168                         0.126181                        0.117530                      0.124586
 feasible_static_projected   6144                 0.238486 1.887517  4.499794 0.909019 0.893974 1.863267          0.146684    -0.146685    1.460000       1.46            1.95                    0.0                  0.0    0.207194                   0                0.0           0.000000                       3                        5                      0     -0.000000   0.00000  1.000000  0.484123                0.238486              6144                       0.146719                  1.966411                     0.147902                         0.143884                        0.136127                      0.154799
reports/v31_split_protocol_no_warmup/raw/budget1p65_seed49/v2_custom_ppo_metrics.csv
                    policy  steps  reward_mean  instant_mae  oracle_loss_mean  dtw_mean  power_mean  peak_power_max  event_rate  warmup_abort_count  switches_per_step  always_on_sensor_count  always_off_sensor_count  mid_duty_sensor_count  duty_entropy  duty_min  duty_max  duty_std
   full_open_unconstrained   6144    -0.110332     1.647082          0.110330  1.592341    4.620000            6.28    0.207194                   0           0.000000                       8                        0                      0     -0.000000   1.00000  1.000000  0.000000
                       aoi   6144    -0.115948     3.210290          0.114951  2.454385    1.612406            2.20    0.207194                   0           0.498576                       0                        0                      8      0.894043   0.24821  0.625000  0.139984
               round_robin   6144    -0.118038     3.134026          0.117538  2.370917    1.555000            1.98    0.207194                   0           0.250000                       0                        0                      8      0.661852   0.12500  0.875000  0.299739
                    random   6144    -0.118635     3.579699          0.117797  2.581577    1.592305            2.23    0.207194                   0           0.418932                       0                        0                      8      0.871050   0.15625  0.587891  0.162030
                custom_ppo   6144    -0.120875     3.389089          0.120573  2.596325    1.548893            2.20    0.207194                   0           0.150822                       1                        3                      4      0.431871   0.00000  1.000000  0.362591
validation_selected_static   6144    -0.124730     5.054451          0.124729  4.940990    1.480000            1.97    0.207194                   0           0.000000                       3                        5                      0     -0.000000   0.00000  1.000000  0.484123
 feasible_static_projected   6144    -0.146685     2.881226          0.146684  2.761888    1.460000            1.95    0.207194                   0           0.000000                       3                        5                      0     -0.000000   0.00000  1.000000  0.484123
reports/v31_split_protocol_no_warmup/raw/budget1p65_seed49/split_protocol_manifest.json
