reports/v31_split_protocol_no_warmup/raw/budget1p65_seed47/truth_v31_split.csv
reports/v31_split_protocol_no_warmup/raw/budget1p65_seed47/dataset_validation/synthetic_validation.csv
custom_ppo_update update=1 timesteps=2048 loss=0.670710 entropy=1.876315 adv_std=1.265788 soc_aux=0.000000 awbc_label_rate=0.250
custom_ppo_update update=2 timesteps=4096 loss=0.653164 entropy=1.899774 adv_std=1.325595 soc_aux=0.000000 awbc_label_rate=0.250
custom_ppo_update update=3 timesteps=6144 loss=0.638949 entropy=1.912767 adv_std=1.717623 soc_aux=0.000000 awbc_label_rate=0.250
custom_ppo_update update=4 timesteps=8192 loss=0.685720 entropy=1.921619 adv_std=1.704280 soc_aux=0.000000 awbc_label_rate=0.250
custom_ppo_update update=5 timesteps=10240 loss=0.673882 entropy=1.946395 adv_std=1.708797 soc_aux=0.000000 awbc_label_rate=0.250
custom_ppo_update update=6 timesteps=12288 loss=0.649416 entropy=1.955152 adv_std=1.911024 soc_aux=0.000000 awbc_label_rate=0.250
custom_ppo_update update=7 timesteps=14336 loss=0.646910 entropy=1.940297 adv_std=2.028030 soc_aux=0.000000 awbc_label_rate=0.250
custom_ppo_update update=8 timesteps=16384 loss=0.566298 entropy=1.944692 adv_std=1.862397 soc_aux=0.000000 awbc_label_rate=0.250
custom_ppo_update update=9 timesteps=18432 loss=0.462075 entropy=1.943713 adv_std=1.867726 soc_aux=0.000000 awbc_label_rate=0.250
custom_ppo_update update=10 timesteps=20480 loss=0.563644 entropy=1.946787 adv_std=2.108753 soc_aux=0.000000 awbc_label_rate=0.250
custom_ppo_update update=11 timesteps=22528 loss=0.528608 entropy=1.959179 adv_std=2.221025 soc_aux=0.000000 awbc_label_rate=0.250
custom_ppo_update update=12 timesteps=24576 loss=0.611140 entropy=1.941126 adv_std=1.878571 soc_aux=0.000000 awbc_label_rate=0.250
custom_ppo_update update=13 timesteps=26624 loss=0.641476 entropy=1.939022 adv_std=2.083673 soc_aux=0.000000 awbc_label_rate=0.250
custom_ppo_update update=14 timesteps=28672 loss=0.652238 entropy=1.937230 adv_std=2.266304 soc_aux=0.000000 awbc_label_rate=0.250
custom_ppo_update update=15 timesteps=30720 loss=0.545242 entropy=1.937974 adv_std=2.075758 soc_aux=0.000000 awbc_label_rate=0.250
custom_ppo_update update=16 timesteps=32768 loss=0.872865 entropy=1.945415 adv_std=2.721747 soc_aux=0.000000 awbc_label_rate=0.250
custom_ppo_update update=17 timesteps=34816 loss=0.450596 entropy=1.947957 adv_std=1.697824 soc_aux=0.000000 awbc_label_rate=0.250
custom_ppo_update update=18 timesteps=36864 loss=0.604994 entropy=1.941753 adv_std=1.860072 soc_aux=0.000000 awbc_label_rate=0.250
custom_ppo_update update=19 timesteps=38912 loss=0.601990 entropy=1.926313 adv_std=2.290492 soc_aux=0.000000 awbc_label_rate=0.250
custom_ppo_update update=20 timesteps=40960 loss=0.487626 entropy=1.924182 adv_std=2.026412 soc_aux=0.000000 awbc_label_rate=0.250
custom_ppo_update update=21 timesteps=43008 loss=0.451643 entropy=1.921865 adv_std=1.801076 soc_aux=0.000000 awbc_label_rate=0.250
custom_ppo_update update=22 timesteps=45056 loss=0.441437 entropy=1.925372 adv_std=1.604169 soc_aux=0.000000 awbc_label_rate=0.250
custom_ppo_update update=23 timesteps=47104 loss=0.469543 entropy=1.926811 adv_std=1.689940 soc_aux=0.000000 awbc_label_rate=0.250
custom_ppo_update update=24 timesteps=49152 loss=0.551436 entropy=1.927587 adv_std=1.761684 soc_aux=0.000000 awbc_label_rate=0.250
custom_ppo_update update=25 timesteps=51200 loss=0.475575 entropy=1.921728 adv_std=1.962101 soc_aux=0.000000 awbc_label_rate=0.250
custom_ppo_update update=26 timesteps=53248 loss=0.455557 entropy=1.933828 adv_std=2.062220 soc_aux=0.000000 awbc_label_rate=0.250
custom_ppo_update update=27 timesteps=55296 loss=0.546944 entropy=1.918413 adv_std=1.938038 soc_aux=0.000000 awbc_label_rate=0.250
custom_ppo_update update=28 timesteps=57344 loss=0.577848 entropy=1.928634 adv_std=1.949909 soc_aux=0.000000 awbc_label_rate=0.250
custom_ppo_update update=29 timesteps=59392 loss=0.564724 entropy=1.921606 adv_std=2.280323 soc_aux=0.000000 awbc_label_rate=0.250
custom_ppo_update update=30 timesteps=61440 loss=0.547799 entropy=1.930245 adv_std=2.206486 soc_aux=0.000000 awbc_label_rate=0.250
custom_ppo_update update=31 timesteps=63488 loss=0.581008 entropy=1.923221 adv_std=2.340404 soc_aux=0.000000 awbc_label_rate=0.250
custom_ppo_update update=32 timesteps=65536 loss=0.713762 entropy=1.918485 adv_std=2.592280 soc_aux=0.000000 awbc_label_rate=0.250
custom_ppo_update update=33 timesteps=67584 loss=0.578500 entropy=1.921074 adv_std=1.863085 soc_aux=0.000000 awbc_label_rate=0.250
custom_ppo_update update=34 timesteps=69632 loss=0.485359 entropy=1.930774 adv_std=1.695146 soc_aux=0.000000 awbc_label_rate=0.250
custom_ppo_update update=35 timesteps=71680 loss=0.422833 entropy=1.927820 adv_std=1.889067 soc_aux=0.000000 awbc_label_rate=0.250
custom_ppo_update update=36 timesteps=73728 loss=0.918940 entropy=1.933107 adv_std=2.384811 soc_aux=0.000000 awbc_label_rate=0.250
custom_ppo_update update=37 timesteps=75776 loss=0.699516 entropy=1.934581 adv_std=2.556788 soc_aux=0.000000 awbc_label_rate=0.250
custom_ppo_update update=38 timesteps=77824 loss=0.882385 entropy=1.934530 adv_std=2.718393 soc_aux=0.000000 awbc_label_rate=0.250
custom_ppo_update update=39 timesteps=79872 loss=0.544699 entropy=1.931232 adv_std=2.391884 soc_aux=0.000000 awbc_label_rate=0.250
custom_ppo_update update=40 timesteps=81920 loss=0.969828 entropy=1.922850 adv_std=2.811945 soc_aux=0.000000 awbc_label_rate=0.250
custom_ppo_update update=41 timesteps=83968 loss=0.773717 entropy=1.929045 adv_std=2.441557 soc_aux=0.000000 awbc_label_rate=0.250
custom_ppo_update update=42 timesteps=86016 loss=0.693817 entropy=1.921686 adv_std=2.005111 soc_aux=0.000000 awbc_label_rate=0.250
custom_ppo_update update=43 timesteps=88064 loss=0.814953 entropy=1.911822 adv_std=2.889153 soc_aux=0.000000 awbc_label_rate=0.250
custom_ppo_update update=44 timesteps=90112 loss=0.607470 entropy=1.921271 adv_std=2.315361 soc_aux=0.000000 awbc_label_rate=0.250
custom_ppo_update update=45 timesteps=92160 loss=0.750515 entropy=1.917017 adv_std=2.719514 soc_aux=0.000000 awbc_label_rate=0.250
custom_ppo_update update=46 timesteps=94208 loss=0.660607 entropy=1.926484 adv_std=2.321509 soc_aux=0.000000 awbc_label_rate=0.250
custom_ppo_update update=47 timesteps=96256 loss=0.692716 entropy=1.920955 adv_std=2.368600 soc_aux=0.000000 awbc_label_rate=0.250
custom_ppo_update update=48 timesteps=98304 loss=0.565344 entropy=1.923738 adv_std=2.287977 soc_aux=0.000000 awbc_label_rate=0.250
custom_ppo_update update=49 timesteps=100000 loss=0.736301 entropy=1.927900 adv_std=2.540711 soc_aux=0.000000 awbc_label_rate=0.250
reports/v31_split_protocol_no_warmup/raw/budget1p65_seed47/evaluation/v2_eval_overall.csv
                    policy  steps  weighted_normalized_mae      mae      rmse    smape  pearson      dtw  oracle_loss_mean  reward_mean  power_mean  power_max  peak_power_max  steady_violation_rate  peak_violation_rate  event_rate  warmup_abort_count  warmup_abort_rate  switches_per_step  always_on_sensor_count  always_off_sensor_count  mid_duty_sensor_count  duty_entropy  duty_min  duty_max  duty_std  obs_reconstruction_mae  forecast_samples  forecast_weighted_mae_overall  forecast_raw_mae_overall  forecast_weighted_mae_event  forecast_weighted_mae_non_event  forecast_weighted_mae_low_temp  forecast_weighted_mae_normal
   full_open_unconstrained   6144                 0.061382 0.770957  2.676521 0.806665 0.885513 0.750935          0.123599    -0.123601    4.620000       4.62            6.28                    1.0                  1.0    0.258626                   0                0.0           0.000000                       8                        0                      0     -0.000000  1.000000  1.000000  0.000000                0.061382              6144                       0.123555                  1.851149                     0.130170                         0.104991                        0.104826                      0.113536
               round_robin   6144                 0.091638 0.961847  3.349399 0.839192 0.930853 0.890994          0.128052    -0.128553    1.555000       1.64            1.98                    0.0                  0.0    0.258626                   0                0.0           0.250000                       0                        0                      8      0.661852  0.125000  0.875000  0.299739                0.091638              6144                       0.128009                  1.899532                     0.134314                         0.110312                        0.110124                      0.117858
                       aoi   6144                 0.093720 1.046921  4.111724 0.836359 0.924693 0.945900          0.134615    -0.135740    1.594896       1.64            2.20                    0.0                  0.0    0.258626                   0                0.0           0.562429                       0                        1                      7      0.780735  0.000000  0.750163  0.216436                0.093720              6144                       0.134587                  2.084301                     0.140741                         0.117316                        0.117505                      0.125275
                custom_ppo   6144                 0.093441 1.714401 11.146081 0.866506 0.898575 1.419723          0.134698    -0.135040    1.515869       1.62            2.07                    0.0                  0.0    0.258626                   0                0.0           0.170886                       1                        3                      4      0.465171  0.000000  1.000000  0.348139                0.093441              6144                       0.134654                  2.486440                     0.141633                         0.115067                        0.117495                      0.117761
                    random   6144                 0.098875 1.294978  7.223350 0.852706 0.820216 0.996172          0.137054    -0.137784    1.584551       1.64            2.23                    0.0                  0.0    0.258626                   0                0.0           0.364765                       0                        0                      8      0.793625  0.057617  0.807617  0.218589                0.098875              6144                       0.136997                  2.237684                     0.143531                         0.118658                        0.120159                      0.124651
validation_selected_static   6144                 0.117939 4.765780 17.341027 0.866527 0.921372 4.744437          0.147923    -0.147924    1.480000       1.48            1.97                    0.0                  0.0    0.258626                   0                0.0           0.000000                       3                        5                      0     -0.000000  0.000000  1.000000  0.484123                0.117939              6144                       0.147873                  3.796957                     0.154634                         0.128897                        0.128976                      0.132309
 feasible_static_projected   6144                 0.239161 1.886117  4.488069 0.882491 0.919401 1.854833          0.159642    -0.159642    1.460000       1.46            1.95                    0.0                  0.0    0.258626                   0                0.0           0.000000                       3                        5                      0     -0.000000  0.000000  1.000000  0.484123                0.239161              6144                       0.159604                  2.268648                     0.167626                         0.137087                        0.143411                      0.146796
reports/v31_split_protocol_no_warmup/raw/budget1p65_seed47/v2_custom_ppo_metrics.csv
                    policy  steps  reward_mean  instant_mae  oracle_loss_mean  dtw_mean  power_mean  peak_power_max  event_rate  warmup_abort_count  switches_per_step  always_on_sensor_count  always_off_sensor_count  mid_duty_sensor_count  duty_entropy  duty_min  duty_max  duty_std
   full_open_unconstrained   6144    -0.123601     1.661450          0.123599  1.604766    4.620000            6.28    0.258626                   0           0.000000                       8                        0                      0     -0.000000  1.000000  1.000000  0.000000
               round_robin   6144    -0.128553     3.246923          0.128052  2.445015    1.555000            1.98    0.258626                   0           0.250000                       0                        0                      8      0.661852  0.125000  0.875000  0.299739
                       aoi   6144    -0.135740     4.372414          0.134615  2.950730    1.594896            2.20    0.258626                   0           0.562429                       0                        1                      7      0.780735  0.000000  0.750163  0.216436
                custom_ppo   6144    -0.135040     2.758410          0.134698  2.435104    1.515869            2.07    0.258626                   0           0.170886                       1                        3                      4      0.465171  0.000000  1.000000  0.348139
                    random   6144    -0.137784     5.240168          0.137054  3.620525    1.584551            2.23    0.258626                   0           0.364765                       0                        0                      8      0.793625  0.057617  0.807617  0.218589
validation_selected_static   6144    -0.147924     5.041713          0.147923  4.912277    1.480000            1.97    0.258626                   0           0.000000                       3                        5                      0     -0.000000  0.000000  1.000000  0.484123
 feasible_static_projected   6144    -0.159642     2.881966          0.159642  2.745073    1.460000            1.95    0.258626                   0           0.000000                       3                        5                      0     -0.000000  0.000000  1.000000  0.484123
reports/v31_split_protocol_no_warmup/raw/budget1p65_seed47/split_protocol_manifest.json
