reports/v31_static_break_calibration_v10_micro_profiles_cov_linear_server_20260607/truth_static_break_calibration.csv
reports/v31_static_break_calibration_v10_micro_profiles_cov_linear_server_20260607/flux_micro_v6_b0p65_p1p60/dataset_validation/synthetic_validation.csv
{
  "budget": 0.65,
  "candidate_count": 25,
  "truth_event_rate": 0.27013333333333334,
  "eval_start_indices": [
    8576,
    11008,
    13888,
    23040
  ],
  "event_loss_min": 0.2977109668927277,
  "non_event_loss_min": 0.301694997067182,
  "best_overall": {
    "action_idx": 7,
    "sensor_ids": "radiometer_basic|surface_temp_ir|shielded_thermo_hygro|snow_particle_counter",
    "oracle_loss_mean": 0.2991731593571954,
    "power_mean": 0.63,
    "peak_max": 0.8600000000000001
  },
  "best_event_laser": null,
  "best_event_no_laser": {
    "action_idx": 7,
    "sensor_ids": "radiometer_basic|surface_temp_ir|shielded_thermo_hygro|snow_particle_counter",
    "oracle_loss_event": 0.2977109668927277,
    "power_mean": 0.63,
    "peak_max": 0.8600000000000001
  },
  "best_event_fc4": {
    "action_idx": 16,
    "sensor_ids": "radiometer_basic|surface_temp_ir|shielded_thermo_hygro|fc4_flux",
    "oracle_loss_event": 0.3213046378487469,
    "power_mean": 0.6500000000000001,
    "peak_max": 0.8400000000000001
  },
  "best_event_no_fc4": {
    "action_idx": 7,
    "sensor_ids": "radiometer_basic|surface_temp_ir|shielded_thermo_hygro|snow_particle_counter",
    "oracle_loss_event": 0.2977109668927277,
    "power_mean": 0.63,
    "peak_max": 0.8600000000000001
  },
  "best_non_event_laser": null,
  "best_non_event_no_laser": {
    "action_idx": 6,
    "sensor_ids": "surface_temp_ir|shielded_thermo_hygro|snow_particle_counter",
    "oracle_loss_non_event": 0.301694997067182,
    "power_mean": 0.5700000000000002,
    "peak_max": 0.78
  },
  "laser_event_lift": NaN,
  "fc4_event_lift": -0.02359367095601922,
  "laser_non_event_lift": NaN,
  "sensor_cfg": "configs/sensors/windblown_sensors_physical_event_v10_fc4_event_tradeoff.yaml",
  "truth_csv": "reports/v31_static_break_calibration_v10_micro_profiles_cov_linear_server_20260607/truth_static_break_calibration.csv",
  "oracle_type": "linear",
  "target_weights": [
    0.03,
    0.03,
    0.1,
    0.01,
    0.01,
    0.0,
    24.0,
    10.0,
    10.0
  ],
  "target_scales": [
    5.0,
    5.0,
    5.0,
    1.0,
    1.0,
    100.0,
    0.0001,
    0.2,
    5.0
  ],
  "constraints": {
    "max_active": 4,
    "per_step_budget": 0.65,
    "startup_peak_budget": 1.6,
    "required_sensor_ids": [],
    "coverage_groups": [
      {
        "name": "weather",
        "sensor_ids": [
          "met_station_core",
          "ultrasonic_anemometer_hd",
          "shielded_thermo_hygro"
        ]
      },
      {
        "name": "surface_forcing",
        "sensor_ids": [
          "radiometer_basic",
          "surface_temp_ir"
        ]
      },
      {
        "name": "snow_transport",
        "sensor_ids": [
          "snow_particle_counter",
          "laser_disdrometer",
          "fc4_flux"
        ]
      }
    ]
  },
  "energy_account": {
    "enabled": false,
    "energy_capacity": 24.0,
    "initial_energy": 12.0,
    "harvest_per_step": 0.65,
    "reserve_energy": 2.0,
    "lambda_energy_deficit": 1.0
  },
  "eval_start_selection": "event_transport_rich",
  "eval_selection_stride": 64
}
reports/v31_static_break_calibration_v10_micro_profiles_cov_linear_server_20260607/flux_micro_v6_b0p65_p1p60/oracle_lift_candidate_table.csv
