reports/v31_specialist_subtype_router_strongbc_seed45_h082_20260620/raw/budget1p05_seed45/truth_v31_split.csv
reports/v31_specialist_subtype_router_strongbc_seed45_h082_20260620/raw/budget1p05_seed45/dataset_validation/synthetic_validation.csv
custom_ppo_bc_pretrain steps=40000 loss=1.303313 accuracy=0.858 subtype_acc=0.906 unique_actions=4
custom_ppo_update update=1 timesteps=512 loss=302.800771 entropy=0.914902 adv_std=21.910921 soc_aux=0.123378 subtype_aux=0.238363 subtype_acc=0.927 awbc_label_rate=1.000
custom_ppo_update update=2 timesteps=1024 loss=376.547997 entropy=0.982963 adv_std=22.000353 soc_aux=0.013053 subtype_aux=0.308236 subtype_acc=0.892 awbc_label_rate=1.000
custom_ppo_update update=3 timesteps=1536 loss=367.211647 entropy=0.930402 adv_std=22.900576 soc_aux=0.020136 subtype_aux=0.210016 subtype_acc=0.928 awbc_label_rate=1.000
custom_ppo_update update=4 timesteps=2048 loss=493.811312 entropy=1.045115 adv_std=20.683172 soc_aux=0.032850 subtype_aux=0.408165 subtype_acc=0.844 awbc_label_rate=1.000
custom_ppo_update update=5 timesteps=2560 loss=328.450165 entropy=1.024655 adv_std=21.361492 soc_aux=0.006523 subtype_aux=0.247455 subtype_acc=0.906 awbc_label_rate=1.000
custom_ppo_update update=6 timesteps=3072 loss=344.526611 entropy=0.875603 adv_std=22.728533 soc_aux=0.004738 subtype_aux=0.268211 subtype_acc=0.896 awbc_label_rate=1.000
custom_ppo_update update=7 timesteps=3584 loss=299.283829 entropy=1.008198 adv_std=20.312773 soc_aux=0.003122 subtype_aux=0.287014 subtype_acc=0.878 awbc_label_rate=1.000
custom_ppo_update update=8 timesteps=4096 loss=291.194246 entropy=1.016976 adv_std=19.957973 soc_aux=0.002525 subtype_aux=0.372065 subtype_acc=0.874 awbc_label_rate=1.000
custom_ppo_update update=9 timesteps=4608 loss=154.219098 entropy=0.944717 adv_std=14.506701 soc_aux=0.002114 subtype_aux=0.201733 subtype_acc=0.915 awbc_label_rate=1.000
custom_ppo_update update=10 timesteps=5120 loss=303.946522 entropy=0.900112 adv_std=23.142824 soc_aux=0.002316 subtype_aux=0.320269 subtype_acc=0.868 awbc_label_rate=1.000
custom_ppo_update update=11 timesteps=5632 loss=270.485227 entropy=0.922890 adv_std=21.270737 soc_aux=0.000947 subtype_aux=0.121484 subtype_acc=0.951 awbc_label_rate=1.000
custom_ppo_update update=12 timesteps=6144 loss=128.862567 entropy=0.928969 adv_std=15.102264 soc_aux=0.001937 subtype_aux=0.194423 subtype_acc=0.924 awbc_label_rate=1.000
custom_ppo_update update=13 timesteps=6656 loss=262.391307 entropy=1.011080 adv_std=21.615198 soc_aux=0.000802 subtype_aux=0.297459 subtype_acc=0.872 awbc_label_rate=1.000
custom_ppo_update update=14 timesteps=7168 loss=322.927835 entropy=0.913155 adv_std=23.427307 soc_aux=0.001445 subtype_aux=0.216437 subtype_acc=0.912 awbc_label_rate=1.000
custom_ppo_update update=15 timesteps=7680 loss=120.396141 entropy=0.815757 adv_std=15.491989 soc_aux=0.001585 subtype_aux=0.118433 subtype_acc=0.959 awbc_label_rate=1.000
custom_ppo_update update=16 timesteps=8192 loss=259.960054 entropy=0.881909 adv_std=23.534128 soc_aux=0.000793 subtype_aux=0.228803 subtype_acc=0.914 awbc_label_rate=1.000
custom_ppo_update update=17 timesteps=8704 loss=209.062636 entropy=0.609550 adv_std=21.971804 soc_aux=0.000377 subtype_aux=0.050355 subtype_acc=0.982 awbc_label_rate=1.000
custom_ppo_update update=18 timesteps=9216 loss=257.683230 entropy=0.796950 adv_std=23.041346 soc_aux=0.000375 subtype_aux=0.142980 subtype_acc=0.947 awbc_label_rate=1.000
custom_ppo_update update=19 timesteps=9728 loss=90.387290 entropy=0.559779 adv_std=15.573176 soc_aux=0.000824 subtype_aux=0.031061 subtype_acc=0.990 awbc_label_rate=1.000
custom_ppo_update update=20 timesteps=10240 loss=267.201114 entropy=0.951249 adv_std=24.499588 soc_aux=0.000139 subtype_aux=0.257707 subtype_acc=0.901 awbc_label_rate=1.000
custom_ppo_update update=21 timesteps=10752 loss=128.808551 entropy=0.883947 adv_std=17.994860 soc_aux=0.000215 subtype_aux=0.279592 subtype_acc=0.899 awbc_label_rate=1.000
custom_ppo_update update=22 timesteps=11264 loss=359.024581 entropy=1.033839 adv_std=23.417587 soc_aux=0.000211 subtype_aux=0.323293 subtype_acc=0.875 awbc_label_rate=1.000
custom_ppo_update update=23 timesteps=11776 loss=281.596210 entropy=0.725827 adv_std=25.374048 soc_aux=0.000200 subtype_aux=0.089243 subtype_acc=0.962 awbc_label_rate=1.000
custom_ppo_update update=24 timesteps=12288 loss=91.311767 entropy=0.441019 adv_std=15.538200 soc_aux=0.000154 subtype_aux=0.000035 subtype_acc=1.000 awbc_label_rate=1.000
custom_ppo_update update=25 timesteps=12800 loss=280.028054 entropy=1.027955 adv_std=24.243885 soc_aux=0.000121 subtype_aux=0.266809 subtype_acc=0.908 awbc_label_rate=1.000
custom_ppo_update update=26 timesteps=13312 loss=243.097313 entropy=0.844621 adv_std=24.377979 soc_aux=0.000134 subtype_aux=0.237146 subtype_acc=0.917 awbc_label_rate=1.000
custom_ppo_update update=27 timesteps=13824 loss=222.709891 entropy=0.827579 adv_std=23.523775 soc_aux=0.000088 subtype_aux=0.153095 subtype_acc=0.943 awbc_label_rate=1.000
custom_ppo_update update=28 timesteps=14336 loss=230.845065 entropy=0.751614 adv_std=23.634947 soc_aux=0.000069 subtype_aux=0.149081 subtype_acc=0.948 awbc_label_rate=1.000
custom_ppo_update update=29 timesteps=14848 loss=103.565531 entropy=0.967999 adv_std=18.047075 soc_aux=0.000123 subtype_aux=0.137355 subtype_acc=0.948 awbc_label_rate=1.000
custom_ppo_update update=30 timesteps=15360 loss=199.974279 entropy=1.035985 adv_std=22.089132 soc_aux=0.000053 subtype_aux=0.301760 subtype_acc=0.886 awbc_label_rate=1.000
custom_ppo_update update=31 timesteps=15872 loss=74.878175 entropy=0.829325 adv_std=16.167603 soc_aux=0.000172 subtype_aux=0.140899 subtype_acc=0.955 awbc_label_rate=1.000
custom_ppo_update update=32 timesteps=16384 loss=102.708674 entropy=0.939518 adv_std=17.603909 soc_aux=0.000060 subtype_aux=0.222173 subtype_acc=0.915 awbc_label_rate=1.000
custom_ppo_update update=33 timesteps=16896 loss=240.203471 entropy=0.972574 adv_std=23.136309 soc_aux=0.000076 subtype_aux=0.257064 subtype_acc=0.909 awbc_label_rate=1.000
custom_ppo_update update=34 timesteps=17408 loss=105.422372 entropy=0.942502 adv_std=18.999678 soc_aux=0.000288 subtype_aux=0.379473 subtype_acc=0.874 awbc_label_rate=1.000
custom_ppo_update update=35 timesteps=17920 loss=322.369945 entropy=0.835674 adv_std=27.627645 soc_aux=0.000149 subtype_aux=0.191851 subtype_acc=0.942 awbc_label_rate=1.000
custom_ppo_update update=36 timesteps=18432 loss=238.169422 entropy=0.791094 adv_std=26.062185 soc_aux=0.000129 subtype_aux=0.141489 subtype_acc=0.954 awbc_label_rate=1.000
custom_ppo_update update=37 timesteps=18944 loss=328.414133 entropy=0.993522 adv_std=26.256390 soc_aux=0.000059 subtype_aux=0.227998 subtype_acc=0.930 awbc_label_rate=1.000
custom_ppo_update update=38 timesteps=19456 loss=186.824580 entropy=0.910489 adv_std=23.882917 soc_aux=0.000048 subtype_aux=0.260990 subtype_acc=0.907 awbc_label_rate=1.000
custom_ppo_update update=39 timesteps=19968 loss=197.017371 entropy=0.886332 adv_std=23.198174 soc_aux=0.000051 subtype_aux=0.367856 subtype_acc=0.873 awbc_label_rate=1.000
custom_ppo_update update=40 timesteps=20480 loss=285.376909 entropy=0.989580 adv_std=26.993879 soc_aux=0.000034 subtype_aux=0.310767 subtype_acc=0.880 awbc_label_rate=1.000
custom_ppo_update update=41 timesteps=20992 loss=191.047132 entropy=0.956624 adv_std=23.382605 soc_aux=0.000038 subtype_aux=0.193872 subtype_acc=0.928 awbc_label_rate=1.000
custom_ppo_update update=42 timesteps=21504 loss=990.648831 entropy=0.923848 adv_std=49.015083 soc_aux=0.000044 subtype_aux=0.427688 subtype_acc=0.859 awbc_label_rate=1.000
custom_ppo_update update=43 timesteps=22016 loss=235.538480 entropy=0.800750 adv_std=27.140326 soc_aux=0.000058 subtype_aux=0.153559 subtype_acc=0.942 awbc_label_rate=1.000
custom_ppo_update update=44 timesteps=22528 loss=208.458467 entropy=0.802467 adv_std=24.814943 soc_aux=0.000064 subtype_aux=0.188932 subtype_acc=0.918 awbc_label_rate=1.000
custom_ppo_update update=45 timesteps=23040 loss=241.356287 entropy=0.773179 adv_std=24.933218 soc_aux=0.000191 subtype_aux=0.160156 subtype_acc=0.935 awbc_label_rate=1.000
custom_ppo_update update=46 timesteps=23552 loss=201.433594 entropy=0.741748 adv_std=26.164457 soc_aux=0.000022 subtype_aux=0.080853 subtype_acc=0.971 awbc_label_rate=1.000
custom_ppo_update update=47 timesteps=24064 loss=222.895553 entropy=0.837335 adv_std=26.083878 soc_aux=0.000025 subtype_aux=0.138499 subtype_acc=0.956 awbc_label_rate=1.000
custom_ppo_update update=48 timesteps=24576 loss=67.660743 entropy=0.704713 adv_std=19.548777 soc_aux=0.000041 subtype_aux=0.106361 subtype_acc=0.962 awbc_label_rate=1.000
custom_ppo_update update=49 timesteps=25088 loss=228.733769 entropy=0.963444 adv_std=24.688894 soc_aux=0.000027 subtype_aux=0.294003 subtype_acc=0.902 awbc_label_rate=1.000
custom_ppo_update update=50 timesteps=25600 loss=187.729644 entropy=0.728145 adv_std=24.589567 soc_aux=0.000019 subtype_aux=0.155304 subtype_acc=0.945 awbc_label_rate=1.000
custom_ppo_update update=51 timesteps=26112 loss=90.360641 entropy=0.968499 adv_std=18.993162 soc_aux=0.000062 subtype_aux=0.427307 subtype_acc=0.856 awbc_label_rate=1.000
custom_ppo_update update=52 timesteps=26624 loss=151.079036 entropy=0.797549 adv_std=23.471720 soc_aux=0.000024 subtype_aux=0.244051 subtype_acc=0.904 awbc_label_rate=1.000
custom_ppo_update update=53 timesteps=27136 loss=213.978447 entropy=0.800980 adv_std=27.851923 soc_aux=0.000032 subtype_aux=0.153227 subtype_acc=0.939 awbc_label_rate=1.000
custom_ppo_update update=54 timesteps=27648 loss=211.833866 entropy=0.829723 adv_std=26.705347 soc_aux=0.000040 subtype_aux=0.151874 subtype_acc=0.946 awbc_label_rate=1.000
custom_ppo_update update=55 timesteps=28160 loss=155.291895 entropy=0.921963 adv_std=20.485615 soc_aux=0.000020 subtype_aux=0.252037 subtype_acc=0.910 awbc_label_rate=1.000
custom_ppo_update update=56 timesteps=28672 loss=156.610995 entropy=0.879278 adv_std=23.954592 soc_aux=0.000013 subtype_aux=0.142214 subtype_acc=0.953 awbc_label_rate=1.000
custom_ppo_update update=57 timesteps=29184 loss=208.838523 entropy=0.931581 adv_std=26.330364 soc_aux=0.000029 subtype_aux=0.227994 subtype_acc=0.911 awbc_label_rate=1.000
custom_ppo_update update=58 timesteps=29696 loss=212.555044 entropy=0.797412 adv_std=25.675400 soc_aux=0.000028 subtype_aux=0.252625 subtype_acc=0.918 awbc_label_rate=1.000
custom_ppo_update update=59 timesteps=30208 loss=195.714491 entropy=0.783938 adv_std=27.396215 soc_aux=0.000022 subtype_aux=0.184559 subtype_acc=0.935 awbc_label_rate=1.000
custom_ppo_update update=60 timesteps=30720 loss=167.264707 entropy=0.917207 adv_std=24.042595 soc_aux=0.000025 subtype_aux=0.394624 subtype_acc=0.876 awbc_label_rate=1.000
custom_ppo_update update=61 timesteps=31232 loss=155.727845 entropy=0.898123 adv_std=22.905502 soc_aux=0.000019 subtype_aux=0.182105 subtype_acc=0.941 awbc_label_rate=1.000
custom_ppo_update update=62 timesteps=31744 loss=69.667300 entropy=0.844169 adv_std=21.026657 soc_aux=0.000042 subtype_aux=0.251011 subtype_acc=0.928 awbc_label_rate=1.000
custom_ppo_update update=63 timesteps=32256 loss=179.158877 entropy=0.800751 adv_std=25.101715 soc_aux=0.000016 subtype_aux=0.228493 subtype_acc=0.930 awbc_label_rate=1.000
custom_ppo_update update=64 timesteps=32768 loss=143.175994 entropy=0.805197 adv_std=24.523138 soc_aux=0.000017 subtype_aux=0.124181 subtype_acc=0.956 awbc_label_rate=1.000
custom_ppo_update update=65 timesteps=33280 loss=155.442824 entropy=0.698270 adv_std=26.212852 soc_aux=0.000011 subtype_aux=0.256558 subtype_acc=0.910 awbc_label_rate=1.000
custom_ppo_update update=66 timesteps=33792 loss=178.216915 entropy=0.896379 adv_std=23.850758 soc_aux=0.000019 subtype_aux=0.238365 subtype_acc=0.910 awbc_label_rate=1.000
custom_ppo_update update=67 timesteps=34304 loss=160.432534 entropy=0.636091 adv_std=22.204132 soc_aux=0.000016 subtype_aux=0.081820 subtype_acc=0.975 awbc_label_rate=1.000
custom_ppo_update update=68 timesteps=34816 loss=179.564416 entropy=0.920501 adv_std=23.071585 soc_aux=0.000017 subtype_aux=0.277716 subtype_acc=0.915 awbc_label_rate=1.000
custom_ppo_update update=69 timesteps=35328 loss=157.533287 entropy=0.861709 adv_std=26.048178 soc_aux=0.000009 subtype_aux=0.346384 subtype_acc=0.891 awbc_label_rate=1.000
custom_ppo_update update=70 timesteps=35840 loss=51.935460 entropy=0.864488 adv_std=17.150045 soc_aux=0.000023 subtype_aux=0.171155 subtype_acc=0.942 awbc_label_rate=1.000
custom_ppo_update update=71 timesteps=36352 loss=66.141568 entropy=0.846732 adv_std=19.583292 soc_aux=0.000057 subtype_aux=0.297843 subtype_acc=0.905 awbc_label_rate=1.000
custom_ppo_update update=72 timesteps=36864 loss=194.348669 entropy=0.726948 adv_std=28.422058 soc_aux=0.000040 subtype_aux=0.111292 subtype_acc=0.957 awbc_label_rate=1.000
custom_ppo_update update=73 timesteps=37376 loss=157.793506 entropy=0.847738 adv_std=24.775133 soc_aux=0.000018 subtype_aux=0.332551 subtype_acc=0.902 awbc_label_rate=1.000
custom_ppo_update update=74 timesteps=37888 loss=130.689247 entropy=0.702400 adv_std=22.952318 soc_aux=0.000070 subtype_aux=0.139148 subtype_acc=0.955 awbc_label_rate=1.000
custom_ppo_update update=75 timesteps=38400 loss=132.968073 entropy=0.824225 adv_std=23.695351 soc_aux=0.000016 subtype_aux=0.161966 subtype_acc=0.944 awbc_label_rate=1.000
custom_ppo_update update=76 timesteps=38912 loss=162.519284 entropy=0.802888 adv_std=27.020380 soc_aux=0.000023 subtype_aux=0.255966 subtype_acc=0.917 awbc_label_rate=1.000
custom_ppo_update update=77 timesteps=39424 loss=141.124764 entropy=0.629511 adv_std=21.721178 soc_aux=0.000023 subtype_aux=0.044300 subtype_acc=0.982 awbc_label_rate=1.000
custom_ppo_update update=78 timesteps=39936 loss=68.315299 entropy=0.717179 adv_std=18.406382 soc_aux=0.000014 subtype_aux=0.160662 subtype_acc=0.947 awbc_label_rate=1.000
custom_ppo_update update=79 timesteps=40448 loss=144.621714 entropy=0.719434 adv_std=23.203697 soc_aux=0.000017 subtype_aux=0.154667 subtype_acc=0.955 awbc_label_rate=1.000
custom_ppo_update update=80 timesteps=40960 loss=27.744743 entropy=0.708077 adv_std=15.812578 soc_aux=0.000015 subtype_aux=0.124155 subtype_acc=0.965 awbc_label_rate=1.000
custom_ppo_update update=81 timesteps=41472 loss=119.214440 entropy=0.808410 adv_std=19.999863 soc_aux=0.000071 subtype_aux=0.298048 subtype_acc=0.917 awbc_label_rate=1.000
custom_ppo_update update=82 timesteps=41984 loss=58.330042 entropy=0.722941 adv_std=18.886202 soc_aux=0.000043 subtype_aux=0.233507 subtype_acc=0.921 awbc_label_rate=1.000
custom_ppo_update update=83 timesteps=42496 loss=87.349685 entropy=0.766093 adv_std=21.637127 soc_aux=0.000014 subtype_aux=0.232656 subtype_acc=0.939 awbc_label_rate=1.000
custom_ppo_update update=84 timesteps=43008 loss=144.360991 entropy=0.594902 adv_std=24.123030 soc_aux=0.000018 subtype_aux=0.102544 subtype_acc=0.964 awbc_label_rate=1.000
custom_ppo_update update=85 timesteps=43520 loss=110.299349 entropy=0.832458 adv_std=20.815329 soc_aux=0.000007 subtype_aux=0.169135 subtype_acc=0.943 awbc_label_rate=1.000
custom_ppo_update update=86 timesteps=44032 loss=26.823866 entropy=0.762148 adv_std=11.755122 soc_aux=0.000046 subtype_aux=0.217258 subtype_acc=0.929 awbc_label_rate=1.000
custom_ppo_update update=87 timesteps=44544 loss=82.339463 entropy=0.756249 adv_std=20.828102 soc_aux=0.000549 subtype_aux=0.444817 subtype_acc=0.893 awbc_label_rate=1.000
custom_ppo_update update=88 timesteps=45056 loss=103.335795 entropy=0.819795 adv_std=21.824638 soc_aux=0.000052 subtype_aux=0.354099 subtype_acc=0.896 awbc_label_rate=1.000
custom_ppo_update update=89 timesteps=45568 loss=79.916188 entropy=0.728860 adv_std=19.032091 soc_aux=0.000019 subtype_aux=0.103044 subtype_acc=0.967 awbc_label_rate=1.000
custom_ppo_update update=90 timesteps=46080 loss=117.935282 entropy=0.397207 adv_std=20.848902 soc_aux=0.000025 subtype_aux=0.014334 subtype_acc=0.995 awbc_label_rate=1.000
custom_ppo_update update=91 timesteps=46592 loss=82.982758 entropy=0.500845 adv_std=17.826078 soc_aux=0.000015 subtype_aux=0.034889 subtype_acc=0.988 awbc_label_rate=1.000
custom_ppo_update update=92 timesteps=47104 loss=72.256824 entropy=0.749194 adv_std=16.974726 soc_aux=0.000005 subtype_aux=0.200749 subtype_acc=0.944 awbc_label_rate=1.000
custom_ppo_update update=93 timesteps=47616 loss=33.197642 entropy=0.692380 adv_std=16.261593 soc_aux=0.000021 subtype_aux=0.299670 subtype_acc=0.919 awbc_label_rate=1.000
custom_ppo_update update=94 timesteps=48128 loss=113.529298 entropy=0.748262 adv_std=21.623602 soc_aux=0.000033 subtype_aux=0.381560 subtype_acc=0.902 awbc_label_rate=1.000
custom_ppo_update update=95 timesteps=48640 loss=31.833468 entropy=0.644627 adv_std=16.637009 soc_aux=0.000018 subtype_aux=0.132633 subtype_acc=0.967 awbc_label_rate=1.000
custom_ppo_update update=96 timesteps=49152 loss=27.865240 entropy=0.605049 adv_std=14.229320 soc_aux=0.000017 subtype_aux=0.116816 subtype_acc=0.965 awbc_label_rate=1.000
custom_ppo_update update=97 timesteps=49664 loss=43.803792 entropy=0.704900 adv_std=16.069853 soc_aux=0.000024 subtype_aux=0.179401 subtype_acc=0.943 awbc_label_rate=1.000
custom_ppo_update update=98 timesteps=50176 loss=91.763757 entropy=0.581755 adv_std=20.784096 soc_aux=0.000015 subtype_aux=0.080673 subtype_acc=0.974 awbc_label_rate=1.000
custom_ppo_update update=99 timesteps=50688 loss=79.336430 entropy=0.690934 adv_std=20.067192 soc_aux=0.000011 subtype_aux=0.148965 subtype_acc=0.952 awbc_label_rate=1.000
custom_ppo_update update=100 timesteps=51200 loss=52.535919 entropy=0.703259 adv_std=14.953043 soc_aux=0.000009 subtype_aux=0.209768 subtype_acc=0.938 awbc_label_rate=1.000
custom_ppo_update update=101 timesteps=51712 loss=66.435237 entropy=0.569189 adv_std=20.123417 soc_aux=0.000007 subtype_aux=0.091554 subtype_acc=0.973 awbc_label_rate=1.000
custom_ppo_update update=102 timesteps=52224 loss=29.974208 entropy=0.563999 adv_std=14.309143 soc_aux=0.000023 subtype_aux=0.139956 subtype_acc=0.958 awbc_label_rate=1.000
custom_ppo_update update=103 timesteps=52736 loss=59.120693 entropy=0.492288 adv_std=17.405294 soc_aux=0.000142 subtype_aux=0.155315 subtype_acc=0.970 awbc_label_rate=1.000
custom_ppo_update update=104 timesteps=53248 loss=86.860720 entropy=0.559359 adv_std=19.114973 soc_aux=0.000030 subtype_aux=0.212083 subtype_acc=0.942 awbc_label_rate=1.000
custom_ppo_update update=105 timesteps=53760 loss=79.703021 entropy=0.686337 adv_std=21.738384 soc_aux=0.000011 subtype_aux=0.144412 subtype_acc=0.950 awbc_label_rate=1.000
custom_ppo_update update=106 timesteps=54272 loss=90.779005 entropy=0.663886 adv_std=18.153011 soc_aux=0.000008 subtype_aux=0.244477 subtype_acc=0.940 awbc_label_rate=1.000
custom_ppo_update update=107 timesteps=54784 loss=42.369677 entropy=0.474410 adv_std=19.534267 soc_aux=0.000021 subtype_aux=0.152369 subtype_acc=0.961 awbc_label_rate=1.000
custom_ppo_update update=108 timesteps=55296 loss=61.695239 entropy=0.477256 adv_std=18.287449 soc_aux=0.000012 subtype_aux=0.099683 subtype_acc=0.968 awbc_label_rate=1.000
custom_ppo_update update=109 timesteps=55808 loss=59.924842 entropy=0.395741 adv_std=16.643082 soc_aux=0.000020 subtype_aux=0.062735 subtype_acc=0.980 awbc_label_rate=1.000
custom_ppo_update update=110 timesteps=56320 loss=28.423352 entropy=0.310406 adv_std=15.548682 soc_aux=0.000009 subtype_aux=0.026604 subtype_acc=0.991 awbc_label_rate=1.000
custom_ppo_update update=111 timesteps=56832 loss=86.708147 entropy=0.528086 adv_std=19.887566 soc_aux=0.000020 subtype_aux=0.096402 subtype_acc=0.964 awbc_label_rate=1.000
custom_ppo_update update=112 timesteps=57344 loss=62.347024 entropy=0.294197 adv_std=16.553505 soc_aux=0.000006 subtype_aux=0.054224 subtype_acc=0.984 awbc_label_rate=1.000
custom_ppo_update update=113 timesteps=57856 loss=28.855169 entropy=0.477539 adv_std=16.262039 soc_aux=0.000016 subtype_aux=0.149870 subtype_acc=0.962 awbc_label_rate=1.000
custom_ppo_update update=114 timesteps=58368 loss=17.181604 entropy=0.552971 adv_std=12.451767 soc_aux=0.000006 subtype_aux=0.124075 subtype_acc=0.960 awbc_label_rate=1.000
custom_ppo_update update=115 timesteps=58880 loss=31.002837 entropy=0.561679 adv_std=12.707099 soc_aux=0.000109 subtype_aux=0.071043 subtype_acc=0.975 awbc_label_rate=1.000
custom_ppo_update update=116 timesteps=59392 loss=56.869425 entropy=0.576466 adv_std=15.373236 soc_aux=0.000221 subtype_aux=0.209736 subtype_acc=0.946 awbc_label_rate=1.000
custom_ppo_update update=117 timesteps=59904 loss=74.091490 entropy=0.553710 adv_std=20.558262 soc_aux=0.000010 subtype_aux=0.288223 subtype_acc=0.924 awbc_label_rate=1.000
custom_ppo_update update=118 timesteps=60000 loss=134.358885 entropy=0.659662 adv_std=16.676258 soc_aux=0.000019 subtype_aux=0.484234 subtype_acc=0.830 awbc_label_rate=1.000
reports/v31_specialist_subtype_router_strongbc_seed45_h082_20260620/raw/budget1p05_seed45/v2_custom_ppo_metrics.csv
                                     policy  steps  reward_mean  instant_mae  oracle_loss_mean   dtw_mean  power_mean  peak_power_max  event_rate  warmup_abort_count  switches_per_step  always_on_sensor_count  always_off_sensor_count  mid_duty_sensor_count  duty_entropy  duty_min  duty_max  duty_std
                 validation_selected_static   4096    -1.500820   114.957861          1.027591 114.956885    0.820000            1.04    0.536621                   0           0.000000                       2                        4                      0     -0.000000  0.000000  1.000000  0.471405
                                     random   4096    -1.482747    19.356265          1.099488   7.407517    0.932676            1.24    0.536621                   0           0.038339                       0                        0                      6      0.850286  0.123047  0.785156  0.218785
                       duty_constrained_aoi   4096    -1.474141    10.379980          1.101464   5.376765    0.960156            1.23    0.536621                   0           0.054619                       0                        0                      6      0.909838  0.320312  0.695312  0.174867
               duty_constrained_round_robin   4096    -1.490286     9.834620          1.109394   4.641712    0.956816            1.24    0.536621                   0           0.047456                       0                        0                      6      0.890459  0.312500  0.761719  0.191380
 duty_constrained_feasible_static_projected   4096    -1.502195    12.969781          1.113963   5.315790    0.912734            1.24    0.536621                   0           0.043549                       0                        0                      6      0.859038  0.210938  0.742188  0.216318
                                 custom_ppo   4096    -1.500390    10.131861          1.116297   5.209134    0.900669            1.24    0.536621                   0           0.036549                       0                        0                      6      0.853927  0.252197  0.757812  0.220676
                    duty_constrained_random   4096    -1.509447    13.427588          1.121457   7.819447    0.963887            1.24    0.536621                   0           0.046805                       0                        0                      6      0.904981  0.279297  0.751953  0.178516
                                        aoi   4096    -1.546210    12.675888          1.138109   6.220903    0.922188            1.20    0.536621                   0           0.054619                       0                        0                      5      0.814587  0.320312  0.976562  0.230833
                                round_robin   4096    -1.557628     9.087813          1.138229   4.241192    0.847031            1.15    0.536621                   0           0.025315                       1                        0                      5      0.679410  0.177734  1.000000  0.302360
duty_constrained_validation_selected_static   4096    -1.533194    51.840691          1.138320  26.296715    0.905234            1.16    0.536621                   0           0.026577                       0                        0                      6      0.696612  0.130859  0.875000  0.309021
                    full_open_unconstrained   4096    -1.697689     1.983314          1.143192   1.863032    2.410000            3.02    0.536621                   0           0.000000                       6                        0                      0     -0.000000  1.000000  1.000000  0.000000
                  feasible_static_projected   4096    -1.780919     2.744414          1.231685   2.714473    0.510000            0.62    0.536621                   0           0.000000                       3                        3                      0     -0.000000  0.000000  1.000000  0.500000
reports/v31_specialist_subtype_router_strongbc_seed45_h082_20260620/raw/budget1p05_seed45/split_protocol_manifest.json
