custom_ppo_update update=1 timesteps=2048 loss=49.545603 entropy=3.855777 adv_std=10.493227 awbc_label_rate=0.250
custom_ppo_update update=2 timesteps=4096 loss=45.143960 entropy=3.836960 adv_std=9.797156 awbc_label_rate=0.250
custom_ppo_update update=3 timesteps=6144 loss=41.450448 entropy=3.840841 adv_std=9.358510 awbc_label_rate=0.250
custom_ppo_update update=4 timesteps=8192 loss=43.521707 entropy=3.812013 adv_std=9.803852 awbc_label_rate=0.250
custom_ppo_update update=5 timesteps=10240 loss=37.942603 entropy=3.800884 adv_std=9.115499 awbc_label_rate=0.250
custom_ppo_update update=6 timesteps=12288 loss=31.045649 entropy=3.810737 adv_std=8.482485 awbc_label_rate=0.250
custom_ppo_update update=7 timesteps=14336 loss=29.056160 entropy=3.767773 adv_std=8.414955 awbc_label_rate=0.250
custom_ppo_update update=8 timesteps=16384 loss=21.892254 entropy=3.780440 adv_std=7.275912 awbc_label_rate=0.250
custom_ppo_update update=9 timesteps=18432 loss=21.766464 entropy=3.727841 adv_std=7.581020 awbc_label_rate=0.250
custom_ppo_update update=10 timesteps=20480 loss=20.512863 entropy=3.714432 adv_std=7.324887 awbc_label_rate=0.250
custom_ppo_update update=11 timesteps=22528 loss=16.917929 entropy=3.720722 adv_std=7.573668 awbc_label_rate=0.250
custom_ppo_update update=12 timesteps=24576 loss=17.207943 entropy=3.669566 adv_std=7.347118 awbc_label_rate=0.250
custom_ppo_update update=13 timesteps=26624 loss=16.113780 entropy=3.658808 adv_std=7.309753 awbc_label_rate=0.250
custom_ppo_update update=14 timesteps=28672 loss=13.882225 entropy=3.635968 adv_std=6.682458 awbc_label_rate=0.250
custom_ppo_update update=15 timesteps=30720 loss=12.522940 entropy=3.651816 adv_std=6.122867 awbc_label_rate=0.250
custom_ppo_update update=16 timesteps=32768 loss=9.166490 entropy=3.566603 adv_std=5.929116 awbc_label_rate=0.250
custom_ppo_update update=17 timesteps=34816 loss=8.997576 entropy=3.543978 adv_std=5.301712 awbc_label_rate=0.250
custom_ppo_update update=18 timesteps=36864 loss=7.466707 entropy=3.510181 adv_std=5.666922 awbc_label_rate=0.250
custom_ppo_update update=19 timesteps=38912 loss=7.230072 entropy=3.430471 adv_std=5.547224 awbc_label_rate=0.250
custom_ppo_update update=20 timesteps=40960 loss=6.297145 entropy=3.423221 adv_std=5.141503 awbc_label_rate=0.250
custom_ppo_update update=21 timesteps=43008 loss=5.266163 entropy=3.426870 adv_std=4.785943 awbc_label_rate=0.250
custom_ppo_update update=22 timesteps=45056 loss=3.322143 entropy=3.468597 adv_std=3.951721 awbc_label_rate=0.250
custom_ppo_update update=23 timesteps=47104 loss=4.126187 entropy=3.461741 adv_std=4.394824 awbc_label_rate=0.250
custom_ppo_update update=24 timesteps=49152 loss=2.937261 entropy=3.473056 adv_std=4.120629 awbc_label_rate=0.250
custom_ppo_update update=25 timesteps=51200 loss=3.785104 entropy=3.458127 adv_std=5.559281 awbc_label_rate=0.250
custom_ppo_update update=26 timesteps=53248 loss=2.215091 entropy=3.503608 adv_std=4.097368 awbc_label_rate=0.250
custom_ppo_update update=27 timesteps=55296 loss=2.173971 entropy=3.542059 adv_std=4.580898 awbc_label_rate=0.250
custom_ppo_update update=28 timesteps=57344 loss=2.249619 entropy=3.588893 adv_std=3.742146 awbc_label_rate=0.250
custom_ppo_update update=29 timesteps=59392 loss=2.555553 entropy=3.516313 adv_std=5.116784 awbc_label_rate=0.250
custom_ppo_update update=30 timesteps=61440 loss=1.349201 entropy=3.543116 adv_std=3.232962 awbc_label_rate=0.250
custom_ppo_update update=31 timesteps=63488 loss=1.386494 entropy=3.521658 adv_std=3.739476 awbc_label_rate=0.250
custom_ppo_update update=32 timesteps=65536 loss=2.391202 entropy=3.509215 adv_std=4.238503 awbc_label_rate=0.250
custom_ppo_update update=33 timesteps=67584 loss=1.634415 entropy=3.461029 adv_std=4.217418 awbc_label_rate=0.250
custom_ppo_update update=34 timesteps=69632 loss=1.365766 entropy=3.549720 adv_std=3.489959 awbc_label_rate=0.250
custom_ppo_update update=35 timesteps=71680 loss=2.065414 entropy=3.423168 adv_std=4.256121 awbc_label_rate=0.250
custom_ppo_update update=36 timesteps=73728 loss=1.196294 entropy=3.391416 adv_std=3.251504 awbc_label_rate=0.250
custom_ppo_update update=37 timesteps=75776 loss=1.286380 entropy=3.434808 adv_std=2.773628 awbc_label_rate=0.250
custom_ppo_update update=38 timesteps=77824 loss=1.214584 entropy=3.350766 adv_std=3.607041 awbc_label_rate=0.250
custom_ppo_update update=39 timesteps=79872 loss=1.097004 entropy=3.331454 adv_std=2.852786 awbc_label_rate=0.250
custom_ppo_update update=40 timesteps=81920 loss=1.100292 entropy=3.433657 adv_std=2.705527 awbc_label_rate=0.250
custom_ppo_update update=41 timesteps=83968 loss=0.972291 entropy=3.331316 adv_std=2.682325 awbc_label_rate=0.250
custom_ppo_update update=42 timesteps=86016 loss=0.914449 entropy=3.328552 adv_std=3.005640 awbc_label_rate=0.250
custom_ppo_update update=43 timesteps=88064 loss=0.816967 entropy=3.299179 adv_std=2.650125 awbc_label_rate=0.250
custom_ppo_update update=44 timesteps=90112 loss=1.244034 entropy=3.314361 adv_std=3.617471 awbc_label_rate=0.250
custom_ppo_update update=45 timesteps=92160 loss=0.835044 entropy=3.298502 adv_std=2.711917 awbc_label_rate=0.250
custom_ppo_update update=46 timesteps=94208 loss=1.071767 entropy=3.370394 adv_std=3.301395 awbc_label_rate=0.250
custom_ppo_update update=47 timesteps=96256 loss=0.941651 entropy=3.337900 adv_std=2.669487 awbc_label_rate=0.250
custom_ppo_update update=48 timesteps=98304 loss=1.212818 entropy=3.328308 adv_std=3.220619 awbc_label_rate=0.250
custom_ppo_update update=49 timesteps=100000 loss=1.001169 entropy=3.353897 adv_std=3.166257 awbc_label_rate=0.250
rl_sensor_scheduling_framework/reports/physical_event_v4_energy_ppo_h092_cap180_stormcurr_seed42/evaluation/v2_eval_overall.csv
                   policy  steps  weighted_normalized_mae      mae     rmse    smape  pearson      dtw  oracle_loss_mean  reward_mean  power_mean  power_max  peak_power_max  steady_violation_rate  peak_violation_rate  event_rate  warmup_abort_count  warmup_abort_rate  obs_reconstruction_mae  forecast_samples  forecast_weighted_mae_overall  forecast_raw_mae_overall  forecast_weighted_mae_event  forecast_weighted_mae_non_event  forecast_weighted_mae_low_temp  forecast_weighted_mae_normal
  full_open_unconstrained   6144                 0.083489 0.823942 2.741603 0.597577 0.976599 0.779991          0.397743    -0.397745    1.950000       1.95            2.61                    1.0                  1.0    0.565104                   0           0.000000                0.083489              6144                     390.495632              22350.007527                   276.139341                      1229.470484                      284.882334                   1174.520404
               custom_ppo   6144                 0.155220 1.184749 4.264830 0.652974 0.906618 1.017511          0.420629    -0.421327    1.039038       1.16            1.55                    0.0                  0.0    0.565104                  33           0.005371                0.155220              6144                     390.519145              22350.457035                   276.163917                      1229.486197                      284.894272                   1174.537923
                      aoi   6144                 0.233382 1.261054 5.732600 0.672256 0.859353 0.960597          0.435626    -0.436507    1.003896       1.19            1.56                    0.0                  0.0    0.565104                  10           0.001628                0.233382              6144                     390.533528              22350.392098                   276.180638                      1229.483425                      284.892054                   1174.534878
              round_robin   6144                 0.407218 1.256557 3.219320 0.768994 0.915711 1.233504          0.443616    -0.454054    0.608750       1.19            1.56                    0.0                  0.0    0.565104                 768           0.125000                0.407218              6144                     390.540871              22350.189199                   276.186749                      1229.499814                      284.889877                   1174.552120
                   random   6144                 0.424141 1.431299 5.214305 0.725068 0.770497 1.163661          0.476147    -0.503605    0.772822       1.19            1.58                    0.0                  0.0    0.565104                2046           0.333008                0.424141              6144                     390.573920              22350.547991                   276.225775                      1229.489008                      284.913729                   1174.540629
feasible_static_projected   6144                 0.405188 1.217789 3.194809 0.758816 0.993861 1.211887          0.490755    -0.490756    0.410000       0.41            0.52                    0.0                  0.0    0.565104                   0           0.000000                0.405188              6144                     390.587425              22350.104498                   276.229448                      1229.574642                      284.878009                   1174.640092
rl_sensor_scheduling_framework/reports/physical_event_v4_energy_ppo_h092_cap180_stormcurr_seed42/v2_custom_ppo_metrics.csv
                   policy  steps  reward_mean  instant_mae  oracle_loss_mean  dtw_mean  power_mean  peak_power_max  event_rate  warmup_abort_count
  full_open_unconstrained   6144    -0.397745     1.710653          0.397743  1.651076    1.950000            2.61    0.565104                   0
               custom_ppo   6144    -0.421327     2.093583          0.420629  1.925454    1.039038            1.55    0.565104                  33
                      aoi   6144    -0.436507     2.123047          0.435626  1.859042    1.003896            1.56    0.565104                  10
              round_robin   6144    -0.454054     2.090411          0.443616  2.038969    0.608750            1.56    0.565104                 768
                   random   6144    -0.503605     2.226550          0.476147  1.988417    0.772822            1.58    0.565104                2046
feasible_static_projected   6144    -0.490756     2.022618          0.490755  1.985927    0.410000            0.52    0.565104                   0
