===== seed 97 wide replay start 2026-06-21T10:18:13+08:00 =====
{
  "source_run_dir": "reports/v31_metpair_backbone_context_ortholinear_balancedobjective_temporal1_seed97_h075ctxoltemp1_20260621",
  "replay_family": "subtype_explicit",
  "eval_steps": 512,
  "eval_start_indices": [
    64750,
    65262,
    65838,
    66350,
    66862,
    67374,
    67886,
    69230
  ],
  "reference_policy": "validation_selected_static",
  "reference_oracle_loss_mean": 3.139808480416832,
  "required_margin_abs": 0.03139808480416832,
  "source_reference_gate_pass": true,
  "static_reference_policy": "static_action5",
  "static_reference_oracle_loss_mean": 3.1111824818799505,
  "static_required_margin_abs": 0.031111824818799507,
  "best_static_reference_event_loss": 3.109729711253297,
  "best_static_reference_non_event_loss": 3.114967870132499,
  "static_macro_reference_policy": "static_action5",
  "static_macro_reference_oracle_loss_macro_subtype_event": 2.9506113454885483,
  "macro_score_column": "oracle_loss_macro_subtype_event",
  "static_macro_reference_score": 2.9506113454885483,
  "static_macro_required_margin_abs": 0.029506113454885484,
  "macro_min_margin_abs": 0.005,
  "macro_min_margin_rel": 0.01,
  "enforce_static_candidate_reference": true,
  "static_reference_duty_guard": "off",
  "best_replay_policy": "split_metpair_subtype_explicit_wide_l24",
  "best_replay_oracle_loss_mean": 3.079148819559123,
  "best_replay_event_loss": 3.0176397826396735,
  "best_replay_non_event_loss": 3.2394188453351527,
  "best_replay_macro_subtype_policy": "split_metpair_subtype_explicit_wide_l2",
  "best_replay_oracle_loss_macro_subtype_event": 2.8414523509676735,
  "best_replay_macro_score": 2.8414523509676735,
  "margin_abs_vs_reference": 0.06065966085770924,
  "margin_rel_vs_reference": 0.019319541696905106,
  "margin_abs_vs_static_reference": 0.032033662320827716,
  "margin_rel_vs_static_reference": 0.010296298114108428,
  "margin_abs_vs_static_macro_reference": 0.10915899452087485,
  "margin_rel_vs_static_macro_reference": 0.03699538222401867,
  "static_reference_gate_pass": true,
  "static_macro_positive_pass": true,
  "static_macro_reference_gate_pass": true,
  "gate_pass": true,
  "top_sizes": [
    2,
    3,
    5
  ],
  "subtype_top_size_cap": 3,
  "lead_steps": [
    0,
    2,
    4,
    6,
    8,
    10,
    12,
    16,
    20,
    24
  ],
  "dwell_steps": [
    4,
    6,
    8,
    10,
    12,
    16,
    24,
    32
  ]
}
                                 policy  steps  reward_mean  instant_mae  oracle_loss_mean  dtw_mean  power_mean  peak_power_max  event_rate  warmup_abort_count  switches_per_step  always_on_sensor_count  always_off_sensor_count  mid_duty_sensor_count  duty_entropy  duty_min  duty_max  duty_std  oracle_loss_event  oracle_loss_non_event  oracle_loss_subtype_particle  steps_subtype_particle  oracle_loss_subtype_flux  steps_subtype_flux  oracle_loss_subtype_thermal  steps_subtype_thermal  oracle_loss_macro_subtype_event  macro_subtype_event_count    replay_family  requested_top_size  top_size  lead_steps  dwell_steps  calm_action_idx  particle_action_idx  flux_action_idx  thermal_action_idx                        calm_sensor_ids                particle_sensor_ids           flux_sensor_ids               thermal_sensor_ids                   calm_pool_sensor_ids           particle_pool_sensor_ids      flux_pool_sensor_ids          thermal_pool_sensor_ids  oracle_loss_subtype_particle_staticnorm  oracle_loss_subtype_flux_staticnorm  oracle_loss_subtype_thermal_staticnorm  oracle_loss_macro_subtype_event_staticnorm           reference_policy  reference_oracle_loss_mean  margin_abs_vs_reference  margin_rel_vs_reference  source_reference_gate_pass static_reference_policy  static_reference_oracle_loss_mean  margin_abs_vs_static_reference  margin_rel_vs_static_reference  static_reference_gate_pass static_macro_reference_policy  static_macro_reference_oracle_loss_macro_subtype_event static_macro_reference_score_column  margin_abs_vs_static_macro_reference  margin_rel_vs_static_macro_reference  static_macro_positive_pass  static_macro_reference_gate_pass  gate_pass
split_metpair_subtype_explicit_wide_l24   4096    -3.079152     4.869181          3.079149  4.734097    0.691411            0.92    0.722656                   0           0.002930                       1                        1                      4      0.531917       0.0       1.0  0.315310           3.017640               3.239419                      1.131440                    1008                  6.745675                1069                     0.657527                    883                         2.844880                          3 subtype_explicit                   0         0          24            0                2                    4                5                   3 met_station_core|shielded_thermo_hygro met_station_core|laser_disdrometer met_station_core|fc4_flux met_station_core|surface_temp_ir met_station_core|shielded_thermo_hygro met_station_core|laser_disdrometer met_station_core|fc4_flux met_station_core|surface_temp_ir                                 0.899491                             0.639908                                0.725316                                    0.754905 validation_selected_static                    3.139808                 0.060660                 0.019320                        True          static_action5                           3.111182                        0.032034                        0.010296                        True                static_action5                                                2.950611     oracle_loss_macro_subtype_event                              0.105731                              0.035834                        True                              True       True
split_metpair_subtype_explicit_wide_l20   4096    -3.080041     4.869464          3.080038  4.734633    0.691108            0.92    0.722656                   0           0.002930                       1                        1                      4      0.532099       0.0       1.0  0.315242           3.017458               3.243098                      1.130905                    1008                  6.745675                1069                     0.657527                    883                         2.844702                          3 subtype_explicit                   0         0          20            0                2                    4                5                   3 met_station_core|shielded_thermo_hygro met_station_core|laser_disdrometer met_station_core|fc4_flux met_station_core|surface_temp_ir met_station_core|shielded_thermo_hygro met_station_core|laser_disdrometer met_station_core|fc4_flux met_station_core|surface_temp_ir                                 0.899067                             0.639908                                0.725316                                    0.754763 validation_selected_static                    3.139808                 0.059771                 0.019036                        True          static_action5                           3.111182                        0.031145                        0.010011                        True                static_action5                                                2.950611     oracle_loss_macro_subtype_event                              0.105909                              0.035894                        True                              True       True
split_metpair_subtype_explicit_wide_l16   4096    -3.080074     4.870218          3.080070  4.734752    0.690806            0.92    0.722656                   0           0.002930                       1                        1                      4      0.532279       0.0       1.0  0.315175           3.017496               3.243116                      1.131070                    1008                  6.745522                1069                     0.657653                    883                         2.844748                          3 subtype_explicit                   0         0          16            0                2                    4                5                   3 met_station_core|shielded_thermo_hygro met_station_core|laser_disdrometer met_station_core|fc4_flux met_station_core|surface_temp_ir met_station_core|shielded_thermo_hygro met_station_core|laser_disdrometer met_station_core|fc4_flux met_station_core|surface_temp_ir                                 0.899197                             0.639893                                0.725455                                    0.754848 validation_selected_static                    3.139808                 0.059738                 0.019026                        True          static_action5                           3.111182                        0.031112                        0.010000                        True                static_action5                                                2.950611     oracle_loss_macro_subtype_event                              0.105863                              0.035878                        True                              True       True
split_metpair_subtype_explicit_wide_l12   4096    -3.080119     4.869171          3.080116  4.734351    0.690503            0.92    0.722656                   0           0.002930                       1                        1                      4      0.532456       0.0       1.0  0.315109           3.017719               3.242698                      1.131673                    1008                  6.745675                1069                     0.657527                    883                         2.844958                          3 subtype_explicit                   0         0          12            0                2                    4                5                   3 met_station_core|shielded_thermo_hygro met_station_core|laser_disdrometer met_station_core|fc4_flux met_station_core|surface_temp_ir met_station_core|shielded_thermo_hygro met_station_core|laser_disdrometer met_station_core|fc4_flux met_station_core|surface_temp_ir                                 0.899677                             0.639908                                0.725316                                    0.754967 validation_selected_static                    3.139808                 0.059693                 0.019012                        True          static_action5                           3.111182                        0.031067                        0.009986                       False                static_action5                                                2.950611     oracle_loss_macro_subtype_event                              0.105653                              0.035807                        True                              True      False
split_metpair_subtype_explicit_wide_l10   4096    -3.080209     4.871588          3.080205  4.737585    0.689443            0.92    0.722656                   0           0.003175                       1                        1                      4      0.532990       0.0       1.0  0.314913           3.017735               3.242980                      1.131681                    1008                  6.745675                1069                     0.657571                    883                         2.844976                          3 subtype_explicit                   0         0          10            0                2                    4                5                   3 met_station_core|shielded_thermo_hygro met_station_core|laser_disdrometer met_station_core|fc4_flux met_station_core|surface_temp_ir met_station_core|shielded_thermo_hygro met_station_core|laser_disdrometer met_station_core|fc4_flux met_station_core|surface_temp_ir                                 0.899684                             0.639908                                0.725364                                    0.754985 validation_selected_static                    3.139808                 0.059603                 0.018983                        True          static_action5                           3.111182                        0.030977                        0.009957                       False                static_action5                                                2.950611     oracle_loss_macro_subtype_event                              0.105636                              0.035801                        True                              True      False
 split_metpair_subtype_explicit_wide_l2   4096    -3.081282     4.888010          3.081273  4.753360    0.661970            0.92    0.722656                   0           0.008547                       1                        1                      4      0.540077       0.0       1.0  0.312125           3.013888               3.256853                      1.132070                    1008                  6.734370                1069                     0.657918                    883                         2.841452                          3 subtype_explicit                   0         0           2            0                2                    4                5                   3 met_station_core|shielded_thermo_hygro met_station_core|laser_disdrometer met_station_core|fc4_flux met_station_core|surface_temp_ir met_station_core|shielded_thermo_hygro met_station_core|laser_disdrometer met_station_core|fc4_flux met_station_core|surface_temp_ir                                 0.899992                             0.638835                                0.725747                                    0.754858 validation_selected_static                    3.139808                 0.058536                 0.018643                        True          static_action5                           3.111182                        0.029910                        0.009614                       False                static_action5                                                2.950611     oracle_loss_macro_subtype_event                              0.109159                              0.036995                        True                              True      False
 split_metpair_subtype_explicit_wide_l8   4096    -3.084263     4.879781          3.084255  4.739645    0.672944            0.92    0.722656                   0           0.007000                       1                        1                      4      0.538911       0.0       1.0  0.312611           3.023080               3.243655                      1.131834                    1008                  6.760847                1069                     0.656947                    883                         2.849876                          3 subtype_explicit                   0         0           8            0                2                    4                5                   3 met_station_core|shielded_thermo_hygro met_station_core|laser_disdrometer met_station_core|fc4_flux met_station_core|surface_temp_ir met_station_core|shielded_thermo_hygro met_station_core|laser_disdrometer met_station_core|fc4_flux met_station_core|surface_temp_ir                                 0.899805                             0.641347                                0.724676                                    0.755276 validation_selected_static                    3.139808                 0.055553                 0.017693                        True          static_action5                           3.111182                        0.026927                        0.008655                       False                static_action5                                                2.950611     oracle_loss_macro_subtype_event                              0.100736                              0.034141                        True                              True      False
 split_metpair_subtype_explicit_wide_l6   4096    -3.088153     4.882027          3.088144  4.744871    0.667268            0.92    0.722656                   0           0.008466                       1                        1                      4      0.539859       0.0       1.0  0.312219           3.024152               3.254882                      1.131584                    1008                  6.762397                1069                     0.658949                    883                         2.850977                          3 subtype_explicit                   0         0           6            0                2                    4                5                   3 met_station_core|shielded_thermo_hygro met_station_core|laser_disdrometer met_station_core|fc4_flux met_station_core|surface_temp_ir met_station_core|shielded_thermo_hygro met_station_core|laser_disdrometer met_station_core|fc4_flux met_station_core|surface_temp_ir                                 0.899606                             0.641494                                0.726884                                    0.755995 validation_selected_static                    3.139808                 0.051665                 0.016455                        True          static_action5                           3.111182                        0.023039                        0.007405                       False                static_action5                                                2.950611     oracle_loss_macro_subtype_event                              0.099635                              0.033767                        True                              True      False
 split_metpair_subtype_explicit_wide_l4   4096    -3.088326     4.882685          3.088317  4.745694    0.666436            0.92    0.722656                   0           0.008547                       1                        1                      4      0.539932       0.0       1.0  0.312189           3.024454               3.254721                      1.132386                    1008                  6.762397                1069                     0.659045                    883                         2.851276                          3 subtype_explicit                   0         0           4            0                2                    4                5                   3 met_station_core|shielded_thermo_hygro met_station_core|laser_disdrometer met_station_core|fc4_flux met_station_core|surface_temp_ir met_station_core|shielded_thermo_hygro met_station_core|laser_disdrometer met_station_core|fc4_flux met_station_core|surface_temp_ir                                 0.900244                             0.641494                                0.726990                                    0.756243 validation_selected_static                    3.139808                 0.051491                 0.016400                        True          static_action5                           3.111182                        0.022865                        0.007349                       False                static_action5                                                2.950611     oracle_loss_macro_subtype_event                              0.099335                              0.033666                        True                              True      False
 split_metpair_subtype_explicit_wide_l0   4096    -3.110224     4.893643          3.110215  4.761358    0.654326            0.92    0.722656                   0           0.008547                       1                        1                      4      0.539530       0.0       1.0  0.312349           3.051877               3.262224                      1.137559                    1008                  6.827707                1069                     0.665998                    883                         2.877088                          3 subtype_explicit                   0         0           0            0                2                    4                5                   3 met_station_core|shielded_thermo_hygro met_station_core|laser_disdrometer met_station_core|fc4_flux met_station_core|surface_temp_ir met_station_core|shielded_thermo_hygro met_station_core|laser_disdrometer met_station_core|fc4_flux met_station_core|surface_temp_ir                                 0.904356                             0.647690                                0.734660                                    0.762235 validation_selected_static                    3.139808                 0.029593                 0.009425                       False          static_action5                           3.111182                        0.000967                        0.000311                       False                static_action5                                                2.950611     oracle_loss_macro_subtype_event                              0.073523                              0.024918                        True                              True      False
===== seed 97 wide replay done 2026-06-21T10:20:57+08:00 =====
