{
  "budget": 0.75,
  "candidate_count": 120,
  "truth_event_rate": 0.25475,
  "eval_start_indices": [
    5441,
    10929,
    7265
  ],
  "event_loss_min": 0.10821553266917784,
  "non_event_loss_min": 0.08499512117835967,
  "best_overall": {
    "action_idx": 25,
    "sensor_ids": "met_station_core|ultrasonic_anemometer_hd|shielded_thermo_hygro",
    "oracle_loss_mean": 0.1032177261415444,
    "power_mean": 0.35999999999999993,
    "peak_max": 0.45999999999999996
  },
  "best_event_laser": null,
  "best_event_no_laser": {
    "action_idx": -1029,
    "sensor_ids": "dynamic:auto_non9_event7_lead4",
    "oracle_loss_event": 0.10821553266917784,
    "power_mean": 0.31238281249999994,
    "peak_max": 0.4
  },
  "best_event_fc4": {
    "action_idx": -1044,
    "sensor_ids": "dynamic:auto_non73_event25_lead4",
    "oracle_loss_event": 0.1097010803310181,
    "power_mean": 0.4178906249999999,
    "peak_max": 0.92
  },
  "best_event_no_fc4": {
    "action_idx": -1029,
    "sensor_ids": "dynamic:auto_non9_event7_lead4",
    "oracle_loss_event": 0.10821553266917784,
    "power_mean": 0.31238281249999994,
    "peak_max": 0.4
  },
  "best_non_event_laser": null,
  "best_non_event_no_laser": {
    "action_idx": -1019,
    "sensor_ids": "dynamic:auto_non73_event15_lead0",
    "oracle_loss_non_event": 0.08499512117835967,
    "power_mean": 0.5096875000000001,
    "peak_max": 0.93
  },
  "laser_event_lift": NaN,
  "fc4_event_lift": -0.001485547661840253,
  "laser_non_event_lift": NaN,
  "sensor_cfg": "configs/sensors/windblown_sensors_physical_event_v7_flux_spc_tradeoff.yaml",
  "truth_csv": "reports/v31_static_break_calibration_v7_linear/truth_static_break_calibration.csv",
  "oracle_type": "linear",
  "target_weights": [
    0.05,
    0.05,
    0.15,
    0.02,
    0.02,
    0.0,
    24.0,
    2.0,
    2.0
  ],
  "target_scales": [
    5.0,
    5.0,
    5.0,
    1.0,
    1.0,
    100.0,
    0.0001,
    0.2,
    5.0
  ],
  "constraints": {
    "max_active": 4,
    "per_step_budget": 0.75,
    "startup_peak_budget": 1.6,
    "required_sensor_ids": [],
    "coverage_groups": []
  },
  "energy_account": {
    "enabled": false,
    "energy_capacity": 24.0,
    "initial_energy": 12.0,
    "harvest_per_step": 0.65,
    "reserve_energy": 2.0,
    "lambda_energy_deficit": 1.0
  },
  "eval_start_selection": "event_fraction",
  "eval_selection_stride": 64
}
reports/v31_static_break_calibration_v7_linear/flux_task_v6_b0p75_p1p60/oracle_lift_candidate_table.csv
