{
  "budget": 0.85,
  "candidate_count": 125,
  "truth_event_rate": 0.25475,
  "eval_start_indices": [
    5441,
    10929,
    7265
  ],
  "event_loss_min": 0.1067060664061641,
  "non_event_loss_min": 0.0781495300242487,
  "best_overall": {
    "action_idx": -1030,
    "sensor_ids": "dynamic:auto_non77_event62_lead4",
    "oracle_loss_mean": 0.09933478692024565,
    "power_mean": 0.7537109374999998,
    "peak_max": 0.96
  },
  "best_event_laser": null,
  "best_event_no_laser": {
    "action_idx": -1008,
    "sensor_ids": "dynamic:auto_non77_event70_lead0",
    "oracle_loss_event": 0.1067060664061641,
    "power_mean": 0.83,
    "peak_max": 1.08
  },
  "best_event_fc4": {
    "action_idx": -1008,
    "sensor_ids": "dynamic:auto_non77_event70_lead0",
    "oracle_loss_event": 0.1067060664061641,
    "power_mean": 0.83,
    "peak_max": 1.08
  },
  "best_event_no_fc4": {
    "action_idx": 23,
    "sensor_ids": "met_station_core|radiometer_basic|surface_temp_ir|shielded_thermo_hygro",
    "oracle_loss_event": 0.10874257643270777,
    "power_mean": 0.4100000000000001,
    "peak_max": 0.52
  },
  "best_non_event_laser": null,
  "best_non_event_no_laser": {
    "action_idx": -1013,
    "sensor_ids": "dynamic:auto_non82_event77_lead0",
    "oracle_loss_non_event": 0.0781495300242487,
    "power_mean": 0.8028124999999999,
    "peak_max": 1.08
  },
  "laser_event_lift": NaN,
  "fc4_event_lift": 0.0020365100265436614,
  "laser_non_event_lift": NaN,
  "sensor_cfg": "configs/sensors/windblown_sensors_physical_event_v7_flux_spc_tradeoff.yaml",
  "truth_csv": "reports/v31_static_break_calibration_v7_linear/truth_static_break_calibration.csv",
  "oracle_type": "linear",
  "target_weights": [
    0.05,
    0.05,
    0.15,
    0.02,
    0.02,
    0.0,
    24.0,
    2.0,
    2.0
  ],
  "target_scales": [
    5.0,
    5.0,
    5.0,
    1.0,
    1.0,
    100.0,
    0.0001,
    0.2,
    5.0
  ],
  "constraints": {
    "max_active": 4,
    "per_step_budget": 0.85,
    "startup_peak_budget": 1.6,
    "required_sensor_ids": [],
    "coverage_groups": []
  },
  "energy_account": {
    "enabled": false,
    "energy_capacity": 24.0,
    "initial_energy": 12.0,
    "harvest_per_step": 0.65,
    "reserve_energy": 2.0,
    "lambda_energy_deficit": 1.0
  },
  "eval_start_selection": "event_fraction",
  "eval_selection_stride": 64
}
reports/v31_static_break_calibration_v7_linear/flux_task_v6_b0p85_p1p60/oracle_lift_candidate_table.csv
