{
  "budget": 0.8,
  "candidate_count": 120,
  "truth_event_rate": 0.25475,
  "eval_start_indices": [
    5441,
    10929,
    7265
  ],
  "event_loss_min": 0.2834692757408381,
  "non_event_loss_min": 0.2193699658033565,
  "best_overall": {
    "action_idx": 21,
    "sensor_ids": "met_station_core|surface_temp_ir|shielded_thermo_hygro",
    "oracle_loss_mean": 0.26462394445465975,
    "power_mean": 0.35000000000000003,
    "peak_max": 0.44
  },
  "best_event_laser": null,
  "best_event_no_laser": {
    "action_idx": 5,
    "sensor_ids": "met_station_core|surface_temp_ir",
    "oracle_loss_event": 0.2834692757408381,
    "power_mean": 0.25999999999999995,
    "peak_max": 0.32
  },
  "best_event_fc4": {
    "action_idx": -1028,
    "sensor_ids": "dynamic:auto_non13_event77_lead4",
    "oracle_loss_event": 0.28610147783810974,
    "power_mean": 0.6805859375000001,
    "peak_max": 0.98
  },
  "best_event_no_fc4": {
    "action_idx": 5,
    "sensor_ids": "met_station_core|surface_temp_ir",
    "oracle_loss_event": 0.2834692757408381,
    "power_mean": 0.25999999999999995,
    "peak_max": 0.32
  },
  "best_non_event_laser": null,
  "best_non_event_no_laser": {
    "action_idx": 29,
    "sensor_ids": "met_station_core|surface_temp_ir|ultrasonic_anemometer_hd|shielded_thermo_hygro",
    "oracle_loss_non_event": 0.2193699658033565,
    "power_mean": 0.4400000000000001,
    "peak_max": 0.56
  },
  "laser_event_lift": NaN,
  "fc4_event_lift": -0.002632202097271663,
  "laser_non_event_lift": NaN,
  "sensor_cfg": "configs/sensors/windblown_sensors_physical_event_v7_flux_spc_tradeoff.yaml",
  "truth_csv": "reports/v31_static_break_calibration_v7_linear/truth_static_break_calibration.csv",
  "oracle_type": "linear",
  "target_weights": [
    0.1,
    0.1,
    0.25,
    0.05,
    0.05,
    0.0,
    10.0,
    5.0,
    5.0
  ],
  "target_scales": [
    5.0,
    5.0,
    5.0,
    1.0,
    1.0,
    100.0,
    0.0001,
    0.2,
    5.0
  ],
  "constraints": {
    "max_active": 4,
    "per_step_budget": 0.8,
    "startup_peak_budget": 1.6,
    "required_sensor_ids": [],
    "coverage_groups": []
  },
  "energy_account": {
    "enabled": false,
    "energy_capacity": 24.0,
    "initial_energy": 12.0,
    "harvest_per_step": 0.65,
    "reserve_energy": 2.0,
    "lambda_energy_deficit": 1.0
  },
  "eval_start_selection": "event_fraction",
  "eval_selection_stride": 64
}
reports/v31_static_break_calibration_v7_linear/snow_task_v6_b0p80_p1p60/oracle_lift_candidate_table.csv
