[split-grid] tasks=1 skipped=0 pending=1 workers=1
[run] worker=0 budget1p10_seed45 -> reports/v31_static_break_v24_event_selective_laser_particle_heavy_flux_v7_zero_ppo_source_seed45_h082_20260620/logs/budget1p10_seed45.log
{
  "source_run_dir": "reports/v31_static_break_v24_event_selective_laser_particle_heavy_flux_v7_zero_ppo_source_seed45_h082_20260620/raw/budget1p10_seed45",
  "eval_steps": 512,
  "eval_start_indices": [
    55500,
    56012,
    56524,
    57036,
    57868,
    58380,
    58892,
    59404
  ],
  "reference_policy": "aoi",
  "reference_oracle_loss_mean": 0.4294695969392705,
  "required_margin_abs": 0.005,
  "best_replay_policy": "split_top2_l6_dwell12",
  "best_replay_oracle_loss_mean": 0.41407769713623566,
  "best_replay_event_loss": 0.5508826339720758,
  "best_replay_non_event_loss": 0.2556492191777654,
  "margin_abs_vs_reference": 0.015391899803034848,
  "margin_rel_vs_reference": 0.0358393234648723,
  "gate_pass": true,
  "top_sizes": [
    2,
    3,
    5
  ],
  "lead_steps": [
    0,
    3,
    6
  ],
  "dwell_steps": [
    6,
    12,
    24
  ]
}
               policy  steps  reward_mean  instant_mae  oracle_loss_mean  dtw_mean  power_mean  peak_power_max  event_rate  warmup_abort_count  switches_per_step  always_on_sensor_count  always_off_sensor_count  mid_duty_sensor_count  duty_entropy  duty_min  duty_max  duty_std  oracle_loss_event  oracle_loss_non_event  top_size  lead_steps  dwell_steps                                                                                                                                                                                                                                                                                                                 calm_pool_sensor_ids                                                                                                                                                                                                                                                                                          event_pool_sensor_ids reference_policy  reference_oracle_loss_mean  margin_abs_vs_reference  margin_rel_vs_reference  gate_pass
split_top2_l6_dwell12   4096    -0.565910    52.260998          0.414078 28.276817    1.030176            1.50    0.536621                   0           0.043712                       0                        0                      8      0.891353  0.241211  0.744141  0.181339           0.550883               0.255649         2           6           12                                                                                                                                                                                                radiometer_basic|shielded_thermo_hygro|snow_particle_counter;radiometer_basic|surface_temp_ir|shielded_thermo_hygro|laser_disdrometer                                                                                                                                                                                                     surface_temp_ir|shielded_thermo_hygro|fc4_flux;surface_temp_ir|shielded_thermo_hygro|snow_particle_counter              aoi                     0.42947                 0.015392                 0.035839       True
split_top2_l3_dwell12   4096    -0.567463    50.149005          0.415809 28.049277    1.029443            1.50    0.536621                   0           0.043712                       0                        0                      8      0.891410  0.247070  0.744141  0.181333           0.550312               0.260046         2           3           12                                                                                                                                                                                                radiometer_basic|shielded_thermo_hygro|snow_particle_counter;radiometer_basic|surface_temp_ir|shielded_thermo_hygro|laser_disdrometer                                                                                                                                                                                                     surface_temp_ir|shielded_thermo_hygro|fc4_flux;surface_temp_ir|shielded_thermo_hygro|snow_particle_counter              aoi                     0.42947                 0.013661                 0.031809       True
 split_top3_l0_dwell6   4096    -0.573727    57.532334          0.421366 34.014540    1.040149            1.53    0.536621                   0           0.041209                       0                        0                      8      0.885996  0.208008  0.741943  0.187681           0.554929               0.266693         3           0            6                                                                                                                                       radiometer_basic|shielded_thermo_hygro|snow_particle_counter;radiometer_basic|surface_temp_ir|shielded_thermo_hygro|laser_disdrometer;radiometer_basic|shielded_thermo_hygro|laser_disdrometer                                                                                                                                             surface_temp_ir|shielded_thermo_hygro|fc4_flux;surface_temp_ir|shielded_thermo_hygro|snow_particle_counter;surface_temp_ir|shielded_thermo_hygro|laser_disdrometer              aoi                     0.42947                 0.008103                 0.018868       True
split_top2_l0_dwell12   4096    -0.574971    53.954892          0.421778 28.294164    1.032759            1.50    0.536621                   0           0.043926                       0                        0                      8      0.893827  0.258545  0.744141  0.180266           0.556779               0.265438         2           0           12                                                                                                                                                                                                radiometer_basic|shielded_thermo_hygro|snow_particle_counter;radiometer_basic|surface_temp_ir|shielded_thermo_hygro|laser_disdrometer                                                                                                                                                                                                     surface_temp_ir|shielded_thermo_hygro|fc4_flux;surface_temp_ir|shielded_thermo_hygro|snow_particle_counter              aoi                     0.42947                 0.007692                 0.017910       True
split_top3_l3_dwell12   4096    -0.582272    67.555226          0.427553 42.191701    1.038245            1.53    0.536621                   0           0.042002                       0                        0                      8      0.890058  0.222412  0.742188  0.183860           0.562291               0.271517         3           3           12                                                                                                                                       radiometer_basic|shielded_thermo_hygro|snow_particle_counter;radiometer_basic|surface_temp_ir|shielded_thermo_hygro|laser_disdrometer;radiometer_basic|shielded_thermo_hygro|laser_disdrometer                                                                                                                                             surface_temp_ir|shielded_thermo_hygro|fc4_flux;surface_temp_ir|shielded_thermo_hygro|snow_particle_counter;surface_temp_ir|shielded_thermo_hygro|laser_disdrometer              aoi                     0.42947                 0.001917                 0.004464      False
 split_top3_l3_dwell6   4096    -0.584257    64.806257          0.428554 40.697015    1.037681            1.53    0.536621                   0           0.041270                       0                        0                      8      0.887375  0.221191  0.743164  0.186058           0.566456               0.268854         3           3            6                                                                                                                                       radiometer_basic|shielded_thermo_hygro|snow_particle_counter;radiometer_basic|surface_temp_ir|shielded_thermo_hygro|laser_disdrometer;radiometer_basic|shielded_thermo_hygro|laser_disdrometer                                                                                                                                             surface_temp_ir|shielded_thermo_hygro|fc4_flux;surface_temp_ir|shielded_thermo_hygro|snow_particle_counter;surface_temp_ir|shielded_thermo_hygro|laser_disdrometer              aoi                     0.42947                 0.000916                 0.002133      False
 split_top3_l6_dwell6   4096    -0.584395    69.945954          0.429139 42.680977    1.037502            1.53    0.536621                   0           0.041758                       0                        0                      8      0.889115  0.227295  0.743164  0.184406           0.565331               0.271419         3           6            6                                                                                                                                       radiometer_basic|shielded_thermo_hygro|snow_particle_counter;radiometer_basic|surface_temp_ir|shielded_thermo_hygro|laser_disdrometer;radiometer_basic|shielded_thermo_hygro|laser_disdrometer                                                                                                                                             surface_temp_ir|shielded_thermo_hygro|fc4_flux;surface_temp_ir|shielded_thermo_hygro|snow_particle_counter;surface_temp_ir|shielded_thermo_hygro|laser_disdrometer              aoi                     0.42947                 0.000331                 0.000771      False
split_top3_l0_dwell12   4096    -0.583812    62.146725          0.429188 40.146802    1.038091            1.53    0.536621                   0           0.041667                       0                        0                      8      0.883851  0.209473  0.742188  0.189728           0.563650               0.273472         3           0           12                                                                                                                                       radiometer_basic|shielded_thermo_hygro|snow_particle_counter;radiometer_basic|surface_temp_ir|shielded_thermo_hygro|laser_disdrometer;radiometer_basic|shielded_thermo_hygro|laser_disdrometer                                                                                                                                             surface_temp_ir|shielded_thermo_hygro|fc4_flux;surface_temp_ir|shielded_thermo_hygro|snow_particle_counter;surface_temp_ir|shielded_thermo_hygro|laser_disdrometer              aoi                     0.42947                 0.000282                 0.000656      False
split_top3_l6_dwell12   4096    -0.585088    67.450124          0.429906 42.354816    1.038840            1.53    0.536621                   0           0.042186                       0                        0                      8      0.889343  0.228271  0.742188  0.184530           0.564249               0.274329         3           6           12                                                                                                                                       radiometer_basic|shielded_thermo_hygro|snow_particle_counter;radiometer_basic|surface_temp_ir|shielded_thermo_hygro|laser_disdrometer;radiometer_basic|shielded_thermo_hygro|laser_disdrometer                                                                                                                                             surface_temp_ir|shielded_thermo_hygro|fc4_flux;surface_temp_ir|shielded_thermo_hygro|snow_particle_counter;surface_temp_ir|shielded_thermo_hygro|laser_disdrometer              aoi                     0.42947                -0.000436                -0.001016      False
split_top5_l3_dwell24   4096    -0.582700    60.625763          0.430194 32.425122    1.023303            1.50    0.536621                   0           0.029518                       0                        0                      8      0.884051  0.176758  0.734131  0.189500           0.560139               0.279709         5           3           24 radiometer_basic|shielded_thermo_hygro|snow_particle_counter;radiometer_basic|surface_temp_ir|shielded_thermo_hygro|laser_disdrometer;radiometer_basic|shielded_thermo_hygro|laser_disdrometer;met_station_core|radiometer_basic|shielded_thermo_hygro|snow_particle_counter;met_station_core|radiometer_basic|snow_particle_counter surface_temp_ir|shielded_thermo_hygro|fc4_flux;surface_temp_ir|shielded_thermo_hygro|snow_particle_counter;surface_temp_ir|shielded_thermo_hygro|laser_disdrometer;surface_temp_ir|ultrasonic_anemometer_hd|shielded_thermo_hygro|snow_particle_counter;met_station_core|surface_temp_ir|snow_particle_counter              aoi                     0.42947                -0.000724                -0.001686      False
